11-03 19:04:47.732  1016 25945 D ITouchService: itouch:styluspen_switch is disable
11-03 19:04:47.732  1016 25945 D ITouchService: itouch:currentAppTypeName =|UNKNOWN|
11-03 19:04:47.733  1717  2082 W AwareLog: SchedLevelBoost: onFgActivitiesChanged config not set!
11-03 19:04:47.733   762  8378 D AudioPolicyService: getUidState(10423) cacheIter->second.first, return cacheIter->second.second(2)
11-03 19:04:47.734   762  8378 D AudioPolicyService: getUidState(10167) cacheIter->second.first, return cacheIter->second.second(2)
11-03 19:04:47.734  2404  2404 D HWUCD_TextureGLSurfaceView: onSensorChanged current x : 0.300800, y : 0.020000
11-03 19:04:47.736  2606  3045 D DollieActivityManagerAdapter: [UidStateChanged]  uid:10423 uidState:19
11-03 19:04:47.736  2606  3045 E DollieAdapterService: notifyActivityState pkg:com.eventmarketplace.app/com.eventmarketplace.app.MainActivity state:19 fg:false mUid:10423
11-03 19:04:47.736  2606  3045 I HidataAppQoeP: foregroundUidRemove uid: 10423 name: com.eventmarketplace.app
11-03 19:04:47.736  2606  3045 I HwPacketFilterBypass: handleActivityUidStateChanged uid:10423 -1 foreground:0
11-03 19:04:47.736  2606  3045 I HwPacketFilterBypass: isAllowSendSmartCureToChr false, no exceptions occur, dropCnt:0
11-03 19:04:47.736  2606  3045 E HwPacketFilterBypass: sendRequestToKernel DEL_UID [10423]
11-03 19:04:47.739  2606  3045 I SmartDualCardConfig: getAppType,pkgName=com.eventmarketplace.app,appType=-1
11-03 19:04:47.740  2606  3045 I SmartDualCardConfig: getAppType,pkgName=com.eventmarketplace.app,appType=-1
11-03 19:04:47.740  2606  3045 E SmartDualCardConfig: isAppInBlackList false,items==null
11-03 19:04:47.740  2606  3045 I SmartDualCardSM: onUidStateUpdate,uid=10423,appName=com.eventmarketplace.app,state=BACKGROUND
11-03 19:04:47.740  2606  3045 I SmartDualCardConfig: removeAppFromList,after remove,size()=0,uid=10423
11-03 19:04:47.741   773  1047 W BufferQueueProducer: [SurfaceView - com.eventmarketplace.app/com.eventmarketplace.app.MainActivity#0]:1390: disconnect: not connected (req=1)
11-03 19:04:47.741 17988 18053 W libEGL  : EGLNativeWindowType 0x7cd941f010 disconnect failed
11-03 19:04:47.741   729   980 W hwcomposer: setGpuFreqBoost:159: boostGpuFreq release !
11-03 19:04:47.742  2606  3045 I SmartDualCardConfig: getAppType,pkgName=com.eventmarketplace.app,appType=-1
11-03 19:04:47.742  2606  3045 I SmartDualCardSM: updateAppState mAppState=1
11-03 19:04:47.742  2606  3045 I OllieMsgCenter: publishEvt=2130771969
11-03 19:04:47.742  2606  3045 D AppDynamicRtt: getAppRttSlowThreshold rtt sample not enought, uid:0, sample:1
11-03 19:04:47.742  2606  3045 I DollieChr: handleForegroundAppUpdateMsg,mAppState=2,scenes=1,mForegroundAppName=com.eventmarketplace.app
11-03 19:04:47.742  2606  3045 I SmartDualCardSM: IdleState:got msg.what=EVENT_APP_MOVE_BACKGROUND
11-03 19:04:47.742  2606  3045 I SmartDualCardSM: startAppBackgroundTimer
11-03 19:04:47.744  2606  3045 I SmartDualCardConfig: getAppType,pkgName=com.eventmarketplace.app,appType=-1
11-03 19:04:47.744  2606  3045 E SmartDualCardConfig: isAppInBlackList false,items==null
11-03 19:04:47.744  2606  3045 I OllieMsgCenter: publishEvt=2134966274
11-03 19:04:47.744  1717  2042 D HwConnectivityManagerImpl: startappqoednscollection action =1timer =1000
11-03 19:04:47.745  1717  1961 I PowerManagerService: handleSandman: wakefulness: 1,startDreaming: false
11-03 19:04:47.746   773  1047 W BufferQueueProducer: [com.eventmarketplace.app/com.eventmarketplace.app.MainActivity#0]:1390: disconnect: not connected (req=1)
11-03 19:04:47.746 17988 18045 W libEGL  : EGLNativeWindowType 0x7d6676a850 disconnect failed
11-03 19:04:47.750  2606  3048 E OllieTelephony: sendFullData err:1
11-03 19:04:47.750  1717  1961 I PowerManagerService: handleSandman: wakefulness: 1,startDreaming: false
11-03 19:04:47.752 17988 18010 D ZrHung.AppEyeUiProbe: not watching, wait.
11-03 19:04:47.753  2404  2404 D HWUCD_TextureGLSurfaceView: onSensorChanged current x : 0.302500, y : 0.018900
11-03 19:04:47.761  1717  2042 D HwConnectivityServiceEx: set 10423 rmnet0 value false
11-03 19:04:47.769  1717 14545 I JobScheduler.Time: Add job to TimeTracking: db77896 #u0a423/436220505 com.eventmarketplace.app/com.google.android.datatransport.runtime.scheduling.jobscheduling.JobInfoSchedulerService, delayTime:3203825384, deadlineTime:9223372036854775807
11-03 19:04:47.773 17988 17988 D FlutterGeolocator: Flutter engine disconnected. Connected engine count 1
11-03 19:04:47.773  2404  2404 D HWUCD_TextureGLSurfaceView: onSensorChanged current x : 0.302000, y : 0.020000
11-03 19:04:47.775 17988 17988 E FlutterGeolocator: Geolocator position updates stopped
11-03 19:04:47.775 17988 17988 E FlutterGeolocator: There is still another flutter engine connected, not stopping location service
11-03 19:04:47.777  1717 14545 I JobScheduler.Time: realNextDelayExpiredElapsedMillis: 3203825384 mNextDelayExpiredElapsedMillis:3203825384
11-03 19:04:47.791  2680  2958 E AbilityFormViewRefreshUtils: startListening [0ms]
11-03 19:04:47.793  2404  2404 D HWUCD_TextureGLSurfaceView: onSensorChanged current x : 0.305000, y : 0.019700
11-03 19:04:47.795 17988 17988 D ActivityThread: Remove activity client record, r= ActivityRecord{ec9d8d6 token=android.os.BinderProxy@93b2faa {com.eventmarketplace.app/com.eventmarketplace.app.MainActivity}} token= android.os.BinderProxy@93b2faa
11-03 19:04:47.795 17988 17988 I ViewRootImpl: dispatchDetachedFromWindow in doDie
11-03 19:04:47.798  1717 14545 I WindowManager: removeIfPossible: Window{cd733b9 u0 com.eventmarketplace.app/com.eventmarketplace.app.MainActivity} callers=com.android.server.wm.WindowState.removeIfPossible:2611 com.android.server.wm.WindowManagerService.removeWindow:2282 com.android.server.wm.Session.remove:179 android.view.IWindowSession$Stub.onTransact:702 com.android.server.wm.Session.onTransact:137 
11-03 19:04:47.799  1717 14545 I WindowManager: postWindowRemoveCleanupLocked: Window{cd733b9 u0 com.eventmarketplace.app/com.eventmarketplace.app.MainActivity}
11-03 19:04:47.799  1717 14545 I WindowManager: Removing Window{cd733b9 u0 com.eventmarketplace.app/com.eventmarketplace.app.MainActivity} from AppWindowToken{1695839 token=Token{e34c800 ActivityRecord{f572132 u0 com.eventmarketplace.app/.MainActivity t696}}}
11-03 19:04:47.804  1717  4398 I WindowManager: removeWindowToken: displayid:0 binder:Token{e34c800 ActivityRecord{f572132 u0 com.eventmarketplace.app/.MainActivity t696 f}} token:AppWindowToken{1695839 token=Token{e34c800 ActivityRecord{f572132 u0 com.eventmarketplace.app/.MainActivity t696}}}
11-03 19:04:47.804  1717  4398 I WindowManager: Animation done in AppWindowToken{1695839 token=Token{e34c800 ActivityRecord{f572132 u0 com.eventmarketplace.app/.MainActivity t696}}} isHidden:true hiddenRequested:true
11-03 19:04:47.804  1717  4398 I TaskSnapshot: taskId:696 Callers=com.android.server.wm.TaskSnapshotCache.removeRunningEntry:196 com.android.server.wm.TaskSnapshotCache.onAppRemoved:161 com.android.server.wm.TaskSnapshotController.onAppRemoved:750 com.android.server.wm.AppWindowToken.onRemovedFromDisplay:1248 com.android.server.wm.DisplayContent.removeAppToken:1334 com.android.server.wm.ActivityRecord.removeWindowContainer:1446 com.android.server.wm.ActivityStack.removeActivityFromHistoryLocked:5596 com.android.server.wm.ActivityStack.activityDestroyedLocked:5897 
11-03 19:04:47.804  1717  4398 V WindowManager: removeAppToken: AppWindowToken{1695839 token=Token{e34c800 ActivityRecord{f572132 u0 com.eventmarketplace.app/.MainActivity t696}}} delayed=false Callers=com.android.server.wm.DisplayContent.removeAppToken:1334 com.android.server.wm.ActivityRecord.removeWindowContainer:1446 com.android.server.wm.ActivityStack.removeActivityFromHistoryLocked:5596 com.android.server.wm.ActivityStack.activityDestroyedLocked:5897 com.android.server.wm.ActivityStack.activityDestroyedLocked:5877 com.android.server.wm.ActivityTaskManagerService.activityDestroyed:2011 android.app.IActivityTaskManager$Stub.onTransact:2050 android.os.Binder.execTransactInternal:1028 android.os.Binder.execTransact:1001 
11-03 19:04:47.804  1717  4398 I WindowManager: removeWindowToken: displayid:0 binder:Token{e34c800 ActivityRecord{f572132 u0 com.eventmarketplace.app/.MainActivity t696 f}} token:null
11-03 19:04:47.807  1717  4398 V ActivityTaskManager: removeChild: detaching stackId=676 from displayId=0
11-03 19:04:47.814  2404  2404 D HWUCD_TextureGLSurfaceView: onSensorChanged current x : 0.305100, y : 0.019700
11-03 19:04:47.833  2404  2404 D HWUCD_TextureGLSurfaceView: onSensorChanged current x : 0.305000, y : 0.019700
11-03 19:04:47.836   820   820 I aptouch_daemon: check_idle_status, idle in. 300
11-03 19:04:47.840  3274 18360 I HwMSDPMovementManager: getCurrentMovement type 0
11-03 19:04:47.841   724   789 I ArHal   : (ArDataGetState:1471):id[2]
11-03 19:04:47.841   724   789 W ArHal   : (ArDataGetActivityIndex:248):invalid activity[31]
11-03 19:04:47.841   724   789 W ArHal   : (ArDataGetState:1502):unknown activity[31], discard
11-03 19:04:47.844    53    53 W migration/7: type=1400 audit(0.0:983300): avc: granted { setsched } for pid=53 scontext=u:r:kernel:s0 tcontext=u:r:kernel:s0 tclass=process
11-03 19:04:47.845  1717  4398 D HwConnectivityServiceEx: set 10050 rmnet0 value false
11-03 19:04:47.846  1717  4398 I HwNetworkPolicy: onTransact, code = 203
11-03 19:04:47.846  3274 18361 I HwNetworkPolicyManager: getHwUidPolicy uid = 10050 policy = 0
11-03 19:04:47.854  2404  2404 D HWUCD_TextureGLSurfaceView: onSensorChanged current x : 0.304900, y : 0.020200
11-03 19:04:47.873  2404  2404 D HWUCD_TextureGLSurfaceView: onSensorChanged current x : 0.305100, y : 0.020100
11-03 19:04:47.894  2404  2404 D HWUCD_TextureGLSurfaceView: onSensorChanged current x : 0.305100, y : 0.020400
11-03 19:04:47.914  2404  2404 I chatty  : uid=10125(com.huawei.livewallpaper.paradise) identical 1 line
11-03 19:04:47.933  2404  2404 D HWUCD_TextureGLSurfaceView: onSensorChanged current x : 0.305100, y : 0.020400
11-03 19:04:47.953  2404  2404 D HWUCD_TextureGLSurfaceView: onSensorChanged current x : 0.305300, y : 0.020300
11-03 19:04:47.961   729   980 W hwcomposer: setGpuFreqBoost:154: boostGpuFreq succ !
11-03 19:04:47.972  2680  2931 W OpenGLRenderer: Incorrectly called buildLayer on View: ShortcutAndWidgetContainer, destroying layer...
11-03 19:04:47.972  2680  2931 W OpenGLRenderer: Incorrectly called buildLayer on View: ShortcutAndWidgetContainer, destroying layer...
11-03 19:04:47.974  2404  2404 D HWUCD_TextureGLSurfaceView: onSensorChanged current x : 0.305400, y : 0.020300
11-03 19:04:47.987   729   980 W hwcomposer: setGpuFreqBoost:159: boostGpuFreq release !
11-03 19:04:47.994  2404  2404 D HWUCD_TextureGLSurfaceView: onSensorChanged current x : 0.305200, y : 0.020200
11-03 19:04:48.014  2404  2404 D HWUCD_TextureGLSurfaceView: onSensorChanged current x : 0.305200, y : 0.019900
11-03 19:04:48.034  2404  2404 D HWUCD_TextureGLSurfaceView: onSensorChanged current x : 0.305100, y : 0.019900
11-03 19:04:48.037   820   820 I aptouch_daemon: check_idle_status, idle out.
11-03 19:04:48.037   820   820 I aptouch_daemon: check_afe_status, afe[96 120 X202] [ctrl:X40020 ftr:X100] dif[28 -28] raw[34077 31677] [exp:X0 aN:0 lo:0]
11-03 19:04:48.038   820   820 I aptouch_daemon: print_log, touch:1, down:1 (+0)
11-03 19:04:48.039  1717  2122 D fingersense_manager: Calling fingersense_classify_touch()
11-03 19:04:48.039  1717  2122 I osfingersense: fingersense_classify_touch: entrance, v2.7.08.02, without imp log and b-m-i, YALE
11-03 19:04:48.039  1717  2122 I osfingersense: B--P
11-03 19:04:48.039  1717  2122 D fingersense_manager: fingersense_classify_touch() finished
11-03 19:04:48.040  1717  2121 I InputDispatcher: stylus touch down, set lcd event 1
11-03 19:04:48.040  1717  2121 I chatty  : uid=1000(system) InputDispatcher identical 1 line
11-03 19:04:48.040  1717  2121 I InputDispatcher: stylus touch down, set lcd event 1
11-03 19:04:48.042  2680  2680 I RMS.HwSysResManager: preloadAppForLauncher packageName com.eventmarketplace.app preloadType 101
11-03 19:04:48.042  1717  2082 D HwActivityManagerServiceEx: process has started com.eventmarketplace.app, proc:com.eventmarketplace.app
11-03 19:04:48.043  1717  1961 I PowerManagerService: handleSandman: wakefulness: 1,startDreaming: false
11-03 19:04:48.054  2404  2404 D HWUCD_TextureGLSurfaceView: onSensorChanged current x : 0.271200, y : -0.021900
11-03 19:04:48.071  1021  1164 D dubaid  : [BufferedLogServer.cpp] ReceiveMessage# Received buffered log from dubai_driver-0
11-03 19:04:48.072  1021  1164 D dubaid  : [BufferedLogServer.cpp] ReceiveMessage# Received buffered log from dubai_driver-0
11-03 19:04:48.074  2404  2404 D HWUCD_TextureGLSurfaceView: onSensorChanged current x : 0.288600, y : -0.008400
11-03 19:04:48.088   820   820 I aptouch_daemon: print_log, touch:0, down:0 
11-03 19:04:48.089  1717  2121 I InputDispatcher: stylus touch up, set lcd event 0
11-03 19:04:48.089  1717  2121 I chatty  : uid=1000(system) InputDispatcher identical 1 line
11-03 19:04:48.089  1717  2121 I InputDispatcher: stylus touch up, set lcd event 0
11-03 19:04:48.091  1717  1862 D BehaviorCollectorService: data is not enough, invalid data
11-03 19:04:48.092  2680  2680 V AudioManager: querySoundEffectsEnabled...
11-03 19:04:48.093  2404  2404 D HWUCD_TextureGLSurfaceView: onSensorChanged current x : 0.307400, y : -0.005200
11-03 19:04:48.094  1717  4398 I HwWindowManagerServiceEx: set app win exit info, bundle = Bundle[mParcelledData.dataSize=540], iconBitmap = android.graphics.Bitmap@7e03c17
11-03 19:04:48.094  1717  4398 D HwWindowManagerServiceEx: support landscape open anim : true
11-03 19:04:48.094  1717  4398 I HwWindowManagerServiceEx: setLandAnimationInfo : true
11-03 19:04:48.094  1717  4398 I HwWindowManagerServiceEx: set launch origin and target for: com.eventmarketplace.app with delay 3000
11-03 19:04:48.094  1717  4398 D HwWindowManagerServiceEx: AnimationTurbo wms set setIconToLayer enter icon
11-03 19:04:48.096  2680 18362 I HwLauncher: GestureUtil MOTION_NOTIFICATION app_start sendBroadcast extra= category: app_start
11-03 19:04:48.097  1717 14545 I ActivityTaskManager: START u0 {act=android.intent.action.MAIN cat=[android.intent.category.LAUNCHER] flg=0x10200000 hwFlg=0x10 cmp=com.eventmarketplace.app/.MainActivity bnds=[544,739][796,1034] (has extras)} from uid 10092
11-03 19:04:48.097  1717 14545 I HwActivityTaskManagerServiceEx: developer mode, not limit.
11-03 19:04:48.097  1717 14545 I HWRME LIBHWRME_CLIENT: ResMngMmEvent interface arg 0, 10423
11-03 19:04:48.097  1717  1717 I DE J DES: [effect] [MOTION_NOTIFICATION] extra:app_start
11-03 19:04:48.097  1717 14545 I ActivityTaskManager: Background activity start: don't abort if calling uid has any visible window or is persistent system process
11-03 19:04:48.098  1717 14545 D HwGameAssistantController: isGameForeground? false
11-03 19:04:48.098  1717 14545 I ActivityTaskManager: ActivityRecord info: ActivityInfo{78891ed com.eventmarketplace.app.MainActivity}
11-03 19:04:48.098  1717 14545 D ActivityTaskManager: TaskLaunchParamsModifier:task=null activity=ActivityRecord{bea8822 u0 com.eventmarketplace.app/.MainActivity t-1} display-from-source=0 display-id=0 display-windowing-mode=1
11-03 19:04:48.099  1717 14545 D ActivityTaskManager: TaskLaunchParamsModifier:task=null activity=ActivityRecord{bea8822 u0 com.eventmarketplace.app/.MainActivity t-1} display-from-source=0 display-id=0 display-windowing-mode=1 activity-options-fullscreen=Rect(0, 0 - 0, 0) inherit-fullscreen non-freeform-display
11-03 19:04:48.099  1717 14545 D ActivityTaskManager: pinned windowing mode is false  pad mirror cast is  false
11-03 19:04:48.102  1717 14545 V ActivityTaskManager: addChild: attaching stackId=677 to displayId=0 position=1
11-03 19:04:48.102  1717 14545 V ActivityTaskManager: positionChild stackId=677 to top.
11-03 19:04:48.102  1717 14545 D ActivityTaskManager: TaskLaunchParamsModifier:task=TaskRecord{4a282b3 #697 I=com.eventmarketplace.app/.MainActivity U=0 StackId=677 sz=0} activity=ActivityRecord{bea8822 u0 com.eventmarketplace.app/.MainActivity t-1} display-from-task=0 display-id=0 display-windowing-mode=1 activity-options-fullscreen=Rect(0, 0 - 0, 0) inherit-fullscreen non-freeform-display
11-03 19:04:48.104  1717 14545 V ActivityTaskManager: positionChild stackId=677 to top.
11-03 19:04:48.105  1717 14545 I WindowManager: addWindowToken: displayid:0 binder:Token{6766070 ActivityRecord{bea8822 u0 com.eventmarketplace.app/.MainActivity t697}} token:AppWindowToken{8695fe9 token=Token{6766070 ActivityRecord{bea8822 u0 com.eventmarketplace.app/.MainActivity t697}}}
11-03 19:04:48.105  1717 14545 V ActivityTaskManager: addAppToken: AppWindowToken{8695fe9 token=Token{6766070 ActivityRecord{bea8822 u0 com.eventmarketplace.app/.MainActivity t697}}} task={taskId=697 appTokens=[] mdr=false} at 2147483647
11-03 19:04:48.106  1717 14545 I ActivityTaskManager: setAppStartingWindow: token=Token{6766070 ActivityRecord{bea8822 u0 com.eventmarketplace.app/.MainActivity t697}} pkg=com.eventmarketplace.app transferFrom=null newTask=true taskSwitch=true processRunning=true allowTaskSnapshot=true activityCreated=false LowRamTaskSnapshots=false
11-03 19:04:48.106  1717 14545 I WindowManager: Get card startingwindow flag: -1
11-03 19:04:48.107  1717  1930 I HwAudioServiceEx: ComponentInfo : className = com.eventmarketplace.app.MainActivity, flag = showStartingWindow, isHomeActivity = , isTop = false
11-03 19:04:48.107  1717  1930 I HwAudioServiceEx: not onResume or onPause
11-03 19:04:48.108  1717  1961 I PowerManagerService: handleSandman: wakefulness: 1,startDreaming: false
11-03 19:04:48.108  2606  3837 E DollieActivityManagerAdapter: HwActivityNotifierEx null uid
11-03 19:04:48.109  1053  1089 D AwareLog: iawared: WorkingsetProcessCommand subCmd = 350, userId=10423, pid=17988, com.eventmarketplace.app/.MainActivity
11-03 19:04:48.109 27583 17138 I HiAdKit.DC.PageSwitchEvent:  switch is off
11-03 19:04:48.109  1053  1089 D AwareLog: iawared: WorkingsetSendPrereadMsg com.eventmarketplace.app/.MainActivity
11-03 19:04:48.110  2680  2680 W HwLauncher: TrustSpaceAppManager  TrustSpace is not installed.
11-03 19:04:48.111  1053  1089 D AwareLog: iawared: WorkingsetStart com.eventmarketplace.app/.MainActivity in monitor0
11-03 19:04:48.111  2641 21929 I PGServer: android calls fast HApps
11-03 19:04:48.111  1717  1898 I DecorView[app]: pkgName:com.eventmarketplace.app old windowMode:0 new windoMode:1, isFixedSize:false
11-03 19:04:48.111  2641 21929 I AppFastHibernation: fast H duration: 1500 reason: start activity
11-03 19:04:48.112  1717  1898 D MouseWheelSynthesizer: mMoveStepInDp: 64, mMoveStepInPixel: 192, mUpTimeDelayed: 100
11-03 19:04:48.112  1717  1898 D ViewRootImpl: ViewRootImpl mIsInProductivePCDisplay: false
11-03 19:04:48.112  1717  1898 I HwPCUtils#HwRioViewManager: check if rio enable, displayId = 0я╝М packageName = com.eventmarketplace.app
11-03 19:04:48.113  1053  3569 I Pged-IPgedBinderService: ****action is 1, pid num is 3***
11-03 19:04:48.113  1053  3569 I Pged-Freezer: freezePids
11-03 19:04:48.113  1053  3569 I Pged-Freezer: Freeze process: 17185
11-03 19:04:48.114  1717  1898 I WindowManager: addWindow: Window{111cd88 u0 Splash Screen com.eventmarketplace.app} client:android.view.ViewRootImpl$W@771952b currentDisplayId:0 requestDisplayId:0 token:Token{6766070 ActivityRecord{bea8822 u0 com.eventmarketplace.app/.MainActivity t697}}
11-03 19:04:48.114  1717  1898 D InputEventReceiver: dispatchInputInterval 1000000
11-03 19:04:48.114  1053  3569 I Pged-Freezer: Freeze process: 6408
11-03 19:04:48.114  2404  2404 D HWUCD_TextureGLSurfaceView: onSensorChanged current x : 0.287400, y : -0.008800
11-03 19:04:48.114 27613 27613 I bnel    : onPause
11-03 19:04:48.114  2641  3566 D PgedBinderAdapter: F_Z ok, pid: [17185, 6408]
11-03 19:04:48.115 27613 27613 I bnel    : onStop
11-03 19:04:48.115  1717 14545 I ActivityTaskManager: Making visible and scheduling visibility: ActivityRecord{bea8822 u0 com.eventmarketplace.app/.MainActivity t697}
11-03 19:04:48.116  1717 14545 I HwWindowManagerServiceEx: setLandAnimationInfo : false
11-03 19:04:48.116  1717 14545 I HwWindowManagerServiceEx: reset launch origin and target from non-message!
11-03 19:04:48.116  2641  3596 I AppFastHibernation: rev F_Z exception for visible pkg: com.eventmarketplace.app
11-03 19:04:48.116  2641  3596 I PG_ash  : request R for action: visible, app:com.eventmarketplace.app
11-03 19:04:48.116  1717 14545 I HwWindowManagerServiceEx: setLandAnimationInfo : false
11-03 19:04:48.117  1717 14545 W HwActivityTaskManagerServiceEx: appSwitch from: com.huawei.android.launcher to: com.eventmarketplace.app
11-03 19:04:48.118  1717 14545 I WindowManager: Changing focus from Window{f310e81 u0 com.huawei.android.launcher/com.huawei.android.launcher.unihome.UniHomeLauncher} to null displayId=0 Callers=com.android.server.wm.RootWindowContainer.updateFocusedWindowLocked:209 com.android.server.wm.WindowManagerService.updateFocusedWindowLocked:6517 com.android.server.wm.ActivityDisplay.setFocusedApp:1606 com.android.server.wm.ActivityTaskManagerService.setResumedActivityUncheckLocked:6590 
11-03 19:04:48.118 17988 17988 W ActivityThread: handleWindowVisibility: no activity for token android.os.BinderProxy@cb5e4fa
11-03 19:04:48.118  1717 14545 I HwDisplayContentEx: currentFocus windowstate null
11-03 19:04:48.118  1717 14545 D ZrHung.AppEyeFocusWindow: FocusWindowErrorScene CheckFreezeScreen
11-03 19:04:48.118  1717 14545 D ZrHung.AppEyeTransparentWindow: TransparentWindow cancelCheckFreezeScreen
11-03 19:04:48.118  1717 14545 I TaskSnapshot: taskId:694 Callers=com.android.server.wm.TaskSnapshotCache.removeRunningEntry:196 com.android.server.wm.TaskSnapshotCache.onTaskRemoved:176 com.android.server.wm.TaskSnapshotController.notifyTaskRemovedFromRecents:761 com.android.server.wm.WindowManagerService.notifyTaskRemovedFromRecents:7189 com.android.server.wm.TaskRecord.removedFromRecents:1202 com.android.server.wm.ActivityStackSupervisor.onRecentTaskRemoved:2284 com.android.server.wm.RecentTasks.notifyTaskRemoved:452 com.android.server.wm.RecentTasks.removeForAddTask:1515 
11-03 19:04:48.119  2606  3837 I AssistantService-11.2.1.200: registerHwActivityNotifier call fromPackage:com.huawei.android.launcher, toPackage:com.eventmarketplace.app
11-03 19:04:48.119 17988 18010 D ZrHung.AppEyeUiProbe: restart watching
11-03 19:04:48.119  1717  1931 D HwGameAssistantController: UPDATE: mCurFgPkg=com.eventmarketplace.app, mCurFgPid=17988, mIsCurGame=false
11-03 19:04:48.119  2606  4107 I Hicom_Monitor: mAppSwitchNotifierEx. uid: 10423, foreground app: com.eventmarketplace.app, foreground activity: com.eventmarketplace.app.MainActivity
11-03 19:04:48.119  2606 22807 D AssistantService-11.2.1.200: handleMessage app switch fromPackage:com.huawei.android.launcher, toPackage:com.eventmarketplace.app
11-03 19:04:48.119  2606  3407 W Hicom_XEngineProc: handleForegroundAppChanged. Feature is not enable.
11-03 19:04:48.120 27583 17144 I HiAdKit.DC.PersistentMessageCenter:  notifyMessage com.huawei.hwid_app_switch_from_to_intent
11-03 19:04:48.121  3103 17464 I HiAdKit.KitStatisticsReport:  do not report kit daily active
11-03 19:04:48.121  2641  3419 D ScenarioService: front pkg : com.eventmarketplace.app launcher: false
11-03 19:04:48.121  2641  3419 D ScenarioService: new above launcher front pkgs: [com.eventmarketplace.app]
11-03 19:04:48.121  2641  3419 I AppsUsage: scnOff:false FgAPP:com.eventmarketplace.app BgAPP:com.huawei.android.launcher
11-03 19:04:48.122  2641  3698 I PGServer: report state:10010 event type:2 pid:0 uid:0 pkg:com.huawei.android.launcher to pid: 1717
11-03 19:04:48.122  2641  3698 I PGServer: report state:10010 event type:2 pid:0 uid:0 pkg:com.huawei.android.launcher to pid: 2641
11-03 19:04:48.122  1717 14545 I WindowManager: Checking 1 opening apps (frozen=false timeout=false)...
11-03 19:04:48.122  2641  3698 I SceneReceiver: state type: 10010 eventType:2 pid:0 uid:0 pkg:com.huawei.android.launcher
11-03 19:04:48.122  2641  3698 I PGServer: report state:10000 event type:1 pid:0 uid:0 pkg:com.eventmarketplace.app to pid: 1717
11-03 19:04:48.122  1717 14545 I WindowManager: Check opening app=AppWindowToken{8695fe9 token=Token{6766070 ActivityRecord{bea8822 u0 com.eventmarketplace.app/.MainActivity t697}}}: allDrawn=false startingDisplayed=false startingMoved=false isRelaunching()=false startingWindow=Window{111cd88 u0 Splash Screen com.eventmarketplace.app}
11-03 19:04:48.122  2641  3698 I PGServer: report state:10000 event type:1 pid:0 uid:0 pkg:com.eventmarketplace.app to pid: 2641
11-03 19:04:48.122  2641  3698 I ApsAppsTypeHandler: APS: APK: ApsAppsTypeHandler.getInstance, sInstance = com.huawei.android.hwaps.o@4ccd923
11-03 19:04:48.122  2641  3698 I SceneReceiver: state type: 10000 eventType:1 pid:0 uid:0 pkg:com.eventmarketplace.app
11-03 19:04:48.123  2641  3596 I PG_ash  : front pkg : com.eventmarketplace.app
11-03 19:04:48.123  2641  3596 I PG_ash  : running package: com.eventmarketplace.app, visible: true
11-03 19:04:48.123  2641 21929 I PGServer: checkPkgType. calling pkg: android
11-03 19:04:48.123  1717 14536 I DE J DES: [effect] Pg pkg:com.eventmarketplace.app
11-03 19:04:48.123  1717  1930 I HwAudioServiceEx: ComponentInfo : className = com.huawei.android.launcher.unihome.UniHomeLauncher, flag = onPause, isHomeActivity = , isTop = false
11-03 19:04:48.124  1717 18368 W HiTouch_HiTouchSensor: depended package hiTouch does n't exist!
11-03 19:04:48.124  1717 18368 I HiTouch_HiTouchSensor: HiTouch restricted: system app HiTouch don't exist.
11-03 19:04:48.124  1717 18368 D HiTouch_PressGestureDetector: onAttached, package=com.eventmarketplace.app, windowType=3, mIsHiTouchRestricted=true
11-03 19:04:48.124  2606  3045 D DollieActivityManagerAdapter: [Paused] pid:2680 uid:10092 ComponentInfo{com.huawei.android.launcher/com.huawei.android.launcher.unihome.UniHomeLauncher} uidState:2
11-03 19:04:48.124  2641 21929 I PGServer: checkPkgType. calling pkg: android
11-03 19:04:48.125  1717  2172 W HwAudioServiceEx: SoundEffectState bundle get reserved is invalid
11-03 19:04:48.125  1717  2172 I HwAudioServiceEx: sendAppKilledIntentForKit, isKitPackageOnPause = false, isKitPackageKill = false, isKitPackageOnResume = false
11-03 19:04:48.125 27583 17138 I HiAdKit.DC.PageSwitchEvent:  switch is off
11-03 19:04:48.125  1717  1898 I WindowManager: Checking 1 opening apps (frozen=false timeout=false)...
11-03 19:04:48.125  1717  1898 I WindowManager: Check opening app=AppWindowToken{8695fe9 token=Token{6766070 ActivityRecord{bea8822 u0 com.eventmarketplace.app/.MainActivity t697}}}: allDrawn=false startingDisplayed=false startingMoved=false isRelaunching()=false startingWindow=Window{111cd88 u0 Splash Screen com.eventmarketplace.app}
11-03 19:04:48.125  2641  5501 I PGServer: getTopFrontApp. calling pkg: android
11-03 19:04:48.128  2641  3419 I ScenarioService: app focus change from: com.huawei.android.launcher to:com.eventmarketplace.app
11-03 19:04:48.128  2641  3419 I ScenarioService: add focus on app:com.eventmarketplace.app to visiblePkgs
11-03 19:04:48.129  1717  1897 V ActivityTaskManager: Activity idle: null
11-03 19:04:48.129  1717  1897 V ActivityTaskManager: Stopping ActivityRecord{57f1789 u0 com.huawei.android.launcher/.unihome.UniHomeLauncher t1}: nowVisible=false animating=true finishing=false
11-03 19:04:48.132 17988 17988 V ActivityThread: callActivityOnCreate
11-03 19:04:48.133  1717  2082 D HwActivityManagerServiceEx: notifyAppToTop pid:17988, enable:1
11-03 19:04:48.133  2404  2404 D HWUCD_TextureGLSurfaceView: onSensorChanged current x : 0.298800, y : -0.007500
11-03 19:04:48.134  1717  2042 D HwNetworkManagementService: code == CODE_SET_CHR_REPORT_APP_LIST
11-03 19:04:48.134   681 28591 I OemNetd : setChrAppUid(10, 10423)
11-03 19:04:48.135  1717  2042 I HwNetworkManagementService: chr appuid set succeeded
11-03 19:04:48.135  2680  2680 D DecorView: showOrHideHighlightView: hasFocus=false; winMode=1; isMrgNull=true
11-03 19:04:48.138  1717  1898 I WindowManager: performshow Window{111cd88 u0 Splash Screen com.eventmarketplace.app} tok.waitingToShow=true isTransitionSet=true parentHidden=false vis=0 tok.hidden=true hasSurface=true policyVis=true destroying=false animating=true
11-03 19:04:48.138  1717  1898 I WindowManager: Checking 1 opening apps (frozen=false timeout=false)...
11-03 19:04:48.138  1717  1898 I WindowManager: Check opening app=AppWindowToken{8695fe9 token=Token{6766070 ActivityRecord{bea8822 u0 com.eventmarketplace.app/.MainActivity t697}}}: allDrawn=false startingDisplayed=true startingMoved=false isRelaunching()=false startingWindow=Window{111cd88 u0 Splash Screen com.eventmarketplace.app}
11-03 19:04:48.138  1717  1898 I WindowManager: Checking 0 opening apps (frozen=false timeout=false)...
11-03 19:04:48.139  1717  1898 I HwWindowManagerServiceEx: closing apps count = 1
11-03 19:04:48.139  1717  1898 D RemoteAnimationController: createAnimationAdapter(): token=AppWindowToken{bb8a345 token=Token{d0d67bc ActivityRecord{57f1789 u0 com.huawei.android.launcher/.unihome.UniHomeLauncher t1}}}
11-03 19:04:48.139  1016 25945 D ITouchService: itouch stylusCurrentPkgName = com.eventmarketplace.app lastOneFramePkgName = 
11-03 19:04:48.139  1016 25945 D ITouchService: itouch currentPackageName = com.eventmarketplace.app
11-03 19:04:48.139  1016 25945 D ITouchService: itouch appType=-1 appState=1 gameMode=2
11-03 19:04:48.139  1016 25945 D ITouchService: itouchReaderMonitor empty
11-03 19:04:48.139  1016 25945 D ITouchService: g_itouch_reader_monitor Monitor::IsReaderMonitorEnable()=0
11-03 19:04:48.139  1016 25945 D ITouchService: itouch getCurrentParmID tempPkg=com.eventmarketplace.xxx
11-03 19:04:48.139  1016 25945 D ITouchService: itouch:app com.eventmarketplace.app is  not game app
11-03 19:04:48.139  1016 25945 D ITouchService: itouch:app com.eventmarketplace.app is  not in StylusPenList
11-03 19:04:48.139  1016 25945 D ITouchService: itouch:styluspen_switch is disable
11-03 19:04:48.139  1016 25945 D ITouchService: itouch:currentAppTypeName =|UNKNOWN|
11-03 19:04:48.139  1717  1898 V WindowManager: commitVisibility: AppWindowToken{bb8a345 token=Token{d0d67bc ActivityRecord{57f1789 u0 com.huawei.android.launcher/.unihome.UniHomeLauncher t1}}}: hidden=true hiddenRequested=true
11-03 19:04:48.140  1717  1898 E WindowManager: icon is null!!
11-03 19:04:48.140  1717  1898 D RemoteAnimationController: createAnimationAdapter(): token=AppWindowToken{8695fe9 token=Token{6766070 ActivityRecord{bea8822 u0 com.eventmarketplace.app/.MainActivity t697}}}
11-03 19:04:48.140  1717  1898 D HwWindowManagerServiceEx: AnimationTurbo wms enter setIconToLayer AppWindowToken{8695fe9 token=Token{6766070 ActivityRecord{bea8822 u0 com.eventmarketplace.app/.MainActivity t697}}} front:null back:null mEnterIconBitmap android.graphics.Bitmap@ed17ea3
11-03 19:04:48.140  1717  1898 D HwWindowManagerServiceEx: AnimationTurbo wms tok appComponentName: com.eventmarketplace.app/.MainActivity, appPackageName: com.eventmarketplace.app, appProcessName: com.eventmarketplace.app
11-03 19:04:48.141  1717  1898 D HwWindowManagerServiceEx: AnimationTurbo wms setIconToLayer icon: 164,164
11-03 19:04:48.141  1717  1898 V WindowManager: commitVisibility: AppWindowToken{8695fe9 token=Token{6766070 ActivityRecord{bea8822 u0 com.eventmarketplace.app/.MainActivity t697}}}: hidden=false hiddenRequested=false
11-03 19:04:48.141  1717  1898 D HwAppTransitionImpl: windowAnimations = 0 dose not come from system, not to override it.
11-03 19:04:48.141  1717  1898 D RemoteAnimationController: goodToGo()
11-03 19:04:48.142  1717  1898 D RemoteAnimationController: createAnimations()
11-03 19:04:48.142  1717  1898 I WindowManager: dispatchResized : win = Window{111cd88 u0 Splash Screen com.eventmarketplace.app} drawState = HAS_DRAWN
11-03 19:04:48.144  1717  1898 D RemoteAnimationController: RAC addAfterPrepareSurfacesRunnable prepareLauncherLeashVisible
11-03 19:04:48.144  1717  1898 D RemoteAnimationController: when launcher case, set the surface alpha value of launcher to 1.0f, and the value of leash parent to 0.0f
11-03 19:04:48.144  1717  1898 D RemoteAnimationController: startAnimation(): Notify animation start:
11-03 19:04:48.144  2680 18294 I HwLauncher: LauncherAnimationRunner RemoteAnimation start
11-03 19:04:48.145  1717  1968 W DisplayEventDispatcher: dispatcher 0x7cecf80800 ~ ignoring unknown event type 0x736f6674
11-03 19:04:48.145  7239  7239 W DisplayEventDispatcher: dispatcher 0x7d7df686c0 ~ ignoring unknown event type 0x736f6674
11-03 19:04:48.145  2663  8197 W DisplayEventDispatcher: dispatcher 0x7d7df68660 ~ ignoring unknown event type 0x736f6674
11-03 19:04:48.145  1717  1898 W DisplayEventDispatcher: dispatcher 0x7cdbe81b20 ~ ignoring unknown event type 0x736f6674
11-03 19:04:48.145 27583 27583 W DisplayEventDispatcher: dispatcher 0x7d66661fc0 ~ ignoring unknown event type 0x736f6674
11-03 19:04:48.145 29146 29146 W DisplayEventDispatcher: dispatcher 0x7d7df68d20 ~ ignoring unknown event type 0x736f6674
11-03 19:04:48.145  6770  6770 W DisplayEventDispatcher: dispatcher 0x7d7df68840 ~ ignoring unknown event type 0x736f6674
11-03 19:04:48.145 31907 31907 W DisplayEventDispatcher: dispatcher 0x7d7df69080 ~ ignoring unknown event type 0x736f6674
11-03 19:04:48.145 27613 27613 W DisplayEventDispatcher: dispatcher 0x7d7df684e0 ~ ignoring unknown event type 0x736f6674
11-03 19:04:48.147  2680  2680 W HwLauncher: LauncherFormChildAnimationProxyUtils setFormClickType not match info type
11-03 19:04:48.147  2680  2680 W DisplayEventDispatcher: dispatcher 0x7d7df6b9c0 ~ ignoring unknown event type 0x736f6674
11-03 19:04:48.147  1717  2082 W AwareLog: SchedLevelBoost: onFgActivitiesChanged config not set!
11-03 19:04:48.148  1717  2042 D WindowManager: WS setWallpaperScale return, wallpaper no need to recover
11-03 19:04:48.149  1717  1897 W DisplayEventDispatcher: dispatcher 0x7d710b8600 ~ ignoring unknown event type 0x736f6674
11-03 19:04:48.149  1717  1897 W DisplayEventDispatcher: dispatcher 0x7d710b8660 ~ ignoring unknown event type 0x736f6674
11-03 19:04:48.149  1717  1717 I DE J DES: [effect] [MOTION_NOTIFICATION] extra:app_start_animation
11-03 19:04:48.150  1717  1897 I WindowManager: Set home app runningRemoteAnimation state: true
11-03 19:04:48.150  1717  1895 W DisplayEventDispatcher: dispatcher 0x7d710bae80 ~ ignoring unknown event type 0x736f6674
11-03 19:04:48.151  1717  2082 D HwActivityManagerServiceEx: notifyAppToTop pid:2680, enable:1
11-03 19:04:48.152  1717  1895 D StatusBarManagerService: win:Window{111cd88 u0 Splash Screen com.eventmarketplace.app}mIsColorEnable:truelight:false
11-03 19:04:48.152  1717  1895 I StatusBarDisable: setFlags what=0 which=1 pkg=Window{111cd88 u0 Splash Screen com.eventmarketplace.app}
11-03 19:04:48.152  2295 24870 D HwCommandQueue: CommandQueue, set Launcher StatusBar Color
11-03 19:04:48.152   762  1580 D AudioPolicyService: getUidState(10423) cacheIter->second.first, return cacheIter->second.second(19)
11-03 19:04:48.153   762  8378 D AudioPolicyService: getUidState(10167) cacheIter->second.first, return cacheIter->second.second(3)
11-03 19:04:48.154 17988 17988 D com.llfbandit.app_links: Intent { act=android.intent.action.MAIN cat=[android.intent.category.LAUNCHER] flg=0x10200000 cmp=com.eventmarketplace.app/.MainActivity bnds=[544,739][796,1034] (has extras) }
11-03 19:04:48.154  1717  3403 I HwAudioService: now type = 28,reportForegroundAppType = -1systemload = 28VOIP_OPTIMIZE_IN_GAMEMODEfalse
11-03 19:04:48.154 17988 17988 D FLTFireContextHolder: received application context.
11-03 19:04:48.155  1717  1961 W DisplayEventDispatcher: dispatcher 0x7d710ba340 ~ ignoring unknown event type 0x736f6674
11-03 19:04:48.155  2680 18371 I HwLauncher: GestureUtil MOTION_NOTIFICATION app_start_animation sendBroadcast extra= duration: 400 category: app_start_animation timestamp: 1762171488147
11-03 19:04:48.155  1717  2114 W DisplayEventDispatcher: dispatcher 0x7d710b9fe0 ~ ignoring unknown event type 0x736f6674
11-03 19:04:48.156  2680  2680 I RmeSchedManager: init Rme, version is: v1.0
11-03 19:04:48.157  2404  2404 W DisplayEventDispatcher: dispatcher 0x7d7df697a0 ~ ignoring unknown event type 0x736f6674
11-03 19:04:48.157  2295  2295 W DisplayEventDispatcher: dispatcher 0x7d7df68a80 ~ ignoring unknown event type 0x736f6674
11-03 19:04:48.157  1717  3403 I HwNetworkPolicy: onTransact, code = 203
11-03 19:04:48.157  9542  9802 I HwNetworkPolicyManager: getHwUidPolicy uid = 10423 policy = 0
11-03 19:04:48.157  2404  2404 D HWUCD_TextureGLSurfaceView: onSensorChanged current x : 0.292800, y : -0.009800
11-03 19:04:48.159  1026 18373 D keymaster_worker: Keystore getKey
11-03 19:04:48.159  2295  2295 D BarTransitions.HwPhoneStatusBarView: MODE_TRANSPARENT -> MODE_OPAQUE animate=false
11-03 19:04:48.159  2295  2295 D BarTransitions.HwPhoneStatusBarView: applyModeBackground oldMode=MODE_TRANSPARENT newMode=MODE_OPAQUE animate=false
11-03 19:04:48.159  1026 18373 D keymaster_worker: Keystore getKey end
11-03 19:04:48.159  2295  2295 D BarTransitions.HwNavigationBarView: MODE_TRANSPARENT -> MODE_OPAQUE animate=false
11-03 19:04:48.160  2295  2295 D BarTransitions.HwNavigationBarView: applyModeBackground oldMode=MODE_TRANSPARENT newMode=MODE_OPAQUE animate=false
11-03 19:04:48.160  1026 18374 D keymaster_worker: Keystore begin
11-03 19:04:48.160  1026 18374 D keymaster_worker: Keystore begin hidl
11-03 19:04:48.160   595   595 I HisiKeyMaster: HisiKmBegin start
11-03 19:04:48.161   595   595 I HisiKeyMaster: Disable the enhanced crypto!
11-03 19:04:48.161 17988 18369 I flutter : [IMPORTANT:flutter/shell/platform/android/android_context_gl_impeller.cc(104)] Using the Impeller rendering backend (OpenGLES).
11-03 19:04:48.165   595   595 I HisiKeyMaster: out_params_buffer_len = 32
11-03 19:04:48.165   595   595 I HisiKeyMaster: HisiKmBegin success
11-03 19:04:48.165  1026 18374 D keymaster_worker: Keystore begin hidl end
11-03 19:04:48.165  1026 18374 D keymaster_worker: Keystore begin end
11-03 19:04:48.165  1026 18375 D keymaster_worker: Keystore update
11-03 19:04:48.165  1026 18375 D keymaster_worker: Keystore update hidl
11-03 19:04:48.165  1033  1033 E Thermal-daemon:hw_thermal: [shell_frame] tempNew :33  tempOld :32
11-03 19:04:48.165   595   595 I HisiKeyMaster: HisiKmUpdate start
11-03 19:04:48.165   595   595 I HisiKeyMaster: Disable the enhanced crypto!
11-03 19:04:48.166  1033  1033 E Thermal-daemon:hw_thermal: Report temperature: [shell_frame] temp :33  reportThreshold:1
11-03 19:04:48.166  1033  1033 E Thermal-daemon:hw_thermal: [battery] tempNew :33  tempOld :32
11-03 19:04:48.166  1033  1033 E Thermal-daemon:hw_thermal: Report temperature: [battery] temp :33  reportThreshold:1
11-03 19:04:48.168   595   595 I HisiKeyMaster: HisiKmUpdate success
11-03 19:04:48.169  1026 18375 D keymaster_worker: Keystore update hidl end
11-03 19:04:48.169  1026 18375 D keymaster_worker: Keystore update end
11-03 19:04:48.169  1026 18376 D keymaster_worker: Keystore finish
11-03 19:04:48.169  1026 18376 D keymaster_worker: Keystore finish hidl
11-03 19:04:48.169   595   595 I HisiKeyMaster: HisiKmFinish start
11-03 19:04:48.169   595   595 I HisiKeyMaster: Disable the enhanced crypto!
11-03 19:04:48.172   729   980 W hwcomposer: setGpuFreqBoost:154: boostGpuFreq succ !
11-03 19:04:48.173   595   595 I HisiKeyMaster: output data size=16
11-03 19:04:48.173   595   595 I HisiKeyMaster: HisiKmFinish success
11-03 19:04:48.173  1026 18376 D keymaster_worker: Keystore finish hidl end
11-03 19:04:48.173  1026 18376 D keymaster_worker: Keystore finish end
11-03 19:04:48.173  2404  2404 D HWUCD_TextureGLSurfaceView: onSensorChanged current x : 0.292500, y : -0.010400
11-03 19:04:48.174  1026 18377 D keymaster_worker: Keystore begin
11-03 19:04:48.174  1026 18377 D keymaster_worker: Keystore begin hidl
11-03 19:04:48.174   595   595 I HisiKeyMaster: HisiKmBegin start
11-03 19:04:48.174   595   595 I HisiKeyMaster: Disable the enhanced crypto!
11-03 19:04:48.178   595   595 I HisiKeyMaster: out_params_buffer_len = 4096
11-03 19:04:48.178   595   595 I HisiKeyMaster: HisiKmBegin success
11-03 19:04:48.178  1026 18377 D keymaster_worker: Keystore begin hidl end
11-03 19:04:48.178  1026 18377 D keymaster_worker: Keystore begin end
11-03 19:04:48.179  1026 18378 D keymaster_worker: Keystore update
11-03 19:04:48.179  1026 18378 D keymaster_worker: Keystore update hidl
11-03 19:04:48.179   595   595 I HisiKeyMaster: HisiKmUpdate start
11-03 19:04:48.179   595   595 I HisiKeyMaster: Disable the enhanced crypto!
11-03 19:04:48.180   595   595 I HisiKeyMaster: HisiKmUpdate success
11-03 19:04:48.181  1026 18378 D keymaster_worker: Keystore update hidl end
11-03 19:04:48.181  1026 18378 D keymaster_worker: Keystore update end
11-03 19:04:48.181  1026 18379 D keymaster_worker: Keystore finish
11-03 19:04:48.181  1026 18379 D keymaster_worker: Keystore finish hidl
11-03 19:04:48.181   595   595 I HisiKeyMaster: HisiKmFinish start
11-03 19:04:48.181   595   595 I HisiKeyMaster: Disable the enhanced crypto!
11-03 19:04:48.183   595   595 I HisiKeyMaster: output data size=0
11-03 19:04:48.183   595   595 I HisiKeyMaster: HisiKmFinish success
11-03 19:04:48.183  1026 18379 D keymaster_worker: Keystore finish hidl end
11-03 19:04:48.183  1026 18379 D keymaster_worker: Keystore finish end
11-03 19:04:48.184  1026 18380 D keymaster_worker: Keystore begin
11-03 19:04:48.184  1026 18380 D keymaster_worker: Keystore begin hidl
11-03 19:04:48.185   595   595 I HisiKeyMaster: HisiKmBegin start
11-03 19:04:48.185   595   595 I HisiKeyMaster: Disable the enhanced crypto!
11-03 19:04:48.189   595   595 I HisiKeyMaster: out_params_buffer_len = 4096
11-03 19:04:48.189   595   595 I HisiKeyMaster: HisiKmBegin success
11-03 19:04:48.189  1026 18380 D keymaster_worker: Keystore begin hidl end
11-03 19:04:48.189  1026 18380 D keymaster_worker: Keystore begin end
11-03 19:04:48.189  1026 18381 D keymaster_worker: Keystore update
11-03 19:04:48.189  1026 18381 D keymaster_worker: Keystore update hidl
11-03 19:04:48.190   595   595 I HisiKeyMaster: HisiKmUpdate start
11-03 19:04:48.190   595   595 I HisiKeyMaster: Disable the enhanced crypto!
11-03 19:04:48.191   595   595 I HisiKeyMaster: HisiKmUpdate success
11-03 19:04:48.192  1026 18381 D keymaster_worker: Keystore update hidl end
11-03 19:04:48.192  1026 18381 D keymaster_worker: Keystore update end
11-03 19:04:48.192  1026 18382 D keymaster_worker: Keystore finish
11-03 19:04:48.192  1026 18382 D keymaster_worker: Keystore finish hidl
11-03 19:04:48.192   595   595 I HisiKeyMaster: HisiKmFinish start
11-03 19:04:48.192   595   595 I HisiKeyMaster: Disable the enhanced crypto!
11-03 19:04:48.193  2404  2404 D HWUCD_TextureGLSurfaceView: onSensorChanged current x : 0.294800, y : -0.007300
11-03 19:04:48.194   595   595 I HisiKeyMaster: output data size=0
11-03 19:04:48.194   595   595 I HisiKeyMaster: HisiKmFinish success
11-03 19:04:48.194  1026 18382 D keymaster_worker: Keystore finish hidl end
11-03 19:04:48.194  1026 18382 D keymaster_worker: Keystore finish end
11-03 19:04:48.196  1026 18383 D keymaster_worker: Keystore getKey
11-03 19:04:48.196  1026 18383 D keymaster_worker: Keystore getKey end
11-03 19:04:48.196  1026 18384 D keymaster_worker: Keystore begin
11-03 19:04:48.197  1026 18384 D keymaster_worker: Keystore begin hidl
11-03 19:04:48.197   595   595 I HisiKeyMaster: HisiKmBegin start
11-03 19:04:48.197   595   595 I HisiKeyMaster: Disable the enhanced crypto!
11-03 19:04:48.200   595   595 I HisiKeyMaster: out_params_buffer_len = 32
11-03 19:04:48.200   595   595 I HisiKeyMaster: HisiKmBegin success
11-03 19:04:48.200  1026 18384 D keymaster_worker: Keystore begin hidl end
11-03 19:04:48.200  1026 18384 D keymaster_worker: Keystore begin end
11-03 19:04:48.200  1026 18385 D keymaster_worker: Keystore update
11-03 19:04:48.200  1026 18385 D keymaster_worker: Keystore update hidl
11-03 19:04:48.200   595   595 I HisiKeyMaster: HisiKmUpdate start
11-03 19:04:48.200   595   595 I HisiKeyMaster: Disable the enhanced crypto!
11-03 19:04:48.204   595   595 I HisiKeyMaster: HisiKmUpdate success
11-03 19:04:48.204  1026 18385 D keymaster_worker: Keystore update hidl end
11-03 19:04:48.204  1026 18385 D keymaster_worker: Keystore update end
11-03 19:04:48.205  1026 18386 D keymaster_worker: Keystore finish
11-03 19:04:48.205  1026 18386 D keymaster_worker: Keystore finish hidl
11-03 19:04:48.205   595   595 I HisiKeyMaster: HisiKmFinish start
11-03 19:04:48.205   595   595 I HisiKeyMaster: Disable the enhanced crypto!
11-03 19:04:48.207   595   595 I HisiKeyMaster: output data size=16
11-03 19:04:48.207   595   595 I HisiKeyMaster: HisiKmFinish success
11-03 19:04:48.207  1026 18386 D keymaster_worker: Keystore finish hidl end
11-03 19:04:48.207  1026 18386 D keymaster_worker: Keystore finish end
11-03 19:04:48.208  1026 18387 D keymaster_worker: Keystore begin
11-03 19:04:48.208  1026 18387 D keymaster_worker: Keystore begin hidl
11-03 19:04:48.208   595   595 I HisiKeyMaster: HisiKmBegin start
11-03 19:04:48.208   595   595 I HisiKeyMaster: Disable the enhanced crypto!
11-03 19:04:48.211   595   595 I HisiKeyMaster: out_params_buffer_len = 4096
11-03 19:04:48.211   595   595 I HisiKeyMaster: HisiKmBegin success
11-03 19:04:48.211  1026 18387 D keymaster_worker: Keystore begin hidl end
11-03 19:04:48.211  1026 18387 D keymaster_worker: Keystore begin end
11-03 19:04:48.211  1026 18388 D keymaster_worker: Keystore update
11-03 19:04:48.211  1026 18388 D keymaster_worker: Keystore update hidl
11-03 19:04:48.211   595   595 I HisiKeyMaster: HisiKmUpdate start
11-03 19:04:48.211   595   595 I HisiKeyMaster: Disable the enhanced crypto!
11-03 19:04:48.213   595   595 I HisiKeyMaster: HisiKmUpdate success
11-03 19:04:48.213  1026 18388 D keymaster_worker: Keystore update hidl end
11-03 19:04:48.213  1026 18388 D keymaster_worker: Keystore update end
11-03 19:04:48.213  1026 18389 D keymaster_worker: Keystore finish
11-03 19:04:48.213  1026 18389 D keymaster_worker: Keystore finish hidl
11-03 19:04:48.214   595   595 I HisiKeyMaster: HisiKmFinish start
11-03 19:04:48.214   595   595 I HisiKeyMaster: Disable the enhanced crypto!
11-03 19:04:48.214  2404  2404 D HWUCD_TextureGLSurfaceView: onSensorChanged current x : 0.289300, y : -0.007200
11-03 19:04:48.215   595   595 I HisiKeyMaster: output data size=0
11-03 19:04:48.215   595   595 I HisiKeyMaster: HisiKmFinish success
11-03 19:04:48.215  1026 18389 D keymaster_worker: Keystore finish hidl end
11-03 19:04:48.215  1026 18389 D keymaster_worker: Keystore finish end
11-03 19:04:48.216  1026 18390 D keymaster_worker: Keystore begin
11-03 19:04:48.216  1026 18390 D keymaster_worker: Keystore begin hidl
11-03 19:04:48.217   595   595 I HisiKeyMaster: HisiKmBegin start
11-03 19:04:48.217   595   595 I HisiKeyMaster: Disable the enhanced crypto!
11-03 19:04:48.222   595   595 I HisiKeyMaster: out_params_buffer_len = 4096
11-03 19:04:48.222   595   595 I HisiKeyMaster: HisiKmBegin success
11-03 19:04:48.222  1026 18390 D keymaster_worker: Keystore begin hidl end
11-03 19:04:48.222  1026 18390 D keymaster_worker: Keystore begin end
11-03 19:04:48.222  1026 18391 D keymaster_worker: Keystore update
11-03 19:04:48.222  1026 18391 D keymaster_worker: Keystore update hidl
11-03 19:04:48.222   595   595 I HisiKeyMaster: HisiKmUpdate start
11-03 19:04:48.222   595   595 I HisiKeyMaster: Disable the enhanced crypto!
11-03 19:04:48.224   595   595 I HisiKeyMaster: HisiKmUpdate success
11-03 19:04:48.225  1026 18391 D keymaster_worker: Keystore update hidl end
11-03 19:04:48.225  1026 18391 D keymaster_worker: Keystore update end
11-03 19:04:48.225  1026 18392 D keymaster_worker: Keystore finish
11-03 19:04:48.225  1026 18392 D keymaster_worker: Keystore finish hidl
11-03 19:04:48.225   595   595 I HisiKeyMaster: HisiKmFinish start
11-03 19:04:48.225   595   595 I HisiKeyMaster: Disable the enhanced crypto!
11-03 19:04:48.227   595   595 I HisiKeyMaster: output data size=0
11-03 19:04:48.227   595   595 I HisiKeyMaster: HisiKmFinish success
11-03 19:04:48.227  1026 18392 D keymaster_worker: Keystore finish hidl end
11-03 19:04:48.227  1026 18392 D keymaster_worker: Keystore finish end
11-03 19:04:48.229  1026 18393 D keymaster_worker: Keystore getKey
11-03 19:04:48.229  1026 18393 D keymaster_worker: Keystore getKey end
11-03 19:04:48.229  2641  3419 I ScenarioService: refresh visibleApp:[com.eventmarketplace.app]
11-03 19:04:48.229  1026 18394 D keymaster_worker: Keystore exportKey
11-03 19:04:48.229  2641  3419 I PGServer: report state:14 event type:1 pid:-1 uid:-1 pkg:com.eventmarketplace.app to pid: 2641
11-03 19:04:48.229  1026 18394 D keymaster_worker: Keystore exportKey hidl
11-03 19:04:48.229   595   595 I HisiKeyMaster: hisiKmExportKey start
11-03 19:04:48.229  2641  3419 I ApsAppsTypeHandler: APS: APK: ApsAppsTypeHandler.getInstance, sInstance = com.huawei.android.hwaps.o@4ccd923
11-03 19:04:48.229   595   595 I HisiKeyMaster: Disable the enhanced crypto!
11-03 19:04:48.229  2641  3419 I PF_API_JNI: ACCKIT_APS_NotifyInfo 3: com.eventmarketplace.app
11-03 19:04:48.229  2641  3596 I PG_ash  : com.huawei.android.launcher become invisible
11-03 19:04:48.229   763   795 D ACCKIT_ : pack:"com.eventmarketplace.app"
11-03 19:04:48.232   595   595 I HisiKeyMaster: hisiKmExportKey success
11-03 19:04:48.232  1026 18394 D keymaster_worker: Keystore exportKey hidl end
11-03 19:04:48.233  1026 18394 D keymaster_worker: Keystore exportKey end
11-03 19:04:48.233  2404  2404 D HWUCD_TextureGLSurfaceView: onSensorChanged current x : 0.293300, y : -0.005400
11-03 19:04:48.233  1026 18395 D keymaster_worker: Keystore getKey
11-03 19:04:48.234  1026 18395 D keymaster_worker: Keystore getKey end
