11-03 16:36:14.152  1053  5777 I AwareLog: iawared: fg_hl_ctl ReadThreadTime, open file failed!
11-03 16:36:14.153  1053  5777 D AwareLog: iawared: fg_hl_ctl throw task node, tid:4565
11-03 16:36:14.153  1053  5777 D AwareLog: iawared: fg_hl_ctl wait for high load task
11-03 16:36:14.291  2641  3596 I PG_ash  : has widget app: com.huawei.android.totemweather
11-03 16:36:14.291  2641  3596 I PG_ash  : Application com.huawei.android.totemweather, oversea just update widget, delay to H!
11-03 16:36:14.288  2641  2641 W com.huawei.iaware: type=1400 audit(0.0:980284): avc: granted { getattr } for pid=2641 comm=616374696F6E732068616E646C6572 path="/data/system/users/0/appwidgets.xml" dev="sdd71" ino=26408 scontext=u:r:system_app:s0 tcontext=u:object_r:system_data_file:s0 tclass=file
11-03 16:36:14.454  2606  3988 I Booster_Qoe: AdaBoostPredict rlt,index:5,NisPsSlow:0,NProba:431,rsrp(rssi):-110,rsrq(noise):-14,rtt(chload):0,buffhigh(uldelay):0,buffcomm(rtt):0
11-03 16:36:14.455  2606  3988 I Booster_Qoe: AdaBoostPredict rlt,index:0,NisPsSlow:0,NProba:431,rsrp(rssi):-110,rsrq(noise):-14,rtt(chload):0,buffhigh(uldelay):0,buffcomm(rtt):0
11-03 16:36:14.455  2606  3045 I NetworkQoeProxy: calcChannelNoRx dnsData is not present
11-03 16:36:14.025  2663  3960 D Mapcon  : VoiceManager-0-DefaultState: [a]MsgIdEnum=MAPCON_MESSAGE_TM_CMD_SIGNAL_STRENGTH_CHANED_IND
11-03 16:36:14.456  2606  3045 E Booster_NetworkQoeChr: [startTcpStackInfoStaticForChr]startTcpStackInfoStaticForChr failed, qoeTcpDataOpt is null
11-03 16:36:14.457  2606  3045 D NpdcpAliveManager: ro.odm.npdcp_alive_cfg_enable is false
11-03 16:36:14.457  2606  3045 E SmartDualCardSM: isSignalStrengthPoorScreenOn 2/3G or UNKNOWN true slotId:1
11-03 16:36:14.458  2606  3045 E SmartDualCardSM: isSignalStrengthPoorScreenOn 2/3G or UNKNOWN true slotId:1
11-03 16:36:14.458  2606  3045 I SmartDualCardSM: isSlaveCardNetworkBad return true,mIsSignalStengthPoors =true,mNetworkType=1,mDownlinkSpeedLimits=1048576,mDataRoaming=false
11-03 16:36:14.458  2606  3045 E FourNetCombinationChr: getNetworkQoeInfo failed, qoeTcpDataOpt is null
11-03 16:36:14.459  2606  3407 I Hicom_Monitor: handleNetworkQoeReport. foregroundAppTcpRtt: 0, maxRatioChannelId: 0
11-03 16:36:14.459  2606  3407 I Hicom_Monitor: handleNetworkQoeReport. qoeString: 10423,4,0,431,1,0,4,0,431,457,2136,10,0,0,0,0,0
11-03 16:36:14.581  1717  2046 I HwBatteryService: power_ui state= 1 mQuickChargeStatus=1
11-03 16:36:14.581  1717  2046 I HwBatteryService: handleWirelessTxStatus
11-03 16:36:14.581  1717  2046 I HwBatteryService: switch not open, return, mWirelessTxFlag : 0
11-03 16:36:14.581  1717  2046 W HwBatteryService: need return. Invalid value: -1
11-03 16:36:14.581  1717  2046 D HwBatteryService: setHwChargeTimeRemaining, time = -1 String time: -1
11-03 16:36:14.581  1717  2046 I HwBatteryService: IS_WATCH : false
11-03 16:36:14.580   730   730 W health@2.0-serv: type=1400 audit(0.0:980285): avc: denied { read } for pid=730 name="u:object_r:system_prop:s0" dev="tmpfs" ino=15404 scontext=u:r:hal_health_default:s0 tcontext=u:object_r:system_prop:s0 tclass=file permissive=0
11-03 16:36:14.585   730   730 E libc    : Access denied finding property "sys.check.usbupdate"
11-03 16:36:14.580   730   730 W health@2.0-serv: type=1400 audit(0.0:980286): avc: denied { write } for pid=730 name="property_service" dev="tmpfs" ino=15239 scontext=u:r:hal_health_default:s0 tcontext=u:object_r:property_socket:s0 tclass=sock_file permissive=0
11-03 16:36:14.585   730   730 W libc    : Unable to set property "sys.check.usbupdate" to "stop": connection failed; errno=13 (Permission denied)
11-03 16:36:15.385 20927 20927 D BoundBrokerSvc: onUnbind: Intent { act=com.google.android.gms.semanticlocationhistory.service.START dat=chimera-action: cmp=com.google.android.gms/.chimera.GmsApiService }
11-03 16:36:15.479  2606  3988 I Booster_Qoe: AdaBoostPredict rlt,index:5,NisPsSlow:0,NProba:431,rsrp(rssi):-110,rsrq(noise):-14,rtt(chload):0,buffhigh(uldelay):0,buffcomm(rtt):0
11-03 16:36:15.479  2606  3988 I Booster_Qoe: AdaBoostPredict rlt,index:0,NisPsSlow:0,NProba:431,rsrp(rssi):-110,rsrq(noise):-14,rtt(chload):0,buffhigh(uldelay):0,buffcomm(rtt):0
11-03 16:36:15.479  2606  3045 I NetworkQoeProxy: calcChannelNoRx dnsData is not present
11-03 16:36:15.480  2606  3045 E Booster_NetworkQoeChr: [startTcpStackInfoStaticForChr]startTcpStackInfoStaticForChr failed, qoeTcpDataOpt is null
11-03 16:36:15.481  2606  3045 D NpdcpAliveManager: ro.odm.npdcp_alive_cfg_enable is false
11-03 16:36:15.481  2606  3045 E SmartDualCardSM: isSignalStrengthPoorScreenOn 2/3G or UNKNOWN true slotId:1
11-03 16:36:15.482  2606  3045 E SmartDualCardSM: isSignalStrengthPoorScreenOn 2/3G or UNKNOWN true slotId:1
11-03 16:36:15.482  2606  3045 I SmartDualCardSM: isSlaveCardNetworkBad return true,mIsSignalStengthPoors =true,mNetworkType=1,mDownlinkSpeedLimits=1048576,mDataRoaming=false
11-03 16:36:15.482  2606  3045 E FourNetCombinationChr: getNetworkQoeInfo failed, qoeTcpDataOpt is null
11-03 16:36:15.483  2606  3407 I Hicom_Monitor: handleNetworkQoeReport. foregroundAppTcpRtt: 0, maxRatioChannelId: 0
11-03 16:36:15.483  2606  3407 I Hicom_Monitor: handleNetworkQoeReport. qoeString: 10423,4,0,431,1,0,4,0,431,457,2136,10,0,0,0,0,0
11-03 16:36:15.494   681 32454 I netd    : trafficSwapActiveStatsMap() <18.17ms>
11-03 16:36:15.576  2641  3596 I ash_dd  : com.huawei.health not ctrl in charging, delay to D!
11-03 16:36:15.729  2641  3596 I PG_ash  : pkg android calling: com.huawei.systemmanager, pid: 0 ,type: serviceboot
11-03 16:36:15.736  9542  9611 E HSM_BG-11.1.1.451: SmartControlDbOpenHelper:queryInfo catch exception with SmartControlRecordTable
11-03 16:36:15.740  9542  9611 E SQLiteDatabase: Error inserting UNIQUE constraint failed: SmartControlRecordTable.packageName, SmartControlRecordTable.callerPackageName, SmartControlRecordTable.startupResult, SmartControlRecordTable.timeOfDay (Sqlite code 2067 SQLITE_CONSTRAINT_UNIQUE), (OS error - 2:No such file or directory)
11-03 16:36:15.862 21018 21018 D BoundBrokerSvc: onUnbind: Intent { act=com.google.android.gms.auth.aang.events.services.START dat=chimera-action: cmp=com.google.android.gms/.chimera.PersistentApiService }
11-03 16:36:16.085   681  1112 I         : ApiCount[0, 103, 4, 1178, 0, 0, 459, 4, 0, 0, 12863, 744, 0, 204, 198, 0, 103, 0, 80067, 39473]
11-03 16:36:16.193  2663  2663 E Telephony-accessory: [HwPhoneAccessoryService]:Failed to get instance of HwPhoneAccessoryService, not init yet.
11-03 16:36:16.194  2663  2663 E Telephony-accessory: [HwPhoneAccessoryService]:Failed to get instance of HwPhoneAccessoryService, not init yet.
11-03 16:36:16.197  2663  2737 E Telephony-accessory: [HwPhoneAccessoryService]:Failed to get instance of HwPhoneAccessoryService, not init yet.
11-03 16:36:16.198  2663  2737 E Telephony-accessory: [HwPhoneAccessoryService]:Failed to get instance of HwPhoneAccessoryService, not init yet.
11-03 16:36:16.198  2663  5520 E Telephony-accessory: [HwPhoneAccessoryService]:Failed to get instance of HwPhoneAccessoryService, not init yet.
11-03 16:36:16.198  2606  2606 D TelephonyUtil: onSignalStrengthsChanged
11-03 16:36:16.198  2606  2606 D TelephonyUtil: handleSignalStrengthsChanged slotId:1
11-03 16:36:16.199  1717  1717 I MQoS    : onSignal: mSubId=1,currDataSubID=0
11-03 16:36:16.199  1717  1717 E MQoS    : invalid signal strength.
11-03 16:36:16.199  2663  3870 E Telephony-accessory: [HwPhoneAccessoryService]:Failed to get instance of HwPhoneAccessoryService, not init yet.
11-03 16:36:16.200  2663  2737 E Telephony-accessory: [HwPhoneAccessoryService]:Failed to get instance of HwPhoneAccessoryService, not init yet.
11-03 16:36:16.200  2663  5520 E Telephony-accessory: [HwPhoneAccessoryService]:Failed to get instance of HwPhoneAccessoryService, not init yet.
11-03 16:36:16.200  2663  3833 E Telephony-accessory: [HwPhoneAccessoryService]:Failed to get instance of HwPhoneAccessoryService, not init yet.
11-03 16:36:16.200  2663  5178 E Telephony-accessory: [HwPhoneAccessoryService]:Failed to get instance of HwPhoneAccessoryService, not init yet.
11-03 16:36:16.200  1717  1717 I MQoS    : received cell-signal:4
11-03 16:36:16.200  2663  2663 E Telephony-accessory: [HwPhoneAccessoryService]:Failed to get instance of HwPhoneAccessoryService, not init yet.
11-03 16:36:16.201  2606  3045 I PreDnsQuery: No need to handled!
11-03 16:36:16.201  2663  5178 E Telephony-accessory: [HwPhoneAccessoryService]:Failed to get instance of HwPhoneAccessoryService, not init yet.
11-03 16:36:16.201  2606  3045 I OllieMsgCenter: publishEvt=2131099740
11-03 16:36:16.202  2663  2663 E Telephony-accessory: [HwPhoneAccessoryService]:Failed to get instance of HwPhoneAccessoryService, not init yet.
11-03 16:36:16.202  2606  3045 E SmartDualCardSM: isSignalStrengthPoorScreenOn 2/3G or UNKNOWN true slotId:1
11-03 16:36:16.202  2606  3045 I SmartDualCardSM: IdleState:got msg.what=EVENT_UMTS_RSCP_CHANGED
11-03 16:36:16.202  2663  5178 E Telephony-accessory: [HwPhoneAccessoryService]:Failed to get instance of HwPhoneAccessoryService, not init yet.
11-03 16:36:16.202  2663  2663 D Mapcon  : TelephonyTracker: [onSignalStrengthsChanged]phoneId=1, level=3
11-03 16:36:16.203  2663  2663 E Telephony-accessory: [HwPhoneAccessoryService]:Failed to get instance of HwPhoneAccessoryService, not init yet.
11-03 16:36:16.203  2663  3974 D Mapcon  : VoiceManager-5-PrepareState: [a]MsgIdEnum=MAPCON_MESSAGE_TM_CMD_SIGNAL_STRENGTH_CHANED_IND
11-03 16:36:16.203  2663  3974 I chatty  : uid=1001(radio) VoiceManager-5 identical 1 line
11-03 16:36:16.203  2663  3974 D Mapcon  : VoiceManager-5-PrepareState: [a]MsgIdEnum=MAPCON_MESSAGE_TM_CMD_SIGNAL_STRENGTH_CHANED_IND
11-03 16:36:16.203  2663  3974 D Mapcon  : VoiceManager-5-DefaultState: [a]MsgIdEnum=MAPCON_MESSAGE_TM_CMD_SIGNAL_STRENGTH_CHANED_IND
11-03 16:36:16.204  2663  5178 E Telephony-accessory: [HwPhoneAccessoryService]:Failed to get instance of HwPhoneAccessoryService, not init yet.
11-03 16:36:16.205  2663  5178 E Telephony-accessory: [HwPhoneAccessoryService]:Failed to get instance of HwPhoneAccessoryService, not init yet.
11-03 16:36:16.503  2606  3988 I Booster_Qoe: AdaBoostPredict rlt,index:5,NisPsSlow:0,NProba:431,rsrp(rssi):-110,rsrq(noise):-14,rtt(chload):0,buffhigh(uldelay):0,buffcomm(rtt):0
11-03 16:36:16.503  2606  3988 I Booster_Qoe: AdaBoostPredict rlt,index:0,NisPsSlow:0,NProba:431,rsrp(rssi):-110,rsrq(noise):-14,rtt(chload):0,buffhigh(uldelay):0,buffcomm(rtt):0
11-03 16:36:16.504  2606  3045 I NetworkQoeProxy: calcChannelNoRx dnsData is not present
11-03 16:36:16.204  2663  3974 D Mapcon  : VoiceManager-5-DefaultState: [a]MsgIdEnum=MAPCON_MESSAGE_TM_CMD_SIGNAL_STRENGTH_CHANED_IND
11-03 16:36:16.505  2606  3045 E Booster_NetworkQoeChr: [startTcpStackInfoStaticForChr]startTcpStackInfoStaticForChr failed, qoeTcpDataOpt is null
11-03 16:36:16.505  2606  3045 D NpdcpAliveManager: ro.odm.npdcp_alive_cfg_enable is false
11-03 16:36:16.506  2606  3045 E SmartDualCardSM: isSignalStrengthPoorScreenOn 2/3G or UNKNOWN true slotId:1
11-03 16:36:16.506  2606  3045 E SmartDualCardSM: isSignalStrengthPoorScreenOn 2/3G or UNKNOWN true slotId:1
11-03 16:36:16.506  2606  3045 I SmartDualCardSM: isSlaveCardNetworkBad return true,mIsSignalStengthPoors =true,mNetworkType=1,mDownlinkSpeedLimits=1048576,mDataRoaming=false
11-03 16:36:16.506  2606  3045 E FourNetCombinationChr: getNetworkQoeInfo failed, qoeTcpDataOpt is null
11-03 16:36:16.507  2606  3407 I Hicom_Monitor: handleNetworkQoeReport. foregroundAppTcpRtt: 0, maxRatioChannelId: 0
11-03 16:36:16.507  2606  3407 I Hicom_Monitor: handleNetworkQoeReport. qoeString: 10423,4,0,431,1,0,4,0,431,457,2136,10,0,0,0,0,0
11-03 16:36:16.565  1717  3402 D HwConnectivityServiceEx: set 10423 rmnet0 value false
11-03 16:36:17.379  1033  4183 E Thermal-daemon:ambient: CalcAmbientTemp: median filter output 22618
11-03 16:36:17.380  1033  4183 E Thermal-daemon:ambient: AmbientSample: write temp 22618 to ambient node
11-03 16:36:17.527  2606  3988 I Booster_Qoe: AdaBoostPredict rlt,index:5,NisPsSlow:0,NProba:431,rsrp(rssi):-110,rsrq(noise):-14,rtt(chload):0,buffhigh(uldelay):0,buffcomm(rtt):0
11-03 16:36:17.528  2606  3988 I Booster_Qoe: AdaBoostPredict rlt,index:0,NisPsSlow:0,NProba:431,rsrp(rssi):-110,rsrq(noise):-14,rtt(chload):0,buffhigh(uldelay):0,buffcomm(rtt):0
11-03 16:36:17.528  2606  3045 I NetworkQoeProxy: calcChannelNoRx dnsData is not present
11-03 16:36:17.529  2606  3045 E Booster_NetworkQoeChr: [startTcpStackInfoStaticForChr]startTcpStackInfoStaticForChr failed, qoeTcpDataOpt is null
11-03 16:36:17.530  2606  3045 D NpdcpAliveManager: ro.odm.npdcp_alive_cfg_enable is false
11-03 16:36:17.530  2606  3045 E SmartDualCardSM: isSignalStrengthPoorScreenOn 2/3G or UNKNOWN true slotId:1
11-03 16:36:17.531  2606  3045 E SmartDualCardSM: isSignalStrengthPoorScreenOn 2/3G or UNKNOWN true slotId:1
11-03 16:36:17.531  2606  3045 I SmartDualCardSM: isSlaveCardNetworkBad return true,mIsSignalStengthPoors =true,mNetworkType=1,mDownlinkSpeedLimits=1048576,mDataRoaming=false
11-03 16:36:17.531  2606  3045 E FourNetCombinationChr: getNetworkQoeInfo failed, qoeTcpDataOpt is null
11-03 16:36:17.531  2606  3407 I Hicom_Monitor: handleNetworkQoeReport. foregroundAppTcpRtt: 0, maxRatioChannelId: 0
11-03 16:36:17.531  2606  3407 I Hicom_Monitor: handleNetworkQoeReport. qoeString: 10423,4,0,431,1,0,4,0,431,457,2136,10,0,0,0,0,0
11-03 16:36:17.556  1033  1033 E Thermal-daemon:hw_thermal: [charger_ic] tempNew :37  tempOld :38
11-03 16:36:17.557  1033  1033 E Thermal-daemon:hw_thermal: Report temperature: [charger_ic] temp :37  reportThreshold:1
11-03 16:36:17.558  1033  1033 E Thermal-daemon:hw_thermal: [pa_0] tempNew :38  tempOld :39
11-03 16:36:17.558  1033  1033 E Thermal-daemon:hw_thermal: Report temperature: [pa_0] temp :38  reportThreshold:1
11-03 16:36:17.559  1033  1033 E Thermal-daemon:hw_thermal: [ap] tempNew :38  tempOld :40
11-03 16:36:17.559  1033  1033 E Thermal-daemon:hw_thermal: Report temperature: [ap] temp :38  reportThreshold:1
11-03 16:36:18.551  2606  3988 I Booster_Qoe: AdaBoostPredict rlt,index:5,NisPsSlow:0,NProba:431,rsrp(rssi):-110,rsrq(noise):-14,rtt(chload):0,buffhigh(uldelay):0,buffcomm(rtt):0
11-03 16:36:18.552  2606  3988 I Booster_Qoe: AdaBoostPredict rlt,index:0,NisPsSlow:0,NProba:431,rsrp(rssi):-110,rsrq(noise):-14,rtt(chload):0,buffhigh(uldelay):0,buffcomm(rtt):0
11-03 16:36:18.552  2606  3045 I NetworkQoeProxy: calcChannelNoRx dnsData is not present
11-03 16:36:18.553  2606  3045 E Booster_NetworkQoeChr: [startTcpStackInfoStaticForChr]startTcpStackInfoStaticForChr failed, qoeTcpDataOpt is null
11-03 16:36:18.554  2606  3045 D NpdcpAliveManager: ro.odm.npdcp_alive_cfg_enable is false
11-03 16:36:18.554  2606  3045 E SmartDualCardSM: isSignalStrengthPoorScreenOn 2/3G or UNKNOWN true slotId:1
11-03 16:36:18.555  2606  3045 E SmartDualCardSM: isSignalStrengthPoorScreenOn 2/3G or UNKNOWN true slotId:1
11-03 16:36:18.555  2606  3045 I SmartDualCardSM: isSlaveCardNetworkBad return true,mIsSignalStengthPoors =true,mNetworkType=1,mDownlinkSpeedLimits=1048576,mDataRoaming=false
11-03 16:36:18.555  2606  3045 E FourNetCombinationChr: getNetworkQoeInfo failed, qoeTcpDataOpt is null
11-03 16:36:18.555  2606  3407 I Hicom_Monitor: handleNetworkQoeReport. foregroundAppTcpRtt: 0, maxRatioChannelId: 0
11-03 16:36:18.556  2606  3407 I Hicom_Monitor: handleNetworkQoeReport. qoeString: 10423,4,0,431,1,0,4,0,431,457,2136,10,0,0,0,0,0
11-03 16:36:18.565  1717 14537 D HwConnectivityServiceEx: set 10423 rmnet0 value false
11-03 16:36:18.883  1717  2076 W AlarmManager: WAKEUP alarm talarm.operation == null,package name is: android listenerTag is: *job.delay* creator uid is: 1000
11-03 16:36:18.886  1717  1961 I PowerManagerService: handleSandman: wakefulness: 1,startDreaming: false
11-03 16:36:18.888  1717  1717 I JobScheduler.Time: realNextDelayExpiredElapsedMillis: 3195101260 mNextDelayExpiredElapsedMillis:3195101260
11-03 16:36:18.890  1717  1961 I PowerManagerService: handleSandman: wakefulness: 1,startDreaming: false
11-03 16:36:18.892  1717  1717 I JobScheduler: pending queue: 1 jobs.
11-03 16:36:18.893  1717  1717 I JobScheduler: About to run job on context 0, job: JobStatus{e8827cd #u0a423/436220505 com.eventmarketplace.app/com.google.android.datatransport.runtime.scheduling.jobscheduling.JobInfoSchedulerService u=0 s=10423 TIME=-10ms:none NET READY}
11-03 16:36:18.910  2641  3596 I PG_ash  : pkg android calling: com.eventmarketplace.app, pid: 4240 ,type: bindservice
11-03 16:36:18.911  1717  1717 I JobServiceContext: APP response begin time, startJob due to preemption. jobid:436220505
11-03 16:36:18.911  1717  1961 I PowerManagerService: handleSandman: wakefulness: 1,startDreaming: false
11-03 16:36:18.913  1717 14537 I JobServiceContext: APP response end time startJob.
11-03 16:36:18.940  4240  4296 I TRuntime.CctTransportBackend: Making request to: https://firebaselogging-pa.googleapis.com/v1/firelog/legacy/batchlog
11-03 16:36:18.947  4240  4296 D NetworkSecurityConfig: No Network Security Config specified, using platform default
11-03 16:36:18.950   681  1436 W /system/bin/netd: A binder object at 0x767913df40 is being transacted on, however, this object is in the same process as its proxy. Transacting with this binder is expensive compared to just calling the corresponding functionality in the same process.
11-03 16:36:18.950   681  1436 I PreDnsController: CanPreDnsQuery,persist.sys.predns is false!
11-03 16:36:19.119  1054  1230 D COMMRIL : ComrilTimerStart TimerId = 24, tv->tv_sec = 1
11-03 16:36:19.122  1717  1961 I PowerManagerService: handleSandman: wakefulness: 1,startDreaming: false
11-03 16:36:19.130  1717  1717 D HwConnectivityManagerImpl: getNetworkPolicyFlag flagStr null
11-03 16:36:19.148  2550  2550 E CHR_RilMsgTunnelManager: processRilUnsolData: eventID Error! -> 305
11-03 16:36:19.162  2663  2663 E Telephony-accessory: [HwPhoneAccessoryService]:Failed to get instance of HwPhoneAccessoryService, not init yet.
11-03 16:36:19.171  2663  2663 I chatty  : uid=1001(radio) com.android.phone identical 1 line
11-03 16:36:19.171  2663  2663 E Telephony-accessory: [HwPhoneAccessoryService]:Failed to get instance of HwPhoneAccessoryService, not init yet.
11-03 16:36:19.174  2663  3870 E Telephony-accessory: [HwPhoneAccessoryService]:Failed to get instance of HwPhoneAccessoryService, not init yet.
11-03 16:36:19.174  2663  2663 E Telephony-accessory: [HwPhoneAccessoryService]:Failed to get instance of HwPhoneAccessoryService, not init yet.
11-03 16:36:19.176  2663  3870 E Telephony-accessory: [HwPhoneAccessoryService]:Failed to get instance of HwPhoneAccessoryService, not init yet.
11-03 16:36:19.176  2663  2663 E Telephony-accessory: [HwPhoneAccessoryService]:Failed to get instance of HwPhoneAccessoryService, not init yet.
11-03 16:36:19.168  1717  1961 I chatty  : uid=1000(system) PowerManagerSer identical 11 lines
11-03 16:36:19.169  1717  1961 I PowerManagerService: handleSandman: wakefulness: 1,startDreaming: false
11-03 16:36:19.176  2663  2663 D Mapcon  : TelephonyTracker: [onSignalStrengthsChanged]phoneId=0, level=3
11-03 16:36:19.176  2663  3960 D Mapcon  : VoiceManager-0-PrepareState: [a]MsgIdEnum=MAPCON_MESSAGE_TM_CMD_SIGNAL_STRENGTH_CHANED_IND
11-03 16:36:19.176  2663  2663 E Telephony-accessory: [HwPhoneAccessoryService]:Failed to get instance of HwPhoneAccessoryService, not init yet.
11-03 16:36:19.177  1717  1717 I MQoS    : onSignal: mSubId=0,currDataSubID=0
11-03 16:36:19.177  2663  3960 I chatty  : uid=1001(radio) VoiceManager-0 identical 1 line
11-03 16:36:19.177  2663  3960 D Mapcon  : VoiceManager-0-PrepareState: [a]MsgIdEnum=MAPCON_MESSAGE_TM_CMD_SIGNAL_STRENGTH_CHANED_IND
11-03 16:36:19.177  2663  3960 D Mapcon  : VoiceManager-0-DefaultState: [a]MsgIdEnum=MAPCON_MESSAGE_TM_CMD_SIGNAL_STRENGTH_CHANED_IND
11-03 16:36:19.177  2663  3870 E Telephony-accessory: [HwPhoneAccessoryService]:Failed to get instance of HwPhoneAccessoryService, not init yet.
11-03 16:36:19.177  2663  5178 E Telephony-accessory: [HwPhoneAccessoryService]:Failed to get instance of HwPhoneAccessoryService, not init yet.
11-03 16:36:19.178  2663  5178 E Telephony-accessory: [HwPhoneAccessoryService]:Failed to get instance of HwPhoneAccessoryService, not init yet.
11-03 16:36:19.178  2606  2606 D TelephonyUtil: onSignalStrengthsChanged
11-03 16:36:19.178  2606  2606 D TelephonyUtil: handleSignalStrengthsChanged slotId:0
11-03 16:36:19.178  2663  3869 E Telephony-accessory: [HwPhoneAccessoryService]:Failed to get instance of HwPhoneAccessoryService, not init yet.
11-03 16:36:19.178  2663  5178 E Telephony-accessory: [HwPhoneAccessoryService]:Failed to get instance of HwPhoneAccessoryService, not init yet.
11-03 16:36:19.178  1717  1717 I MQoS    : received cell-signal:4
11-03 16:36:19.178  2663  3870 E Telephony-accessory: [HwPhoneAccessoryService]:Failed to get instance of HwPhoneAccessoryService, not init yet.
11-03 16:36:19.181  2663  3869 E Telephony-accessory: [HwPhoneAccessoryService]:Failed to get instance of HwPhoneAccessoryService, not init yet.
11-03 16:36:19.181  2663  3869 I chatty  : uid=1001(radio) Binder:2663_A identical 1 line
11-03 16:36:19.182  2663  3869 E Telephony-accessory: [HwPhoneAccessoryService]:Failed to get instance of HwPhoneAccessoryService, not init yet.
11-03 16:36:19.183  2663  5178 E Telephony-accessory: [HwPhoneAccessoryService]:Failed to get instance of HwPhoneAccessoryService, not init yet.
11-03 16:36:19.177  2663  3960 D Mapcon  : VoiceManager-0-DefaultState: [a]MsgIdEnum=MAPCON_MESSAGE_TM_CMD_SIGNAL_STRENGTH_CHANED_IND
11-03 16:36:19.194  1717  1961 I PowerManagerService: handleSandman: wakefulness: 1,startDreaming: false
11-03 16:36:19.184  2663  5178 E Telephony-accessory: [HwPhoneAccessoryService]:Failed to get instance of HwPhoneAccessoryService, not init yet.
11-03 16:36:19.195  2663  2663 E Telephony-accessory: [HwPhoneAccessoryService]:Failed to get instance of HwPhoneAccessoryService, not init yet.
11-03 16:36:19.199  1717  1961 I chatty  : uid=1000(system) PowerManagerSer identical 1 line
11-03 16:36:19.200  1717  1961 I PowerManagerService: handleSandman: wakefulness: 1,startDreaming: false
11-03 16:36:19.208  2663  2663 W SettingsEx: SettingsEx.Systemex.getString deprecated use Settings.System.getString instead, callers = com.android.internal.telephony.gsm.HwCustGsmServiceStateManagerImpl.isMccForShowNetname:222 com.android.internal.telephony.gsm.HwCustGsmServiceStateManagerImpl.isShowNetnameByMcc:213 com.android.internal.telephony.gsm.HwCustGsmServiceStateManagerImpl.setOnsDisplayCustomization:164 
11-03 16:36:19.349  1717  1961 I PowerManagerService: handleSandman: wakefulness: 1,startDreaming: false
11-03 16:36:19.533  1054  1230 D COMMRIL : ComrilTimerStart TimerId = 24, tv->tv_sec = 1
11-03 16:36:19.575  2606  3988 I Booster_Qoe: AdaBoostPredict rlt,index:5,NisPsSlow:0,NProba:398,rsrp(rssi):-110,rsrq(noise):-9,rtt(chload):80,buffhigh(uldelay):0,buffcomm(rtt):0
11-03 16:36:19.575  2606  3988 I Booster_Qoe: AdaBoostPredict rlt,index:0,NisPsSlow:0,NProba:398,rsrp(rssi):-110,rsrq(noise):-9,rtt(chload):80,buffhigh(uldelay):0,buffcomm(rtt):0
11-03 16:36:19.576  2606  3045 I NetworkQoeProxy: calcChannelNoRx dnsData is not present
11-03 16:36:19.542  1717  1961 I chatty  : uid=1000(system) PowerManagerSer identical 6 lines
11-03 16:36:19.575  1717  1961 I PowerManagerService: handleSandman: wakefulness: 1,startDreaming: false
11-03 16:36:19.577  2606  3045 E Booster_NetworkQoeChr: [startTcpStackInfoStaticForChr]startTcpStackInfoStaticForChr failed, qoeTcpDataOpt is null
11-03 16:36:19.577  2606  3045 D NpdcpAliveManager: ro.odm.npdcp_alive_cfg_enable is false
11-03 16:36:19.577  2663  2663 E Telephony-accessory: [HwPhoneAccessoryService]:Failed to get instance of HwPhoneAccessoryService, not init yet.
11-03 16:36:19.577  2606  3045 E SmartDualCardSM: isSignalStrengthPoorScreenOn 2/3G or UNKNOWN true slotId:1
11-03 16:36:19.578  2606  3045 E SmartDualCardSM: isSignalStrengthPoorScreenOn 2/3G or UNKNOWN true slotId:1
11-03 16:36:19.578  2606  3045 I SmartDualCardSM: isSlaveCardNetworkBad return true,mIsSignalStengthPoors =true,mNetworkType=1,mDownlinkSpeedLimits=1048576,mDataRoaming=false
11-03 16:36:19.578  2606  3045 E FourNetCombinationChr: getNetworkQoeInfo failed, qoeTcpDataOpt is null
11-03 16:36:19.579  2606  3407 I Hicom_Monitor: handleNetworkQoeReport. foregroundAppTcpRtt: 80, maxRatioChannelId: 0
11-03 16:36:19.579  2606  3407 I Hicom_Monitor: handleNetworkQoeReport. qoeString: 10423,4,0,398,1,0,4,0,398,7958,19895,10,0,0,0,0,0
11-03 16:36:19.583  1717  1961 I PowerManagerService: handleSandman: wakefulness: 1,startDreaming: false
11-03 16:36:19.584  1717  1961 I PowerManagerService: handleSandman: wakefulness: 1,startDreaming: false
11-03 16:36:19.597  2663  2663 W SettingsEx: SettingsEx.Systemex.getString deprecated use Settings.System.getString instead, callers = com.android.internal.telephony.gsm.HwCustGsmServiceStateManagerImpl.isMccForShowNetname:222 com.android.internal.telephony.gsm.HwCustGsmServiceStateManagerImpl.isShowNetnameByMcc:213 com.android.internal.telephony.gsm.HwCustGsmServiceStateManagerImpl.setOnsDisplayCustomization:164 
11-03 16:36:19.608  2663  2663 E Telephony-accessory: [HwPhoneAccessoryService]:Failed to get instance of HwPhoneAccessoryService, not init yet.
11-03 16:36:19.608  2663  2663 E Telephony-accessory: [HwPhoneAccessoryService]:Failed to get instance of HwPhoneAccessoryService, not init yet.
11-03 16:36:19.611  2663  3869 E Telephony-accessory: [HwPhoneAccessoryService]:Failed to get instance of HwPhoneAccessoryService, not init yet.
11-03 16:36:19.611  2663  5178 E Telephony-accessory: [HwPhoneAccessoryService]:Failed to get instance of HwPhoneAccessoryService, not init yet.
11-03 16:36:19.612  2663  5178 E Telephony-accessory: [HwPhoneAccessoryService]:Failed to get instance of HwPhoneAccessoryService, not init yet.
11-03 16:36:19.612  2663  3870 E Telephony-accessory: [HwPhoneAccessoryService]:Failed to get instance of HwPhoneAccessoryService, not init yet.
11-03 16:36:19.612  1717  1717 I MQoS    : onSignal: mSubId=0,currDataSubID=0
11-03 16:36:19.612  2663  3833 E Telephony-accessory: [HwPhoneAccessoryService]:Failed to get instance of HwPhoneAccessoryService, not init yet.
11-03 16:36:19.612  2663  2663 E Telephony-accessory: [HwPhoneAccessoryService]:Failed to get instance of HwPhoneAccessoryService, not init yet.
11-03 16:36:19.612  2663  5520 E Telephony-accessory: [HwPhoneAccessoryService]:Failed to get instance of HwPhoneAccessoryService, not init yet.
11-03 16:36:19.612  2663  3869 E Telephony-accessory: [HwPhoneAccessoryService]:Failed to get instance of HwPhoneAccessoryService, not init yet.
11-03 16:36:19.612  2663  5178 E Telephony-accessory: [HwPhoneAccessoryService]:Failed to get instance of HwPhoneAccessoryService, not init yet.
11-03 16:36:19.613  2606  2606 D TelephonyUtil: onSignalStrengthsChanged
11-03 16:36:19.613  2606  2606 D TelephonyUtil: handleSignalStrengthsChanged slotId:0
11-03 16:36:19.613  2663  3833 E Telephony-accessory: [HwPhoneAccessoryService]:Failed to get instance of HwPhoneAccessoryService, not init yet.
11-03 16:36:19.613  2663  3869 E Telephony-accessory: [HwPhoneAccessoryService]:Failed to get instance of HwPhoneAccessoryService, not init yet.
11-03 16:36:19.614  2663  5520 E Telephony-accessory: [HwPhoneAccessoryService]:Failed to get instance of HwPhoneAccessoryService, not init yet.
11-03 16:36:19.615  1717  1717 I MQoS    : received cell-signal:4
11-03 16:36:19.615  2663  5520 E Telephony-accessory: [HwPhoneAccessoryService]:Failed to get instance of HwPhoneAccessoryService, not init yet.
11-03 16:36:19.616  2663  5520 E Telephony-accessory: [HwPhoneAccessoryService]:Failed to get instance of HwPhoneAccessoryService, not init yet.
11-03 16:36:19.618  2663  2663 E Telephony-accessory: [HwPhoneAccessoryService]:Failed to get instance of HwPhoneAccessoryService, not init yet.
11-03 16:36:19.618  2295  2660 D NetworkController.MobileSignalController(0_1): mSimSubId:1 onDataActivity: direction=3
11-03 16:36:19.618  2295  2660 I MobileSignalController: copyFrom::dataConnected = true
11-03 16:36:19.618  2663  2663 D Mapcon  : TelephonyTracker: [onSignalStrengthsChanged]phoneId=0, level=3
11-03 16:36:19.618  2295  2660 I MobileSignalController: copyFrom::dataConnected = true
11-03 16:36:19.618  2663  2663 E Telephony-accessory: [HwPhoneAccessoryService]:Failed to get instance of HwPhoneAccessoryService, not init yet.
11-03 16:36:19.619  2663  3960 D Mapcon  : VoiceManager-0-PrepareState: [a]MsgIdEnum=MAPCON_MESSAGE_TM_CMD_SIGNAL_STRENGTH_CHANED_IND
11-03 16:36:19.619  2663  3960 I chatty  : uid=1001(radio) VoiceManager-0 identical 1 line
11-03 16:36:19.619  2663  3960 D Mapcon  : VoiceManager-0-PrepareState: [a]MsgIdEnum=MAPCON_MESSAGE_TM_CMD_SIGNAL_STRENGTH_CHANED_IND
11-03 16:36:19.619  2663  3960 D Mapcon  : VoiceManager-0-DefaultState: [a]MsgIdEnum=MAPCON_MESSAGE_TM_CMD_SIGNAL_STRENGTH_CHANED_IND
11-03 16:36:19.645   729 26641 W hwcomposer: setGpuFreqBoost:159: boostGpuFreq release !
11-03 16:36:19.686  1054  1230 D COMMRIL : ComrilTimerStart TimerId = 24, tv->tv_sec = 1
11-03 16:36:19.620  2663  3960 D Mapcon  : VoiceManager-0-DefaultState: [a]MsgIdEnum=MAPCON_MESSAGE_TM_CMD_SIGNAL_STRENGTH_CHANED_IND
11-03 16:36:19.688  1717  1961 I PowerManagerService: handleSandman: wakefulness: 1,startDreaming: false
11-03 16:36:19.727  2663  2663 E Telephony-accessory: [HwPhoneAccessoryService]:Failed to get instance of HwPhoneAccessoryService, not init yet.
11-03 16:36:19.763  2663  2663 E Telephony-accessory: [HwPhoneAccessoryService]:Failed to get instance of HwPhoneAccessoryService, not init yet.
11-03 16:36:19.767   729 26641 W hwcomposer: setGpuFreqBoost:154: boostGpuFreq succ !
11-03 16:36:19.770  1717  1961 I chatty  : uid=1000(system) PowerManagerSer identical 12 lines
11-03 16:36:19.772  1717  1961 I PowerManagerService: handleSandman: wakefulness: 1,startDreaming: false
11-03 16:36:19.781  2663  2663 W SettingsEx: SettingsEx.Systemex.getString deprecated use Settings.System.getString instead, callers = com.android.internal.telephony.gsm.HwCustGsmServiceStateManagerImpl.isMccForShowNetname:222 com.android.internal.telephony.gsm.HwCustGsmServiceStateManagerImpl.isShowNetnameByMcc:213 com.android.internal.telephony.gsm.HwCustGsmServiceStateManagerImpl.setOnsDisplayCustomization:164 
11-03 16:36:19.950  1717  7707 I MQoS    : MSG_QUERY_TCP_INFO called,count:19978
11-03 16:36:19.950  1717  2142 I HwWifiProServiceProxy: ctrlHwWifiNetwork pkgName: WIFIPRO_SERVICE interfaceId: 8
11-03 16:36:19.950  1717  7707 D HwConnectivityServiceEx: set 1000 rmnet0 value false
11-03 16:36:19.950  1717  2142 I QosMonitor: postEventFromNative: msg=100,arg1=0,arg2=10
11-03 16:36:19.951  1717  2142 I MQoS    : rtt=0,tcpTxPkts=0,tcpRxPkts=0
11-03 16:36:19.953  1717  7707 I TrafficMonitor: getStatic,count:0,work status:false
11-03 16:36:19.953  1717  7707 I MQoS    : QOS_level:4(4),use RAT:4G;signalLvl:4
11-03 16:36:19.971  1717  1961 I PowerManagerService: handleSandman: wakefulness: 1,startDreaming: false
11-03 16:36:20.121  1717  2076 I ActivityManager: sendIntentSender target:PendingIntentRecord{dd47913 com.android.phone broadcastIntent}, intent:flg=0x4 hwFlg=0x810
11-03 16:36:20.124  1717  1961 I PowerManagerService: handleSandman: wakefulness: 1,startDreaming: false
11-03 16:36:20.125  2606  3045 I DollieDcTracterAdapter: handleSendGetTcpSumToKernel enter
11-03 16:36:20.132  1717  3402 V BroadcastQueue: Finished with ordered broadcast BroadcastRecord{7081108 u0 com.android.internal.telephony.data-stall}
11-03 16:36:20.134  2641  3419 I LocationDetection: need regisiter L_H_F
11-03 16:36:20.136  4659  5972 I CAWARENESS_CompatibleBinder: registerLocationFence
11-03 16:36:20.137  4659  4667 I CAWARENESS_FenceManager: addDataId name = null
11-03 16:36:20.137  4659  4667 I CAWARENESS_FenceManager: addDataId dataId = 0
11-03 16:36:20.137  4659  4667 I CAWARENESS_ManagedFenceFactory: AwarenessFence parsing to Optional.empty
11-03 16:36:20.137  4659  4667 I CAWARENESS_FenceManager: onResult, onResultListener=com.huawei.hiai.awareness.opencapacity.fence.FenceManager$3@49925e0, code=0
11-03 16:36:20.137  4659  4667 I CAWARENESS_CacheReportDataService: insertData
11-03 16:36:20.138  4659  5972 I CAWARENESS_CompatibleBinder: registerLocationFence
11-03 16:36:20.138  2641  5864 I LocationDetection: leaveHomeFence: RequestResult{6, 2, 3, null, 0, 0, 100, com.huawei.powergenie_1:1;6,2,3, 1, null, 4, 200007, error_unknown}
11-03 16:36:20.139  4659  4669 I CAWARENESS_FenceManager: addDataId name = null
11-03 16:36:20.139  4659  4669 I CAWARENESS_FenceManager: addDataId dataId = 0
11-03 16:36:20.140  4659  4669 I CAWARENESS_ManagedFenceFactory: AwarenessFence parsing to Optional.empty
11-03 16:36:20.140  4659  4669 I CAWARENESS_FenceManager: onResult, onResultListener=com.huawei.hiai.awareness.opencapacity.fence.FenceManager$3@d7c6f3f, code=0
11-03 16:36:20.140  4659  4669 I CAWARENESS_CacheReportDataService: insertData
11-03 16:36:20.140  4659  4669 W CAWARENESS_ThreadPool: thread pool CacheReportDataService(1) is busy 1/2
11-03 16:36:20.140  2641  5864 I LocationDetection: arriveHomeFence: RequestResult{6, 1, 3, null, 0, 0, 100, com.huawei.powergenie_1:1;6,1,3, 1, null, 4, 200007, error_unknown}
11-03 16:36:20.140  4659  5972 I CAWARENESS_CompatibleBinder: registerLocationFence
11-03 16:36:20.141  4659  4670 I CAWARENESS_FenceManager: addDataId name = null
11-03 16:36:20.141  4659  4670 I CAWARENESS_FenceManager: addDataId dataId = 0
11-03 16:36:20.141  4659  4670 I CAWARENESS_ManagedFenceFactory: AwarenessFence parsing to Optional.empty
11-03 16:36:20.141  4659  4670 I CAWARENESS_FenceManager: onResult, onResultListener=com.huawei.hiai.awareness.opencapacity.fence.FenceManager$3@aaf9d55, code=0
11-03 16:36:20.141  4659  4670 I CAWARENESS_CacheReportDataService: insertData
11-03 16:36:20.141  4659  4670 W CAWARENESS_ThreadPool: thread pool CacheReportDataService(1) is busy 2/3
11-03 16:36:20.142  2641  5864 I LocationDetection: leaveCompanyFence: RequestResult{6, 8, 3, null, 0, 0, 100, com.huawei.powergenie_1:1;6,8,3, 1, null, 4, 200007, error_unknown}
11-03 16:36:20.142  4659  5972 I CAWARENESS_CompatibleBinder: registerLocationFence
11-03 16:36:20.142  4659  4668 I CAWARENESS_AwarenessSQLiteDatabase: insert recId is 976515
11-03 16:36:20.143  4659  4668 I CAWARENESS_CacheReportDataService: Current count 1
11-03 16:36:20.143  4659  4671 I CAWARENESS_FenceManager: addDataId name = null
11-03 16:36:20.144  4659  4671 I CAWARENESS_FenceManager: addDataId dataId = 0
11-03 16:36:20.144  4659  4671 I CAWARENESS_ManagedFenceFactory: AwarenessFence parsing to Optional.empty
11-03 16:36:20.144  4659  4671 I CAWARENESS_FenceManager: onResult, onResultListener=com.huawei.hiai.awareness.opencapacity.fence.FenceManager$3@f39d0f8, code=0
11-03 16:36:20.144  4659  4671 I CAWARENESS_CacheReportDataService: insertData
11-03 16:36:20.144  4659  4671 W CAWARENESS_ThreadPool: thread pool CacheReportDataService(1) is busy 2/3
11-03 16:36:20.144  4659  4672 I CAWARENESS_AwarenessSQLiteDatabase: insert recId is 976516
11-03 16:36:20.144  2641  5864 I LocationDetection: arriveCompanyFence: RequestResult{6, 4, 3, null, 0, 0, 100, com.huawei.powergenie_1:1;6,4,3, 1, null, 4, 200007, error_unknown}
11-03 16:36:20.144  4659  4672 I CAWARENESS_CacheReportDataService: Current count 2
11-03 16:36:20.145  4659  4674 I CAWARENESS_AwarenessSQLiteDatabase: insert recId is 976517
11-03 16:36:20.145  4659  4674 I CAWARENESS_CacheReportDataService: Current count 3
11-03 16:36:20.146  1054  1230 D COMMRIL : ComrilTimerStart TimerId = 24, tv->tv_sec = 1
11-03 16:36:20.146  4659  4675 I CAWARENESS_AwarenessSQLiteDatabase: insert recId is 976518
11-03 16:36:20.146  4659  4675 I CAWARENESS_CacheReportDataService: Current count 4
11-03 16:36:20.146  1717  1961 I PowerManagerService: handleSandman: wakefulness: 1,startDreaming: false
11-03 16:36:20.182  2663  2663 E Telephony-accessory: [HwPhoneAccessoryService]:Failed to get instance of HwPhoneAccessoryService, not init yet.
11-03 16:36:20.186  1717  1961 I chatty  : uid=1000(system) PowerManagerSer identical 7 lines
11-03 16:36:20.187  1717  1961 I PowerManagerService: handleSandman: wakefulness: 1,startDreaming: false
11-03 16:36:20.198  2663  2663 W SettingsEx: SettingsEx.Systemex.getString deprecated use Settings.System.getString instead, callers = com.android.internal.telephony.gsm.HwCustGsmServiceStateManagerImpl.isMccForShowNetname:222 com.android.internal.telephony.gsm.HwCustGsmServiceStateManagerImpl.isShowNetnameByMcc:213 com.android.internal.telephony.gsm.HwCustGsmServiceStateManagerImpl.setOnsDisplayCustomization:164 
11-03 16:36:20.330  2641  3596 I PG_ash  : has widget app: com.huawei.android.totemweather
11-03 16:36:20.328  2641  2641 W com.huawei.iaware: type=1400 audit(0.0:980287): avc: granted { getattr } for pid=2641 comm=616374696F6E732068616E646C6572 path="/data/system/users/0/appwidgets.xml" dev="sdd71" ino=26408 scontext=u:r:system_app:s0 tcontext=u:object_r:system_data_file:s0 tclass=file
11-03 16:36:20.330  2641  3596 I PG_ash  : Application com.huawei.android.totemweather, oversea just update widget, delay to H!
11-03 16:36:20.389  1717  1961 I PowerManagerService: handleSandman: wakefulness: 1,startDreaming: false
11-03 16:36:20.534   681 32454 I netd    : trafficSwapActiveStatsMap() <16.79ms>
11-03 16:36:20.599  2606  3988 I Booster_Qoe: AdaBoostPredict rlt,index:5,NisPsSlow:0,NProba:398,rsrp(rssi):-110,rsrq(noise):-10,rtt(chload):32,buffhigh(uldelay):0,buffcomm(rtt):0
11-03 16:36:20.599  2606  3988 I Booster_Qoe: AdaBoostPredict rlt,index:0,NisPsSlow:0,NProba:398,rsrp(rssi):-110,rsrq(noise):-10,rtt(chload):32,buffhigh(uldelay):0,buffcomm(rtt):0
11-03 16:36:20.599  2606  3045 I NetworkQoeProxy: calcChannelNoRx dnsData is not present
11-03 16:36:20.601  2606  3045 E Booster_NetworkQoeChr: [startTcpStackInfoStaticForChr]startTcpStackInfoStaticForChr failed, qoeTcpDataOpt is null
11-03 16:36:20.601  2606  3045 D NpdcpAliveManager: ro.odm.npdcp_alive_cfg_enable is false
11-03 16:36:20.601  2606  3045 E SmartDualCardSM: isSignalStrengthPoorScreenOn 2/3G or UNKNOWN true slotId:1
11-03 16:36:20.602  2606  3045 E SmartDualCardSM: isSignalStrengthPoorScreenOn 2/3G or UNKNOWN true slotId:1
11-03 16:36:20.602  2606  3045 I SmartDualCardSM: isSlaveCardNetworkBad return true,mIsSignalStengthPoors =true,mNetworkType=1,mDownlinkSpeedLimits=1048576,mDataRoaming=false
11-03 16:36:20.602  2606  3045 E FourNetCombinationChr: getNetworkQoeInfo failed, qoeTcpDataOpt is null
11-03 16:36:20.602  2606  3407 I Hicom_Monitor: handleNetworkQoeReport. foregroundAppTcpRtt: 32, maxRatioChannelId: 0
11-03 16:36:20.602  2606  3407 I Hicom_Monitor: handleNetworkQoeReport. qoeString: 10423,4,0,398,1,0,4,0,398,6173,15433,10,0,0,0,0,0
11-03 16:36:20.622  2295  2660 D NetworkController.MobileSignalController(0_1): mSimSubId:1 onDataActivity: direction=0
11-03 16:36:20.623  2295  2660 I MobileSignalController: copyFrom::dataConnected = true
11-03 16:36:20.623  2295  2660 I MobileSignalController: copyFrom::dataConnected = true
11-03 16:36:20.660   729 26641 W hwcomposer: setGpuFreqBoost:159: boostGpuFreq release !
11-03 16:36:20.784   729 26641 W hwcomposer: setGpuFreqBoost:154: boostGpuFreq succ !
11-03 16:36:20.811  2606  3045 I SpeedTestNotifier: is low speed scene
11-03 16:36:21.322  2663  2663 E Telephony-accessory: [HwPhoneAccessoryService]:Failed to get instance of HwPhoneAccessoryService, not init yet.
11-03 16:36:21.322  2663  2663 E Telephony-accessory: [HwPhoneAccessoryService]:Failed to get instance of HwPhoneAccessoryService, not init yet.
11-03 16:36:21.326  2663  3869 E Telephony-accessory: [HwPhoneAccessoryService]:Failed to get instance of HwPhoneAccessoryService, not init yet.
11-03 16:36:21.327  2663  5178 E Telephony-accessory: [HwPhoneAccessoryService]:Failed to get instance of HwPhoneAccessoryService, not init yet.
11-03 16:36:21.327  2663  3869 E Telephony-accessory: [HwPhoneAccessoryService]:Failed to get instance of HwPhoneAccessoryService, not init yet.
11-03 16:36:21.327  1717  1717 I MQoS    : onSignal: mSubId=1,currDataSubID=0
11-03 16:36:21.327  1717  1717 E MQoS    : invalid signal strength.
11-03 16:36:21.327  2663  3833 E Telephony-accessory: [HwPhoneAccessoryService]:Failed to get instance of HwPhoneAccessoryService, not init yet.
11-03 16:36:21.328  2663  2737 E Telephony-accessory: [HwPhoneAccessoryService]:Failed to get instance of HwPhoneAccessoryService, not init yet.
11-03 16:36:21.328  2606  2606 D TelephonyUtil: onSignalStrengthsChanged
11-03 16:36:21.328  2663  2663 E Telephony-accessory: [HwPhoneAccessoryService]:Failed to get instance of HwPhoneAccessoryService, not init yet.
11-03 16:36:21.328  2606  2606 D TelephonyUtil: handleSignalStrengthsChanged slotId:1
11-03 16:36:21.328  2663  3870 E Telephony-accessory: [HwPhoneAccessoryService]:Failed to get instance of HwPhoneAccessoryService, not init yet.
11-03 16:36:21.328  1717  1717 I MQoS    : received cell-signal:4
11-03 16:36:21.328  2663  5520 E Telephony-accessory: [HwPhoneAccessoryService]:Failed to get instance of HwPhoneAccessoryService, not init yet.
11-03 16:36:21.329  2663  5520 E Telephony-accessory: [HwPhoneAccessoryService]:Failed to get instance of HwPhoneAccessoryService, not init yet.
11-03 16:36:21.329  2663  3833 E Telephony-accessory: [HwPhoneAccessoryService]:Failed to get instance of HwPhoneAccessoryService, not init yet.
11-03 16:36:21.329  2663  2663 E Telephony-accessory: [HwPhoneAccessoryService]:Failed to get instance of HwPhoneAccessoryService, not init yet.
11-03 16:36:21.329  2663  2663 D Mapcon  : TelephonyTracker: [onSignalStrengthsChanged]phoneId=1, level=3
11-03 16:36:21.330  2663  5178 E Telephony-accessory: [HwPhoneAccessoryService]:Failed to get instance of HwPhoneAccessoryService, not init yet.
11-03 16:36:21.330  2663  2663 E Telephony-accessory: [HwPhoneAccessoryService]:Failed to get instance of HwPhoneAccessoryService, not init yet.
11-03 16:36:21.330  2606  3045 I PreDnsQuery: No need to handled!
11-03 16:36:21.330  2663  3974 D Mapcon  : VoiceManager-5-PrepareState: [a]MsgIdEnum=MAPCON_MESSAGE_TM_CMD_SIGNAL_STRENGTH_CHANED_IND
11-03 16:36:21.331  2606  3045 I OllieMsgCenter: publishEvt=2131099740
11-03 16:36:21.331  2663  3974 I chatty  : uid=1001(radio) VoiceManager-5 identical 1 line
11-03 16:36:21.331  2663  3974 D Mapcon  : VoiceManager-5-PrepareState: [a]MsgIdEnum=MAPCON_MESSAGE_TM_CMD_SIGNAL_STRENGTH_CHANED_IND
11-03 16:36:21.331  2663  3974 D Mapcon  : VoiceManager-5-DefaultState: [a]MsgIdEnum=MAPCON_MESSAGE_TM_CMD_SIGNAL_STRENGTH_CHANED_IND
11-03 16:36:21.331  2663  3974 D Mapcon  : VoiceManager-5-DefaultState: [a]MsgIdEnum=MAPCON_MESSAGE_TM_CMD_SIGNAL_STRENGTH_CHANED_IND
11-03 16:36:21.331  2606  3045 E SmartDualCardSM: isSignalStrengthPoorScreenOn 2/3G or UNKNOWN true slotId:1
11-03 16:36:21.331  2606  3045 I SmartDualCardSM: IdleState:got msg.what=EVENT_UMTS_RSCP_CHANGED
11-03 16:36:21.332  2663  3833 E Telephony-accessory: [HwPhoneAccessoryService]:Failed to get instance of HwPhoneAccessoryService, not init yet.
11-03 16:36:21.332   681 32454 I OemNetd : setNetBoosterRsrpRsrq(-109, -1)
11-03 16:36:21.332  1717  2042 I HwNetworkManagementService: setNetBoosterRsrpRsrq succeeded
11-03 16:36:21.332  2663  3833 E Telephony-accessory: [HwPhoneAccessoryService]:Failed to get instance of HwPhoneAccessoryService, not init yet.
11-03 16:36:21.624  2606  3988 I Booster_Qoe: AdaBoostPredict rlt,index:5,NisPsSlow:0,NProba:425,rsrp(rssi):-110,rsrq(noise):-10,rtt(chload):12,buffhigh(uldelay):0,buffcomm(rtt):0
11-03 16:36:21.624  2606  3988 I Booster_Qoe: AdaBoostPredict rlt,index:0,NisPsSlow:0,NProba:425,rsrp(rssi):-110,rsrq(noise):-10,rtt(chload):12,buffhigh(uldelay):0,buffcomm(rtt):0
11-03 16:36:21.624  2606  3045 I NetworkQoeProxy: calcChannelNoRx dnsData is not present
11-03 16:36:21.625  2606  3045 E Booster_NetworkQoeChr: [startTcpStackInfoStaticForChr]startTcpStackInfoStaticForChr failed, qoeTcpDataOpt is null
11-03 16:36:21.625  2606  3045 D NpdcpAliveManager: ro.odm.npdcp_alive_cfg_enable is false
11-03 16:36:21.626  2606  3045 E SmartDualCardSM: isSignalStrengthPoorScreenOn 2/3G or UNKNOWN true slotId:1
11-03 16:36:21.626  2606  3045 E SmartDualCardSM: isSignalStrengthPoorScreenOn 2/3G or UNKNOWN true slotId:1
11-03 16:36:21.627  2606  3045 I SmartDualCardSM: isSlaveCardNetworkBad return true,mIsSignalStengthPoors =true,mNetworkType=1,mDownlinkSpeedLimits=1048576,mDataRoaming=false
11-03 16:36:21.627  2606  3045 E FourNetCombinationChr: getNetworkQoeInfo failed, qoeTcpDataOpt is null
11-03 16:36:21.627  2606  3407 I Hicom_Monitor: handleNetworkQoeReport. foregroundAppTcpRtt: 12, maxRatioChannelId: 0
11-03 16:36:21.627  2606  3407 I Hicom_Monitor: handleNetworkQoeReport. qoeString: 10423,4,0,425,1,0,4,0,425,6173,15433,10,0,0,0,0,0
11-03 16:36:21.755  4240  4296 I TRuntime.CctTransportBackend: Status Code: 200
11-03 16:36:21.768  1717  2042 D HwConnectivityServiceEx: set 10423 rmnet0 value false
11-03 16:36:21.769  1717  1961 I PowerManagerService: handleSandman: wakefulness: 1,startDreaming: false
11-03 16:36:21.778  1717  2744 I JobScheduler: APP response end time, Completed JobStatus{e8827cd #u0a423/436220505 com.eventmarketplace.app/com.google.android.datatransport.runtime.scheduling.jobscheduling.JobInfoSchedulerService u=0 s=10423 TIME=-2s895ms:none NET READY}, reschedule=false
11-03 16:36:21.781  1717  3309 I JobScheduler.Time: Add job to TimeTracking: d221287 #u0a423/436220505 com.eventmarketplace.app/com.google.android.datatransport.runtime.scheduling.jobscheduling.JobInfoSchedulerService, delayTime:3194919397, deadlineTime:9223372036854775807
11-03 16:36:21.787  1717  3309 I JobScheduler.Time: realNextDelayExpiredElapsedMillis: 3194919397 mNextDelayExpiredElapsedMillis:3194919397
11-03 16:36:22.562  1033  1033 E Thermal-daemon:hw_thermal: [pa_0] tempNew :37  tempOld :38
11-03 16:36:22.563  1033  1033 E Thermal-daemon:hw_thermal: Report temperature: [pa_0] temp :37  reportThreshold:1
11-03 16:36:22.564  1033  1033 E Thermal-daemon:hw_thermal: [ap] tempNew :37  tempOld :38
11-03 16:36:22.564  1033  1033 E Thermal-daemon:hw_thermal: Report temperature: [ap] temp :37  reportThreshold:1
11-03 16:36:22.634  2295  2660 D NetworkController.MobileSignalController(0_1): mSimSubId:1 onDataActivity: direction=3
11-03 16:36:22.635  2295  2660 I MobileSignalController: copyFrom::dataConnected = true
11-03 16:36:22.635  2295  2660 I MobileSignalController: copyFrom::dataConnected = true
11-03 16:36:22.646  2606  3988 I Booster_Qoe: AdaBoostPredict rlt,index:5,NisPsSlow:0,NProba:398,rsrp(rssi):-110,rsrq(noise):-10,rtt(chload):56,buffhigh(uldelay):0,buffcomm(rtt):0
11-03 16:36:22.646  2606  3988 I Booster_Qoe: AdaBoostPredict rlt,index:0,NisPsSlow:0,NProba:398,rsrp(rssi):-110,rsrq(noise):-10,rtt(chload):56,buffhigh(uldelay):0,buffcomm(rtt):0
11-03 16:36:22.647  2606  3045 I NetworkQoeProxy: calcChannelNoRx dnsData is not present
11-03 16:36:22.648  2606  3045 E Booster_NetworkQoeChr: [startTcpStackInfoStaticForChr]startTcpStackInfoStaticForChr failed, qoeTcpDataOpt is null
11-03 16:36:22.648  2606  3045 D NpdcpAliveManager: ro.odm.npdcp_alive_cfg_enable is false
11-03 16:36:22.649  2606  3045 E SmartDualCardSM: isSignalStrengthPoorScreenOn 2/3G or UNKNOWN true slotId:1
11-03 16:36:22.650  2606  3045 E SmartDualCardSM: isSignalStrengthPoorScreenOn 2/3G or UNKNOWN true slotId:1
11-03 16:36:22.650  2606  3045 I SmartDualCardSM: isSlaveCardNetworkBad return true,mIsSignalStengthPoors =true,mNetworkType=1,mDownlinkSpeedLimits=1048576,mDataRoaming=false
11-03 16:36:22.650  2606  3045 E FourNetCombinationChr: getNetworkQoeInfo failed, qoeTcpDataOpt is null
11-03 16:36:22.651  2606  3407 I Hicom_Monitor: handleNetworkQoeReport. foregroundAppTcpRtt: 56, maxRatioChannelId: 0
11-03 16:36:22.651  2606  3407 I Hicom_Monitor: handleNetworkQoeReport. qoeString: 10423,4,0,398,1,0,4,0,398,6173,15433,10,0,0,0,0,0
11-03 16:36:22.661   729 26641 W hwcomposer: setGpuFreqBoost:159: boostGpuFreq release !
11-03 16:36:22.720  2539 30708 I HwSearchService: [IndexServiceGuarderHandler]: IndexDataMonitor: checkIndexTask start.
11-03 16:36:22.723  2539 30708 I HwSearchService: [IndexServiceGuarderHandler]: IndexDataMonitor: checkTmpIndexData start.
11-03 16:36:22.723  2539 30708 I HwSearchService: [IndexServiceGuarderHandler]: IndexDataMonitor: checkIndexData start.
11-03 16:36:22.785   729 26641 W hwcomposer: setGpuFreqBoost:154: boostGpuFreq succ !
11-03 16:36:23.641  2295  2660 D NetworkController.MobileSignalController(0_1): mSimSubId:1 onDataActivity: direction=0
11-03 16:36:23.642  2295  2660 I MobileSignalController: copyFrom::dataConnected = true
11-03 16:36:23.642  2295  2660 I MobileSignalController: copyFrom::dataConnected = true
11-03 16:36:23.671  2606  3988 I Booster_Qoe: AdaBoostPredict rlt,index:5,NisPsSlow:0,NProba:416,rsrp(rssi):-110,rsrq(noise):-10,rtt(chload):22,buffhigh(uldelay):0,buffcomm(rtt):0
11-03 16:36:23.672  2606  3988 I Booster_Qoe: AdaBoostPredict rlt,index:0,NisPsSlow:0,NProba:416,rsrp(rssi):-110,rsrq(noise):-10,rtt(chload):22,buffhigh(uldelay):0,buffcomm(rtt):0
11-03 16:36:23.672  2606  3045 I NetworkQoeProxy: calcChannelNoRx dnsData is not present
11-03 16:36:23.673  2606  3045 E Booster_NetworkQoeChr: [startTcpStackInfoStaticForChr]startTcpStackInfoStaticForChr failed, qoeTcpDataOpt is null
11-03 16:36:23.674  2606  3045 D NpdcpAliveManager: ro.odm.npdcp_alive_cfg_enable is false
11-03 16:36:23.674  2606  3045 E SmartDualCardSM: isSignalStrengthPoorScreenOn 2/3G or UNKNOWN true slotId:1
11-03 16:36:23.675  2606  3045 E SmartDualCardSM: isSignalStrengthPoorScreenOn 2/3G or UNKNOWN true slotId:1
