11-03 19:04:50.999 18465 18465 D ApplicationLoaders: Returning zygote-cached class loader: /system/framework/android.hidl.base-V1.0-java.jar
11-03 19:04:50.999  1717  1930 I HwAudioServiceEx: ComponentInfo : className = com.google.android.apps.chrome.IntentDispatcher, flag = onResume, isHomeActivity = , isTop = true
11-03 19:04:50.999 18465 18465 D ApplicationLoaders: createClassLoader zip: /system/app/ChromeHomePage/ChromeHomePage.apk librarySearchPath: /system/app/ChromeHomePage/lib/arm64:/system/lib64:/hw_product/lib64:/system/product/lib64:/prets/lib64 libraryPermittedPath: /data/user/0/com.huawei.browserhomepage:/system/app/ChromeHomePage:/system/lib64:/hw_product/lib64:/system/product/lib64:/prets/lib64 parent: java.lang.BootClassLoader@d46cbfc targetSdkVersion: 28 isBundled: true classLoaderName: null sharedLibraries: [dalvik.system.PathClassLoader[DexPathList[[zip file "/system/framework/android.hidl.manager-V1.0-java.jar"],nativeLibraryDirectories=[/system/lib64, /hw_product/lib64, /system/product/lib64, /prets/lib64]]], dalvik.system.PathClassLoader[DexPathList[[zip file "/system/framework/android.hidl.base-V1.0-java.jar"],nativeLibraryDirectories=[/system/lib64, /hw_product/lib64, /system/product/lib64, /prets/lib64]]]]
11-03 19:04:50.999  1717  2172 W HwAudioServiceEx: SoundEffectState bundle get reserved is invalid
11-03 19:04:50.999  1717  2172 I HwAudioServiceEx: sendAppKilledIntentForKit, isKitPackageOnPause = false, isKitPackageKill = false, isKitPackageOnResume = false
11-03 19:04:51.001  1717  4398 I HwWindowManagerServiceEx: setLandAnimationInfo : false
11-03 19:04:51.005  1717  4398 I WindowManager: Checking 1 opening apps (frozen=false timeout=false)...
11-03 19:04:51.005  1717  4398 I WindowManager: Check opening app=AppWindowToken{302984 token=Token{df83397 ActivityRecord{de9e16 u0 com.android.chrome/org.chromium.chrome.browser.customtabs.CustomTabActivity t698}}}: allDrawn=false startingDisplayed=false startingMoved=false isRelaunching()=false startingWindow=null
11-03 19:04:51.009  4659  5972 I CAWARENESS_AppUsageManager: onEvent, packageName=com.android.chrome, activityName=com.google.android.apps.chrome.IntentDispatcher
11-03 19:04:51.009  1717  1930 I HwAudioServiceEx: ComponentInfo : className = com.google.android.apps.chrome.IntentDispatcher, flag = onPause, isHomeActivity = , isTop = false
11-03 19:04:51.009  1717  2172 W HwAudioServiceEx: SoundEffectState bundle get reserved is invalid
11-03 19:04:51.009  1053  1089 D AwareLog: iawared: fg_hl_ctl update fgUid=10176 g_isGame=0
11-03 19:04:51.009  1717  2172 I HwAudioServiceEx: sendAppKilledIntentForKit, isKitPackageOnPause = false, isKitPackageKill = false, isKitPackageOnResume = false
11-03 19:04:51.009  2606  2755 I Hicom_Monitor: mActivityNotifierEx, className = com.google.android.apps.chrome.IntentDispatcher, uid = 10176
11-03 19:04:51.009  2606  3045 D DollieActivityManagerAdapter: [Resumed] bg:true pid:18434 uid:10176 ComponentInfo{com.android.chrome/com.google.android.apps.chrome.IntentDispatcher}
11-03 19:04:51.009  2606  3045 E DollieAdapterService: notifyActivityState pkg:com.android.chrome/com.google.android.apps.chrome.IntentDispatcher state:2 fg:true mUid:10176
11-03 19:04:51.010  4659  5972 I CAWARENESS_AbilityContext: [1762172000613] publishing {dataId=100000006, mode=0}
11-03 19:04:51.010  4659  5972 I CAWARENESS_AbilityContext: [1762172000613] deliver {dataId=100000006, mode=0} to 5 receivers
11-03 19:04:51.010 18465 18465 I browserhomepag: QarthPatchMonintor::Run
11-03 19:04:51.010 27583 17136 I HiAdKit.DC.PageSwitchEvent:  switch is off
11-03 19:04:51.010 27583 17144 I HiAdKit.DC.PageSwitchEvent:  switch is off
11-03 19:04:51.011  2606  3045 D DollieActivityManagerAdapter: [Paused] pid:18434 uid:10176 ComponentInfo{com.android.chrome/com.google.android.apps.chrome.IntentDispatcher} uidState:2
11-03 19:04:51.011  2606  3045 I ConnCureStateMonitor: handleMessage: msg[2]
11-03 19:04:51.011  2606  3045 I HwPacketFilterBypass: handleActivityUidStateChanged uid:10176 -1 foreground:1
11-03 19:04:51.011  2606  3045 I OllieMsgCenter: publishEvt=2135097351
11-03 19:04:51.011  2606  3045 I NetworkQoeChr: checkForegroundApp timer end
11-03 19:04:51.011  2606  3045 D AppDynamicRtt: getAppRttSlowThreshold rtt sample not enought, uid:10176, sample:373
11-03 19:04:51.012  1717  2740 V ActivityManager: Successfully start provider ContentProviderRecord{ee704b5 u0 com.huawei.browserhomepage/.PartnerHomepageProviderTmobile} launchingApp=ProcessRecord{bbba8ec 18465:com.huawei.browserhomepage/u0a66} caller pid= 18434
11-03 19:04:51.012 18465 18487 I HwApiCacheMangerEx: apicache path=/storage/emulated/0 state=mounted key=com.huawei.browserhomepage#10066#256
11-03 19:04:51.012 18465 18487 I HwApiCacheMangerEx: need clear apicache,because volumes changed,oldCnt=0 newCnt=1
11-03 19:04:51.012  2606  3045 I SmartDualCardConfig: getAppType,pkgName=com.android.chrome,appType=18
11-03 19:04:51.013 18465 18465 I HwTypeface: updateFont: scale=0.95
11-03 19:04:51.013  2606  3045 I SmartDualCardConfig: getAppType,pkgName=com.android.chrome,appType=18
11-03 19:04:51.013  2606  3045 E SmartDualCardConfig: isAppInBlackList false,items==null
11-03 19:04:51.013  2606  3045 I SmartDualCardSM: onUidStateUpdate,uid=10176,appName=com.android.chrome,state=FOREGROUND
11-03 19:04:51.013 18465 18465 D SystemFonts: areFontsVariable: script=Cyrl
11-03 19:04:51.014  2606  3045 I SmartDualCardConfig: getAppType,pkgName=com.android.chrome,appType=18
11-03 19:04:51.014 18465 18465 I ActivityThread: finishPreloaded preloadStatus 0
11-03 19:04:51.014  2606  3045 I SmartDualCardSM: updateAppState mAppState=2
11-03 19:04:51.014  2606  3045 I SmartDualCardConfig: addForegroundAppToList,size()=2,uid=10176
11-03 19:04:51.014  2606  3045 I BoosterUtil: getSlaveCardSubId slotId: 1, subId: 2
11-03 19:04:51.014 18465 18487 I HwApiCacheMangerEx: apicache path=/storage/emulated/0 state=mounted key=com.huawei.browserhomepage#10066#0
11-03 19:04:51.014 18465 18487 I HwApiCacheMangerEx: need clear apicache,because volumes changed,oldCnt=1 newCnt=1
11-03 19:04:51.016 18434 18434 V ActivityThread: callActivityOnCreate
11-03 19:04:51.017 18465 18487 I HwPartIawareFactory: add android.common.HwPartIawareFactoryImpl to memory.
11-03 19:04:51.017 18465 18487 I AwareBitmapCacher: init processName:com.huawei.browserhomepage pid=18465 uid=10066
11-03 19:04:51.021  2641  3419 I ScenarioService: refresh visibleApp:[com.android.chrome]
11-03 19:04:51.021  2641  3419 I PGServer: report state:14 event type:1 pid:-1 uid:-1 pkg:com.android.chrome to pid: 2641
11-03 19:04:51.021  2641  3419 I ApsAppsTypeHandler: APS: APK: ApsAppsTypeHandler.getInstance, sInstance = com.huawei.android.hwaps.o@4ccd923
11-03 19:04:51.021  2641  3419 I PF_API_JNI: ACCKIT_APS_NotifyInfo 3: com.android.chrome
11-03 19:04:51.021  1717  2042 V ActivityManager: Successfully start provider ContentProviderRecord{24f34d3 u0 com.google.android.gsf/.gservices.GservicesProvider} launchingApp=ProcessRecord{1b02ec2 31091:com.google.process.gservices/u0a167} caller pid= 18434
11-03 19:04:51.021  2641  3596 I PG_ash  : com.eventmarketplace.app become invisible
11-03 19:04:51.021  2641  3596 I PG_ash  : running package: com.eventmarketplace.app, visible: false
11-03 19:04:51.021   763   795 D ACCKIT_ : pack:"com.android.chrome"
11-03 19:04:51.023 18434 18434 D HwGalleryCacheManagerImpl: mIsEffect:false
11-03 19:04:51.023  9542 26349 W HSM_BG-11.1.1.451: NetAssistantDbManager:get setting column info but empty table
11-03 19:04:51.026 18434 18457 W DynamiteModule: Local module descriptor class for com.google.android.gms.googlecertificates not found.
11-03 19:04:51.027  1717  4398 V ActivityManager: Successfully start provider ContentProviderRecord{9a5f466 u0 com.google.android.gms/.chimera.container.GmsModuleProvider} launchingApp=null caller pid= 18434
11-03 19:04:51.027 18434 18434 I DecorView[]: pkgName:com.android.chrome old windowMode:0 new windoMode:1, isFixedSize:false
11-03 19:04:51.027  9542  5372 W HSM_BG-11.1.1.451: NetAssistantDbManager:get setting column info but empty table
11-03 19:04:51.027 18434 18503 I cr_Linker: Using linker: org.chromium.base.library_loader.ModernLinker
11-03 19:04:51.027 18434 18503 I cr_LibraryLoader: Loading monochrome
11-03 19:04:51.028  2606  3045 E SmartDualCardTrafficManager: isCustomerApplyTheTrafficPackage:: customer not set the package!
11-03 19:04:51.028  2606  3045 I BoosterUtil: getSlaveCardSubId slotId: 1, subId: 2
11-03 19:04:51.030 18434 18457 W .android.chrom: Unsupported class loader
11-03 19:04:51.031 18465 18498 I ChromeHomePage: cust bookmarks file is null; 
11-03 19:04:51.032  9542 26349 W HSM_BG-11.1.1.451: NetAssistantDbManager:get setting column info but empty table
11-03 19:04:51.032  1717  4398 V ActivityManager: Successfully start provider ContentProviderRecord{fbe626b u0 com.android.providers.settings/.hwext.HwSettingsProvider} launchingApp=null caller pid= 18465
11-03 19:04:51.032 18434 18434 E cr_CompositorSurfaceMgr: Transitioning to surface with format : -1
11-03 19:04:51.038  9542  5372 W HSM_BG-11.1.1.451: NetAssistantDbManager:get setting column info but empty table
11-03 19:04:51.039  2606  3045 E SmartDualCardTrafficManager: isCustomerApplyTheTrafficPackage:: customer not set the package!
11-03 19:04:51.039 18434 18457 I DynamiteModule: Considering local module com.google.android.gms.googlecertificates:0 and remote module com.google.android.gms.googlecertificates:7
11-03 19:04:51.039 18434 18457 I DynamiteModule: Selected remote version of com.google.android.gms.googlecertificates, version >= 7
11-03 19:04:51.040  1717  4398 I HwInnerVibratorService: isSupportHwVibrator type:haptic.common.long_press1, isSupport:0
11-03 19:04:51.040   751   751 E hwvibrator@1.1-service: CheckHaptics: get main effect fail
11-03 19:04:51.040  1717  4398 I HwInnerVibratorService: isSupportHwVibrator type:haptic.slide.type6, isSupport:-1
11-03 19:04:51.040  2606  3045 I SmartDualCardSM: isNeedMonitorAppQoe return false
11-03 19:04:51.040  2606  3045 I SmartDualCardSM: resetAppQoeState
11-03 19:04:51.041 18434 18464 W cr_PartnerCustomize: Partner homepage must be HTTP(S) or NewTabPage. Got invalid URL ""
11-03 19:04:51.041  2606  3045 I OllieMsgCenter: publishEvt=2130771969
11-03 19:04:51.041  2606  3045 I OllieMsgCenter: publishEvt=2130771985
11-03 19:04:51.041  2606  3045 I SmartDualCardSM: IdleState:got msg.what=EVENT_APP_MOVE_FOREGROUND
11-03 19:04:51.043  2606  3045 I SpeedTestNotifier: Speed test app is back Activity
11-03 19:04:51.043  2606  3045 I SmartDualCardConfig: getAppType,pkgName=com.android.chrome,appType=18
11-03 19:04:51.043  2606  3045 E SmartDualCardConfig: isAppInBlackList false,items==null
11-03 19:04:51.043  2606  3045 I PowerMsgAdapter: addUidChanged uid: 10176
11-03 19:04:51.044  2606  3045 E Booster_MatterAppRecommend: [isMatterPackage]invalid mMatterPackagesConfig
11-03 19:04:51.044  2606  3045 I OllieMsgCenter: publishEvt=2134966274
11-03 19:04:51.044  2606  3045 I OllieMsgCenter: publishEvt=2135097350
11-03 19:04:51.045 18434 18503 I cr_LibraryLoader: Loaded native library version number "80.0.3987.99"
11-03 19:04:51.045  2606  3045 D DsduChr : uid=10176, isTrafficFree=false, isUsingFreeTraffic=false
11-03 19:04:51.045  2606  3045 I SmartDualCardSM: IdleState:got msg.what=EVENT_SLAVE_TRAFFIC_FREE_APP_BACKGROUND
11-03 19:04:51.051 18434 18471 I cr_tabmodel: Starting to fetch tab list for tab_state698
11-03 19:04:51.051 18434 18471 I cr_tabmodel: State file does not exist.
11-03 19:04:51.053 18434 18434 D ActivityThread: add activity client record, r= ActivityRecord{97ffc5a token=android.os.BinderProxy@ae5f460 {com.android.chrome/org.chromium.chrome.browser.customtabs.CustomTabActivity}} token= android.os.BinderProxy@ae5f460
11-03 19:04:51.054 18434 18434 I HwPartMagicWindowFactory: add android.common.HwPartMagicWindowFactoryImpl to memory.
11-03 19:04:51.056 18434 18434 D MouseWheelSynthesizer: mMoveStepInDp: 64, mMoveStepInPixel: 192, mUpTimeDelayed: 100
11-03 19:04:51.056 18434 18434 D ViewRootImpl: ViewRootImpl mIsInProductivePCDisplay: false
11-03 19:04:51.057 18434 18434 I HwPartPowerOfficeFactory: add HwPartPowerOfficeFactoryImpl to memory.
11-03 19:04:51.057 18465 18498 I ChromeHomePage: cust bookmarks file is null; 
11-03 19:04:51.057  1717  3403 I HwPCUtils#HwRioViewManager: check if rio enable, displayId = 0я╝М packageName = com.android.chrome
11-03 19:04:51.059  2641 21929 I KStateManager: send binder call message, called pid:760, calling pid:[1717]
11-03 19:04:51.059  2641  3596 I PG_ash  : 1717 binder call 760
11-03 19:04:51.059  1717  2082 D HwActivityManagerServiceEx: notifyAppToTop pid:18434, enable:1
11-03 19:04:51.059   745   745 I hisi_effect: SetEffectInfo:367: modules=2 dispPanelId=0
11-03 19:04:51.059 18434 18471 W cr_PartnerCustomize: Partner homepage must be HTTP(S) or NewTabPage. Got invalid URL ""
11-03 19:04:51.060 18434 18434 I DecorView[]: pkgName:com.android.chrome old windowMode:1 new windoMode:1, isFixedSize:false
11-03 19:04:51.060  1717  3403 E WindowManager: App trying to use insecure INPUT_FEATURE_NO_INPUT_CHANNEL flag. Ignoring
11-03 19:04:51.062  1717  3403 I WindowManager: addWindow: Window{cef2ab2 u0 com.android.chrome/org.chromium.chrome.browser.customtabs.CustomTabActivity} client:android.os.BinderProxy@9a6e4bd currentDisplayId:0 requestDisplayId:0 token:Token{df83397 ActivityRecord{de9e16 u0 com.android.chrome/org.chromium.chrome.browser.customtabs.CustomTabActivity t698}}
11-03 19:04:51.062 18434 18434 D InputEventReceiver: dispatchInputInterval 1000000
11-03 19:04:51.064 18434 18434 I RmeSchedManager: init Rme, version is: v1.0
11-03 19:04:51.064 18434 18434 I RtgSchedEvent: current pid:18434 AppType:18
11-03 19:04:51.064  1717  1930 I HwAudioServiceEx: ComponentInfo : className = org.chromium.chrome.browser.customtabs.CustomTabActivity, flag = onResume, isHomeActivity = , isTop = true
11-03 19:04:51.065  1717  2172 W HwAudioServiceEx: SoundEffectState bundle get reserved is invalid
11-03 19:04:51.065  1717  2172 I HwAudioServiceEx: sendAppKilledIntentForKit, isKitPackageOnPause = false, isKitPackageKill = false, isKitPackageOnResume = false
11-03 19:04:51.066  1717  3403 V ActivityManager: startProcess: name=com.android.chrome:sandboxed_process0:org.chromium.content.app.SandboxedProcessService0:0 app=null knownToBeDead=true thread=null pid=-1 preloadStatus=-1
11-03 19:04:51.067  4659 31772 I CAWARENESS_AppUsageManager: onEvent, packageName=com.android.chrome, activityName=org.chromium.chrome.browser.customtabs.CustomTabActivity
11-03 19:04:51.067 18434 18510 W HiTouch_HiTouchSensor: depended package hiTouch does n't exist!
11-03 19:04:51.067 18434 18510 I HiTouch_HiTouchSensor: HiTouch restricted: system app HiTouch don't exist.
11-03 19:04:51.067 18434 18510 D HiTouch_PressGestureDetector: onAttached, package=com.android.chrome, windowType=1, mIsHiTouchRestricted=true
11-03 19:04:51.068  2606  2755 I Hicom_Monitor: mActivityNotifierEx, className = org.chromium.chrome.browser.customtabs.CustomTabActivity, uid = 10176
11-03 19:04:51.068  2606  3045 D DollieActivityManagerAdapter: [Resumed] bg:false pid:18434 uid:10176 ComponentInfo{com.android.chrome/org.chromium.chrome.browser.customtabs.CustomTabActivity}
11-03 19:04:51.068  2606  3045 E DollieAdapterService: notifyActivityState pkg:com.android.chrome/org.chromium.chrome.browser.customtabs.CustomTabActivity state:2 fg:true mUid:10176
11-03 19:04:51.068  2606  3045 I OllieMsgCenter: publishEvt=2130771985
11-03 19:04:51.068  2606  3045 E Booster_MatterAppRecommend: [isMatterPackage]invalid mMatterPackagesConfig
11-03 19:04:51.068 27583 17138 I HiAdKit.DC.PageSwitchEvent:  switch is off
11-03 19:04:51.070  4659 31772 I CAWARENESS_AbilityContext: [1762172127777] publishing {dataId=100000006, mode=0}
11-03 19:04:51.070  4659 31772 I CAWARENESS_AbilityContext: [1762172127777] deliver {dataId=100000006, mode=0} to 5 receivers
11-03 19:04:51.073  1717  3403 I WindowManager: Checking 1 opening apps (frozen=false timeout=false)...
11-03 19:04:51.073  1717  3403 I WindowManager: Check opening app=AppWindowToken{302984 token=Token{df83397 ActivityRecord{de9e16 u0 com.android.chrome/org.chromium.chrome.browser.customtabs.CustomTabActivity t698}}}: allDrawn=false startingDisplayed=false startingMoved=false isRelaunching()=false startingWindow=null
11-03 19:04:51.074 18434 18457 W .android.chrom: ClassLoaderContext type mismatch. expected=PCL, found=DLC (PCL[] | DLC[];PCL[/system/product/app/Chrome/Chrome.apk*3791245966]{PCL[/system/product/app/TrichromeLibrary/TrichromeLibrary.apk*3601226962]})
11-03 19:04:51.075  1717  3403 I WindowManager: Changing focus from null to Window{cef2ab2 u0 com.android.chrome/org.chromium.chrome.browser.customtabs.CustomTabActivity} displayId=0 Callers=com.android.server.wm.RootWindowContainer.updateFocusedWindowLocked:209 com.android.server.wm.WindowManagerService.updateFocusedWindowLocked:6517 com.android.server.wm.WindowManagerService.relayoutWindow:2813 com.android.server.wm.Session.relayout:197 
11-03 19:04:51.075 18434 18457 W .android.chrom: Found duplicate classes, falling back to extracting from APK : /data/user_de/0/com.google.android.gms/app_chimera/m/0000003c/GoogleCertificates.uncompressed.apk
11-03 19:04:51.076 18516 18516 W d.chrome_zygot: type=1400 audit(0.0:983304): avc: denied { read } for pid=18516 name="u:object_r:device_config_runtime_native_prop:s0" dev="tmpfs" ino=1915 scontext=u:r:app_zygote:s0:c512,c768 tcontext=u:object_r:device_config_runtime_native_prop:s0 tclass=file permissive=0
11-03 19:04:51.076 18434 18457 W .android.chrom: NOTE: This wastes RAM and hurts startup performance.
11-03 19:04:51.076 18434 18457 W .android.chrom: Found duplicated class when checking oat files: 'Landroid/support/annotation/Keep;' in /system/product/app/Chrome/Chrome.apk and /data/user_de/0/com.google.android.gms/app_chimera/m/0000003c/GoogleCertificates.uncompressed.apk
11-03 19:04:51.076 18434 18457 W .android.chrom: 
11-03 19:04:51.076   745   745 E hisi_effect: getSupported:278: Unsupported display effect feature!!
11-03 19:04:51.076   683   683 D Zygote  : Forked child process 18516
11-03 19:04:51.076  1717  3403 V HwPhoneWindowManager: updateSystemUiColorLw window=Window{cef2ab2 u0 com.android.chrome/org.chromium.chrome.browser.customtabs.CustomTabActivity},EmuiStyle=0,StatusBarColor=0xff35363a,NavigationBarColor=0xff000000, mForceNotchStatusBar=false
11-03 19:04:51.076  1717  1895 D HwPhoneWindowManager: Transact:setSystemUIColor to status bar service
11-03 19:04:51.076  1717  3403 I HwDisplayContentEx: currentFocus windowstate not null
11-03 19:04:51.076  1717  3403 D ZrHung.AppEyeFocusWindow: FocusWindowErrorScene cancelCheckFreezeScreen
11-03 19:04:51.076  1717  3403 I HwDisplayContentEx: trans currentFocus windowstate not null
11-03 19:04:51.076  1717  3403 D ZrHung.AppEyeTransparentWindow: TransparentWindow mHungConfigStatus = 0,mHungConfigEnable = 1
11-03 19:04:51.076  2295 28414 I HwCommandQueue: updateBarBgColor
11-03 19:04:51.076  2295 28414 D HwCommandQueue: CommandQueue, setBarBackgroundColor
11-03 19:04:51.077  1717  1895 D StatusBarManagerService: win:Window{cef2ab2 u0 com.android.chrome/org.chromium.chrome.browser.customtabs.CustomTabActivity}mIsColorEnable:truelight:false
11-03 19:04:51.077  1717  1895 I StatusBarDisable: setFlags what=0 which=1 pkg=Window{cef2ab2 u0 com.android.chrome/org.chromium.chrome.browser.customtabs.CustomTabActivity}
11-03 19:04:51.078  2295 28414 D HwCommandQueue: CommandQueue, set Launcher StatusBar Color
11-03 19:04:51.079  1717  1950 W ZygoteProcess: Got error connecting to zygote, retrying. msg= Connection refused
11-03 19:04:51.081 18516 18516 E libc    : Access denied finding property "persist.device_config.runtime_native.use_app_image_startup_cache"
11-03 19:04:51.081 18516 18516 E d.chrome_zygot: LoadAppImageStartupCache enabled : 1
11-03 19:04:51.082   745  1131 I hisi_effect: SetEffectInfo:367: modules=20 dispPanelId=0
11-03 19:04:51.088  1717  1717 D HwConnectivityManagerImpl: getNetworkPolicyFlag flagStr null
11-03 19:04:51.093 18434 18461 D mali_winsys: EGLint new_window_surface(egl_winsys_display *, void *, EGLSurface, EGLConfig, egl_winsys_surface **, EGLBoolean) returns 0x3000
11-03 19:04:51.093   745   745 E hisi_effect: getSupported:278: Unsupported display effect feature!!
11-03 19:04:51.097   501   501 I hwservicemanager: getTransport: Cannot find entry android.hardware.graphics.mapper@3.0::IMapper/default in either framework or device manifest.
11-03 19:04:51.097 18434 18461 W Gralloc3: mapper 3.x is not supported
11-03 19:04:51.098   745  1131 I hisi_effect: SetEffectInfo:367: modules=20 dispPanelId=0
11-03 19:04:51.103  1717  2740 V ActivityManager: Successfully start provider ContentProviderRecord{75b0218 u0 com.google.android.gms/.auth.account.be.legacy.AccountContentProvider} launchingApp=null caller pid= 18434
11-03 19:04:51.109 18434 18434 I HwViewRootImpl: removeInvalidNode jank list is null
11-03 19:04:51.109   745   745 E hisi_effect: getSupported:278: Unsupported display effect feature!!
11-03 19:04:51.111  1717  1898 I WindowManager: Checking 1 opening apps (frozen=false timeout=false)...
11-03 19:04:51.111  1717  1898 I WindowManager: Check opening app=AppWindowToken{302984 token=Token{df83397 ActivityRecord{de9e16 u0 com.android.chrome/org.chromium.chrome.browser.customtabs.CustomTabActivity t698}}}: allDrawn=true startingDisplayed=false startingMoved=false isRelaunching()=false startingWindow=null
11-03 19:04:51.111  1717  1898 I WindowManager: Checking 0 opening apps (frozen=false timeout=false)...
11-03 19:04:51.111  1717  1898 I WindowManager: send SET_LAUNCHER_VISIBLE_IN_FINGER_BOOST visible: true,delay:0, handle:true, userId:0, callingPid: 1717
11-03 19:04:51.111  1717  1898 D WindowManager: setActivityVisibleInFingerBoostInner fit:true record:ActivityRecord{57f1789 u0 com.huawei.android.launcher/.unihome.UniHomeLauncher t1} isInWallpaperEffect:false, callingPid: 1717
11-03 19:04:51.111  1717  1898 I HwWindowManagerServiceEx: closing apps count = 3
11-03 19:04:51.112  1717  1898 D HwWindowManagerServiceEx: is app exit to launcher info: transit = 6, app = AppWindowToken{7685fde token=Token{4144319 ActivityRecord{6f80663 u0 com.eventmarketplace.app/com.google.firebase.auth.internal.GenericIdpActivity t698}}}, window = Window{11ddedb u0 com.eventmarketplace.app/com.google.firebase.auth.internal.GenericIdpActivity}, mClosingApps = {AppWindowToken{7685fde token=Token{4144319 ActivityRecord{6f80663 u0 com.eventmarketplace.app/com.google.firebase.auth.internal.GenericIdpActivity t698}}}, AppWindowToken{8695fe9 token=Token{6766070 ActivityRecord{bea8822 u0 com.eventmarketplace.app/.MainActivity t697}}}, AppWindowToken{b4298bc token=Token{7ce7caf ActivityRecord{9da7c8e u0 com.android.chrome/com.google.android.apps.chrome.IntentDispatcher t698}}}}, topOpeningApp = AppWindowToken{302984 token=Token{df83397 ActivityRecord{de9e16 u0 com.android.chrome/org.chromium.chrome.browser.customtabs.CustomTabActivity t698}}}, mExitIconBitmap = null, mExitIconHeight = -1, mExitIconWidth = -1
11-03 19:04:51.112  1717  1898 E WindowManager: icon is null!!
11-03 19:04:51.114  1717  1898 V WindowManager: commitVisibility: AppWindowToken{7685fde token=Token{4144319 ActivityRecord{6f80663 u0 com.eventmarketplace.app/com.google.firebase.auth.internal.GenericIdpActivity t698}}}: hidden=true hiddenRequested=true
11-03 19:04:51.114  1717  1898 D HwWindowManagerServiceEx: is app exit to launcher info: transit = 6, app = AppWindowToken{8695fe9 token=Token{6766070 ActivityRecord{bea8822 u0 com.eventmarketplace.app/.MainActivity t697}}}, window = Window{418bf82 u0 com.eventmarketplace.app/com.eventmarketplace.app.MainActivity}, mClosingApps = {AppWindowToken{7685fde token=Token{4144319 ActivityRecord{6f80663 u0 com.eventmarketplace.app/com.google.firebase.auth.internal.GenericIdpActivity t698}}}, AppWindowToken{8695fe9 token=Token{6766070 ActivityRecord{bea8822 u0 com.eventmarketplace.app/.MainActivity t697}}}, AppWindowToken{b4298bc token=Token{7ce7caf ActivityRecord{9da7c8e u0 com.android.chrome/com.google.android.apps.chrome.IntentDispatcher t698}}}}, topOpeningApp = AppWindowToken{302984 token=Token{df83397 ActivityRecord{de9e16 u0 com.android.chrome/org.chromium.chrome.browser.customtabs.CustomTabActivity t698}}}, mExitIconBitmap = null, mExitIconHeight = -1, mExitIconWidth = -1
11-03 19:04:51.114  1717  1898 E WindowManager: icon is null!!
11-03 19:04:51.115  1717  1898 V WindowManager: commitVisibility: AppWindowToken{8695fe9 token=Token{6766070 ActivityRecord{bea8822 u0 com.eventmarketplace.app/.MainActivity t697}}}: hidden=true hiddenRequested=true
11-03 19:04:51.115  1717  1898 I WindowManager: Animation done in AppWindowToken{b4298bc token=Token{7ce7caf ActivityRecord{9da7c8e u0 com.android.chrome/com.google.android.apps.chrome.IntentDispatcher t698}}} isHidden:true hiddenRequested:true
11-03 19:04:51.115   745  1131 I hisi_effect: SetEffectInfo:367: modules=20 dispPanelId=0
11-03 19:04:51.115  1717  1898 V ActivityTaskManager: Stopping ActivityRecord{9da7c8e u0 com.android.chrome/com.google.android.apps.chrome.IntentDispatcher t698 f}: nowVisible=false animating=true finishing=true
11-03 19:04:51.115  1717  1898 V ActivityTaskManager: Stopping ActivityRecord{bea8822 u0 com.eventmarketplace.app/.MainActivity t697}: nowVisible=false animating=true finishing=false
11-03 19:04:51.115  1717  1898 V ActivityTaskManager: Stopping ActivityRecord{6f80663 u0 com.eventmarketplace.app/com.google.firebase.auth.internal.GenericIdpActivity t698}: nowVisible=false animating=true finishing=false
11-03 19:04:51.116  1717  1898 D HwWindowManagerServiceEx: is app exit to launcher info: transit = 6, app = AppWindowToken{302984 token=Token{df83397 ActivityRecord{de9e16 u0 com.android.chrome/org.chromium.chrome.browser.customtabs.CustomTabActivity t698}}}, window = Window{cef2ab2 u0 com.android.chrome/org.chromium.chrome.browser.customtabs.CustomTabActivity}, mClosingApps = {AppWindowToken{7685fde token=Token{4144319 ActivityRecord{6f80663 u0 com.eventmarketplace.app/com.google.firebase.auth.internal.GenericIdpActivity t698}}}, AppWindowToken{8695fe9 token=Token{6766070 ActivityRecord{bea8822 u0 com.eventmarketplace.app/.MainActivity t697}}}, AppWindowToken{b4298bc token=Token{7ce7caf ActivityRecord{9da7c8e u0 com.android.chrome/com.google.android.apps.chrome.IntentDispatcher t698}}}}, topOpeningApp = AppWindowToken{302984 token=Token{df83397 ActivityRecord{de9e16 u0 com.android.chrome/org.chromium.chrome.browser.customtabs.CustomTabActivity t698}}}, mExitIconBitmap = null, mExitIconHeight = -1, mExitIconWidth = -1
11-03 19:04:51.116  1717  1898 E WindowManager: icon is null!!
11-03 19:04:51.117  1717  1898 V WindowManager: commitVisibility: AppWindowToken{302984 token=Token{df83397 ActivityRecord{de9e16 u0 com.android.chrome/org.chromium.chrome.browser.customtabs.CustomTabActivity t698}}}: hidden=false hiddenRequested=false
11-03 19:04:51.122 17988 18010 D ZrHung.AppEyeUiProbe: not watching, wait.
11-03 19:04:51.123  1717  2082 W Process : Unable to open /proc/-1/status
11-03 19:04:51.123  1717  1898 I WindowManager: dispatchResized : win = Window{cef2ab2 u0 com.android.chrome/org.chromium.chrome.browser.customtabs.CustomTabActivity} drawState = HAS_DRAWN
11-03 19:04:51.123  1717  2082 D HwActivityManagerServiceEx: notifyAppToTop pid:17988, enable:0
11-03 19:04:51.124 17988 17988 I RmeSchedManager: init Rme, version is: v1.0
11-03 19:04:51.125  1717  1895 D StatusBarManagerService: win:Window{cef2ab2 u0 com.android.chrome/org.chromium.chrome.browser.customtabs.CustomTabActivity}mIsColorEnable:truelight:false
11-03 19:04:51.125  1717  1895 I StatusBarDisable: setFlags what=0 which=1 pkg=Window{cef2ab2 u0 com.android.chrome/org.chromium.chrome.browser.customtabs.CustomTabActivity}
11-03 19:04:51.125  2295 27101 D HwCommandQueue: CommandQueue, set Launcher StatusBar Color
11-03 19:04:51.125  2295  2295 D BarTransitions.HwPhoneStatusBarView: MODE_OPAQUE -> MODE_TRANSPARENT animate=false
11-03 19:04:51.125  2295  2295 D BarTransitions.HwPhoneStatusBarView: applyModeBackground oldMode=MODE_OPAQUE newMode=MODE_TRANSPARENT animate=false
11-03 19:04:51.126  2295  2295 D BarTransitions.HwNavigationBarView: MODE_OPAQUE -> MODE_TRANSPARENT animate=false
11-03 19:04:51.126  2295  2295 D BarTransitions.HwNavigationBarView: applyModeBackground oldMode=MODE_OPAQUE newMode=MODE_TRANSPARENT animate=false
11-03 19:04:51.126   745   745 E hisi_effect: getSupported:278: Unsupported display effect feature!!
11-03 19:04:51.127  1717  1897 I WindowManager: handle SET_LAUNCHER_VISIBLE_IN_FINGER_BOOST visible:true handle:falseuserId:0, currentUserId:0
11-03 19:04:51.128  1717  1897 D WindowManager: setLauncherVisibleInFingerBoost record=ActivityRecord{57f1789 u0 com.huawei.android.launcher/.unihome.UniHomeLauncher t1}
11-03 19:04:51.128  1717  1897 I WindowManager: setLauncherVisible setAlpha to 1.0
11-03 19:04:51.130  1717  1946 I ActivityTaskManager: Displayed com.android.chrome/org.chromium.chrome.browser.customtabs.CustomTabActivity: +262ms
11-03 19:04:51.130  1717  1897 I HwWindowManagerServiceEx: com.eventmarketplace.app/com.eventmarketplace.app.MainActivity blur level: -1
11-03 19:04:51.130  1717  1897 I HwWindowManagerServiceEx: com.eventmarketplace.app blur level: -1
11-03 19:04:51.130  1717  1897 I HwWindowManagerServiceEx: getBlurLevel: 0
11-03 19:04:51.132   745  1131 I hisi_effect: SetEffectInfo:367: modules=20 dispPanelId=0
11-03 19:04:51.133  1717  1950 I AppZygote: Starting application preload.
11-03 19:04:51.138 18516 18516 I AppZygoteInit: Beginning application preload for com.android.chrome
11-03 19:04:51.139 18516 18516 I LoadedApk: makePaths: outLibPaths=[/system/product/app/Chrome/lib/arm, /system/product/app/Chrome/Chrome.apk!/lib/armeabi-v7a, /system/product/app/TrichromeLibrary/TrichromeLibrary.apk!/lib/armeabi-v7a, /system/lib]
11-03 19:04:51.139 18516 18516 D ApplicationLoaders: createClassLoader zip: /system/product/app/TrichromeLibrary/TrichromeLibrary.apk librarySearchPath: /system/product/app/Chrome/lib/arm:/system/product/app/Chrome/Chrome.apk!/lib/armeabi-v7a:/system/product/app/TrichromeLibrary/TrichromeLibrary.apk!/lib/armeabi-v7a:/system/lib libraryPermittedPath: :/system/product/app/Chrome:/system/lib parent: java.lang.BootClassLoader@d46cbfc targetSdkVersion: 29 isBundled: true classLoaderName: null sharedLibraries: null
11-03 19:04:51.142 18516 18516 D ApplicationLoaders: createClassLoader zip: /system/product/app/Chrome/Chrome.apk librarySearchPath: /system/product/app/Chrome/lib/arm:/system/product/app/Chrome/Chrome.apk!/lib/armeabi-v7a:/system/product/app/TrichromeLibrary/TrichromeLibrary.apk!/lib/armeabi-v7a:/system/lib libraryPermittedPath: :/system/product/app/Chrome:/system/lib parent: java.lang.BootClassLoader@d46cbfc targetSdkVersion: 29 isBundled: true classLoaderName: null sharedLibraries: [dalvik.system.PathClassLoader[DexPathList[[zip file "/system/product/app/TrichromeLibrary/TrichromeLibrary.apk"],nativeLibraryDirectories=[/system/product/app/Chrome/lib/arm, /system/product/app/Chrome/Chrome.apk!/lib/armeabi-v7a, /system/product/app/TrichromeLibrary/TrichromeLibrary.apk!/lib/armeabi-v7a, /system/lib, /system/lib]]]]
11-03 19:04:51.143   745   745 E hisi_effect: getSupported:278: Unsupported display effect feature!!
11-03 19:04:51.144  1717  1897 W DisplayEventDispatcher: dispatcher 0x7d710b8600 ~ ignoring unknown event type 0x736f6674
11-03 19:04:51.144  1717  2114 W DisplayEventDispatcher: dispatcher 0x7d710b9fe0 ~ ignoring unknown event type 0x736f6674
11-03 19:04:51.144  1717  1898 W DisplayEventDispatcher: dispatcher 0x7cdbe81b20 ~ ignoring unknown event type 0x736f6674
11-03 19:04:51.144  1717  1895 W DisplayEventDispatcher: dispatcher 0x7d710bae80 ~ ignoring unknown event type 0x736f6674
11-03 19:04:51.144  1717  1968 W DisplayEventDispatcher: dispatcher 0x7cecf80800 ~ ignoring unknown event type 0x736f6674
11-03 19:04:51.144  2295  2295 W DisplayEventDispatcher: dispatcher 0x7d7df68a80 ~ ignoring unknown event type 0x736f6674
11-03 19:04:51.144  7239  7239 W DisplayEventDispatcher: dispatcher 0x7d7df686c0 ~ ignoring unknown event type 0x736f6674
11-03 19:04:51.144  2663  8197 W DisplayEventDispatcher: dispatcher 0x7d7df68660 ~ ignoring unknown event type 0x736f6674
11-03 19:04:51.144  6770  6770 W DisplayEventDispatcher: dispatcher 0x7d7df68840 ~ ignoring unknown event type 0x736f6674
11-03 19:04:51.144  2404  2404 W DisplayEventDispatcher: dispatcher 0x7d7df697a0 ~ ignoring unknown event type 0x736f6674
11-03 19:04:51.144  2680  2680 W DisplayEventDispatcher: dispatcher 0x7d7df6b9c0 ~ ignoring unknown event type 0x736f6674
11-03 19:04:51.145  1717  1961 W DisplayEventDispatcher: dispatcher 0x7d710ba340 ~ ignoring unknown event type 0x736f6674
11-03 19:04:51.145 27583 27583 W DisplayEventDispatcher: dispatcher 0x7d66661fc0 ~ ignoring unknown event type 0x736f6674
11-03 19:04:51.145 17988 17988 W DisplayEventDispatcher: dispatcher 0x7d7df68780 ~ ignoring unknown event type 0x736f6674
11-03 19:04:51.145 27613 27613 W DisplayEventDispatcher: dispatcher 0x7d7df684e0 ~ ignoring unknown event type 0x736f6674
11-03 19:04:51.145 17988 17988 W DisplayEventDispatcher: dispatcher 0x7cdbceb7a0 ~ ignoring unknown event type 0x736f6674
11-03 19:04:51.145 29146 29146 W DisplayEventDispatcher: dispatcher 0x7d7df68d20 ~ ignoring unknown event type 0x736f6674
11-03 19:04:51.145  1717  1897 W DisplayEventDispatcher: dispatcher 0x7d710b8660 ~ ignoring unknown event type 0x736f6674
11-03 19:04:51.145 31907 31907 W DisplayEventDispatcher: dispatcher 0x7d7df69080 ~ ignoring unknown event type 0x736f6674
11-03 19:04:51.149   745  1131 I hisi_effect: SetEffectInfo:367: modules=20 dispPanelId=0
11-03 19:04:51.156 18434 18434 E cr_ResourceBundle: Error while loading asset assets/stored-locales/en-US.pak: java.io.FileNotFoundException: assets/stored-locales/en-US.pak
11-03 19:04:51.156 18434 18434 E cr_ResourceBundle: java.io.FileNotFoundException: assets/stored-locales/en-US.pak
11-03 19:04:51.156 18434 18434 E cr_ResourceBundle: 	at android.content.res.AssetManager.nativeOpenNonAssetFd(Native Method)
11-03 19:04:51.156 18434 18434 E cr_ResourceBundle: 	at android.content.res.AssetManager.openNonAssetFd(AssetManager.java:1099)
11-03 19:04:51.156 18434 18434 E cr_ResourceBundle: 	at android.content.res.AssetManager.openNonAssetFd(AssetManager.java:1080)
11-03 19:04:51.156 18434 18434 E cr_ResourceBundle: 	at org.chromium.ui.base.ResourceBundle.getLocalePakResourcePath(PG:10)
11-03 19:04:51.156 18434 18434 E cr_ResourceBundle: 	at J.N.M1Y_XVCN(Native Method)
11-03 19:04:51.156 18434 18434 E cr_ResourceBundle: 	at org.chromium.content.browser.BrowserStartupControllerImpl.d(PG:2)
11-03 19:04:51.156 18434 18434 E cr_ResourceBundle: 	at vd2.run(PG:6)
11-03 19:04:51.156 18434 18434 E cr_ResourceBundle: 	at yd2.run(PG:8)
11-03 19:04:51.156 18434 18434 E cr_ResourceBundle: 	at p90.g(PG:11)
11-03 19:04:51.156 18434 18434 E cr_ResourceBundle: 	at o90.run(Unknown Source:2)
11-03 19:04:51.156 18434 18434 E cr_ResourceBundle: 	at android.os.Handler.handleCallback(Handler.java:900)
11-03 19:04:51.156 18434 18434 E cr_ResourceBundle: 	at android.os.Handler.dispatchMessage(Handler.java:103)
11-03 19:04:51.156 18434 18434 E cr_ResourceBundle: 	at android.os.Looper.loop(Looper.java:219)
11-03 19:04:51.156 18434 18434 E cr_ResourceBundle: 	at android.app.ActivityThread.main(ActivityThread.java:8676)
11-03 19:04:51.156 18434 18434 E cr_ResourceBundle: 	at java.lang.reflect.Method.invoke(Native Method)
11-03 19:04:51.156 18434 18434 E cr_ResourceBundle: 	at com.android.internal.os.RuntimeInit$MethodAndArgsCaller.run(RuntimeInit.java:513)
11-03 19:04:51.156 18434 18434 E cr_ResourceBundle: 	at com.android.internal.os.ZygoteInit.main(ZygoteInit.java:1109)
11-03 19:04:51.160   745   745 E hisi_effect: getSupported:278: Unsupported display effect feature!!
11-03 19:04:51.166   745  1131 I hisi_effect: SetEffectInfo:367: modules=20 dispPanelId=0
11-03 19:04:51.174   681 28591 I netd    : trafficSwapActiveStatsMap() <27.38ms>
11-03 19:04:51.175  1717  2042 D HwConnectivityServiceEx: set 10176 rmnet0 value false
11-03 19:04:51.177   745   745 E hisi_effect: getSupported:278: Unsupported display effect feature!!
11-03 19:04:51.186   745  1131 I hisi_effect: SetEffectInfo:367: modules=20 dispPanelId=0
11-03 19:04:51.186  1717  4398 V ActivityManager: startProcess: name=com.android.chrome:privileged_process0 app=null knownToBeDead=true thread=null pid=-1 preloadStatus=-1
11-03 19:04:51.193   745   745 E hisi_effect: getSupported:278: Unsupported display effect feature!!
11-03 19:04:51.194   681 28591 I netd    : trafficSwapActiveStatsMap() <14.87ms>
11-03 19:04:51.210   745   745 E hisi_effect: getSupported:278: Unsupported display effect feature!!
11-03 19:04:51.210 18434 18549 V AudioManager: isWiredHeadsetOn...
11-03 19:04:51.216   745  1131 I hisi_effect: SetEffectInfo:367: modules=20 dispPanelId=0
11-03 19:04:51.220 18434 18434 D HwCustConnectivityManagerImpl: isBlockNetworkRequestByNonAis, INVALID_SUBSCRIPTION_ID
11-03 19:04:51.220 18434 18434 I ConnectivityManager: requestNetwork and the calling app is: com.android.chrome
11-03 19:04:51.220  1717  3403 I ConnectivityService: requestNetwork for uid/pid:10176/18434 NetworkRequest [ TRACK_DEFAULT id=8902, [ Capabilities: INTERNET&NOT_RESTRICTED&TRUSTED Uid: 10176 DNN:  SSCMODE: 0 SNSSAI:  PduSessionType: 0 RouteBitmap: 0] ]
11-03 19:04:51.221  1717  2158 I ConnectivityService: rematching NetworkAgentInfo [MOBILE (LTE) - 126]
11-03 19:04:51.221  1717  2158 I ConnectivityService: CS = 0, NS = 50
11-03 19:04:51.221  1717  2158 I ConnectivityService: rematch for NetworkAgentInfo [MOBILE (LTE) - 126]
11-03 19:04:51.221 18434 18434 D HwCustConnectivityManagerImpl: isBlockNetworkRequestByNonAis, INVALID_SUBSCRIPTION_ID
11-03 19:04:51.221  2606  3045 D DollieNetworkFactory: got request NetworkRequest [ TRACK_DEFAULT id=8902, [ Capabilities: INTERNET&NOT_RESTRICTED&TRUSTED Uid: 10176 DNN:  SSCMODE: 0 SNSSAI:  PduSessionType: 0 RouteBitmap: 0] ] with score 50 and serial 4
11-03 19:04:51.221  1717  3403 I ConnectivityService: listenForNetwork for uid/pid:10176/18434 NetworkRequest [ LISTEN id=8903, [ Capabilities: INTERNET&NOT_RESTRICTED&TRUSTED&FOREGROUND Uid: 10176 DNN:  SSCMODE: 0 SNSSAI:  PduSessionType: 0 RouteBitmap: 0] ]
11-03 19:04:51.222  1717  2227 D Ethernet: got request NetworkRequest [ TRACK_DEFAULT id=8902, [ Capabilities: INTERNET&NOT_RESTRICTED&TRUSTED Uid: 10176 DNN:  SSCMODE: 0 SNSSAI:  PduSessionType: 0 RouteBitmap: 0] ] with score 50 and serial 4
11-03 19:04:51.222  2663  2663 D PhoneSwitcherNetworkRequstListener: got request NetworkRequest [ TRACK_DEFAULT id=8902, [ Capabilities: INTERNET&NOT_RESTRICTED&TRUSTED Uid: 10176 DNN:  SSCMODE: 0 SNSSAI:  PduSessionType: 0 RouteBitmap: 0] ] with score 50 and serial 4
11-03 19:04:51.222  1717  2158 I ConnectivityService: NetworkAgentInfo [MOBILE (LTE) - 126] NC all is: 9 8574 8767 8898 3117 21 8894 62 8763 32 8 8573 3116 8895 4 8764 1 8783 8892 12 8769 8776 10 8135 14 26 29 65 8784 
11-03 19:04:51.222  1717  2143 D WifiNetworkFactory: got request NetworkRequest [ TRACK_DEFAULT id=8902, [ Capabilities: INTERNET&NOT_RESTRICTED&TRUSTED Uid: 10176 DNN:  SSCMODE: 0 SNSSAI:  PduSessionType: 0 RouteBitmap: 0] ] with score 50 and serial 4
11-03 19:04:51.222  1717  2143 D UntrustedWifiNetworkFactory: got request NetworkRequest [ TRACK_DEFAULT id=8902, [ Capabilities: INTERNET&NOT_RESTRICTED&TRUSTED Uid: 10176 DNN:  SSCMODE: 0 SNSSAI:  PduSessionType: 0 RouteBitmap: 0] ] with score 50 and serial 4
11-03 19:04:51.222  2663  2663 D PhoneSwitcherNetworkRequstListener: got request NetworkRequest [ TRACK_DEFAULT id=8902, [ Capabilities: INTERNET&NOT_RESTRICTED&TRUSTED Uid: 10176 DNN:  SSCMODE: 0 SNSSAI:  PduSessionType: 0 RouteBitmap: 0] ] with score 50 and serial 4
11-03 19:04:51.222  2663  2663 D VoWifiFactory: got request NetworkRequest [ TRACK_DEFAULT id=8902, [ Capabilities: INTERNET&NOT_RESTRICTED&TRUSTED Uid: 10176 DNN:  SSCMODE: 0 SNSSAI:  PduSessionType: 0 RouteBitmap: 0] ] with score 50 and serial 4
11-03 19:04:51.222  1717  2158 I ConnectivityService: rematching NetworkAgentInfo [MOBILE (LTE) - 126]
11-03 19:04:51.222  1717  2158 I ConnectivityService: NetworkAgentInfo [MOBILE (LTE) - 126] NC all is: 9 8574 8767 8898 3117 21 8902 8894 62 8763 32 8 8573 3116 8895 4 8764 1 8783 8892 12 8769 8776 10 8135 14 26 29 65 8784 
11-03 19:04:51.223 18434 18434 W cr_KnoxSettingsProvider: Permission to read device policy denied.
11-03 19:04:51.225 18434 18434 E cr_CompositorSurfaceMgr: Transitioning to surface with format : -1
11-03 19:04:51.227   745   745 E hisi_effect: getSupported:278: Unsupported display effect feature!!
11-03 19:04:51.227 18434 18434 D RenderService: RCS is disable
11-03 19:04:51.228 18434 18434 E cr_CompositorSurfaceMgr: surfaceCreated format : 0
11-03 19:04:51.229 18434 18434 I cr_ContextualSearch: Tap suppression enabled: false
11-03 19:04:51.233   745  1131 I hisi_effect: SetEffectInfo:367: modules=20 dispPanelId=0
11-03 19:04:51.241   762 11199 D AudioPolicyService: getUidState(90000) !cacheIter->second.first, return PROCESS_STATE_UNKNOWN
11-03 19:04:51.241   762 11199 D AudioPolicyService: getUidState(90000) !cacheIter->second.first, return PROCESS_STATE_UNKNOWN
11-03 19:04:51.244   745   745 E hisi_effect: getSupported:278: Unsupported display effect feature!!
11-03 19:04:51.248 18434 18546 I cr_VrCoreVersionChecker: Unable to find VrCore.
11-03 19:04:51.250   745  1131 I hisi_effect: SetEffectInfo:367: modules=20 dispPanelId=0
11-03 19:04:51.253 18434 18434 D HwCustConnectivityManagerImpl: isBlockNetworkRequestByNonAis, INVALID_SUBSCRIPTION_ID
11-03 19:04:51.253 18434 18434 I ConnectivityManager: requestNetwork and the calling app is: com.android.chrome
11-03 19:04:51.253  1717  3403 I ConnectivityService: requestNetwork for uid/pid:10176/18434 NetworkRequest [ TRACK_DEFAULT id=8904, [ Capabilities: INTERNET&NOT_RESTRICTED&TRUSTED Uid: 10176 DNN:  SSCMODE: 0 SNSSAI:  PduSessionType: 0 RouteBitmap: 0] ]
11-03 19:04:51.254  1717  2158 I ConnectivityService: rematching NetworkAgentInfo [MOBILE (LTE) - 126]
11-03 19:04:51.254 18434 18434 D HwCustConnectivityManagerImpl: isBlockNetworkRequestByNonAis, INVALID_SUBSCRIPTION_ID
11-03 19:04:51.254  1717  2158 I ConnectivityService: CS = 0, NS = 50
11-03 19:04:51.254  1717  2158 I ConnectivityService: rematch for NetworkAgentInfo [MOBILE (LTE) - 126]
11-03 19:04:51.254  1717  4398 I ConnectivityService: listenForNetwork for uid/pid:10176/18434 NetworkRequest [ LISTEN id=8905, [ Capabilities: INTERNET&NOT_RESTRICTED&TRUSTED&FOREGROUND Uid: 10176 DNN:  SSCMODE: 0 SNSSAI:  PduSessionType: 0 RouteBitmap: 0] ]
11-03 19:04:51.255  1717  2158 I ConnectivityService: NetworkAgentInfo [MOBILE (LTE) - 126] NC all is: 9 8574 8767 8898 3117 21 8902 8894 62 8763 32 8 8573 3116 8895 4 8764 1 8783 8892 12 8769 8776 10 8135 14 26 29 65 8784 
11-03 19:04:51.255  2606  3045 D DollieNetworkFactory: got request NetworkRequest [ TRACK_DEFAULT id=8904, [ Capabilities: INTERNET&NOT_RESTRICTED&TRUSTED Uid: 10176 DNN:  SSCMODE: 0 SNSSAI:  PduSessionType: 0 RouteBitmap: 0] ] with score 50 and serial 4
11-03 19:04:51.255  1717  2227 D Ethernet: got request NetworkRequest [ TRACK_DEFAULT id=8904, [ Capabilities: INTERNET&NOT_RESTRICTED&TRUSTED Uid: 10176 DNN:  SSCMODE: 0 SNSSAI:  PduSessionType: 0 RouteBitmap: 0] ] with score 50 and serial 4
11-03 19:04:51.255  1717  2143 D WifiNetworkFactory: got request NetworkRequest [ TRACK_DEFAULT id=8904, [ Capabilities: INTERNET&NOT_RESTRICTED&TRUSTED Uid: 10176 DNN:  SSCMODE: 0 SNSSAI:  PduSessionType: 0 RouteBitmap: 0] ] with score 50 and serial 4
11-03 19:04:51.255  2663  2663 D PhoneSwitcherNetworkRequstListener: got request NetworkRequest [ TRACK_DEFAULT id=8904, [ Capabilities: INTERNET&NOT_RESTRICTED&TRUSTED Uid: 10176 DNN:  SSCMODE: 0 SNSSAI:  PduSessionType: 0 RouteBitmap: 0] ] with score 50 and serial 4
11-03 19:04:51.255  1717  2143 D UntrustedWifiNetworkFactory: got request NetworkRequest [ TRACK_DEFAULT id=8904, [ Capabilities: INTERNET&NOT_RESTRICTED&TRUSTED Uid: 10176 DNN:  SSCMODE: 0 SNSSAI:  PduSessionType: 0 RouteBitmap: 0] ] with score 50 and serial 4
11-03 19:04:51.255  2663  2663 D VoWifiFactory: got request NetworkRequest [ TRACK_DEFAULT id=8904, [ Capabilities: INTERNET&NOT_RESTRICTED&TRUSTED Uid: 10176 DNN:  SSCMODE: 0 SNSSAI:  PduSessionType: 0 RouteBitmap: 0] ] with score 50 and serial 4
11-03 19:04:51.255  2663  2663 D PhoneSwitcherNetworkRequstListener: got request NetworkRequest [ TRACK_DEFAULT id=8904, [ Capabilities: INTERNET&NOT_RESTRICTED&TRUSTED Uid: 10176 DNN:  SSCMODE: 0 SNSSAI:  PduSessionType: 0 RouteBitmap: 0] ] with score 50 and serial 4
11-03 19:04:51.255  1717  2158 I ConnectivityService: rematching NetworkAgentInfo [MOBILE (LTE) - 126]
11-03 19:04:51.255  1717  2158 I ConnectivityService: NetworkAgentInfo [MOBILE (LTE) - 126] NC all is: 9 8574 8767 8898 3117 21 8902 8894 62 8763 32 8 8573 3116 8895 4 8764 8904 1 8783 8892 12 8769 8776 10 8135 14 26 29 65 8784 
11-03 19:04:51.261   745   745 E hisi_effect: getSupported:278: Unsupported display effect feature!!
11-03 19:04:51.265 18434 18434 W DisplayEventDispatcher: dispatcher 0xcd4759c0 ~ ignoring unknown event type 0x736f6674
11-03 19:04:51.267  1717 13463 D StubTelephonyRegistry: uid:10176 pid:18434 PhoneStateListener.LISTEN_CELL_LOCATION:16 events:256
11-03 19:04:51.267   745  1131 I hisi_effect: SetEffectInfo:367: modules=20 dispPanelId=0
11-03 19:04:51.268 18434 18434 I DecorView[]: pkgName:com.android.chrome old windowMode:1 new windoMode:1, isFixedSize:false
11-03 19:04:51.272  2663  2737 E Telephony-accessory: [HwPhoneAccessoryService]:Failed to get instance of HwPhoneAccessoryService, not init yet.
11-03 19:04:51.274  1717 13463 I ClipboardService: callingPackage:com.android.chrome, uid =10176, isFocusedWindow =true
11-03 19:04:51.274 18434 18434 D DecorView: showOrHideHighlightView: hasFocus=true; winMode=1; isMrgNull=true
11-03 19:04:51.274 18434 18434 W InputMethodManager: startInputReason = 1
11-03 19:04:51.275 18434 18434 W HwRemoteInputMethodManager: isCasting false because IHwDistributedWindowManager is invalid.
11-03 19:04:51.276  7239  7239 D InputEventReceiver: dispatchInputInterval 1000000
11-03 19:04:51.277 18434 18434 D HwCustConnectivityManagerImpl: isBlockNetworkRequestByNonAis, INVALID_SUBSCRIPTION_ID
11-03 19:04:51.277 18434 18434 I ConnectivityManager: requestNetwork and the calling app is: com.android.chrome
11-03 19:04:51.277   745   745 E hisi_effect: getSupported:278: Unsupported display effect feature!!
11-03 19:04:51.278  1717  3403 I ConnectivityService: requestNetwork for uid/pid:10176/18434 NetworkRequest [ TRACK_DEFAULT id=8906, [ Capabilities: INTERNET&NOT_RESTRICTED&TRUSTED Uid: 10176 DNN:  SSCMODE: 0 SNSSAI:  PduSessionType: 0 RouteBitmap: 0] ]
11-03 19:04:51.278  1717  2158 I ConnectivityService: rematching NetworkAgentInfo [MOBILE (LTE) - 126]
11-03 19:04:51.278  1717  2158 I ConnectivityService: CS = 0, NS = 50
11-03 19:04:51.278  1717  2158 I ConnectivityService: rematch for NetworkAgentInfo [MOBILE (LTE) - 126]
11-03 19:04:51.278 18434 18434 D HwCustConnectivityManagerImpl: isBlockNetworkRequestByNonAis, INVALID_SUBSCRIPTION_ID
11-03 19:04:51.279  2663  2663 D PhoneSwitcherNetworkRequstListener: got request NetworkRequest [ TRACK_DEFAULT id=8906, [ Capabilities: INTERNET&NOT_RESTRICTED&TRUSTED Uid: 10176 DNN:  SSCMODE: 0 SNSSAI:  PduSessionType: 0 RouteBitmap: 0] ] with score 50 and serial 4
11-03 19:04:51.279  2663  2663 D VoWifiFactory: got request NetworkRequest [ TRACK_DEFAULT id=8906, [ Capabilities: INTERNET&NOT_RESTRICTED&TRUSTED Uid: 10176 DNN:  SSCMODE: 0 SNSSAI:  PduSessionType: 0 RouteBitmap: 0] ] with score 50 and serial 4
11-03 19:04:51.279  2606  3045 D DollieNetworkFactory: got request NetworkRequest [ TRACK_DEFAULT id=8906, [ Capabilities: INTERNET&NOT_RESTRICTED&TRUSTED Uid: 10176 DNN:  SSCMODE: 0 SNSSAI:  PduSessionType: 0 RouteBitmap: 0] ] with score 50 and serial 4
11-03 19:04:51.279  1717  2227 D Ethernet: got request NetworkRequest [ TRACK_DEFAULT id=8906, [ Capabilities: INTERNET&NOT_RESTRICTED&TRUSTED Uid: 10176 DNN:  SSCMODE: 0 SNSSAI:  PduSessionType: 0 RouteBitmap: 0] ] with score 50 and serial 4
11-03 19:04:51.279  1717  2042 I ConnectivityService: listenForNetwork for uid/pid:10176/18434 NetworkRequest [ LISTEN id=8907, [ Capabilities: INTERNET&NOT_RESTRICTED&TRUSTED&FOREGROUND Uid: 10176 DNN:  SSCMODE: 0 SNSSAI:  PduSessionType: 0 RouteBitmap: 0] ]
11-03 19:04:51.279  1717  2158 I ConnectivityService: NetworkAgentInfo [MOBILE (LTE) - 126] NC all is: 9 8574 8767 8898 3117 21 8902 8894 62 8763 32 8 8573 3116 8895 4 8764 8904 1 8783 8892 12 8769 8776 10 8135 14 26 29 65 8784 
11-03 19:04:51.279  1717  2143 D WifiNetworkFactory: got request NetworkRequest [ TRACK_DEFAULT id=8906, [ Capabilities: INTERNET&NOT_RESTRICTED&TRUSTED Uid: 10176 DNN:  SSCMODE: 0 SNSSAI:  PduSessionType: 0 RouteBitmap: 0] ] with score 50 and serial 4
11-03 19:04:51.279  1717  2143 D UntrustedWifiNetworkFactory: got request NetworkRequest [ TRACK_DEFAULT id=8906, [ Capabilities: INTERNET&NOT_RESTRICTED&TRUSTED Uid: 10176 DNN:  SSCMODE: 0 SNSSAI:  PduSessionType: 0 RouteBitmap: 0] ] with score 50 and serial 4
11-03 19:04:51.279  2663  2663 D PhoneSwitcherNetworkRequstListener: got request NetworkRequest [ TRACK_DEFAULT id=8906, [ Capabilities: INTERNET&NOT_RESTRICTED&TRUSTED Uid: 10176 DNN:  SSCMODE: 0 SNSSAI:  PduSessionType: 0 RouteBitmap: 0] ] with score 50 and serial 4
11-03 19:04:51.280  1717  2158 I ConnectivityService: rematching NetworkAgentInfo [MOBILE (LTE) - 126]
