11-03 19:04:48.234  1026 18396 D keymaster_worker: Keystore exportKey
11-03 19:04:48.234  1026 18396 D keymaster_worker: Keystore exportKey hidl
11-03 19:04:48.234   595   595 I HisiKeyMaster: hisiKmExportKey start
11-03 19:04:48.234   595   595 I HisiKeyMaster: Disable the enhanced crypto!
11-03 19:04:48.239   595   595 I HisiKeyMaster: hisiKmExportKey success
11-03 19:04:48.239  1026 18396 D keymaster_worker: Keystore exportKey hidl end
11-03 19:04:48.239  1026 18396 D keymaster_worker: Keystore exportKey end
11-03 19:04:48.241  1026 18397 D keymaster_worker: Keystore getKey
11-03 19:04:48.241  1026 18397 D keymaster_worker: Keystore getKey end
11-03 19:04:48.241  1026 18398 D keymaster_worker: Keystore begin
11-03 19:04:48.241  1026 18398 D keymaster_worker: Keystore begin hidl
11-03 19:04:48.241   595   595 I HisiKeyMaster: HisiKmBegin start
11-03 19:04:48.241   595   595 I HisiKeyMaster: Disable the enhanced crypto!
11-03 19:04:48.244   595   595 I HisiKeyMaster: out_params_buffer_len = 4096
11-03 19:04:48.244   595   595 I HisiKeyMaster: HisiKmBegin success
11-03 19:04:48.244  1026 18398 D keymaster_worker: Keystore begin hidl end
11-03 19:04:48.244  1026 18398 D keymaster_worker: Keystore begin end
11-03 19:04:48.244  1026 18399 D keymaster_worker: Keystore update
11-03 19:04:48.244  1026 18399 D keymaster_worker: Keystore update hidl
11-03 19:04:48.245   595   595 I HisiKeyMaster: HisiKmUpdate start
11-03 19:04:48.245   595   595 I HisiKeyMaster: Disable the enhanced crypto!
11-03 19:04:48.246   595   595 I HisiKeyMaster: HisiKmUpdate success
11-03 19:04:48.247  1026 18399 D keymaster_worker: Keystore update hidl end
11-03 19:04:48.247  1026 18399 D keymaster_worker: Keystore update end
11-03 19:04:48.247  1026 18400 D keymaster_worker: Keystore finish
11-03 19:04:48.247  1026 18400 D keymaster_worker: Keystore finish hidl
11-03 19:04:48.247   595   595 I HisiKeyMaster: HisiKmFinish start
11-03 19:04:48.247   595   595 I HisiKeyMaster: Disable the enhanced crypto!
11-03 19:04:48.253  2404  2404 D HWUCD_TextureGLSurfaceView: onSensorChanged current x : 0.290200, y : -0.006200
11-03 19:04:48.260   595   595 I HisiKeyMaster: output data size=16
11-03 19:04:48.260   595   595 I HisiKeyMaster: HisiKmFinish success
11-03 19:04:48.260  1026 18400 D keymaster_worker: Keystore finish hidl end
11-03 19:04:48.260  1026 18400 D keymaster_worker: Keystore finish end
11-03 19:04:48.263  1717  3403 W         : Failed to UpdateQosForCgroupInner, tid=0, policy=10
11-03 19:04:48.271 17988 17988 I DecorView[]: pkgName:com.eventmarketplace.app old windowMode:0 new windoMode:1, isFixedSize:false
11-03 19:04:48.272 17988 17988 I RmeSchedManager: init Rme, version is: v1.0
11-03 19:04:48.272 17988 17988 I RtgSchedEvent: current pid:17988 AppType:-1
11-03 19:04:48.273 17988 17988 D ActivityThread: add activity client record, r= ActivityRecord{2758247 token=android.os.BinderProxy@cb5e4fa {com.eventmarketplace.app/com.eventmarketplace.app.MainActivity}} token= android.os.BinderProxy@cb5e4fa
11-03 19:04:48.273  2404  2404 D HWUCD_TextureGLSurfaceView: onSensorChanged current x : 0.293000, y : -0.005300
11-03 19:04:48.275 17988 17988 D FirebaseSessions: App foregrounded on com.eventmarketplace.app
11-03 19:04:48.276 17988 17988 D MouseWheelSynthesizer: mMoveStepInDp: 64, mMoveStepInPixel: 192, mUpTimeDelayed: 100
11-03 19:04:48.276 17988 17988 D ViewRootImpl: ViewRootImpl mIsInProductivePCDisplay: false
11-03 19:04:48.277  1717  2042 I HwPCUtils#HwRioViewManager: check if rio enable, displayId = 0я╝М packageName = com.eventmarketplace.app
11-03 19:04:48.277 17988 17988 W DisplayEventDispatcher: dispatcher 0x7d7df68780 ~ ignoring unknown event type 0x736f6674
11-03 19:04:48.278 17988 17988 I DecorView[]: pkgName:com.eventmarketplace.app old windowMode:1 new windoMode:1, isFixedSize:false
11-03 19:04:48.278  1717  3403 E WindowManager: App trying to use insecure INPUT_FEATURE_NO_INPUT_CHANNEL flag. Ignoring
11-03 19:04:48.279  1717  3403 I WindowManager: addWindow: Window{418bf82 u0 com.eventmarketplace.app/com.eventmarketplace.app.MainActivity} client:android.os.BinderProxy@2f98acd currentDisplayId:0 requestDisplayId:0 token:Token{6766070 ActivityRecord{bea8822 u0 com.eventmarketplace.app/.MainActivity t697}}
11-03 19:04:48.280 17988 17988 D InputEventReceiver: dispatchInputInterval 1000000
11-03 19:04:48.281 17988 17988 W DisplayEventDispatcher: dispatcher 0x7cdbceb7a0 ~ ignoring unknown event type 0x736f6674
11-03 19:04:48.281  1717  1930 I HwAudioServiceEx: ComponentInfo : className = com.eventmarketplace.app.MainActivity, flag = onResume, isHomeActivity = , isTop = true
11-03 19:04:48.281  1717  2172 W HwAudioServiceEx: SoundEffectState bundle get reserved is invalid
11-03 19:04:48.281  1717  2172 I HwAudioServiceEx: sendAppKilledIntentForKit, isKitPackageOnPause = false, isKitPackageKill = false, isKitPackageOnResume = false
11-03 19:04:48.282 17988 17988 I flutter : ЁЯЪА ╨Ч╨░╨┐╤Г╤Б╨║ ╨┐╤А╨╕╨╗╨╛╨╢╨╡╨╜╨╕╤П...
11-03 19:04:48.282 17988 17988 I flutter : ЁЯФД Bootstrap: ╨Э╨░╤З╨╕╨╜╨░╨╡╨╝ ╨╕╨╜╨╕╤Ж╨╕╨░╨╗╨╕╨╖╨░╤Ж╨╕╤О...
11-03 19:04:48.282 17988 17988 I flutter : ЁЯФД Bootstrap: ╨Э╨░╤Б╤В╤А╨╛╨╣╨║╨░ ╨╛╨▒╤А╨░╨▒╨╛╤В╨║╨╕ ╨╛╤И╨╕╨▒╨╛╨║...
11-03 19:04:48.282 17988 17988 I flutter : ЁЯФД Bootstrap: ╨Ш╨╜╨╕╤Ж╨╕╨░╨╗╨╕╨╖╨░╤Ж╨╕╤П Firebase...
11-03 19:04:48.282 17988 17988 D FlutterGeolocator: Flutter engine connected. Connected engine count 2
11-03 19:04:48.283  4659  5972 I CAWARENESS_AppUsageManager: onEvent, packageName=com.eventmarketplace.app, activityName=com.eventmarketplace.app.MainActivity
11-03 19:04:48.283  2606  3293 I Hicom_Monitor: mActivityNotifierEx, className = com.eventmarketplace.app.MainActivity, uid = 10423
11-03 19:04:48.283  2606  3045 D DollieActivityManagerAdapter: [Resumed] bg:true pid:17988 uid:10423 ComponentInfo{com.eventmarketplace.app/com.eventmarketplace.app.MainActivity}
11-03 19:04:48.283  2606  3045 E DollieAdapterService: notifyActivityState pkg:com.eventmarketplace.app/com.eventmarketplace.app.MainActivity state:2 fg:true mUid:10423
11-03 19:04:48.283  1053  1089 D AwareLog: iawared: fg_hl_ctl update fgUid=10423 g_isGame=0
11-03 19:04:48.284  4659  5972 I CAWARENESS_AbilityContext: [1762171997887] publishing {dataId=100000006, mode=0}
11-03 19:04:48.284  4659  5972 I CAWARENESS_AbilityContext: [1762171997887] deliver {dataId=100000006, mode=0} to 5 receivers
11-03 19:04:48.284  2606  3045 I ConnCureStateMonitor: handleMessage: msg[2]
11-03 19:04:48.284  2606  3045 I HwPacketFilterBypass: handleActivityUidStateChanged uid:10423 -1 foreground:1
11-03 19:04:48.284  2606  3045 I OllieMsgCenter: publishEvt=2135097351
11-03 19:04:48.284  2606  3045 I NetworkQoeChr: checkForegroundApp timer end
11-03 19:04:48.285 27583 17136 I HiAdKit.DC.PageSwitchEvent:  switch is off
11-03 19:04:48.287 17988 18403 W HiTouch_HiTouchSensor: depended package hiTouch does n't exist!
11-03 19:04:48.287 17988 18403 I HiTouch_HiTouchSensor: HiTouch restricted: system app HiTouch don't exist.
11-03 19:04:48.287 17988 18403 D HiTouch_PressGestureDetector: onAttached, package=com.eventmarketplace.app, windowType=1, mIsHiTouchRestricted=true
11-03 19:04:48.289  1717  1961 I PowerManagerService: handleSandman: wakefulness: 1,startDreaming: false
11-03 19:04:48.290  2606  3045 I SmartDualCardConfig: getAppType,pkgName=com.eventmarketplace.app,appType=-1
11-03 19:04:48.290  2606  3045 I SmartDualCardConfig: getAppType,pkgName=com.eventmarketplace.app,appType=-1
11-03 19:04:48.290  2606  3045 E SmartDualCardConfig: isAppInBlackList false,items==null
11-03 19:04:48.290  2606  3045 I SmartDualCardSM: onUidStateUpdate,uid=10423,appName=com.eventmarketplace.app,state=FOREGROUND
11-03 19:04:48.290  1717  3403 I WindowManager: Changing focus from null to Window{418bf82 u0 com.eventmarketplace.app/com.eventmarketplace.app.MainActivity} displayId=0 Callers=com.android.server.wm.RootWindowContainer.updateFocusedWindowLocked:209 com.android.server.wm.WindowManagerService.updateFocusedWindowLocked:6517 com.android.server.wm.WindowManagerService.relayoutWindow:2813 com.android.server.wm.Session.relayout:197 
11-03 19:04:48.291  2606  3045 I SmartDualCardConfig: getAppType,pkgName=com.eventmarketplace.app,appType=-1
11-03 19:04:48.291  2606  3045 I SmartDualCardSM: updateAppState mAppState=2
11-03 19:04:48.291  2606  3045 I SmartDualCardConfig: addForegroundAppToList,size()=1,uid=10423
11-03 19:04:48.291  2606  3045 I BoosterUtil: getSlaveCardSubId slotId: 1, subId: 2
11-03 19:04:48.291  1717  3403 V HwPhoneWindowManager: updateSystemUiColorLw window=Window{418bf82 u0 com.eventmarketplace.app/com.eventmarketplace.app.MainActivity},EmuiStyle=0,StatusBarColor=0x40000000,NavigationBarColor=0xfffcfcfc, mForceNotchStatusBar=false
11-03 19:04:48.291  1717  3403 I HwDisplayContentEx: currentFocus windowstate not null
11-03 19:04:48.292  1717  3403 D ZrHung.AppEyeFocusWindow: FocusWindowErrorScene cancelCheckFreezeScreen
11-03 19:04:48.292  1717  3403 I HwDisplayContentEx: trans currentFocus windowstate not null
11-03 19:04:48.292  1717  3403 D ZrHung.AppEyeTransparentWindow: TransparentWindow mHungConfigStatus = 0,mHungConfigEnable = 1
11-03 19:04:48.292  1717  1895 D HwPhoneWindowManager: Transact:setSystemUIColor to status bar service
11-03 19:04:48.292  2295 14004 I HwCommandQueue: updateBarBgColor
11-03 19:04:48.292  2295 14004 D HwCommandQueue: CommandQueue, setBarBackgroundColor
11-03 19:04:48.292  1717  1895 D StatusBarManagerService: win:Window{418bf82 u0 com.eventmarketplace.app/com.eventmarketplace.app.MainActivity}mIsColorEnable:truelight:false
11-03 19:04:48.292  1717  1895 I StatusBarDisable: setFlags what=0 which=1 pkg=Window{418bf82 u0 com.eventmarketplace.app/com.eventmarketplace.app.MainActivity}
11-03 19:04:48.292  2295 14004 D HwCommandQueue: CommandQueue, set Launcher StatusBar Color
11-03 19:04:48.292  2680  2750 D ZrHung.AppEyeUiProbe: not watching, wait.
11-03 19:04:48.293 17988 18045 D mali_winsys: EGLint new_window_surface(egl_winsys_display *, void *, EGLSurface, EGLConfig, egl_winsys_surface **, EGLBoolean) returns 0x3000
11-03 19:04:48.293  2606  3048 E OllieTelephony: sendFullData err:1
11-03 19:04:48.294  2404  2404 D HWUCD_TextureGLSurfaceView: onSensorChanged current x : 0.294800, y : -0.002100
11-03 19:04:48.294  1717  1961 I PowerManagerService: handleSandman: wakefulness: 1,startDreaming: false
11-03 19:04:48.297 17988 18369 D mali_winsys: EGLint new_window_surface(egl_winsys_display *, void *, EGLSurface, EGLConfig, egl_winsys_surface **, EGLBoolean) returns 0x3000
11-03 19:04:48.298  9542 25814 W HSM_BG-11.1.1.451: NetAssistantDbManager:get setting column info but empty table
11-03 19:04:48.300 17454 17454 I fwkit_DeviceInfoUtil: [I/fwkit/fwkit_DeviceInfoUtil 17454:1 DeviceInfoUtil.java:305] Huawei Feature is found: com.huawei.software.features.handset
11-03 19:04:48.300 17454 17454 I fwkit_DeviceInfoUtil: [I/fwkit/fwkit_DeviceInfoUtil 17454:1 DeviceInfoUtil.java:195] 1. detectHuaweiFeature: 0
11-03 19:04:48.302 17454 17454 I fwkit_DeviceInfoUtil: [I/fwkit/fwkit_DeviceInfoUtil 17454:1 DeviceInfoUtil.java:207] 2. detectAndroidFeature: -1
11-03 19:04:48.302  9542 26349 W HSM_BG-11.1.1.451: NetAssistantDbManager:get setting column info but empty table
11-03 19:04:48.303 17454 17454 I fwkit_DeviceInfoUtil: [I/fwkit/fwkit_DeviceInfoUtil 17454:1 DeviceInfoUtil.java:339] System property is found: default
11-03 19:04:48.303 17454 17454 I fwkit_DeviceInfoUtil: [I/fwkit/fwkit_DeviceInfoUtil 17454:1 DeviceInfoUtil.java:213] 3. detectSystemProperty: 0
11-03 19:04:48.303  2606  3045 E SmartDualCardTrafficManager: isCustomerApplyTheTrafficPackage:: customer not set the package!
11-03 19:04:48.303 17454 17454 I fwkit_DeviceInfoUtil: [I/fwkit/fwkit_DeviceInfoUtil 17454:1 DeviceInfoUtil.java:179] Final DeviceType: 0
11-03 19:04:48.304  2606  3045 I BoosterUtil: getSlaveCardSubId slotId: 1, subId: 2
11-03 19:04:48.307  9542 26349 W HSM_BG-11.1.1.451: NetAssistantDbManager:get setting column info but empty table
11-03 19:04:48.310  9542 25814 W HSM_BG-11.1.1.451: NetAssistantDbManager:get setting column info but empty table
11-03 19:04:48.310  2606  3045 E SmartDualCardTrafficManager: isCustomerApplyTheTrafficPackage:: customer not set the package!
11-03 19:04:48.312  2606  3045 I BoosterUtil: getSlaveCardSubId slotId: 1, subId: 2
11-03 19:04:48.314  2404  2404 D HWUCD_TextureGLSurfaceView: onSensorChanged current x : 0.292600, y : -0.002600
11-03 19:04:48.315  9542 26349 W HSM_BG-11.1.1.451: NetAssistantDbManager:get setting column info but empty table
11-03 19:04:48.317  9542 25814 W HSM_BG-11.1.1.451: NetAssistantDbManager:get setting column info but empty table
11-03 19:04:48.318  2606  3045 E SmartDualCardTrafficManager: isCustomerApplyTheTrafficPackage:: customer not set the package!
11-03 19:04:48.318  2606  3045 I SmartDualCardSM: boosterDump:prop=false SdcSwitchOn=false DataSwitchOn=true WifiConnect=false AirplaneOn=false ScreenOn=true VSimEnabled=false CallOn=false AppState=GENERAL_FOREGROUND HidataAppState=GENERAL_BACKGROUND defaultDataSlotId=0 default4GSlot=0 mForeAppRouteSlotId=0 DataOn=true M_MmsUtPdp=false S_MmsUtPdp=false userType=2 supportNetworkQoe=false GameBattleStatus=0
11-03 19:04:48.319  2606  3045 I BoosterUtil: getMasterCardSubId slotId: 0, subId: 1
11-03 19:04:48.319  2606  3045 I BoosterUtil: getSlaveCardSubId slotId: 1, subId: 2
11-03 19:04:48.320  2606  3045 E SmartDualCardSM: isSignalStrengthPoorScreenOn 2/3G or UNKNOWN true slotId:1
11-03 19:04:48.320   773  1034 W BufferQueueProducer: [SurfaceView - com.eventmarketplace.app/com.eventmarketplace.app.MainActivity#0]:1390: disconnect: not connected (req=1)
11-03 19:04:48.320  2606  3045 E SmartDualCardSM: isSignalStrengthPoorScreenOn 2/3G or UNKNOWN true slotId:1
11-03 19:04:48.320  2606  3045 I SmartDualCardSM: isSlaveCardNetworkBad return true,mIsSignalStengthPoors =true,mNetworkType=1,mDownlinkSpeedLimits=1048576,mDataRoaming=false
11-03 19:04:48.320 17988 18369 W libEGL  : EGLNativeWindowType 0x7cca8b9010 disconnect failed
11-03 19:04:48.320 17988 18369 D mali_winsys: EGLint new_window_surface(egl_winsys_display *, void *, EGLSurface, EGLConfig, egl_winsys_surface **, EGLBoolean) returns 0x3000
11-03 19:04:48.321  2606  3045 I BoosterUtil: getSlaveCardSubId slotId: 1, subId: 2
11-03 19:04:48.324  1717  2042 I WindowManager: dispatchResized : win = Window{418bf82 u0 com.eventmarketplace.app/com.eventmarketplace.app.MainActivity} drawState = DRAW_PENDING
11-03 19:04:48.324  9542 25814 W HSM_BG-11.1.1.451: NetAssistantDbManager:get setting column info but empty table
11-03 19:04:48.325 17988 17988 D DecorView: showOrHideHighlightView: hasFocus=true; winMode=1; isMrgNull=true
11-03 19:04:48.326 17988 17988 W InputMethodManager: startInputReason = 1
11-03 19:04:48.326 17988 17988 W HwRemoteInputMethodManager: isCasting false because IHwDistributedWindowManager is invalid.
11-03 19:04:48.327  9542 26349 W HSM_BG-11.1.1.451: NetAssistantDbManager:get setting column info but empty table
11-03 19:04:48.329  2606  3045 I BoosterUtil: getSlaveCardSubId slotId: 1, subId: 2
11-03 19:04:48.331  9542 25814 W HSM_BG-11.1.1.451: NetAssistantDbManager:get setting column info but empty table
11-03 19:04:48.333  2404  2404 D HWUCD_TextureGLSurfaceView: onSensorChanged current x : 0.293700, y : -0.001700
11-03 19:04:48.333  9542 26349 W HSM_BG-11.1.1.451: NetAssistantDbManager:get setting column info but empty table
11-03 19:04:48.334  2606  3045 E SmartDualCardTrafficManager: isCustomerApplyTheTrafficPackage:: customer not set the package!
11-03 19:04:48.336  2606  3045 I BoosterUtil: getSlaveCardSubId slotId: 1, subId: 2
11-03 19:04:48.336 17988 17988 I flutter : тЬЕ Firebase initialized successfully
11-03 19:04:48.336 17988 17988 I flutter : ЁЯФД Bootstrap: ╨Ш╨╜╨╕╤Ж╨╕╨░╨╗╨╕╨╖╨░╤Ж╨╕╤П ╤Б╨╡╤А╨▓╨╕╤Б╨╛╨▓...
11-03 19:04:48.338 17988 17988 I flutter : ЁЯУ▒ App version: 1.0.0 (1)
11-03 19:04:48.339  1717 14545 I HwWindowManagerServiceEx: setLandAnimationInfo : false
11-03 19:04:48.339  1717 14545 I HwPCUtils#HwPCMultiWindowManager: requestedOrientation: 12
11-03 19:04:48.339 17988 17988 I flutter : тЬЕ Services initialized successfully
11-03 19:04:48.339 17988 17988 I flutter : ЁЯФД Bootstrap: ╨Ш╨╜╨╕╤Ж╨╕╨░╨╗╨╕╨╖╨░╤Ж╨╕╤П FCM...
11-03 19:04:48.339  9542 26349 W HSM_BG-11.1.1.451: NetAssistantDbManager:get setting column info but empty table
11-03 19:04:48.342  9542 25814 W HSM_BG-11.1.1.451: NetAssistantDbManager:get setting column info but empty table
11-03 19:04:48.343  2606  3045 I SmartDualCardSM: boosterDump:SlaveActive=true SameOperator=false M_NetworkBad=false S_NetworkBad=true M_DLSpeedLimit=1048576 S_DLSpeedLimit=1048576 M_DataRoam=false S_DataRoam=false VPNMode=false TetherOn=false AppQoeSlow=false HidataAppQoeSlow=false GameExpBad=false DsdsState=0 S_TrafficEnough=true M_NetworkStatus=4 S_NetworkStatus=2 1xTaskRun=false QoeSlowReason=0 MovementType=16 M_NetworkServicestatus=1 S_NetworkServicestatus=1 isUidBindListEmpty=true M_DetectAppQoe=-1 AppRouteSlot=0 WifiProSwitchSlaveCard=false LinkTurboActive=false
11-03 19:04:48.343  2606  3045 I SmartDualCardSM: isNeedMonitorAppQoe return false
11-03 19:04:48.343  2606  3045 I SmartDualCardSM: resetAppQoeState
11-03 19:04:48.344  2606  3045 I OllieMsgCenter: publishEvt=2130771969
11-03 19:04:48.344  2606  3045 I OllieMsgCenter: publishEvt=2130771985
11-03 19:04:48.344  2606  3045 I DollieChr: handleForegroundAppUpdateMsg,mAppState=1,scenes=2,mForegroundAppName=
11-03 19:04:48.344  2606  3045 I SmartDualCardSM: IdleState:got msg.what=EVENT_APP_MOVE_FOREGROUND
11-03 19:04:48.344  1717  3403 D HwConnectivityManagerImpl: startappqoednscollection action =0timer =1000
11-03 19:04:48.345  2606  3045 I SpeedTestNotifier: Speed test app is back Activity
11-03 19:04:48.345  2606  3045 I SmartDualCardConfig: getAppType,pkgName=com.eventmarketplace.app,appType=-1
11-03 19:04:48.345  2606  3045 E SmartDualCardConfig: isAppInBlackList false,items==null
11-03 19:04:48.345  2606  3045 I PowerMsgAdapter: UID hot switch, uid:10423, pkgName:com.eventmarketplace.app
11-03 19:04:48.346  2606  3045 E Booster_MatterAppRecommend: [isMatterPackage]invalid mMatterPackagesConfig
11-03 19:04:48.346  2606  3045 I OllieMsgCenter: publishEvt=2134966274
11-03 19:04:48.346  2606  3045 I OllieMsgCenter: publishEvt=2135097350
11-03 19:04:48.347  2606  3045 D DsduChr : uid=10423, isTrafficFree=false, isUsingFreeTraffic=false
11-03 19:04:48.347  2606  3045 I SmartDualCardSM: IdleState:got msg.what=EVENT_SLAVE_TRAFFIC_FREE_APP_BACKGROUND
11-03 19:04:48.352 17988 17988 I DecorView[]: pkgName:com.eventmarketplace.app old windowMode:1 new windoMode:1, isFixedSize:false
11-03 19:04:48.353  1717  1895 D StatusBarManagerService: win:Window{418bf82 u0 com.eventmarketplace.app/com.eventmarketplace.app.MainActivity}mIsColorEnable:truelight:false
11-03 19:04:48.353  2295 24870 D HwCommandQueue: CommandQueue, set Launcher StatusBar Color
11-03 19:04:48.353  1717  1895 I StatusBarDisable: setFlags what=0 which=1 pkg=Window{418bf82 u0 com.eventmarketplace.app/com.eventmarketplace.app.MainActivity}
11-03 19:04:48.353  2404  2404 D HWUCD_TextureGLSurfaceView: onSensorChanged current x : 0.292400, y : -0.001300
11-03 19:04:48.356 17988 17988 I flutter : ╨а╨░╨╖╤А╨╡╤И╨╡╨╜╨╕╤П ╨╜╨░ ╤Г╨▓╨╡╨┤╨╛╨╝╨╗╨╡╨╜╨╕╤П: AuthorizationStatus.authorized
11-03 19:04:48.356 17988 17988 W FLTFireMsgService: Attempted to start a duplicate background isolate. Returning...
11-03 19:04:48.368 17988 17988 I flutter : FCM Token: fKge55yCQrm2AGx2YWt_M4:APA91bGd7-OQiY_3RVpcoAlgg-SDbfvDK2MKX3r9ZCqyqjmUHv6FOlLAaFotKmbsYRkI6yjmmX_9yjTt5MSFLs8Et1SQIqnsjftsCsIPU7mor2pTqVtNGRQ
11-03 19:04:48.368 17988 17988 I flutter : тЬЕ FCM initialized successfully
11-03 19:04:48.368 17988 17988 I flutter : ЁЯФД Bootstrap: ╨Ш╨╜╨╕╤Ж╨╕╨░╨╗╨╕╨╖╨░╤Ж╨╕╤П Push Notifications...
11-03 19:04:48.370   681 28591 I netd    : trafficSwapActiveStatsMap() <11.62ms>
11-03 19:04:48.373  2404  2404 D HWUCD_TextureGLSurfaceView: onSensorChanged current x : 0.294300, y : -0.000400
11-03 19:04:48.385 17988 17988 I flutter : тЬЕ Push notification permission status: AuthorizationStatus.authorized
11-03 19:04:48.387 17988 17988 I flutter : тЬЕ Push notification service initialized successfully
11-03 19:04:48.387 17988 17988 I flutter : тЬЕ Push Notifications initialized successfully
11-03 19:04:48.387 17988 17988 I flutter : тЬЕ Bootstrap: App initialized successfully
11-03 19:04:48.387 17988 17988 I flutter : тЬЕ Bootstrap ╨╕╨╜╨╕╤Ж╨╕╨░╨╗╨╕╨╖╨░╤Ж╨╕╤П ╨╖╨░╨▓╨╡╤А╤И╨╡╨╜╨░
11-03 19:04:48.390   681 28591 I netd    : trafficSwapActiveStatsMap() <16.39ms>
11-03 19:04:48.393  2404  2404 D HWUCD_TextureGLSurfaceView: onSensorChanged current x : 0.293400, y : -0.000500
11-03 19:04:48.404  1717  2042 I ClipboardService: callingPackage:com.eventmarketplace.app, uid =10423, isFocusedWindow =true
11-03 19:04:48.405  1717  3403 I ClipboardService: callingPackage:com.eventmarketplace.app, uid =10423, isFocusedWindow =true
11-03 19:04:48.406 17988 17988 I DecorView[]: pkgName:com.eventmarketplace.app old windowMode:1 new windoMode:1, isFixedSize:false
11-03 19:04:48.410  1717  1946 I ActivityTaskManager: Fully drawn com.eventmarketplace.app/.MainActivity: +314ms
11-03 19:04:48.414  2404  2404 D HWUCD_TextureGLSurfaceView: onSensorChanged current x : 0.293900, y : 0.000000
11-03 19:04:48.416 20927 18196 D AdvertisingIdClient: AdvertisingIdClient already created.
11-03 19:04:48.417 20927 18196 I AdvertisingIdClient: shouldSendLog 3203747480
11-03 19:04:48.417 20927 18196 I AdvertisingIdClient: GetInfoInternal elapse 1ms
11-03 19:04:48.428  1717  1898 I ViewRootImpl: dispatchDetachedFromWindow in doDie
11-03 19:04:48.428  1717  3403 V ActivityTaskManager: Activity idle: Token{6766070 ActivityRecord{bea8822 u0 com.eventmarketplace.app/.MainActivity t697}}
11-03 19:04:48.429  1717  1961 I PowerManagerService: handleSandman: wakefulness: 1,startDreaming: false
11-03 19:04:48.430  1717  3403 V ActivityTaskManager: Stopping ActivityRecord{57f1789 u0 com.huawei.android.launcher/.unihome.UniHomeLauncher t1}: nowVisible=false animating=true finishing=false
11-03 19:04:48.430  1717  1946 I ActivityTaskManager: Displayed com.eventmarketplace.app/.MainActivity: +330ms
11-03 19:04:48.430  1717  1898 I WindowManager: removeIfPossible: Window{111cd88 u0 Splash Screen com.eventmarketplace.app} callers=com.android.server.wm.WindowState.removeIfPossible:2611 com.android.server.wm.WindowManagerService.removeWindow:2282 com.android.server.wm.Session.remove:179 android.view.ViewRootImpl.dispatchDetachedFromWindow:4929 android.view.ViewRootImpl.doDie:8273 
11-03 19:04:48.431  1717  1898 I WindowManager: Not removing Window{111cd88 u0 Splash Screen com.eventmarketplace.app EXITING} due to exit animation 
11-03 19:04:48.433  2404  2404 D HWUCD_TextureGLSurfaceView: onSensorChanged current x : 0.294700, y : 0.000500
11-03 19:04:48.454  2404  2404 D HWUCD_TextureGLSurfaceView: onSensorChanged current x : 0.293700, y : -0.000500
11-03 19:04:48.473  2404  2404 D HWUCD_TextureGLSurfaceView: onSensorChanged current x : 0.295000, y : -0.001100
11-03 19:04:48.493  2404  2404 D HWUCD_TextureGLSurfaceView: onSensorChanged current x : 0.295200, y : -0.000100
11-03 19:04:48.514  2404  2404 D HWUCD_TextureGLSurfaceView: onSensorChanged current x : 0.296600, y : 0.001800
11-03 19:04:48.533  2404  2404 D HWUCD_TextureGLSurfaceView: onSensorChanged current x : 0.296600, y : 0.002700
11-03 19:04:48.534  1717  1898 I WindowManager: Exit animation finished in Window{111cd88 u0 Splash Screen com.eventmarketplace.app EXITING}: remove=true
11-03 19:04:48.535  1717  1898 E WindowManager: win=Window{111cd88 u0 Splash Screen com.eventmarketplace.app EXITING} destroySurfaces: appStopped=false win.mWindowRemovalAllowed=true win.mRemoveOnExit=true
11-03 19:04:48.535  1717  1898 I WindowManager: postWindowRemoveCleanupLocked: Window{111cd88 u0 Splash Screen com.eventmarketplace.app}
11-03 19:04:48.535  1717  1898 I WindowManager: Removing Window{111cd88 u0 Splash Screen com.eventmarketplace.app} from AppWindowToken{8695fe9 token=Token{6766070 ActivityRecord{bea8822 u0 com.eventmarketplace.app/.MainActivity t697}}}
11-03 19:04:48.536  1717  1895 D StatusBarManagerService: win:Window{418bf82 u0 com.eventmarketplace.app/com.eventmarketplace.app.MainActivity}mIsColorEnable:truelight:true
11-03 19:04:48.537  2295 24870 D HwCommandQueue: CommandQueue, set Launcher StatusBar Color
11-03 19:04:48.537  1717  1895 I StatusBarDisable: setFlags what=0 which=1 pkg=Window{418bf82 u0 com.eventmarketplace.app/com.eventmarketplace.app.MainActivity}
11-03 19:04:48.537  2295  2295 D BarTransitions.HwPhoneStatusBarView: MODE_OPAQUE -> MODE_TRANSPARENT animate=false
11-03 19:04:48.537  2295  2295 D BarTransitions.HwPhoneStatusBarView: applyModeBackground oldMode=MODE_OPAQUE newMode=MODE_TRANSPARENT animate=false
11-03 19:04:48.539  2295  2295 D BarTransitions.HwNavigationBarView: MODE_OPAQUE -> MODE_TRANSPARENT animate=false
11-03 19:04:48.539  2295  2295 D BarTransitions.HwNavigationBarView: applyModeBackground oldMode=MODE_OPAQUE newMode=MODE_TRANSPARENT animate=false
11-03 19:04:48.540  1717 14545 D RemoteAnimationController: app-onAnimationFinished(): mOuter=com.android.server.wm.RemoteAnimationController@ee16b65
11-03 19:04:48.540  1717 14545 D RemoteAnimationController: onAnimationFinished(): Notify animation finished:
11-03 19:04:48.540  1717 14545 I WindowManager: send SET_LAUNCHER_VISIBLE_IN_FINGER_BOOST visible: true,delay:0, handle:true, userId:0, callingPid: 1717
11-03 19:04:48.540  1717 14545 I WindowManager: onAnimationFinished task=697
11-03 19:04:48.540  1717  1897 I WindowManager: handle SET_LAUNCHER_VISIBLE_IN_FINGER_BOOST visible:true handle:falseuserId:0, currentUserId:0
11-03 19:04:48.541  1717 14545 I WindowManager: Animation done in AppWindowToken{bb8a345 token=Token{d0d67bc ActivityRecord{57f1789 u0 com.huawei.android.launcher/.unihome.UniHomeLauncher t1}}} isHidden:true hiddenRequested:true
11-03 19:04:48.541  1717  1898 I WindowManager: New wallpaper target: null prevTarget: Window{f310e81 u0 com.huawei.android.launcher/com.huawei.android.launcher.unihome.UniHomeLauncher}
11-03 19:04:48.541  2404  2404 D HWUCD_CustomEngine: onVisibilityChanged visible : false
11-03 19:04:48.541  2404  2404 D HWUCD_TextureGLSurfaceView: onPause unregisterListener
11-03 19:04:48.541  1717 14545 I SensorService: disable begin
11-03 19:04:48.542  1717 14545 I SensorService: disable activate begin
11-03 19:04:48.542  1055  1095 I Sensors@1.2-impl: activate-6 enabled-0 fwkOals-1 camOals-0 fwkOcolor-0 camOcolor-0 fwkOtof-0 camOtof-0
11-03 19:04:48.542  1055  1095 I Sensors@1.2-impl: IsOpenNeedUpdate: service: 1717, sensor: 6, open: 0, openCnt: 1
11-03 19:04:48.542  1055  1095 I Sensors@1.2-impl: SetTotalOpenCnt: sensor: 6 has been close, erase it's map
11-03 19:04:48.542  1055  1095 I Sensors@1.2-impl: EraseSensorConfig: sensor: 6
11-03 19:04:48.542  1055  1095 I Sensors@1.2-impl: EraseSensorConfig: erase the config of sensorId: 6
11-03 19:04:48.542  1055  1095 I Sensors@1.2-impl: SetTotalOpenCnt: erase the config of sensorId: 6
11-03 19:04:48.542  1055  1095 I SensorHub: Activate, handle: 6, enabled:0, err: 0
11-03 19:04:48.542  2641  3419 I SensorState: sensor:6 name:gravity enable:false uid:10125
11-03 19:04:48.542  2641  3419 I SensorState: sensor stop, total history time:406466211
11-03 19:04:48.542  2641  3419 I SensorState: removeSensor,mHandles:{}
11-03 19:04:48.542  2641  3419 I PGServer: report state:4 event type:2 pid:6 uid:10125 pkg:null to pid: 1717
11-03 19:04:48.542   773  1571 D         : AnimationInfo Map Delete Surface(name=Task=697)/@0xb3ed05d - animation-leash#0
11-03 19:04:48.543  1717 14545 I SensorService: disableSensor handle:6, packageName:com.huawei.livewallpaper.explorations.TextureGLSurfaceView
11-03 19:04:48.543  1717 14545 I SensorService: disable activate end
11-03 19:04:48.543  1717 14545 I SensorService: disable end
11-03 19:04:48.544  1717  1897 D WindowManager: setLauncherVisibleInFingerBoost record=ActivityRecord{57f1789 u0 com.huawei.android.launcher/.unihome.UniHomeLauncher t1}
11-03 19:04:48.544  1717  1897 I WindowManager: setLauncherVisible setAlpha to 1.0
11-03 19:04:48.545  1717  1897 V ActivityTaskManager: Activity idle: null
11-03 19:04:48.546  1717  1897 V ActivityTaskManager: Stopping ActivityRecord{57f1789 u0 com.huawei.android.launcher/.unihome.UniHomeLauncher t1}: nowVisible=true animating=true finishing=false
11-03 19:04:48.546   773  1047 W BufferQueueProducer: [com.huawei.livewallpaper.explorations.ExplorationsService#0]:1390: disconnect: not connected (req=1)
11-03 19:04:48.546  2404  2868 W libEGL  : EGLNativeWindowType 0x7d6670f010 disconnect failed
11-03 19:04:48.546  1717  1897 I WindowManager: Set home app runningRemoteAnimation state: false
11-03 19:04:48.546  1717  1897 I WindowManager: Animation done in AppWindowToken{bb8a345 token=Token{d0d67bc ActivityRecord{57f1789 u0 com.huawei.android.launcher/.unihome.UniHomeLauncher t1}}} isHidden:true hiddenRequested:true
11-03 19:04:48.546  1717 14545 I SensorService: cleanupConnection begin
11-03 19:04:48.548  1717  2082 W Process : Unable to open /proc/-1/status
11-03 19:04:48.548  1717  2082 D HwActivityManagerServiceEx: notifyAppToTop pid:2680, enable:0
11-03 19:04:48.548  1717 14545 I SensorService: cleanupConnection end
11-03 19:04:48.550  1717  1897 V ActivityTaskManager: Activity idle: null
11-03 19:04:48.551  2680  2680 I RmeSchedManager: init Rme, version is: v1.0
11-03 19:04:48.554   729 26641 W hwcomposer: setGpuFreqBoost:159: boostGpuFreq release !
11-03 19:04:48.555   773  3693 W BufferQueueProducer: [com.huawei.android.launcher/com.huawei.android.launcher.unihome.UniHomeLauncher#0]:1390: disconnect: not connected (req=1)
11-03 19:04:48.556 27613 27670 W libEGL  : EGLNativeWindowType 0x7d710263d0 disconnect failed
11-03 19:04:48.562  2680  2680 W HwLauncher: StateManager Launcher in state:NormalState{41f9207 ordinal = 0,mContainerType = 1,mIsOverviewUi = false}, mConfig.mCurrentAnimationSet == null
11-03 19:04:48.562  2680  2680 I HwLauncher: Launcher Icon:18 Widget:2 Folder:5 Icon in folder:44, in drawer:0
11-03 19:04:48.563  2680  2958 E AbilityFormViewRefreshUtils: stopListening [0ms]
11-03 19:04:48.572   773  3693 W BufferQueueProducer: [com.huawei.android.launcher/com.huawei.android.launcher.unihome.UniHomeLauncher#1]:1390: disconnect: not connected (req=1)
11-03 19:04:48.572  2680  2931 W libEGL  : EGLNativeWindowType 0x7cf796cc50 disconnect failed
11-03 19:04:48.572  2606  3045 D DollieActivityManagerAdapter: [UidStateChanged]  uid:10092 uidState:6
11-03 19:04:48.572   762  8378 D AudioPolicyService: getUidState(10137) cacheIter->second.first, return cacheIter->second.second(5)
11-03 19:04:48.572  2606  3045 E DollieAdapterService: notifyActivityState pkg:com.huawei.android.launcher/com.huawei.android.launcher.unihome.UniHomeLauncher state:6 fg:false mUid:10092
11-03 19:04:48.572   762  8378 D AudioPolicyService: getUidState(10092) cacheIter->second.first, return cacheIter->second.second(2)
11-03 19:04:48.572   762  1580 D AudioPolicyService: getUidState(10050) cacheIter->second.first, return cacheIter->second.second(4)
11-03 19:04:48.572   762  1580 D AudioPolicyService: getUidState(10036) cacheIter->second.first, return cacheIter->second.second(4)
11-03 19:04:48.573  2606  3045 I SmartDualCardConfig: getAppType,pkgName=com.huawei.android.launcher,appType=28
11-03 19:04:48.573  2606  3045 I SmartDualCardSM: onUidStateUpdate isSkip,uid=10092,pkgName=com.huawei.android.launcher,pkgNameByComponentName=com.huawei.android.launcher
11-03 19:04:48.573  2606  3045 I OllieMsgCenter: publishEvt=2130771969
11-03 19:04:48.573  2606  3045 I SmartDualCardConfig: getAppType,pkgName=com.huawei.android.launcher,appType=28
11-03 19:04:48.574  2606  3045 E SmartDualCardConfig: isAppInBlackList false,items==null
11-03 19:04:48.574  2606  3045 I OllieMsgCenter: publishEvt=2134966274
11-03 19:04:48.577  1717  3403 I WindowManager: notifyAppStopped: AppWindowToken{bb8a345 token=Token{d0d67bc ActivityRecord{57f1789 u0 com.huawei.android.launcher/.unihome.UniHomeLauncher t1}}}
11-03 19:04:48.577  1717  3403 E WindowManager: win=Window{7ce2ee7 u0 com.huawei.android.launcher/com.huawei.android.launcher.unihome.UniHomeLauncher} destroySurfaces: appStopped=true win.mWindowRemovalAllowed=false win.mRemoveOnExit=false
11-03 19:04:48.578  1717  3403 E WindowManager: win=Window{f310e81 u0 com.huawei.android.launcher/com.huawei.android.launcher.unihome.UniHomeLauncher} destroySurfaces: appStopped=true win.mWindowRemovalAllowed=false win.mRemoveOnExit=false
11-03 19:04:48.582  1717  2082 W AwareLog: SchedLevelBoost: onFgActivitiesChanged config not set!
11-03 19:04:48.678   820   820 I aptouch_daemon: check_idle_status, idle in. 300
11-03 19:04:48.679   762  8378 D AudioPolicyService: getUidState(10078) cacheIter->second.first, return cacheIter->second.second(11)
11-03 19:04:48.679   762  8378 D AudioPolicyService: getUidState(10078) !cacheIter->second.first, return PROCESS_STATE_UNKNOWN
11-03 19:04:48.730  1016 25945 I AGPService: aps-info: focus pkgName - com.eventmarketplace.app, with 0 more apps
11-03 19:04:48.730  1016 25945 E AGPService: FrameRateManager: iaware strange app type: -1
11-03 19:04:48.730  1016 25945 I AGPService: FrameRateManager: aps-info: new pkgName - com.eventmarketplace.app, type - -1
11-03 19:04:48.730  1016 25945 I AGPService: GpuPolicyManager: m_currentPkgName - com.eventmarketplace.app
11-03 19:04:48.910  1053  1089 D AwareLog: iawared: WorkingsetProcessCommand subCmd = 351, userId=10423, pid=17988, com.eventmarketplace.app/.MainActivity
11-03 19:04:48.910  1053  1089 D AwareLog: iawared: WorkingsetPause com.eventmarketplace.app/.MainActivity
11-03 19:04:48.922  1717  2076 W AlarmManager: WAKEUP alarm trigger action = com.huawei.push.intent.NC_SWITCH_CHANGED package name is: android tag: *walarm*:com.huawei.push.intent.NC_SWITCH_CHANGED window:0 originWhen:3203796539 when:3203796538 maxWhen:3203796538
11-03 19:04:48.923  1717  2076 I ActivityManager: sendIntentSender target:PendingIntentRecord{8eee0ac android broadcastIntent}, intent:flg=0x4 hwFlg=0x810
11-03 19:04:48.923  6637  6637 I PushLog110105309: [main-1]action is com.huawei.push.intent.NC_SWITCH_CHANGED
11-03 19:04:48.924  1717  1961 I PowerManagerService: handleSandman: wakefulness: 1,startDreaming: false
11-03 19:04:48.924  6637  6637 I PushLog110105309: [main-1]dispatchIntent over
11-03 19:04:48.925  1717  3403 V BroadcastQueue: Finished with ordered broadcast BroadcastRecord{1cf3af4 u0 com.huawei.push.intent.NC_SWITCH_CHANGED}
11-03 19:04:48.925  1717  1961 I PowerManagerService: handleSandman: wakefulness: 1,startDreaming: false
11-03 19:04:48.927  1717  1961 I chatty  : uid=1000(system) PowerManagerSer identical 1 line
11-03 19:04:48.927  1717  1961 I PowerManagerService: handleSandman: wakefulness: 1,startDreaming: false
11-03 19:04:49.199  2295  2660 D NetworkController.MobileSignalController(0_1): mSimSubId:1 onDataActivity: direction=0
11-03 19:04:49.200  2295  2660 I MobileSignalController: copyFrom::dataConnected = true
11-03 19:04:49.200  2295  2660 I MobileSignalController: copyFrom::dataConnected = true
11-03 19:04:49.285  2606  3045 I HwPacketFilterBypass: kernelAddTrackUid uid:10423 allowed:true
11-03 19:04:49.285  2606  3045 E HwPacketFilterBypass: sendRequestToKernel ADD_UID [10423]
11-03 19:04:49.302  2606  3988 I Booster_Qoe: AdaBoostPredict rlt,index:5,NisPsSlow:0,NProba:425,rsrp(rssi):-111,rsrq(noise):-10,rtt(chload):0,buffhigh(uldelay):0,buffcomm(rtt):0
11-03 19:04:49.302  2606  3988 I Booster_Qoe: AdaBoostPredict rlt,index:0,NisPsSlow:0,NProba:398,rsrp(rssi):-111,rsrq(noise):-10,rtt(chload):79,buffhigh(uldelay):0,buffcomm(rtt):0
11-03 19:04:49.302  2606  3045 I NetworkQoeProxy: calcChannelNoRx dnsData is not present
11-03 19:04:49.303  2606  3045 E Booster_NetworkQoeChr: [startTcpStackInfoStaticForChr]startTcpStackInfoStaticForChr failed, qoeTcpDataOpt is null
11-03 19:04:49.303  2606  3045 D NpdcpAliveManager: ro.odm.npdcp_alive_cfg_enable is false
11-03 19:04:49.303  2606  3045 E SmartDualCardSM: isSignalStrengthPoorScreenOn 2/3G or UNKNOWN true slotId:1
11-03 19:04:49.304  2606  3045 E SmartDualCardSM: isSignalStrengthPoorScreenOn 2/3G or UNKNOWN true slotId:1
11-03 19:04:49.304  2606  3045 I SmartDualCardSM: isSlaveCardNetworkBad return true,mIsSignalStengthPoors =true,mNetworkType=1,mDownlinkSpeedLimits=1048576,mDataRoaming=false
11-03 19:04:49.305  2606  3045 I SmartDualCardSM: startNetworkQoeEvaluationTimer,time=3000 mQoeBadThreshold: 3
11-03 19:04:49.305  2606  3045 E FourNetCombinationChr: getNetworkQoeInfo failed, qoeTcpDataOpt is null
11-03 19:04:49.305  2606  3407 I Hicom_Monitor: handleNetworkQoeReport. foregroundAppTcpRtt: 0, maxRatioChannelId: 0
11-03 19:04:49.305  2606  3407 I Hicom_Monitor: handleNetworkQoeReport. qoeString: 10423,4,0,425,1,0,4,0,398,5418,13545,10,0,0,0,0,0
11-03 19:04:49.576   729 26641 W hwcomposer: setGpuFreqBoost:154: boostGpuFreq succ !
11-03 19:04:49.617  1053  3569 I Pged-IPgedBinderService: ****action is 2, pid num is 3***
11-03 19:04:49.617  1053  3569 I Pged-Freezer: thawPids
11-03 19:04:49.619  2641  3566 D PgedBinderAdapter: unF_Z ok, pid: [17185, 6408]
11-03 19:04:49.886   820   820 I aptouch_daemon: check_idle_status, idle out.
11-03 19:04:49.888   820   820 I aptouch_daemon: print_log, touch:1, down:1 (+0)
11-03 19:04:49.888  1717  2122 D fingersense_manager: Calling fingersense_classify_touch()
11-03 19:04:49.888  1717  2122 I osfingersense: fingersense_classify_touch: entrance, v2.7.08.02, without imp log and b-m-i, YALE
11-03 19:04:49.888  1717  2122 I osfingersense: B--P
11-03 19:04:49.888  1717  2122 D fingersense_manager: fingersense_classify_touch() finished
11-03 19:04:49.890  1717  2121 I InputDispatcher: stylus touch down, set lcd event 1
11-03 19:04:49.890  1717  2121 I InputDispatcher: stylus touch down, set lcd event 1
11-03 19:04:49.892  1717  1961 I PowerManagerService: handleSandman: wakefulness: 1,startDreaming: false
11-03 19:04:49.920   729 26641 W hwcomposer: setGpuFreqBoost:159: boostGpuFreq release !
11-03 19:04:49.937   820   820 I aptouch_daemon: print_log, touch:0, down:0 
11-03 19:04:49.938  1717  2121 I InputDispatcher: stylus touch up, set lcd event 0
11-03 19:04:49.938  1717  2121 I InputDispatcher: stylus touch up, set lcd event 0
11-03 19:04:49.939 20927 20927 D BoundBrokerSvc: onUnbind: Intent { act=com.google.android.gms.common.BIND_SHARED_PREFS pkg=com.google.android.gms }
11-03 19:04:49.940  1717  1862 D BehaviorCollectorService: data is not enough, invalid data
11-03 19:04:49.943 17988 17988 V AudioManager: querySoundEffectsEnabled...
11-03 19:04:49.963  1717  2042 I ActivityTaskManager: START u0 {act=com.google.firebase.auth.internal.NONGMSCORE_SIGN_IN hwFlg=0x10 pkg=com.eventmarketplace.app cmp=com.eventmarketplace.app/com.google.firebase.auth.internal.GenericIdpActivity (has extras)} from uid 10423
11-03 19:04:49.963  1717  2042 I ActivityTaskManager: Background activity start: don't abort if calling uid has any visible window or is persistent system process
11-03 19:04:49.964  1717  2042 D HwGameAssistantController: isGameForeground? false
11-03 19:04:49.964  1717  2042 I ActivityTaskManager: ActivityRecord info: ActivityInfo{1ba0c92 com.google.firebase.auth.internal.GenericIdpActivity}
11-03 19:04:49.965  1717  2042 D ActivityTaskManager: TaskLaunchParamsModifier:task=null activity=ActivityRecord{6f80663 u0 com.eventmarketplace.app/com.google.firebase.auth.internal.GenericIdpActivity t-1} display-from-source=0 display-id=0 display-windowing-mode=1
11-03 19:04:49.965  1717  2042 D ActivityTaskManager: TaskLaunchParamsModifier:task=null activity=ActivityRecord{6f80663 u0 com.eventmarketplace.app/com.google.firebase.auth.internal.GenericIdpActivity t-1} display-from-source=0 display-id=0 display-windowing-mode=1 activity-options-fullscreen=Rect(0, 0 - 0, 0) inherit-fullscreen non-freeform-display
11-03 19:04:49.965  1717  2042 D ActivityTaskManager: pinned windowing mode is false  pad mirror cast is  false
11-03 19:04:49.968  1717  2042 V ActivityTaskManager: addChild: attaching stackId=678 to displayId=0 position=2
11-03 19:04:49.968  1717  2042 V ActivityTaskManager: positionChild stackId=678 to top.
11-03 19:04:49.968  1717  2042 D ActivityTaskManager: TaskLaunchParamsModifier:task=TaskRecord{d1f1260 #698 A=10423:com.eventmarketplace.app U=0 StackId=678 sz=0} activity=ActivityRecord{6f80663 u0 com.eventmarketplace.app/com.google.firebase.auth.internal.GenericIdpActivity t-1} display-from-task=0 display-id=0 display-windowing-mode=1 activity-options-fullscreen=Rect(0, 0 - 0, 0) inherit-fullscreen non-freeform-display
11-03 19:04:49.970  1717  2042 V ActivityTaskManager: positionChild stackId=678 to top.
11-03 19:04:49.971  1717  2042 I WindowManager: addWindowToken: displayid:0 binder:Token{4144319 ActivityRecord{6f80663 u0 com.eventmarketplace.app/com.google.firebase.auth.internal.GenericIdpActivity t698}} token:AppWindowToken{7685fde token=Token{4144319 ActivityRecord{6f80663 u0 com.eventmarketplace.app/com.google.firebase.auth.internal.GenericIdpActivity t698}}}
11-03 19:04:49.972  1717  2042 V ActivityTaskManager: addAppToken: AppWindowToken{7685fde token=Token{4144319 ActivityRecord{6f80663 u0 com.eventmarketplace.app/com.google.firebase.auth.internal.GenericIdpActivity t698}}} task={taskId=698 appTokens=[] mdr=false} at 2147483647
11-03 19:04:49.972  1717  2042 I ActivityTaskManager: setAppStartingWindow: token=Token{4144319 ActivityRecord{6f80663 u0 com.eventmarketplace.app/com.google.firebase.auth.internal.GenericIdpActivity t698}} pkg=com.eventmarketplace.app transferFrom=null newTask=true taskSwitch=true processRunning=true allowTaskSnapshot=true activityCreated=false LowRamTaskSnapshots=false
11-03 19:04:49.973  1717  1961 I PowerManagerService: handleSandman: wakefulness: 1,startDreaming: false
11-03 19:04:49.975  1053  1089 D AwareLog: iawared: WorkingsetProcessCommand subCmd = 352, userId=10423, pid=17988, com.eventmarketplace.app/.MainActivity
11-03 19:04:49.976  1053  1089 D AwareLog: iawared: WorkingsetStop com.eventmarketplace.app/.MainActivity
11-03 19:04:49.976  1053  1089 D AwareLog: iawared: WorkingsetProcessCommand subCmd = 350, userId=10423, pid=17988, com.eventmarketplace.app/com.google.firebase.auth.internal.GenericIdpActivity
11-03 19:04:49.977  1053  1089 D AwareLog: iawared: WorkingsetSendPrereadMsg com.eventmarketplace.app/com.google.firebase.auth.internal.GenericIdpActivity
11-03 19:04:49.977  1053  1089 W AwareLog: iawared: WorkingsetSetupMonitor change state of monitor1 failed, err=16
11-03 19:04:49.977  1053  1089 W AwareLog: iawared: WorkingsetStartCollect the state of monitor1 is OUTOFWORK
11-03 19:04:49.977  1053  1089 D AwareLog: iawared: WorkingsetStart com.eventmarketplace.app/com.google.firebase.auth.internal.GenericIdpActivity in monitor-1
11-03 19:04:49.988 17988 17988 D FirebaseSessions: App backgrounded on com.eventmarketplace.app
11-03 19:04:49.989  1717 14545 I ActivityTaskManager: Making visible and scheduling visibility: ActivityRecord{6f80663 u0 com.eventmarketplace.app/com.google.firebase.auth.internal.GenericIdpActivity t698}
11-03 19:04:49.990  1717 14545 I HwWindowManagerServiceEx: setLandAnimationInfo : false
11-03 19:04:49.994  1717 14545 I WindowManager: Changing focus from Window{418bf82 u0 com.eventmarketplace.app/com.eventmarketplace.app.MainActivity} to null displayId=0 Callers=com.android.server.wm.RootWindowContainer.updateFocusedWindowLocked:209 com.android.server.wm.WindowManagerService.updateFocusedWindowLocked:6517 com.android.server.wm.ActivityDisplay.setFocusedApp:1606 com.android.server.wm.ActivityTaskManagerService.setResumedActivityUncheckLocked:6590 
11-03 19:04:49.994  1717 14545 I HwDisplayContentEx: currentFocus windowstate null
11-03 19:04:49.995  1717 14545 D ZrHung.AppEyeFocusWindow: FocusWindowErrorScene CheckFreezeScreen
11-03 19:04:49.995  1717 14545 D ZrHung.AppEyeTransparentWindow: TransparentWindow cancelCheckFreezeScreen
11-03 19:04:49.998  1717 14545 I WindowManager: Checking 1 opening apps (frozen=false timeout=false)...
11-03 19:04:49.998  1717 14545 I WindowManager: Check opening app=AppWindowToken{7685fde token=Token{4144319 ActivityRecord{6f80663 u0 com.eventmarketplace.app/com.google.firebase.auth.internal.GenericIdpActivity t698}}}: allDrawn=false startingDisplayed=false startingMoved=false isRelaunching()=false startingWindow=null
11-03 19:04:49.998  1717  1930 I HwAudioServiceEx: ComponentInfo : className = com.eventmarketplace.app.MainActivity, flag = onPause, isHomeActivity = , isTop = false
11-03 19:04:49.998  1717  2172 W HwAudioServiceEx: SoundEffectState bundle get reserved is invalid
11-03 19:04:49.999 17988 17988 W ActivityThread: handleWindowVisibility: no activity for token android.os.BinderProxy@5d5eea5
11-03 19:04:49.999  1717  2172 I HwAudioServiceEx: sendAppKilledIntentForKit, isKitPackageOnPause = false, isKitPackageKill = false, isKitPackageOnResume = false
11-03 19:04:49.999  2606  3045 D DollieActivityManagerAdapter: [Paused] pid:17988 uid:10423 ComponentInfo{com.eventmarketplace.app/com.eventmarketplace.app.MainActivity} uidState:2
11-03 19:04:50.000 27583 17144 I HiAdKit.DC.PageSwitchEvent:  switch is off
11-03 19:04:50.004 17988 17988 V ActivityThread: callActivityOnCreate
11-03 19:04:50.009 17988 17988 I DecorView[]: pkgName:com.eventmarketplace.app old windowMode:0 new windoMode:1, isFixedSize:false
11-03 19:04:50.011 17988 17988 D ActivityThread: add activity client record, r= ActivityRecord{38cc6f7 token=android.os.BinderProxy@5d5eea5 {com.eventmarketplace.app/com.google.firebase.auth.internal.GenericIdpActivity}} token= android.os.BinderProxy@5d5eea5
11-03 19:04:50.013 17988 17988 D FirebaseSessions: App foregrounded on com.eventmarketplace.app
11-03 19:04:50.017  1717  4398 D HwConnectivityServiceEx: set 10167 rmnet0 value false
11-03 19:04:50.022   681 28591 I netd    : trafficSwapActiveStatsMap() <12.58ms>
11-03 19:04:50.027  1026 18414 D keymaster_worker: Keystore getKey
11-03 19:04:50.027  1026 18414 D keymaster_worker: Keystore getKey end
11-03 19:04:50.028  1026 18415 D keymaster_worker: Keystore begin
11-03 19:04:50.028  1026 18415 D keymaster_worker: Keystore begin hidl
11-03 19:04:50.029   595   595 I HisiKeyMaster: HisiKmBegin start
11-03 19:04:50.029   595   595 I HisiKeyMaster: Disable the enhanced crypto!
11-03 19:04:50.032   595   595 I HisiKeyMaster: out_params_buffer_len = 32
11-03 19:04:50.032   595   595 I HisiKeyMaster: HisiKmBegin success
11-03 19:04:50.032  1026 18415 D keymaster_worker: Keystore begin hidl end
11-03 19:04:50.032  1026 18415 D keymaster_worker: Keystore begin end
11-03 19:04:50.033  1026 18416 D keymaster_worker: Keystore update
11-03 19:04:50.033  1026 18416 D keymaster_worker: Keystore update hidl
11-03 19:04:50.033   595   595 I HisiKeyMaster: HisiKmUpdate start
11-03 19:04:50.033   595   595 I HisiKeyMaster: Disable the enhanced crypto!
11-03 19:04:50.036   595   595 I HisiKeyMaster: HisiKmUpdate success
11-03 19:04:50.036  1026 18416 D keymaster_worker: Keystore update hidl end
11-03 19:04:50.036  1026 18416 D keymaster_worker: Keystore update end
11-03 19:04:50.037  1026 18417 D keymaster_worker: Keystore finish
11-03 19:04:50.037  1026 18417 D keymaster_worker: Keystore finish hidl
11-03 19:04:50.037   595   595 I HisiKeyMaster: HisiKmFinish start
11-03 19:04:50.037   595   595 I HisiKeyMaster: Disable the enhanced crypto!
11-03 19:04:50.039   595   595 I HisiKeyMaster: output data size=16
11-03 19:04:50.039   595   595 I HisiKeyMaster: HisiKmFinish success
11-03 19:04:50.039  1026 18417 D keymaster_worker: Keystore finish hidl end
11-03 19:04:50.039  1026 18417 D keymaster_worker: Keystore finish end
11-03 19:04:50.041  1026 18418 D keymaster_worker: Keystore begin
11-03 19:04:50.041  1026 18418 D keymaster_worker: Keystore begin hidl
11-03 19:04:50.041   595   595 I HisiKeyMaster: HisiKmBegin start
11-03 19:04:50.041   595   595 I HisiKeyMaster: Disable the enhanced crypto!
11-03 19:04:50.045   595   595 I HisiKeyMaster: out_params_buffer_len = 4096
11-03 19:04:50.045   595   595 I HisiKeyMaster: HisiKmBegin success
11-03 19:04:50.045  1026 18418 D keymaster_worker: Keystore begin hidl end
11-03 19:04:50.045  1026 18418 D keymaster_worker: Keystore begin end
11-03 19:04:50.046  1026 18419 D keymaster_worker: Keystore update
11-03 19:04:50.046  1026 18419 D keymaster_worker: Keystore update hidl
11-03 19:04:50.046   595   595 I HisiKeyMaster: HisiKmUpdate start
11-03 19:04:50.046   595   595 I HisiKeyMaster: Disable the enhanced crypto!
11-03 19:04:50.048   595   595 I HisiKeyMaster: HisiKmUpdate success
11-03 19:04:50.048  1026 18419 D keymaster_worker: Keystore update hidl end
11-03 19:04:50.048  1026 18419 D keymaster_worker: Keystore update end
11-03 19:04:50.048  1026 18420 D keymaster_worker: Keystore finish
11-03 19:04:50.048  1026 18420 D keymaster_worker: Keystore finish hidl
11-03 19:04:50.048   595   595 I HisiKeyMaster: HisiKmFinish start
11-03 19:04:50.048   595   595 I HisiKeyMaster: Disable the enhanced crypto!
11-03 19:04:50.050   595   595 I HisiKeyMaster: output data size=0
11-03 19:04:50.051   595   595 I HisiKeyMaster: HisiKmFinish success
11-03 19:04:50.051  1026 18420 D keymaster_worker: Keystore finish hidl end
11-03 19:04:50.051  1026 18420 D keymaster_worker: Keystore finish end
11-03 19:04:50.052  1026 18421 D keymaster_worker: Keystore begin
11-03 19:04:50.052  1026 18421 D keymaster_worker: Keystore begin hidl
11-03 19:04:50.052   595   595 I HisiKeyMaster: HisiKmBegin start
11-03 19:04:50.052   595   595 I HisiKeyMaster: Disable the enhanced crypto!
11-03 19:04:50.055   595   595 I HisiKeyMaster: out_params_buffer_len = 4096
11-03 19:04:50.055   595   595 I HisiKeyMaster: HisiKmBegin success
11-03 19:04:50.055  1026 18421 D keymaster_worker: Keystore begin hidl end
