11-03 16:36:04.217  2606  3045 E Booster_NetworkQoeChr: [startTcpStackInfoStaticForChr]startTcpStackInfoStaticForChr failed, qoeTcpDataOpt is null
11-03 16:36:04.217  2606  3045 D NpdcpAliveManager: ro.odm.npdcp_alive_cfg_enable is false
11-03 16:36:04.217  2606  3045 E SmartDualCardSM: isSignalStrengthPoorScreenOn 2/3G or UNKNOWN true slotId:1
11-03 16:36:04.217  2606  3045 E SmartDualCardSM: isSignalStrengthPoorScreenOn 2/3G or UNKNOWN true slotId:1
11-03 16:36:04.217  2606  3045 I SmartDualCardSM: isSlaveCardNetworkBad return true,mIsSignalStengthPoors =true,mNetworkType=1,mDownlinkSpeedLimits=1048576,mDataRoaming=false
11-03 16:36:04.217  2606  3045 E FourNetCombinationChr: getNetworkQoeInfo failed, qoeTcpDataOpt is null
11-03 16:36:04.218  2606  3407 I Hicom_Monitor: handleNetworkQoeReport. foregroundAppTcpRtt: 0, maxRatioChannelId: 0
11-03 16:36:04.218  2606  3407 I Hicom_Monitor: handleNetworkQoeReport. qoeString: 10423,4,0,431,1,0,4,0,431,457,2136,10,0,0,0,0,0
11-03 16:36:04.564  1717  3402 D HwConnectivityServiceEx: set 10423 rmnet0 value false
11-03 16:36:04.772 21018 21018 D BoundBrokerSvc: onUnbind: Intent { act=com.google.android.gms.presencemanager.service.START dat=chimera-action: cmp=com.google.android.gms/.chimera.PersistentApiService }
11-03 16:36:04.778 21018 21018 D BoundBrokerSvc: onUnbind: Intent { act=com.google.android.gms.presencemanager.service.INTERNAL_IDENTITY dat=chimera-action: cmp=com.google.android.gms/.chimera.PersistentApiService }
11-03 16:36:05.239  2606  3988 I Booster_Qoe: AdaBoostPredict rlt,index:5,NisPsSlow:0,NProba:431,rsrp(rssi):-110,rsrq(noise):-14,rtt(chload):0,buffhigh(uldelay):0,buffcomm(rtt):0
11-03 16:36:05.239  2606  3988 I Booster_Qoe: AdaBoostPredict rlt,index:0,NisPsSlow:0,NProba:431,rsrp(rssi):-110,rsrq(noise):-14,rtt(chload):0,buffhigh(uldelay):0,buffcomm(rtt):0
11-03 16:36:05.239  2606  3045 I NetworkQoeProxy: calcChannelNoRx dnsData is not present
11-03 16:36:05.240  2606  3045 E Booster_NetworkQoeChr: [startTcpStackInfoStaticForChr]startTcpStackInfoStaticForChr failed, qoeTcpDataOpt is null
11-03 16:36:05.241  2606  3045 D NpdcpAliveManager: ro.odm.npdcp_alive_cfg_enable is false
11-03 16:36:05.241  2606  3045 E SmartDualCardSM: isSignalStrengthPoorScreenOn 2/3G or UNKNOWN true slotId:1
11-03 16:36:05.241  2606  3045 E SmartDualCardSM: isSignalStrengthPoorScreenOn 2/3G or UNKNOWN true slotId:1
11-03 16:36:05.241  2606  3045 I SmartDualCardSM: isSlaveCardNetworkBad return true,mIsSignalStengthPoors =true,mNetworkType=1,mDownlinkSpeedLimits=1048576,mDataRoaming=false
11-03 16:36:05.241  2606  3045 E FourNetCombinationChr: getNetworkQoeInfo failed, qoeTcpDataOpt is null
11-03 16:36:05.242  2606  3407 I Hicom_Monitor: handleNetworkQoeReport. foregroundAppTcpRtt: 0, maxRatioChannelId: 0
11-03 16:36:05.242  2606  3407 I Hicom_Monitor: handleNetworkQoeReport. qoeString: 10423,4,0,431,1,0,4,0,431,457,2136,10,0,0,0,0,0
11-03 16:36:05.385  1717  2076 I ActivityManager: sendIntentSender target:PendingIntentRecord{84e73c2 com.huawei.nearby broadcastIntent}, intent:flg=0x4 hwFlg=0x810
11-03 16:36:05.385  1717  2076 W ActivityManager: Sending non-protected broadcast DeviceMonitorService.MonitorStrategy.NormalAlarm from system uid 1000 pkg com.huawei.nearby
11-03 16:36:05.386  1717  1961 I PowerManagerService: handleSandman: wakefulness: 1,startDreaming: false
11-03 16:36:05.386  2573  2573 I MonitorStrategy: alarm, action=DeviceMonitorService.MonitorStrategy.NormalAlarm
11-03 16:36:05.386  2573  2942 I MonitorStrategy: check changed status
11-03 16:36:05.387  2573  2942 D CommonUtils: Current screen state isOn: true
11-03 16:36:05.387  2573  2942 I ElectionHeartbeatInfo: reset current master weight=2807
11-03 16:36:05.387  2573  2942 I P2pInfo : getP2pMac: 82:**:**:**:77:ca
11-03 16:36:05.387  2573  2942 I P2pInfo : getGoMac: unknow
11-03 16:36:05.387  2573  2942 I MonitorStrategy: local DeviceInfo=[udid=789B********38AF, type=PHONE, uuid=DED4********2B88, brmac=unknow, accountId=180007000004153691, selfWeight= 2807, group=[256, 512, 1, 257], online={}, softbusver=11.3.0.001, packagever=2.0.0.242, seqNum=-1, ip=127.0.0***, aport=, sport=, pport=, p2p_mac=82:**:**:**:77:ca, go_mac=unknow, hashcode=113952101, heartbeat=15628648955]
11-03 16:36:05.387  2573  2942 W MonitorStrategy: condition heartbeat bluetooth off
11-03 16:36:05.387  2573  2942 I MonitorStrategy: device check lost at heartbeat, bleBackGround false or not screenOne or need more time
11-03 16:36:05.387  2573  2942 I RoleElectionEngine: hasn't relayed when increment, weightAuto: 2807, seqAuto: 72
11-03 16:36:05.387  2573  2942 I MonitorStrategy: start alarm isContinueClock=true, isHighPerformance=false, now=3194873002, startTime=3195173002
11-03 16:36:05.388  2641  3419 I LocationDetection: need regisiter L_H_F
11-03 16:36:05.388  1717  3402 V BroadcastQueue: Finished with ordered broadcast BroadcastRecord{20a119f u0 DeviceMonitorService.MonitorStrategy.NormalAlarm}
11-03 16:36:05.389  2641  3596 I PG_ash  : com.huawei.nearby alarm com.huawei.airlink also handle it for share pid
11-03 16:36:05.389  2641  3596 I PG_ash  : com.huawei.nearby alarm com.huawei.iconnect also handle it for share pid
11-03 16:36:05.390  4659  5972 I CAWARENESS_CompatibleBinder: registerLocationFence
11-03 16:36:05.391  4659  4643 I CAWARENESS_FenceManager: addDataId name = null
11-03 16:36:05.391  4659  4643 I CAWARENESS_FenceManager: addDataId dataId = 0
11-03 16:36:05.391  4659  4643 I CAWARENESS_ManagedFenceFactory: AwarenessFence parsing to Optional.empty
11-03 16:36:05.391  4659  4643 I CAWARENESS_FenceManager: onResult, onResultListener=com.huawei.hiai.awareness.opencapacity.fence.FenceManager$3@52f687b, code=0
11-03 16:36:05.391  4659  4643 I CAWARENESS_CacheReportDataService: insertData
11-03 16:36:05.391  4659  5972 I CAWARENESS_CompatibleBinder: registerLocationFence
11-03 16:36:05.391  2641 11018 I LocationDetection: leaveHomeFence: RequestResult{6, 2, 3, null, 0, 0, 100, com.huawei.powergenie_1:1;6,2,3, 1, null, 4, 200007, error_unknown}
11-03 16:36:05.392  4659  4645 I CAWARENESS_FenceManager: addDataId name = null
11-03 16:36:05.392  4659  4645 I CAWARENESS_FenceManager: addDataId dataId = 0
11-03 16:36:05.392  4659  4645 I CAWARENESS_ManagedFenceFactory: AwarenessFence parsing to Optional.empty
11-03 16:36:05.392  4659  4645 I CAWARENESS_FenceManager: onResult, onResultListener=com.huawei.hiai.awareness.opencapacity.fence.FenceManager$3@6525ad6, code=0
11-03 16:36:05.392  4659  4645 I CAWARENESS_CacheReportDataService: insertData
11-03 16:36:05.392  4659  4645 W CAWARENESS_ThreadPool: thread pool CacheReportDataService(1) is busy 1/2
11-03 16:36:05.392  2641 11018 I LocationDetection: arriveHomeFence: RequestResult{6, 1, 3, null, 0, 0, 100, com.huawei.powergenie_1:1;6,1,3, 1, null, 4, 200007, error_unknown}
11-03 16:36:05.392  4659  5972 I CAWARENESS_CompatibleBinder: registerLocationFence
11-03 16:36:05.393  4659  4646 I CAWARENESS_FenceManager: addDataId name = null
11-03 16:36:05.393  4659  4646 I CAWARENESS_FenceManager: addDataId dataId = 0
11-03 16:36:05.393  4659  4646 I CAWARENESS_ManagedFenceFactory: AwarenessFence parsing to Optional.empty
11-03 16:36:05.393  4659  4646 I CAWARENESS_FenceManager: onResult, onResultListener=com.huawei.hiai.awareness.opencapacity.fence.FenceManager$3@db41444, code=0
11-03 16:36:05.393  4659  4646 I CAWARENESS_CacheReportDataService: insertData
11-03 16:36:05.393  4659  4646 W CAWARENESS_ThreadPool: thread pool CacheReportDataService(1) is busy 2/3
11-03 16:36:05.393  2641 11018 I LocationDetection: leaveCompanyFence: RequestResult{6, 8, 3, null, 0, 0, 100, com.huawei.powergenie_1:1;6,8,3, 1, null, 4, 200007, error_unknown}
11-03 16:36:05.393  4659  5972 I CAWARENESS_CompatibleBinder: registerLocationFence
11-03 16:36:05.394  4659  4647 I CAWARENESS_FenceManager: addDataId name = null
11-03 16:36:05.394  4659  4647 I CAWARENESS_FenceManager: addDataId dataId = 0
11-03 16:36:05.394  4659  4647 I CAWARENESS_ManagedFenceFactory: AwarenessFence parsing to Optional.empty
11-03 16:36:05.394  4659  4647 I CAWARENESS_FenceManager: onResult, onResultListener=com.huawei.hiai.awareness.opencapacity.fence.FenceManager$3@1f14e62, code=0
11-03 16:36:05.394  4659  4647 I CAWARENESS_CacheReportDataService: insertData
11-03 16:36:05.394  4659  4647 W CAWARENESS_ThreadPool: thread pool CacheReportDataService(1) is busy 3/4
11-03 16:36:05.394  2641 11018 I LocationDetection: arriveCompanyFence: RequestResult{6, 4, 3, null, 0, 0, 100, com.huawei.powergenie_1:1;6,4,3, 1, null, 4, 200007, error_unknown}
11-03 16:36:05.396  4659  4644 I CAWARENESS_AwarenessSQLiteDatabase: insert recId is 976507
11-03 16:36:05.396  4659  4644 I CAWARENESS_CacheReportDataService: Current count 193
11-03 16:36:05.397  2573  2942 I MonitorStrategy: in switch strategy, seqAuto= 72, seqRelay=0
11-03 16:36:05.397  4659  4648 I CAWARENESS_AwarenessSQLiteDatabase: insert recId is 976508
11-03 16:36:05.397  2573  2942 I HwIdHandler: getCurUserId: false
11-03 16:36:05.397  2573  2942 I MonitorStrategy: tick wifi
11-03 16:36:05.397  2573  2942 W MonitorStrategy: condition heartbeat bluetooth off
11-03 16:36:05.397  2573  2942 I SensorhubApi: isSupportSensorAdvertiseFilter
11-03 16:36:05.397  2573  2942 W BluetoothAdapter: getBluetoothService() called with no BluetoothManagerCallback
11-03 16:36:05.397  2573  2942 D BluetoothDeviceAdapterEx: isSupportSensorAdvertisFilter got null service
11-03 16:36:05.397  2573  2942 I BluetoothAdvFilterEx: isSupportSensorAdvertisFilter support:false
11-03 16:36:05.397  2573  2942 I SensorhubApi: isSupportSensorAdvertiseFilter false
11-03 16:36:05.397  2573  2942 I MonitorStrategy: election heartbeat tick condition not meet, tick abort
11-03 16:36:05.397  2573  2942 I WifiAuthManager: setHeartbeatInterval 600s
11-03 16:36:05.398  2573  2942 I MonitorStrategy: first time, do all Wifi discovery
11-03 16:36:05.398  4659  4648 I CAWARENESS_CacheReportDataService: Current count 194
11-03 16:36:05.398  1717  1961 I PowerManagerService: handleSandman: wakefulness: 1,startDreaming: false
11-03 16:36:05.398  4659  4649 I CAWARENESS_AwarenessSQLiteDatabase: insert recId is 976509
11-03 16:36:05.399  4659  4649 I CAWARENESS_CacheReportDataService: Current count 195
11-03 16:36:05.399  4659  4650 I CAWARENESS_AwarenessSQLiteDatabase: insert recId is 976510
11-03 16:36:05.400  4659  4650 I CAWARENESS_CacheReportDataService: Current count 196
11-03 16:36:05.434   681 32454 I netd    : trafficSwapActiveStatsMap() <23.53ms>
11-03 16:36:05.951  2663  2663 E Telephony-accessory: [HwPhoneAccessoryService]:Failed to get instance of HwPhoneAccessoryService, not init yet.
11-03 16:36:05.951  2663  2663 E Telephony-accessory: [HwPhoneAccessoryService]:Failed to get instance of HwPhoneAccessoryService, not init yet.
11-03 16:36:06.262  2606  3988 I Booster_Qoe: AdaBoostPredict rlt,index:5,NisPsSlow:0,NProba:431,rsrp(rssi):-110,rsrq(noise):-14,rtt(chload):0,buffhigh(uldelay):0,buffcomm(rtt):0
11-03 16:36:06.263  2606  3988 I Booster_Qoe: AdaBoostPredict rlt,index:0,NisPsSlow:0,NProba:431,rsrp(rssi):-110,rsrq(noise):-14,rtt(chload):0,buffhigh(uldelay):0,buffcomm(rtt):0
11-03 16:36:06.263  2606  3045 I NetworkQoeProxy: calcChannelNoRx dnsData is not present
11-03 16:36:06.264  2606  3045 E Booster_NetworkQoeChr: [startTcpStackInfoStaticForChr]startTcpStackInfoStaticForChr failed, qoeTcpDataOpt is null
11-03 16:36:06.264  2606  3045 D NpdcpAliveManager: ro.odm.npdcp_alive_cfg_enable is false
11-03 16:36:06.264  2606  3045 E SmartDualCardSM: isSignalStrengthPoorScreenOn 2/3G or UNKNOWN true slotId:1
11-03 16:36:06.264  2606  3045 E SmartDualCardSM: isSignalStrengthPoorScreenOn 2/3G or UNKNOWN true slotId:1
11-03 16:36:06.264  2606  3045 I SmartDualCardSM: isSlaveCardNetworkBad return true,mIsSignalStengthPoors =true,mNetworkType=1,mDownlinkSpeedLimits=1048576,mDataRoaming=false
11-03 16:36:06.264  2606  3045 E FourNetCombinationChr: getNetworkQoeInfo failed, qoeTcpDataOpt is null
11-03 16:36:06.265  2606  3407 I Hicom_Monitor: handleNetworkQoeReport. foregroundAppTcpRtt: 0, maxRatioChannelId: 0
11-03 16:36:06.265  2606  3407 I Hicom_Monitor: handleNetworkQoeReport. qoeString: 10423,4,0,431,1,0,4,0,431,457,2136,10,0,0,0,0,0
11-03 16:36:06.564  1717 14537 D HwConnectivityServiceEx: set 10423 rmnet0 value false
11-03 16:36:07.290  2606  3988 I Booster_Qoe: AdaBoostPredict rlt,index:5,NisPsSlow:0,NProba:431,rsrp(rssi):-110,rsrq(noise):-14,rtt(chload):0,buffhigh(uldelay):0,buffcomm(rtt):0
11-03 16:36:07.291  2606  3988 I Booster_Qoe: AdaBoostPredict rlt,index:0,NisPsSlow:0,NProba:431,rsrp(rssi):-110,rsrq(noise):-14,rtt(chload):0,buffhigh(uldelay):0,buffcomm(rtt):0
11-03 16:36:07.291  2606  3045 I NetworkQoeProxy: calcChannelNoRx dnsData is not present
11-03 16:36:07.292  2606  3045 E Booster_NetworkQoeChr: [startTcpStackInfoStaticForChr]startTcpStackInfoStaticForChr failed, qoeTcpDataOpt is null
11-03 16:36:07.292  2606  3045 D NpdcpAliveManager: ro.odm.npdcp_alive_cfg_enable is false
11-03 16:36:07.293  2606  3045 E SmartDualCardSM: isSignalStrengthPoorScreenOn 2/3G or UNKNOWN true slotId:1
11-03 16:36:07.293  2606  3045 E SmartDualCardSM: isSignalStrengthPoorScreenOn 2/3G or UNKNOWN true slotId:1
11-03 16:36:07.293  2606  3045 I SmartDualCardSM: isSlaveCardNetworkBad return true,mIsSignalStengthPoors =true,mNetworkType=1,mDownlinkSpeedLimits=1048576,mDataRoaming=false
11-03 16:36:07.293  2606  3045 E FourNetCombinationChr: getNetworkQoeInfo failed, qoeTcpDataOpt is null
11-03 16:36:07.293  2606  3407 I Hicom_Monitor: handleNetworkQoeReport. foregroundAppTcpRtt: 0, maxRatioChannelId: 0
11-03 16:36:07.293  2606  3407 I Hicom_Monitor: handleNetworkQoeReport. qoeString: 10423,4,0,431,1,0,4,0,431,457,2136,10,0,0,0,0,0
11-03 16:36:07.551  1033  1033 E Thermal-daemon:hw_thermal: [charger_ic] tempNew :38  tempOld :37
11-03 16:36:07.551  1033  1033 E Thermal-daemon:hw_thermal: Report temperature: [charger_ic] temp :38  reportThreshold:1
11-03 16:36:07.551  1033  1033 E Thermal-daemon:hw_thermal: [pa_0] tempNew :39  tempOld :38
11-03 16:36:07.552  1033  1033 E Thermal-daemon:hw_thermal: Report temperature: [pa_0] temp :39  reportThreshold:1
11-03 16:36:07.713  2663  2663 E Telephony-accessory: [HwPhoneAccessoryService]:Failed to get instance of HwPhoneAccessoryService, not init yet.
11-03 16:36:07.713  2663  2737 E Telephony-accessory: [HwPhoneAccessoryService]:Failed to get instance of HwPhoneAccessoryService, not init yet.
11-03 16:36:07.713  2663  5178 E Telephony-accessory: [HwPhoneAccessoryService]:Failed to get instance of HwPhoneAccessoryService, not init yet.
11-03 16:36:07.713  1717  1717 I MQoS    : onSignal: mSubId=1,currDataSubID=0
11-03 16:36:07.713  1717  1717 E MQoS    : invalid signal strength.
11-03 16:36:07.713  2663  3833 E Telephony-accessory: [HwPhoneAccessoryService]:Failed to get instance of HwPhoneAccessoryService, not init yet.
11-03 16:36:07.713  2663  2663 E Telephony-accessory: [HwPhoneAccessoryService]:Failed to get instance of HwPhoneAccessoryService, not init yet.
11-03 16:36:07.714  2663  4290 E Telephony-accessory: [HwPhoneAccessoryService]:Failed to get instance of HwPhoneAccessoryService, not init yet.
11-03 16:36:07.714  2663  2663 D Mapcon  : TelephonyTracker: [onSignalStrengthsChanged]phoneId=1, level=3
11-03 16:36:07.714  2663  5178 E Telephony-accessory: [HwPhoneAccessoryService]:Failed to get instance of HwPhoneAccessoryService, not init yet.
11-03 16:36:07.714  2663  3869 E Telephony-accessory: [HwPhoneAccessoryService]:Failed to get instance of HwPhoneAccessoryService, not init yet.
11-03 16:36:07.714  1717  1717 I MQoS    : received cell-signal:4
11-03 16:36:07.714  2663  2663 E Telephony-accessory: [HwPhoneAccessoryService]:Failed to get instance of HwPhoneAccessoryService, not init yet.
11-03 16:36:07.714  2663  3974 D Mapcon  : VoiceManager-5-PrepareState: [a]MsgIdEnum=MAPCON_MESSAGE_TM_CMD_SIGNAL_STRENGTH_CHANED_IND
11-03 16:36:07.714  2663  3870 E Telephony-accessory: [HwPhoneAccessoryService]:Failed to get instance of HwPhoneAccessoryService, not init yet.
11-03 16:36:07.714  2663  3974 I chatty  : uid=1001(radio) VoiceManager-5 identical 1 line
11-03 16:36:07.714  2663  3974 D Mapcon  : VoiceManager-5-PrepareState: [a]MsgIdEnum=MAPCON_MESSAGE_TM_CMD_SIGNAL_STRENGTH_CHANED_IND
11-03 16:36:07.714  2663  3974 D Mapcon  : VoiceManager-5-DefaultState: [a]MsgIdEnum=MAPCON_MESSAGE_TM_CMD_SIGNAL_STRENGTH_CHANED_IND
11-03 16:36:07.714  2663  3974 D Mapcon  : VoiceManager-5-DefaultState: [a]MsgIdEnum=MAPCON_MESSAGE_TM_CMD_SIGNAL_STRENGTH_CHANED_IND
11-03 16:36:07.714  2606  3045 I PreDnsQuery: No need to handled!
11-03 16:36:07.715  2663  3870 E Telephony-accessory: [HwPhoneAccessoryService]:Failed to get instance of HwPhoneAccessoryService, not init yet.
11-03 16:36:07.715  2606  2606 D TelephonyUtil: onSignalStrengthsChanged
11-03 16:36:07.715  2606  2606 D TelephonyUtil: handleSignalStrengthsChanged slotId:1
11-03 16:36:07.715  2663  3870 E Telephony-accessory: [HwPhoneAccessoryService]:Failed to get instance of HwPhoneAccessoryService, not init yet.
11-03 16:36:07.715   681 32454 I OemNetd : setNetBoosterRsrpRsrq(-109, -1)
11-03 16:36:07.715  2663  3870 E Telephony-accessory: [HwPhoneAccessoryService]:Failed to get instance of HwPhoneAccessoryService, not init yet.
11-03 16:36:07.715  1717  3402 I HwNetworkManagementService: setNetBoosterRsrpRsrq succeeded
11-03 16:36:07.715  2606  3045 I OllieMsgCenter: publishEvt=2131099740
11-03 16:36:07.716  2606  3045 E SmartDualCardSM: isSignalStrengthPoorScreenOn 2/3G or UNKNOWN true slotId:1
11-03 16:36:07.716  2606  3045 I SmartDualCardSM: IdleState:got msg.what=EVENT_UMTS_RSCP_CHANGED
11-03 16:36:07.716  2663  3870 E Telephony-accessory: [HwPhoneAccessoryService]:Failed to get instance of HwPhoneAccessoryService, not init yet.
11-03 16:36:07.716  2663  3870 E Telephony-accessory: [HwPhoneAccessoryService]:Failed to get instance of HwPhoneAccessoryService, not init yet.
11-03 16:36:07.717  2295  2295 I MobileSignalController: copyFrom::dataConnected = false
11-03 16:36:07.717  2295  2295 I MobileSignalController: copyFrom::dataConnected = false
11-03 16:36:07.748   729 26641 W hwcomposer: setGpuFreqBoost:159: boostGpuFreq release !
11-03 16:36:07.871   729 26641 W hwcomposer: setGpuFreqBoost:154: boostGpuFreq succ !
11-03 16:36:08.017  1717  1717 I MQoS    : onSignal: mSubId=0,currDataSubID=0
11-03 16:36:08.017  2663  2663 E Telephony-accessory: [HwPhoneAccessoryService]:Failed to get instance of HwPhoneAccessoryService, not init yet.
11-03 16:36:08.017  2663  5178 E Telephony-accessory: [HwPhoneAccessoryService]:Failed to get instance of HwPhoneAccessoryService, not init yet.
11-03 16:36:08.017  2663  3870 E Telephony-accessory: [HwPhoneAccessoryService]:Failed to get instance of HwPhoneAccessoryService, not init yet.
11-03 16:36:08.017  2663  2768 E Telephony-accessory: [HwPhoneAccessoryService]:Failed to get instance of HwPhoneAccessoryService, not init yet.
11-03 16:36:08.018  2663  5178 E Telephony-accessory: [HwPhoneAccessoryService]:Failed to get instance of HwPhoneAccessoryService, not init yet.
11-03 16:36:08.018  2663  2663 E Telephony-accessory: [HwPhoneAccessoryService]:Failed to get instance of HwPhoneAccessoryService, not init yet.
11-03 16:36:08.018  2663  3870 E Telephony-accessory: [HwPhoneAccessoryService]:Failed to get instance of HwPhoneAccessoryService, not init yet.
11-03 16:36:08.018  2663  2663 D Mapcon  : TelephonyTracker: [onSignalStrengthsChanged]phoneId=0, level=3
11-03 16:36:08.018  2663  3869 E Telephony-accessory: [HwPhoneAccessoryService]:Failed to get instance of HwPhoneAccessoryService, not init yet.
11-03 16:36:08.018  2663  2663 E Telephony-accessory: [HwPhoneAccessoryService]:Failed to get instance of HwPhoneAccessoryService, not init yet.
11-03 16:36:08.018  2663  3960 D Mapcon  : VoiceManager-0-PrepareState: [a]MsgIdEnum=MAPCON_MESSAGE_TM_CMD_SIGNAL_STRENGTH_CHANED_IND
11-03 16:36:08.019  2663  3960 I chatty  : uid=1001(radio) VoiceManager-0 identical 1 line
11-03 16:36:08.019  2663  3960 D Mapcon  : VoiceManager-0-PrepareState: [a]MsgIdEnum=MAPCON_MESSAGE_TM_CMD_SIGNAL_STRENGTH_CHANED_IND
11-03 16:36:08.019  2663  3960 D Mapcon  : VoiceManager-0-DefaultState: [a]MsgIdEnum=MAPCON_MESSAGE_TM_CMD_SIGNAL_STRENGTH_CHANED_IND
11-03 16:36:08.018  2663  5178 E Telephony-accessory: [HwPhoneAccessoryService]:Failed to get instance of HwPhoneAccessoryService, not init yet.
11-03 16:36:08.019  2663  3870 E Telephony-accessory: [HwPhoneAccessoryService]:Failed to get instance of HwPhoneAccessoryService, not init yet.
11-03 16:36:08.019  2663  2737 E Telephony-accessory: [HwPhoneAccessoryService]:Failed to get instance of HwPhoneAccessoryService, not init yet.
11-03 16:36:08.019  2663  5178 E Telephony-accessory: [HwPhoneAccessoryService]:Failed to get instance of HwPhoneAccessoryService, not init yet.
11-03 16:36:08.019  1717  1717 I MQoS    : received cell-signal:4
11-03 16:36:08.020  2663  3869 E Telephony-accessory: [HwPhoneAccessoryService]:Failed to get instance of HwPhoneAccessoryService, not init yet.
11-03 16:36:08.020  2606  2606 D TelephonyUtil: onSignalStrengthsChanged
11-03 16:36:08.020  2606  2606 D TelephonyUtil: handleSignalStrengthsChanged slotId:0
11-03 16:36:08.020  2663  5178 E Telephony-accessory: [HwPhoneAccessoryService]:Failed to get instance of HwPhoneAccessoryService, not init yet.
11-03 16:36:08.021  2663  2737 E Telephony-accessory: [HwPhoneAccessoryService]:Failed to get instance of HwPhoneAccessoryService, not init yet.
11-03 16:36:08.266  2539 30708 I HwSearchService: [IndexServiceGuarderHandler]: IndexRAMMonitor: 35MB ram is used
11-03 16:36:08.272  2641  2641 W com.huawei.iaware: type=1400 audit(0.0:980281): avc: granted { getattr } for pid=2641 comm=616374696F6E732068616E646C6572 path="/data/system/users/0/appwidgets.xml" dev="sdd71" ino=26408 scontext=u:r:system_app:s0 tcontext=u:object_r:system_data_file:s0 tclass=file
11-03 16:36:08.274  2641  3596 I PG_ash  : has widget app: com.huawei.android.totemweather
11-03 16:36:08.275  2641  3596 I PG_ash  : Application com.huawei.android.totemweather, oversea just update widget, delay to H!
11-03 16:36:08.311  2606  3988 I Booster_Qoe: AdaBoostPredict rlt,index:5,NisPsSlow:0,NProba:431,rsrp(rssi):-110,rsrq(noise):-14,rtt(chload):0,buffhigh(uldelay):0,buffcomm(rtt):0
11-03 16:36:08.311  2606  3988 I Booster_Qoe: AdaBoostPredict rlt,index:0,NisPsSlow:0,NProba:431,rsrp(rssi):-110,rsrq(noise):-14,rtt(chload):0,buffhigh(uldelay):0,buffcomm(rtt):0
11-03 16:36:08.311  2606  3045 I NetworkQoeProxy: calcChannelNoRx dnsData is not present
11-03 16:36:08.019  2663  3960 D Mapcon  : VoiceManager-0-DefaultState: [a]MsgIdEnum=MAPCON_MESSAGE_TM_CMD_SIGNAL_STRENGTH_CHANED_IND
11-03 16:36:08.312  2606  3045 E Booster_NetworkQoeChr: [startTcpStackInfoStaticForChr]startTcpStackInfoStaticForChr failed, qoeTcpDataOpt is null
11-03 16:36:08.312  2606  3045 D NpdcpAliveManager: ro.odm.npdcp_alive_cfg_enable is false
11-03 16:36:08.312  2606  3045 E SmartDualCardSM: isSignalStrengthPoorScreenOn 2/3G or UNKNOWN true slotId:1
11-03 16:36:08.313  2606  3045 E SmartDualCardSM: isSignalStrengthPoorScreenOn 2/3G or UNKNOWN true slotId:1
11-03 16:36:08.313  2606  3045 I SmartDualCardSM: isSlaveCardNetworkBad return true,mIsSignalStengthPoors =true,mNetworkType=1,mDownlinkSpeedLimits=1048576,mDataRoaming=false
11-03 16:36:08.313  2606  3045 E FourNetCombinationChr: getNetworkQoeInfo failed, qoeTcpDataOpt is null
11-03 16:36:08.313  2606  3407 I Hicom_Monitor: handleNetworkQoeReport. foregroundAppTcpRtt: 0, maxRatioChannelId: 0
11-03 16:36:08.313  2606  3407 I Hicom_Monitor: handleNetworkQoeReport. qoeString: 10423,4,0,431,1,0,4,0,431,457,2136,10,0,0,0,0,0
11-03 16:36:08.874  4565  4565 I dex2oat : Explicit concurrent copying GC freed 285066(41MB) AllocSpace objects, 0(0B) LOS objects, 75% free, 1263KB/5053KB, paused 75us total 13.164ms
11-03 16:36:08.933  4565  4565 W dex2oat : Accessing hidden method Landroid/app/AppComponentFactory;-><clinit>()V (blacklist, linking, denied)
11-03 16:36:08.933  4565  4565 W dex2oat : Accessing hidden method Landroid/app/job/JobServiceEngine;-><clinit>()V (blacklist, linking, denied)
11-03 16:36:08.938  4565  4565 W dex2oat : Accessing hidden method Landroid/graphics/Canvas;->drawPatch(Landroid/graphics/NinePatch;Landroid/graphics/Rect;Landroid/graphics/Paint;)V (greylist-max-o, linking, denied)
11-03 16:36:08.938  4565  4565 W dex2oat : Accessing hidden method Landroid/graphics/Canvas;->drawPatch(Landroid/graphics/NinePatch;Landroid/graphics/RectF;Landroid/graphics/Paint;)V (greylist-max-o, linking, denied)
11-03 16:36:09.116  1717  2076 I ActivityManager: sendIntentSender target:PendingIntentRecord{dd47913 com.android.phone broadcastIntent}, intent:flg=0x4 hwFlg=0x810
11-03 16:36:09.117  1717  1961 I PowerManagerService: handleSandman: wakefulness: 1,startDreaming: false
11-03 16:36:09.118  2641  3419 I LocationDetection: need regisiter L_H_F
11-03 16:36:09.118  2606  3045 I DollieDcTracterAdapter: handleSendGetTcpSumToKernel enter
11-03 16:36:09.119  4659  5972 I CAWARENESS_CompatibleBinder: registerLocationFence
11-03 16:36:09.120  4659  4652 I CAWARENESS_FenceManager: addDataId name = null
11-03 16:36:09.120  4659  4652 I CAWARENESS_FenceManager: addDataId dataId = 0
11-03 16:36:09.120  4659  5972 I CAWARENESS_CompatibleBinder: registerLocationFence
11-03 16:36:09.120  4659  4652 I CAWARENESS_ManagedFenceFactory: AwarenessFence parsing to Optional.empty
11-03 16:36:09.120  4659  4652 I CAWARENESS_FenceManager: onResult, onResultListener=com.huawei.hiai.awareness.opencapacity.fence.FenceManager$3@3d7d44f, code=0
11-03 16:36:09.120  4659  4652 I CAWARENESS_CacheReportDataService: insertData
11-03 16:36:09.120  4659  5972 W CAWARENESS_ThreadPool: thread pool FenceManager(1) is busy 1/2
11-03 16:36:09.121  2641 11018 I LocationDetection: leaveHomeFence: RequestResult{6, 2, 3, null, 0, 0, 100, com.huawei.powergenie_1:1;6,2,3, 1, null, 4, 200007, error_unknown}
11-03 16:36:09.121  4659  4654 I CAWARENESS_FenceManager: addDataId name = null
11-03 16:36:09.121  4659  4654 I CAWARENESS_FenceManager: addDataId dataId = 0
11-03 16:36:09.121  4659  4654 I CAWARENESS_ManagedFenceFactory: AwarenessFence parsing to Optional.empty
11-03 16:36:09.121  4659  4654 I CAWARENESS_FenceManager: onResult, onResultListener=com.huawei.hiai.awareness.opencapacity.fence.FenceManager$3@91a47ba, code=0
11-03 16:36:09.121  4659  4654 I CAWARENESS_CacheReportDataService: insertData
11-03 16:36:09.121  4659  5972 I CAWARENESS_CompatibleBinder: registerLocationFence
11-03 16:36:09.121  4659  4654 W CAWARENESS_ThreadPool: thread pool CacheReportDataService(1) is busy 1/2
11-03 16:36:09.121  2641 11018 I LocationDetection: arriveHomeFence: RequestResult{6, 1, 3, null, 0, 0, 100, com.huawei.powergenie_1:1;6,1,3, 1, null, 4, 200007, error_unknown}
11-03 16:36:09.122  4659  4655 I CAWARENESS_FenceManager: addDataId name = null
11-03 16:36:09.122  4659  4655 I CAWARENESS_FenceManager: addDataId dataId = 0
11-03 16:36:09.122  4659  4655 I CAWARENESS_ManagedFenceFactory: AwarenessFence parsing to Optional.empty
11-03 16:36:09.122  4659  4655 I CAWARENESS_FenceManager: onResult, onResultListener=com.huawei.hiai.awareness.opencapacity.fence.FenceManager$3@67d65c8, code=0
11-03 16:36:09.122  4659  4655 I CAWARENESS_CacheReportDataService: insertData
11-03 16:36:09.122  4659  4655 W CAWARENESS_ThreadPool: thread pool CacheReportDataService(1) is busy 2/3
11-03 16:36:09.122  2641 11018 I LocationDetection: leaveCompanyFence: RequestResult{6, 8, 3, null, 0, 0, 100, com.huawei.powergenie_1:1;6,8,3, 1, null, 4, 200007, error_unknown}
11-03 16:36:09.123  4659  5972 I CAWARENESS_CompatibleBinder: registerLocationFence
11-03 16:36:09.123  1717  3402 V BroadcastQueue: Finished with ordered broadcast BroadcastRecord{38828bb u0 com.android.internal.telephony.data-stall}
11-03 16:36:09.123   762  1580 D AudioPolicyService: getUidState(10099) !cacheIter->second.first, return PROCESS_STATE_UNKNOWN
11-03 16:36:09.124   762  1580 D AudioPolicyService: getUidState(10031) !cacheIter->second.first, return PROCESS_STATE_UNKNOWN
11-03 16:36:09.125  4659  4653 I CAWARENESS_AwarenessSQLiteDatabase: insert recId is 976511
11-03 16:36:09.125  4659  4656 I CAWARENESS_FenceManager: addDataId name = null
11-03 16:36:09.125  4659  4656 I CAWARENESS_FenceManager: addDataId dataId = 0
11-03 16:36:09.125  4659  4656 I CAWARENESS_ManagedFenceFactory: AwarenessFence parsing to Optional.empty
11-03 16:36:09.125  4659  4656 I CAWARENESS_FenceManager: onResult, onResultListener=com.huawei.hiai.awareness.opencapacity.fence.FenceManager$3@5152586, code=0
11-03 16:36:09.125  4659  4656 I CAWARENESS_CacheReportDataService: insertData
11-03 16:36:09.125  4659  4656 W CAWARENESS_ThreadPool: thread pool CacheReportDataService(1) is busy 3/4
11-03 16:36:09.125  2641 11018 I LocationDetection: arriveCompanyFence: RequestResult{6, 4, 3, null, 0, 0, 100, com.huawei.powergenie_1:1;6,4,3, 1, null, 4, 200007, error_unknown}
11-03 16:36:09.126  1717  1961 I PowerManagerService: handleSandman: wakefulness: 1,startDreaming: false
11-03 16:36:09.126  4659  4653 I CAWARENESS_CacheReportDataService: Current count 197
11-03 16:36:09.126  4659  4657 I CAWARENESS_AwarenessSQLiteDatabase: insert recId is 976512
11-03 16:36:09.127  4659  4657 I CAWARENESS_CacheReportDataService: Current count 198
11-03 16:36:09.128  4659  4658 I CAWARENESS_AwarenessSQLiteDatabase: insert recId is 976513
11-03 16:36:09.128  4659  4658 I CAWARENESS_CacheReportDataService: Current count 199
11-03 16:36:09.129  4659  4660 I CAWARENESS_AwarenessSQLiteDatabase: insert recId is 976514
11-03 16:36:09.129  4659  4660 I CAWARENESS_CacheReportDataService: Current count 200
11-03 16:36:09.129  4659  4660 I CAWARENESS_UploadOmDataService: bindService
11-03 16:36:09.135  4659  4659 I CAWARENESS_UploadOmDataService: onServiceConnected
11-03 16:36:09.137 10860 10947 E HwHiAIEngine_g: onInterfaceReport isEnableReport is false
11-03 16:36:09.144 10860 10947 I chatty  : uid=10137(com.huawei.hiai) Binder:10860_4 identical 11 lines
11-03 16:36:09.144 10860 10947 E HwHiAIEngine_g: onInterfaceReport isEnableReport is false
11-03 16:36:09.145  9542  9938 E SmartChgBase/File: file /data/user_de/0/com.huawei.systemmanager/files/smart_charge/base/mock/enable is invalid in IsFileExist
11-03 16:36:09.145  9542  9938 E SmartChgBase/File: file /data/user_de/0/com.huawei.systemmanager/files/smart_charge/base/mock/enable is invalid in IsFileExist
11-03 16:36:09.145 10860 10947 E HwHiAIEngine_g: onInterfaceReport isEnableReport is false
11-03 16:36:09.182 10860 10947 I chatty  : uid=10137(com.huawei.hiai) Binder:10860_4 identical 45 lines
11-03 16:36:09.182 10860 10947 E HwHiAIEngine_g: onInterfaceReport isEnableReport is false
11-03 16:36:09.183  4565  4565 W dex2oat : Accessing hidden method Landroid/view/WindowInsets$Type;->systemBars()I (blacklist, linking, denied)
11-03 16:36:09.183 10860 10947 E HwHiAIEngine_g: onInterfaceReport isEnableReport is false
11-03 16:36:09.269 10860 10947 I chatty  : uid=10137(com.huawei.hiai) Binder:10860_4 identical 130 lines
11-03 16:36:09.270 10860 10947 E HwHiAIEngine_g: onInterfaceReport isEnableReport is false
11-03 16:36:09.270  1053  1089 D AwareLog: iawared: fg_hl_ctl High load task has already exist, tid:4565
11-03 16:36:09.271 10860 10947 E HwHiAIEngine_g: onInterfaceReport isEnableReport is false
11-03 16:36:09.275 10860 10947 I chatty  : uid=10137(com.huawei.hiai) Binder:10860_4 identical 6 lines
11-03 16:36:09.276 10860 10947 E HwHiAIEngine_g: onInterfaceReport isEnableReport is false
11-03 16:36:09.279  4659  4661 I CAWARENESS_AwarenessSQLiteDatabase: om_report_data table delete successful, update column name: 200
11-03 16:36:09.279  4659  4661 I CAWARENESS_UploadOmDataService: unbindService
11-03 16:36:09.334  2606  3988 I Booster_Qoe: AdaBoostPredict rlt,index:5,NisPsSlow:0,NProba:431,rsrp(rssi):-110,rsrq(noise):-14,rtt(chload):0,buffhigh(uldelay):0,buffcomm(rtt):0
11-03 16:36:09.334  2606  3988 I Booster_Qoe: AdaBoostPredict rlt,index:0,NisPsSlow:0,NProba:431,rsrp(rssi):-110,rsrq(noise):-14,rtt(chload):0,buffhigh(uldelay):0,buffcomm(rtt):0
11-03 16:36:09.334  2606  3045 I NetworkQoeProxy: calcChannelNoRx dnsData is not present
11-03 16:36:09.335  2606  3045 E Booster_NetworkQoeChr: [startTcpStackInfoStaticForChr]startTcpStackInfoStaticForChr failed, qoeTcpDataOpt is null
11-03 16:36:09.335  2606  3045 D NpdcpAliveManager: ro.odm.npdcp_alive_cfg_enable is false
11-03 16:36:09.336  2606  3045 E SmartDualCardSM: isSignalStrengthPoorScreenOn 2/3G or UNKNOWN true slotId:1
11-03 16:36:09.336  2606  3045 E SmartDualCardSM: isSignalStrengthPoorScreenOn 2/3G or UNKNOWN true slotId:1
11-03 16:36:09.336  2606  3045 I SmartDualCardSM: isSlaveCardNetworkBad return true,mIsSignalStengthPoors =true,mNetworkType=1,mDownlinkSpeedLimits=1048576,mDataRoaming=false
11-03 16:36:09.336  2606  3045 E FourNetCombinationChr: getNetworkQoeInfo failed, qoeTcpDataOpt is null
11-03 16:36:09.336  2606  3407 I Hicom_Monitor: handleNetworkQoeReport. foregroundAppTcpRtt: 0, maxRatioChannelId: 0
11-03 16:36:09.336  2606  3407 I Hicom_Monitor: handleNetworkQoeReport. qoeString: 10423,4,0,431,1,0,4,0,431,457,2136,10,0,0,0,0,0
11-03 16:36:09.942  1717  7707 I MQoS    : MSG_QUERY_TCP_INFO called,count:19977
11-03 16:36:09.942  1717  7707 D HwConnectivityServiceEx: set 1000 rmnet0 value false
11-03 16:36:09.942  1717  2142 I HwWifiProServiceProxy: ctrlHwWifiNetwork pkgName: WIFIPRO_SERVICE interfaceId: 8
11-03 16:36:09.943  1717  2142 I QosMonitor: postEventFromNative: msg=100,arg1=0,arg2=10
11-03 16:36:09.943  1717  2142 I MQoS    : rtt=0,tcpTxPkts=0,tcpRxPkts=0
11-03 16:36:09.944  1717  7707 I TrafficMonitor: getStatic,count:0,work status:false
11-03 16:36:09.944  1717  7707 I MQoS    : QOS_level:4(4),use RAT:4G;signalLvl:4
11-03 16:36:10.249  2663  2663 E Telephony-accessory: [HwPhoneAccessoryService]:Failed to get instance of HwPhoneAccessoryService, not init yet.
11-03 16:36:10.249  2663  2663 E Telephony-accessory: [HwPhoneAccessoryService]:Failed to get instance of HwPhoneAccessoryService, not init yet.
11-03 16:36:10.362  2606  3988 I Booster_Qoe: AdaBoostPredict rlt,index:5,NisPsSlow:0,NProba:431,rsrp(rssi):-110,rsrq(noise):-14,rtt(chload):0,buffhigh(uldelay):0,buffcomm(rtt):0
11-03 16:36:10.362  2606  3988 I Booster_Qoe: AdaBoostPredict rlt,index:0,NisPsSlow:0,NProba:431,rsrp(rssi):-110,rsrq(noise):-14,rtt(chload):0,buffhigh(uldelay):0,buffcomm(rtt):0
11-03 16:36:10.362  2606  3045 I NetworkQoeProxy: calcChannelNoRx dnsData is not present
11-03 16:36:10.363  2606  3045 E Booster_NetworkQoeChr: [startTcpStackInfoStaticForChr]startTcpStackInfoStaticForChr failed, qoeTcpDataOpt is null
11-03 16:36:10.363  2606  3045 D NpdcpAliveManager: ro.odm.npdcp_alive_cfg_enable is false
11-03 16:36:10.363  2606  3045 E SmartDualCardSM: isSignalStrengthPoorScreenOn 2/3G or UNKNOWN true slotId:1
11-03 16:36:10.364  2606  3045 E SmartDualCardSM: isSignalStrengthPoorScreenOn 2/3G or UNKNOWN true slotId:1
11-03 16:36:10.364  2606  3045 I SmartDualCardSM: isSlaveCardNetworkBad return true,mIsSignalStengthPoors =true,mNetworkType=1,mDownlinkSpeedLimits=1048576,mDataRoaming=false
11-03 16:36:10.364  2606  3045 E FourNetCombinationChr: getNetworkQoeInfo failed, qoeTcpDataOpt is null
11-03 16:36:10.364  2606  3407 I Hicom_Monitor: handleNetworkQoeReport. foregroundAppTcpRtt: 0, maxRatioChannelId: 0
11-03 16:36:10.364  2606  3407 I Hicom_Monitor: handleNetworkQoeReport. qoeString: 10423,4,0,431,1,0,4,0,431,457,2136,10,0,0,0,0,0
11-03 16:36:10.462   681 32454 I netd    : trafficSwapActiveStatsMap() <12.91ms>
11-03 16:36:10.563  1717  2442 D HwConnectivityServiceEx: set 10423 rmnet0 value false
11-03 16:36:10.741  4565  4565 I dex2oat : dex2oat took 15.083s (14.979s cpu) (threads: 1) arena alloc=3140KB (3216176B) java alloc=1279KB (1310192B) native alloc=58MB (61414024B) free=9913KB (10151288B) swap=32MB (33554432B)
11-03 16:36:10.762  1025 10322 V installd: DexInv: --- END '/data/app/com.eventmarketplace.app-JrCWdXV3HL-HEOQgWsK4-Q==/base.apk' (success) ---
11-03 16:36:10.763  1025 10322 D installd: forkNotifyToRMS parcel pid=0, ppid=1025, pkg=com.eventmarketplace.app, status=2, num=0, time=0
11-03 16:36:10.767  1717  1961 I PowerManagerService: handleSandman: wakefulness: 1,startDreaming: false
11-03 16:36:10.787  2606  3045 I SpeedTestNotifier: is low speed scene
11-03 16:36:10.868    53    53 W migration/7: type=1400 audit(0.0:980282): avc: granted { setsched } for pid=53 scontext=u:r:kernel:s0 tcontext=u:r:kernel:s0 tclass=process
11-03 16:36:10.868    47    47 W migration/6: type=1400 audit(0.0:980283): avc: granted { setsched } for pid=47 scontext=u:r:kernel:s0 tcontext=u:r:kernel:s0 tclass=process
11-03 16:36:11.383  2606  3988 I Booster_Qoe: AdaBoostPredict rlt,index:5,NisPsSlow:0,NProba:431,rsrp(rssi):-110,rsrq(noise):-14,rtt(chload):0,buffhigh(uldelay):0,buffcomm(rtt):0
11-03 16:36:11.383  2606  3988 I Booster_Qoe: AdaBoostPredict rlt,index:0,NisPsSlow:0,NProba:431,rsrp(rssi):-110,rsrq(noise):-14,rtt(chload):0,buffhigh(uldelay):0,buffcomm(rtt):0
11-03 16:36:11.383  2606  3045 I NetworkQoeProxy: calcChannelNoRx dnsData is not present
11-03 16:36:11.385  2606  3045 E Booster_NetworkQoeChr: [startTcpStackInfoStaticForChr]startTcpStackInfoStaticForChr failed, qoeTcpDataOpt is null
11-03 16:36:11.385  2606  3045 D NpdcpAliveManager: ro.odm.npdcp_alive_cfg_enable is false
11-03 16:36:11.386  2606  3045 E SmartDualCardSM: isSignalStrengthPoorScreenOn 2/3G or UNKNOWN true slotId:1
11-03 16:36:11.386  2606  3045 E SmartDualCardSM: isSignalStrengthPoorScreenOn 2/3G or UNKNOWN true slotId:1
11-03 16:36:11.387  2606  3045 I SmartDualCardSM: isSlaveCardNetworkBad return true,mIsSignalStengthPoors =true,mNetworkType=1,mDownlinkSpeedLimits=1048576,mDataRoaming=false
11-03 16:36:11.387  2606  3045 E FourNetCombinationChr: getNetworkQoeInfo failed, qoeTcpDataOpt is null
11-03 16:36:11.387  2606  3407 I Hicom_Monitor: handleNetworkQoeReport. foregroundAppTcpRtt: 0, maxRatioChannelId: 0
11-03 16:36:11.387  2606  3407 I Hicom_Monitor: handleNetworkQoeReport. qoeString: 10423,4,0,431,1,0,4,0,431,457,2136,10,0,0,0,0,0
11-03 16:36:11.686  2663  2663 E Telephony-accessory: [HwPhoneAccessoryService]:Failed to get instance of HwPhoneAccessoryService, not init yet.
11-03 16:36:11.686  2663  2663 E Telephony-accessory: [HwPhoneAccessoryService]:Failed to get instance of HwPhoneAccessoryService, not init yet.
11-03 16:36:11.887  1054  1230 D COMMRIL : ComrilTimerStart TimerId = 24, tv->tv_sec = 1
11-03 16:36:11.889  1717  1961 I PowerManagerService: handleSandman: wakefulness: 1,startDreaming: false
11-03 16:36:11.917  2550  2550 E CHR_RilMsgTunnelManager: processRilUnsolData: eventID Error! -> 305
11-03 16:36:11.931  2663  2663 E Telephony-accessory: [HwPhoneAccessoryService]:Failed to get instance of HwPhoneAccessoryService, not init yet.
11-03 16:36:11.934  1717  1961 I chatty  : uid=1000(system) PowerManagerSer identical 7 lines
11-03 16:36:11.935  1717  1961 I PowerManagerService: handleSandman: wakefulness: 1,startDreaming: false
11-03 16:36:11.945  2663  2663 W SettingsEx: SettingsEx.Systemex.getString deprecated use Settings.System.getString instead, callers = com.android.internal.telephony.gsm.HwCustGsmServiceStateManagerImpl.isMccForShowNetname:222 com.android.internal.telephony.gsm.HwCustGsmServiceStateManagerImpl.isShowNetnameByMcc:213 com.android.internal.telephony.gsm.HwCustGsmServiceStateManagerImpl.setOnsDisplayCustomization:164 
11-03 16:36:12.118  1717  1961 I PowerManagerService: handleSandman: wakefulness: 1,startDreaming: false
11-03 16:36:11.954  2663  2663 I chatty  : uid=1001(radio) com.android.phone identical 1 line
11-03 16:36:11.954  2663  2663 E Telephony-accessory: [HwPhoneAccessoryService]:Failed to get instance of HwPhoneAccessoryService, not init yet.
11-03 16:36:12.407  2606  3988 I Booster_Qoe: AdaBoostPredict rlt,index:5,NisPsSlow:0,NProba:431,rsrp(rssi):-110,rsrq(noise):-14,rtt(chload):0,buffhigh(uldelay):0,buffcomm(rtt):0
11-03 16:36:12.407  2606  3988 I Booster_Qoe: AdaBoostPredict rlt,index:0,NisPsSlow:0,NProba:431,rsrp(rssi):-110,rsrq(noise):-14,rtt(chload):0,buffhigh(uldelay):0,buffcomm(rtt):0
11-03 16:36:12.408  2606  3045 I NetworkQoeProxy: calcChannelNoRx dnsData is not present
11-03 16:36:12.136  1717  1961 I PowerManagerService: handleSandman: wakefulness: 1,startDreaming: false
11-03 16:36:12.409  2606  3045 E Booster_NetworkQoeChr: [startTcpStackInfoStaticForChr]startTcpStackInfoStaticForChr failed, qoeTcpDataOpt is null
11-03 16:36:12.409  2606  3045 D NpdcpAliveManager: ro.odm.npdcp_alive_cfg_enable is false
11-03 16:36:12.410  2606  3045 E SmartDualCardSM: isSignalStrengthPoorScreenOn 2/3G or UNKNOWN true slotId:1
11-03 16:36:12.410  2606  3045 E SmartDualCardSM: isSignalStrengthPoorScreenOn 2/3G or UNKNOWN true slotId:1
11-03 16:36:12.411  2606  3045 I SmartDualCardSM: isSlaveCardNetworkBad return true,mIsSignalStengthPoors =true,mNetworkType=1,mDownlinkSpeedLimits=1048576,mDataRoaming=false
11-03 16:36:12.411  2606  3045 E FourNetCombinationChr: getNetworkQoeInfo failed, qoeTcpDataOpt is null
11-03 16:36:12.411  2606  3407 I Hicom_Monitor: handleNetworkQoeReport. foregroundAppTcpRtt: 0, maxRatioChannelId: 0
11-03 16:36:12.411  2606  3407 I Hicom_Monitor: handleNetworkQoeReport. qoeString: 10423,4,0,431,1,0,4,0,431,457,2136,10,0,0,0,0,0
11-03 16:36:12.569  1717  3402 D HwConnectivityServiceEx: set 10423 rmnet0 value false
11-03 16:36:13.431  2606  3988 I Booster_Qoe: AdaBoostPredict rlt,index:5,NisPsSlow:0,NProba:431,rsrp(rssi):-110,rsrq(noise):-14,rtt(chload):0,buffhigh(uldelay):0,buffcomm(rtt):0
11-03 16:36:13.431  2606  3988 I Booster_Qoe: AdaBoostPredict rlt,index:0,NisPsSlow:0,NProba:431,rsrp(rssi):-110,rsrq(noise):-14,rtt(chload):0,buffhigh(uldelay):0,buffcomm(rtt):0
11-03 16:36:13.431  2606  3045 I NetworkQoeProxy: calcChannelNoRx dnsData is not present
11-03 16:36:13.433  2606  3045 E Booster_NetworkQoeChr: [startTcpStackInfoStaticForChr]startTcpStackInfoStaticForChr failed, qoeTcpDataOpt is null
11-03 16:36:13.433  2606  3045 D NpdcpAliveManager: ro.odm.npdcp_alive_cfg_enable is false
11-03 16:36:13.433  2606  3045 E SmartDualCardSM: isSignalStrengthPoorScreenOn 2/3G or UNKNOWN true slotId:1
11-03 16:36:13.434  2606  3045 E SmartDualCardSM: isSignalStrengthPoorScreenOn 2/3G or UNKNOWN true slotId:1
11-03 16:36:13.434  2606  3045 I SmartDualCardSM: isSlaveCardNetworkBad return true,mIsSignalStengthPoors =true,mNetworkType=1,mDownlinkSpeedLimits=1048576,mDataRoaming=false
11-03 16:36:13.434  2606  3045 E FourNetCombinationChr: getNetworkQoeInfo failed, qoeTcpDataOpt is null
11-03 16:36:13.435  2606  3407 I Hicom_Monitor: handleNetworkQoeReport. foregroundAppTcpRtt: 0, maxRatioChannelId: 0
11-03 16:36:13.435  2606  3407 I Hicom_Monitor: handleNetworkQoeReport. qoeString: 10423,4,0,431,1,0,4,0,431,457,2136,10,0,0,0,0,0
11-03 16:36:13.715  2663  2737 E Telephony-accessory: [HwPhoneAccessoryService]:Failed to get instance of HwPhoneAccessoryService, not init yet.
11-03 16:36:13.716  2663  3869 E Telephony-accessory: [HwPhoneAccessoryService]:Failed to get instance of HwPhoneAccessoryService, not init yet.
11-03 16:36:13.716  1717  1717 I MQoS    : onSignal: mSubId=1,currDataSubID=0
11-03 16:36:13.716  1717  1717 E MQoS    : invalid signal strength.
11-03 16:36:13.716  2663  2737 E Telephony-accessory: [HwPhoneAccessoryService]:Failed to get instance of HwPhoneAccessoryService, not init yet.
11-03 16:36:13.717  2663  4290 E Telephony-accessory: [HwPhoneAccessoryService]:Failed to get instance of HwPhoneAccessoryService, not init yet.
11-03 16:36:13.717  2663  2768 E Telephony-accessory: [HwPhoneAccessoryService]:Failed to get instance of HwPhoneAccessoryService, not init yet.
11-03 16:36:13.717  2663  3869 E Telephony-accessory: [HwPhoneAccessoryService]:Failed to get instance of HwPhoneAccessoryService, not init yet.
11-03 16:36:13.717  2663  3870 E Telephony-accessory: [HwPhoneAccessoryService]:Failed to get instance of HwPhoneAccessoryService, not init yet.
11-03 16:36:13.718  2663  3833 E Telephony-accessory: [HwPhoneAccessoryService]:Failed to get instance of HwPhoneAccessoryService, not init yet.
11-03 16:36:13.718  2606  3045 I PreDnsQuery: No need to handled!
11-03 16:36:13.718  2663  5178 E Telephony-accessory: [HwPhoneAccessoryService]:Failed to get instance of HwPhoneAccessoryService, not init yet.
11-03 16:36:13.718  2663  2737 E Telephony-accessory: [HwPhoneAccessoryService]:Failed to get instance of HwPhoneAccessoryService, not init yet.
11-03 16:36:13.718  2606  2606 D TelephonyUtil: onSignalStrengthsChanged
11-03 16:36:13.718  1717  1717 I MQoS    : received cell-signal:4
11-03 16:36:13.718  2606  2606 D TelephonyUtil: handleSignalStrengthsChanged slotId:1
11-03 16:36:13.719  2663  2663 E Telephony-accessory: [HwPhoneAccessoryService]:Failed to get instance of HwPhoneAccessoryService, not init yet.
11-03 16:36:13.719  2606  3045 I OllieMsgCenter: publishEvt=2131099740
11-03 16:36:13.719   681 32454 I OemNetd : setNetBoosterRsrpRsrq(-109, -1)
11-03 16:36:13.719  1717  2442 I HwNetworkManagementService: setNetBoosterRsrpRsrq succeeded
11-03 16:36:13.719  2606  3045 E SmartDualCardSM: isSignalStrengthPoorScreenOn 2/3G or UNKNOWN true slotId:1
11-03 16:36:13.719  2606  3045 I SmartDualCardSM: IdleState:got msg.what=EVENT_UMTS_RSCP_CHANGED
11-03 16:36:13.720  2663  5178 E Telephony-accessory: [HwPhoneAccessoryService]:Failed to get instance of HwPhoneAccessoryService, not init yet.
11-03 16:36:13.720  2663  2663 E Telephony-accessory: [HwPhoneAccessoryService]:Failed to get instance of HwPhoneAccessoryService, not init yet.
11-03 16:36:13.721  2663  2663 D Mapcon  : TelephonyTracker: [onSignalStrengthsChanged]phoneId=1, level=3
11-03 16:36:13.721  2663  5178 E Telephony-accessory: [HwPhoneAccessoryService]:Failed to get instance of HwPhoneAccessoryService, not init yet.
11-03 16:36:13.721  2663  2663 E Telephony-accessory: [HwPhoneAccessoryService]:Failed to get instance of HwPhoneAccessoryService, not init yet.
11-03 16:36:13.721  2663  3974 D Mapcon  : VoiceManager-5-PrepareState: [a]MsgIdEnum=MAPCON_MESSAGE_TM_CMD_SIGNAL_STRENGTH_CHANED_IND
11-03 16:36:13.722  2663  3974 I chatty  : uid=1001(radio) VoiceManager-5 identical 1 line
11-03 16:36:13.722  2663  3974 D Mapcon  : VoiceManager-5-PrepareState: [a]MsgIdEnum=MAPCON_MESSAGE_TM_CMD_SIGNAL_STRENGTH_CHANED_IND
11-03 16:36:13.722  2663  3974 D Mapcon  : VoiceManager-5-DefaultState: [a]MsgIdEnum=MAPCON_MESSAGE_TM_CMD_SIGNAL_STRENGTH_CHANED_IND
11-03 16:36:14.019  2663  2737 E Telephony-accessory: [HwPhoneAccessoryService]:Failed to get instance of HwPhoneAccessoryService, not init yet.
11-03 16:36:14.020  2663  5178 E Telephony-accessory: [HwPhoneAccessoryService]:Failed to get instance of HwPhoneAccessoryService, not init yet.
11-03 16:36:14.020  2663  3833 E Telephony-accessory: [HwPhoneAccessoryService]:Failed to get instance of HwPhoneAccessoryService, not init yet.
11-03 16:36:14.020  2606  2606 D TelephonyUtil: onSignalStrengthsChanged
11-03 16:36:14.021  2606  2606 D TelephonyUtil: handleSignalStrengthsChanged slotId:0
11-03 16:36:14.021  1717  1717 I MQoS    : onSignal: mSubId=0,currDataSubID=0
11-03 16:36:14.021  2663  5178 E Telephony-accessory: [HwPhoneAccessoryService]:Failed to get instance of HwPhoneAccessoryService, not init yet.
11-03 16:36:14.021  2663  3870 E Telephony-accessory: [HwPhoneAccessoryService]:Failed to get instance of HwPhoneAccessoryService, not init yet.
11-03 16:36:14.022  2663  3870 E Telephony-accessory: [HwPhoneAccessoryService]:Failed to get instance of HwPhoneAccessoryService, not init yet.
11-03 16:36:14.022  2663  3833 E Telephony-accessory: [HwPhoneAccessoryService]:Failed to get instance of HwPhoneAccessoryService, not init yet.
11-03 16:36:14.022  2663  2663 E Telephony-accessory: [HwPhoneAccessoryService]:Failed to get instance of HwPhoneAccessoryService, not init yet.
11-03 16:36:14.023  2663  5520 E Telephony-accessory: [HwPhoneAccessoryService]:Failed to get instance of HwPhoneAccessoryService, not init yet.
11-03 16:36:14.023  1717  1717 I MQoS    : received cell-signal:4
11-03 16:36:14.024  2663  2663 E Telephony-accessory: [HwPhoneAccessoryService]:Failed to get instance of HwPhoneAccessoryService, not init yet.
11-03 16:36:14.024  2663  5178 E Telephony-accessory: [HwPhoneAccessoryService]:Failed to get instance of HwPhoneAccessoryService, not init yet.
11-03 16:36:13.722  2663  3974 D Mapcon  : VoiceManager-5-DefaultState: [a]MsgIdEnum=MAPCON_MESSAGE_TM_CMD_SIGNAL_STRENGTH_CHANED_IND
11-03 16:36:14.024  2663  2663 D Mapcon  : TelephonyTracker: [onSignalStrengthsChanged]phoneId=0, level=3
11-03 16:36:14.024  2663  2663 E Telephony-accessory: [HwPhoneAccessoryService]:Failed to get instance of HwPhoneAccessoryService, not init yet.
11-03 16:36:14.024  2663  5178 E Telephony-accessory: [HwPhoneAccessoryService]:Failed to get instance of HwPhoneAccessoryService, not init yet.
11-03 16:36:14.025  2663  3960 D Mapcon  : VoiceManager-0-PrepareState: [a]MsgIdEnum=MAPCON_MESSAGE_TM_CMD_SIGNAL_STRENGTH_CHANED_IND
11-03 16:36:14.025  2663  3960 I chatty  : uid=1001(radio) VoiceManager-0 identical 1 line
11-03 16:36:14.025  2663  3960 D Mapcon  : VoiceManager-0-PrepareState: [a]MsgIdEnum=MAPCON_MESSAGE_TM_CMD_SIGNAL_STRENGTH_CHANED_IND
11-03 16:36:14.025  2663  3960 D Mapcon  : VoiceManager-0-DefaultState: [a]MsgIdEnum=MAPCON_MESSAGE_TM_CMD_SIGNAL_STRENGTH_CHANED_IND
11-03 16:36:14.025  2663  5178 I chatty  : uid=1001(radio) Binder:2663_E identical 1 line
11-03 16:36:14.026  2663  5178 E Telephony-accessory: [HwPhoneAccessoryService]:Failed to get instance of HwPhoneAccessoryService, not init yet.
11-03 16:36:14.027  2663  3833 E Telephony-accessory: [HwPhoneAccessoryService]:Failed to get instance of HwPhoneAccessoryService, not init yet.
