11-03 19:04:46.270  4659 18344 I CAWARENESS_FenceManager: addDataId name = null
11-03 19:04:46.270  4659 18344 I CAWARENESS_FenceManager: addDataId dataId = 0
11-03 19:04:46.270  4659 18344 I CAWARENESS_ManagedFenceFactory: AwarenessFence parsing to Optional.empty
11-03 19:04:46.270  4659 18344 I CAWARENESS_FenceManager: onResult, onResultListener=com.huawei.hiai.awareness.opencapacity.fence.FenceManager$3@6a88a4, code=0
11-03 19:04:46.270  4659 18344 I CAWARENESS_CacheReportDataService: insertData
11-03 19:04:46.270  4659 18344 W CAWARENESS_ThreadPool: thread pool CacheReportDataService(1) is busy 3/4
11-03 19:04:46.271  2641  2928 I LocationDetection: arriveCompanyFence: RequestResult{6, 4, 3, null, 0, 0, 100, com.huawei.powergenie_1:1;6,4,3, 1, null, 4, 200007, error_unknown}
11-03 19:04:46.272  4659 18341 I CAWARENESS_AwarenessSQLiteDatabase: insert recId is 980181
11-03 19:04:46.272  4659 18341 I CAWARENESS_CacheReportDataService: Current count 61
11-03 19:04:46.272  1717  1961 I PowerManagerService: handleSandman: wakefulness: 1,startDreaming: false
11-03 19:04:46.273  4659 18345 I CAWARENESS_AwarenessSQLiteDatabase: insert recId is 980182
11-03 19:04:46.274  4659 18345 I CAWARENESS_CacheReportDataService: Current count 62
11-03 19:04:46.275  4659 18346 I CAWARENESS_AwarenessSQLiteDatabase: insert recId is 980183
11-03 19:04:46.275  4659 18346 I CAWARENESS_CacheReportDataService: Current count 63
11-03 19:04:46.276  4659 18347 I CAWARENESS_AwarenessSQLiteDatabase: insert recId is 980184
11-03 19:04:46.276  4659 18347 I CAWARENESS_CacheReportDataService: Current count 64
11-03 19:04:46.289 17049 17172 I PlayCommon: [71126] Connecting to server: https://play.googleapis.com/play/log?format=raw&proto_v2=true
11-03 19:04:46.345   729   980 W hwcomposer: setGpuFreqBoost:154: boostGpuFreq succ !
11-03 19:04:46.449 17049 17172 I PlayCommon: [71126] Successfully uploaded logs.
11-03 19:04:46.473  2641  3419 I AppManager: dependence has been existed:6770 -> 21018
11-03 19:04:46.482  1717  2042 D HwConnectivityServiceEx: set 10167 rmnet0 value false
11-03 19:04:46.508  2663  2768 E Telephony-accessory: [HwPhoneAccessoryService]:Failed to get instance of HwPhoneAccessoryService, not init yet.
11-03 19:04:46.509  2663  2663 E Telephony-accessory: [HwPhoneAccessoryService]:Failed to get instance of HwPhoneAccessoryService, not init yet.
11-03 19:04:46.509  2663  2737 E Telephony-accessory: [HwPhoneAccessoryService]:Failed to get instance of HwPhoneAccessoryService, not init yet.
11-03 19:04:46.509  2663  2768 E Telephony-accessory: [HwPhoneAccessoryService]:Failed to get instance of HwPhoneAccessoryService, not init yet.
11-03 19:04:46.509  2663  3495 E Telephony-accessory: [HwPhoneAccessoryService]:Failed to get instance of HwPhoneAccessoryService, not init yet.
11-03 19:04:46.509  1717  1717 I MQoS    : onSignal: mSubId=1,currDataSubID=0
11-03 19:04:46.509  1717  1717 E MQoS    : invalid signal strength.
11-03 19:04:46.510  2663  3826 E Telephony-accessory: [HwPhoneAccessoryService]:Failed to get instance of HwPhoneAccessoryService, not init yet.
11-03 19:04:46.510  2663  3124 E Telephony-accessory: [HwPhoneAccessoryService]:Failed to get instance of HwPhoneAccessoryService, not init yet.
11-03 19:04:46.510  1717  1717 I MQoS    : received cell-signal:4
11-03 19:04:46.510  2663  2737 E Telephony-accessory: [HwPhoneAccessoryService]:Failed to get instance of HwPhoneAccessoryService, not init yet.
11-03 19:04:46.511  2663  2768 E Telephony-accessory: [HwPhoneAccessoryService]:Failed to get instance of HwPhoneAccessoryService, not init yet.
11-03 19:04:46.511  2663  3124 E Telephony-accessory: [HwPhoneAccessoryService]:Failed to get instance of HwPhoneAccessoryService, not init yet.
11-03 19:04:46.511  2606  2606 D TelephonyUtil: onSignalStrengthsChanged
11-03 19:04:46.511  2606  3045 I PreDnsQuery: No need to handled!
11-03 19:04:46.511  2663  2663 E Telephony-accessory: [HwPhoneAccessoryService]:Failed to get instance of HwPhoneAccessoryService, not init yet.
11-03 19:04:46.511  2606  2606 D TelephonyUtil: handleSignalStrengthsChanged slotId:1
11-03 19:04:46.511  2606  3045 I OllieMsgCenter: publishEvt=2131099740
11-03 19:04:46.511  2663  3124 E Telephony-accessory: [HwPhoneAccessoryService]:Failed to get instance of HwPhoneAccessoryService, not init yet.
11-03 19:04:46.511  2663  2663 D Mapcon  : TelephonyTracker: [onSignalStrengthsChanged]phoneId=1, level=3
11-03 19:04:46.512  2606  3045 E SmartDualCardSM: isSignalStrengthPoorScreenOn 2/3G or UNKNOWN true slotId:1
11-03 19:04:46.512  2606  3045 I SmartDualCardSM: IdleState:got msg.what=EVENT_UMTS_RSCP_CHANGED
11-03 19:04:46.512   681 28591 I OemNetd : setNetBoosterRsrpRsrq(-108, -1)
11-03 19:04:46.512  2663  2663 E Telephony-accessory: [HwPhoneAccessoryService]:Failed to get instance of HwPhoneAccessoryService, not init yet.
11-03 19:04:46.512  1717  2042 I HwNetworkManagementService: setNetBoosterRsrpRsrq succeeded
11-03 19:04:46.512  2663  3124 E Telephony-accessory: [HwPhoneAccessoryService]:Failed to get instance of HwPhoneAccessoryService, not init yet.
11-03 19:04:46.512  2663  3974 D Mapcon  : VoiceManager-5-PrepareState: [a]MsgIdEnum=MAPCON_MESSAGE_TM_CMD_SIGNAL_STRENGTH_CHANED_IND
11-03 19:04:46.513  2663  3974 I chatty  : uid=1001(radio) VoiceManager-5 identical 1 line
11-03 19:04:46.513  2663  3974 D Mapcon  : VoiceManager-5-PrepareState: [a]MsgIdEnum=MAPCON_MESSAGE_TM_CMD_SIGNAL_STRENGTH_CHANED_IND
11-03 19:04:46.513  2663  3974 D Mapcon  : VoiceManager-5-DefaultState: [a]MsgIdEnum=MAPCON_MESSAGE_TM_CMD_SIGNAL_STRENGTH_CHANED_IND
11-03 19:04:46.513  2663  3974 D Mapcon  : VoiceManager-5-DefaultState: [a]MsgIdEnum=MAPCON_MESSAGE_TM_CMD_SIGNAL_STRENGTH_CHANED_IND
11-03 19:04:46.513  2663  3124 E Telephony-accessory: [HwPhoneAccessoryService]:Failed to get instance of HwPhoneAccessoryService, not init yet.
11-03 19:04:46.513  2295  2295 I MobileSignalController: copyFrom::dataConnected = false
11-03 19:04:46.513  2295  2295 I MobileSignalController: copyFrom::dataConnected = false
11-03 19:04:46.538   729   980 W hwcomposer: setGpuFreqBoost:159: boostGpuFreq release !
11-03 19:04:46.662   729   980 W hwcomposer: setGpuFreqBoost:154: boostGpuFreq succ !
11-03 19:04:46.821  1717  7707 I MQoS    : MSG_QUERY_TCP_INFO called,count:20868
11-03 19:04:46.821  1717  2142 I HwWifiProServiceProxy: ctrlHwWifiNetwork pkgName: WIFIPRO_SERVICE interfaceId: 8
11-03 19:04:46.821  1717  7707 D HwConnectivityServiceEx: set 1000 rmnet0 value false
11-03 19:04:46.822  1717  2142 I QosMonitor: postEventFromNative: msg=100,arg1=0,arg2=10
11-03 19:04:46.822  1717  2142 I MQoS    : rtt=0,tcpTxPkts=0,tcpRxPkts=0
11-03 19:04:46.825  1717  7707 I TrafficMonitor: getStatic,count:0,work status:false
11-03 19:04:46.825  1717  7707 I MQoS    : QOS_level:3(3),use RAT:4G;signalLvl:3
11-03 19:04:47.067 17226 17226 I fwkit_DeviceInfoUtil: [I/fwkit/fwkit_DeviceInfoUtil 17226:1 DeviceInfoUtil.java:305] Huawei Feature is found: com.huawei.software.features.handset
11-03 19:04:47.067 17226 17226 I fwkit_DeviceInfoUtil: [I/fwkit/fwkit_DeviceInfoUtil 17226:1 DeviceInfoUtil.java:195] 1. detectHuaweiFeature: 0
11-03 19:04:47.071 17226 17226 I fwkit_DeviceInfoUtil: [I/fwkit/fwkit_DeviceInfoUtil 17226:1 DeviceInfoUtil.java:207] 2. detectAndroidFeature: -1
11-03 19:04:47.071 17226 17226 I fwkit_DeviceInfoUtil: [I/fwkit/fwkit_DeviceInfoUtil 17226:1 DeviceInfoUtil.java:339] System property is found: default
11-03 19:04:47.072 17226 17226 I fwkit_DeviceInfoUtil: [I/fwkit/fwkit_DeviceInfoUtil 17226:1 DeviceInfoUtil.java:213] 3. detectSystemProperty: 0
11-03 19:04:47.072 17226 17226 I fwkit_DeviceInfoUtil: [I/fwkit/fwkit_DeviceInfoUtil 17226:1 DeviceInfoUtil.java:179] Final DeviceType: 0
11-03 19:04:47.158  2606  3988 I Booster_Qoe: AdaBoostPredict rlt,index:5,NisPsSlow:0,NProba:425,rsrp(rssi):-111,rsrq(noise):-10,rtt(chload):0,buffhigh(uldelay):0,buffcomm(rtt):0
11-03 19:04:47.159  2606  3988 I Booster_Qoe: AdaBoostPredict rlt,index:0,NisPsSlow:0,NProba:398,rsrp(rssi):-111,rsrq(noise):-10,rtt(chload):93,buffhigh(uldelay):0,buffcomm(rtt):0
11-03 19:04:47.159  2606  3045 I NetworkQoeProxy: calcChannelNoRx dnsData is not present
11-03 19:04:47.160  2606  3045 E Booster_NetworkQoeChr: [startTcpStackInfoStaticForChr]startTcpStackInfoStaticForChr failed, qoeTcpDataOpt is null
11-03 19:04:47.160  2606  3045 D NpdcpAliveManager: ro.odm.npdcp_alive_cfg_enable is false
11-03 19:04:47.161  2606  3045 E SmartDualCardSM: isSignalStrengthPoorScreenOn 2/3G or UNKNOWN true slotId:1
11-03 19:04:47.161  2606  3045 E SmartDualCardSM: isSignalStrengthPoorScreenOn 2/3G or UNKNOWN true slotId:1
11-03 19:04:47.161  2606  3045 I SmartDualCardSM: isSlaveCardNetworkBad return true,mIsSignalStengthPoors =true,mNetworkType=1,mDownlinkSpeedLimits=1048576,mDataRoaming=false
11-03 19:04:47.161  2606  3045 E FourNetCombinationChr: getNetworkQoeInfo failed, qoeTcpDataOpt is null
11-03 19:04:47.162  2606  3407 I Hicom_Monitor: handleNetworkQoeReport. foregroundAppTcpRtt: 0, maxRatioChannelId: 0
11-03 19:04:47.162  2606  3407 I Hicom_Monitor: handleNetworkQoeReport. qoeString: 10423,4,0,425,1,0,4,0,398,5418,13545,10,0,0,0,0,0
11-03 19:04:47.212   820   820 I aptouch_daemon: check_idle_status, idle out.
11-03 19:04:47.230   820   820 I aptouch_daemon: print_log, touch:1, down:1 (+0)
11-03 19:04:47.231  1717  2122 D fingersense_manager: Calling fingersense_classify_touch()
11-03 19:04:47.231  1717  2122 I osfingersense: fingersense_classify_touch: entrance, v2.7.08.02, without imp log and b-m-i, YALE
11-03 19:04:47.232  1717  2122 I osfingersense: Acc read ok
11-03 19:04:47.232  1717  2122 I osfingersense: M: -4399.273438
11-03 19:04:47.232  1717  2122 I osfingersense: U M: 1459.726562
11-03 19:04:47.232  1717  2122 I osfingersense: A: 2546.000000
11-03 19:04:47.232  1717  2122 I osfingersense: G: 1029.000000
11-03 19:04:47.232  1717  2122 I osfingersense: S: 2860.020020
11-03 19:04:47.232  1717  2122 I osfingersense: H: 0.149499
11-03 19:04:47.232  1717  2122 I osfingersense: P: 457.000000
11-03 19:04:47.232  1717  2122 I osfingersense: D 0.005203
11-03 19:04:47.232  1717  2122 I osfingersense: Z 0
11-03 19:04:47.232  1717  2122 I osfingersense: H I: 121
11-03 19:04:47.232  1717  2122 I osfingersense: B--G
11-03 19:04:47.232  1717  2122 I osfingersense: Part IV
11-03 19:04:47.232  1717  2122 I osfingersense: Part IV B
11-03 19:04:47.232  1717  2122 I osfingersense: fingersense_classify_touch: inference = 0
11-03 19:04:47.232  1717  2122 D fingersense_manager: fingersense_classify_touch() finished
11-03 19:04:47.233  1717  2121 I InputDispatcher: stylus touch down, set lcd event 1
11-03 19:04:47.234  1717  2121 I InputDispatcher: stylus touch down, set lcd event 1
11-03 19:04:47.235  1717  1961 I PowerManagerService: handleSandman: wakefulness: 1,startDreaming: false
11-03 19:04:47.237  2295  2467 V AudioManager: querySoundEffectsEnabled...
11-03 19:04:47.238  1717  2042 D HwCustPhoneWindowManager: answer call by keyCode = 4, down = true, isSupVolumnkeyAnswerCall = false
11-03 19:04:47.238  1717  2042 I HwPhoneWindowManager: enter wakeupNoteEditor
11-03 19:04:47.240  1717  2042 I WindowManager: interceptKeyBeforeQueueing: key 4 , result : 1
11-03 19:04:47.241  1717  1961 I PowerManagerService: handleSandman: wakefulness: 1,startDreaming: false
11-03 19:04:47.242  1717  2121 V InputDispatcher: Asynchronous input event injection succeeded.
11-03 19:04:47.242 17988 17988 V InputMethodManager: dispatchInputEvent
11-03 19:04:47.247   820   820 I aptouch_daemon: print_log, touch:0, down:0 
11-03 19:04:47.248  1717  2121 I InputDispatcher: stylus touch up, set lcd event 0
11-03 19:04:47.249  1717  2121 I InputDispatcher: stylus touch up, set lcd event 0
11-03 19:04:47.250  1717  1862 D BehaviorCollectorService: data is not enough, invalid data
11-03 19:04:47.254   729   980 W hwcomposer: setGpuFreqBoost:159: boostGpuFreq release !
11-03 19:04:47.255  1717 14536 D HwCustPhoneWindowManager: answer call by keyCode = 4, down = false, isSupVolumnkeyAnswerCall = false
11-03 19:04:47.255  1717 14536 I HwPhoneWindowManager: enter wakeupNoteEditor
11-03 19:04:47.256  1717 14536 I WindowManager: interceptKeyBeforeQueueing: key 4 , result : 1
11-03 19:04:47.256  1717  2121 V InputDispatcher: Asynchronous input event injection succeeded.
11-03 19:04:47.257 17988 17988 V InputMethodManager: dispatchInputEvent
11-03 19:04:47.259  1717  2042 V ActivityTaskManager: positionChild stackId=0 to top.
11-03 19:04:47.260  1717  2042 W HwActivityTaskManagerServiceEx: setResumedActivityUncheckLocked start call, from: ActivityRecord{f572132 u0 com.eventmarketplace.app/.MainActivity t696 f}, to: ActivityRecord{57f1789 u0 com.huawei.android.launcher/.unihome.UniHomeLauncher t1}
11-03 19:04:47.260  1717  2042 W HwActivityTaskManagerServiceEx: appSwitch from: com.eventmarketplace.app to: com.huawei.android.launcher
11-03 19:04:47.261  1717  2042 I WindowManager: Changing focus from Window{cd733b9 u0 com.eventmarketplace.app/com.eventmarketplace.app.MainActivity} to null displayId=0 Callers=com.android.server.wm.RootWindowContainer.updateFocusedWindowLocked:209 com.android.server.wm.WindowManagerService.updateFocusedWindowLocked:6517 com.android.server.wm.ActivityDisplay.setFocusedApp:1606 com.android.server.wm.ActivityTaskManagerService.setResumedActivityUncheckLocked:6590 
11-03 19:04:47.261  1717  2042 I HwDisplayContentEx: currentFocus windowstate null
11-03 19:04:47.261  1717  2042 D ZrHung.AppEyeFocusWindow: FocusWindowErrorScene CheckFreezeScreen
11-03 19:04:47.261  4659  5972 I CAWARENESS_AppUsageManager: onEvent, packageName=com.huawei.android.launcher, activityName=com.huawei.android.launcher.unihome.UniHomeLauncher
11-03 19:04:47.263  1717  1931 D HwGameAssistantController: UPDATE: mCurFgPkg=com.huawei.android.launcher, mCurFgPid=2680, mIsCurGame=false
11-03 19:04:47.264    47    47 W migration/6: type=1400 audit(0.0:983294): avc: granted { setsched } for pid=47 scontext=u:r:kernel:s0 tcontext=u:r:kernel:s0 tclass=process
11-03 19:04:47.264    53    53 W migration/7: type=1400 audit(0.0:983295): avc: granted { setsched } for pid=53 scontext=u:r:kernel:s0 tcontext=u:r:kernel:s0 tclass=process
11-03 19:04:47.264  1717  1961 I PowerManagerService: handleSandman: wakefulness: 1,startDreaming: false
11-03 19:04:47.264  2680  2726 W HwLauncher: ExitAppAnimationManager getAnimationInfoMyself, mAnimationInfo = com.huawei.android.launcher.exitapp.ExitAppAnimationManager$AnimationInfo@27d626b
11-03 19:04:47.264  2680  2680 W HwLauncher: RotationHelper hideAdjacentScreen, launcher is not transposed. RotationMode = com.huawei.android.launcher.graphics.RotationMode$1{b13d75 surfaceRotation = 0.0,isTransposed = false}
11-03 19:04:47.264  2606  3837 I Hicom_Monitor: mAppSwitchNotifierEx. uid: 10092, foreground app: com.huawei.android.launcher, foreground activity: com.huawei.android.launcher.unihome.UniHomeLauncher
11-03 19:04:47.264  1717  2740 I WindowManager: setActivityVisibleInFingerBoost callingPid: 2680
11-03 19:04:47.264  2606  2079 I AssistantService-11.2.1.200: registerHwActivityNotifier call fromPackage:com.eventmarketplace.app, toPackage:com.huawei.android.launcher
11-03 19:04:47.264  2641  3419 I ScenarioService: app focus change from: com.eventmarketplace.app to:com.huawei.android.launcher
11-03 19:04:47.265  2606 22807 D AssistantService-11.2.1.200: handleMessage app switch fromPackage:com.eventmarketplace.app, toPackage:com.huawei.android.launcher
11-03 19:04:47.265 27583 17136 I HiAdKit.DC.PersistentMessageCenter:  notifyMessage com.huawei.hwid_app_switch_from_to_intent
11-03 19:04:47.265  2641  3419 I ScenarioService: add focus on app:com.huawei.android.launcher to visiblePkgs
11-03 19:04:47.266  2606  3407 W Hicom_XEngineProc: handleForegroundAppChanged. Feature is not enable.
11-03 19:04:47.267 17988 17988 D FirebaseSessions: App backgrounded on com.eventmarketplace.app
11-03 19:04:47.267  1717 11413 I HwWindowManagerServiceEx: set app win exit info, bundle = Bundle[mParcelledData.dataSize=288], iconBitmap = android.graphics.Bitmap@b41030c
11-03 19:04:47.267  1717 11413 D HwWindowManagerServiceEx: AnimationTurbo wms set setIconToLayer exit icon
11-03 19:04:47.267  1717 11413 D HwWindowManagerServiceEx: set app win icon info, bundle = Bundle[{isLandscape=false, launcherPkgName=com.huawei.android.launcher, iconWidth=180, pivotX=666.0, pivotY=842.0, iconHeight=180, flag=0}], iconBitmap = android.graphics.Bitmap@b41030cmExitPivotX =666.0mExitPivotY =842.0floatBallSize = 0.0mExitIconWidth =180mExitIconHeight =180mExitFlag =0callingUid10092
11-03 19:04:47.268  4659  5972 I CAWARENESS_AbilityContext: [1762171996871] publishing {dataId=100000006, mode=0}
11-03 19:04:47.268  4659  5972 I CAWARENESS_AbilityContext: [1762171996871] deliver {dataId=100000006, mode=0} to 5 receivers
11-03 19:04:47.269  1717 13463 D WindowManager: WS setWallpaperScale return, wallpaper no need to recover
11-03 19:04:47.271  1717  4398 I ActivityTaskManager: Making visible and scheduling visibility: ActivityRecord{57f1789 u0 com.huawei.android.launcher/.unihome.UniHomeLauncher t1}
11-03 19:04:47.272  2641  3419 D ScenarioService: front pkg : com.huawei.android.launcher launcher: true
11-03 19:04:47.272  1717  4398 I HwWindowManagerServiceEx: setLandAnimationInfo : false
11-03 19:04:47.272  2641  3596 I PG_ash  : front pkg : com.huawei.android.launcher
11-03 19:04:47.272  2641  3698 I PGServer: report state:10000 event type:2 pid:0 uid:0 pkg:com.eventmarketplace.app to pid: 1717
11-03 19:04:47.272  2641  3698 I PGServer: report state:10000 event type:2 pid:0 uid:0 pkg:com.eventmarketplace.app to pid: 2641
11-03 19:04:47.272  2641  3698 I SceneReceiver: state type: 10000 eventType:2 pid:0 uid:0 pkg:com.eventmarketplace.app
11-03 19:04:47.272  2641  3698 I PGServer: report state:10010 event type:1 pid:0 uid:0 pkg:com.huawei.android.launcher to pid: 1717
11-03 19:04:47.272  2641  3698 I PGServer: report state:10010 event type:1 pid:0 uid:0 pkg:com.huawei.android.launcher to pid: 2641
11-03 19:04:47.272  2641  3698 I ApsAppsTypeHandler: APS: APK: ApsAppsTypeHandler.getInstance, sInstance = com.huawei.android.hwaps.o@4ccd923
11-03 19:04:47.272  2641  2928 I PGServer: checkPkgType. calling pkg: android
11-03 19:04:47.272  2641  3698 I SceneReceiver: state type: 10010 eventType:1 pid:0 uid:0 pkg:com.huawei.android.launcher
11-03 19:04:47.273  1717 14536 I HwBastetService: current len less then 0, need return!
11-03 19:04:47.273  1717 14536 I HwBastetService: current len less then 0, need return!
11-03 19:04:47.273  2641  3419 I AppsUsage: scnOff:false FgAPP:com.huawei.android.launcher BgAPP:com.eventmarketplace.app
11-03 19:04:47.273  1717 14536 I DE J DES: [effect] Pg pkg:com.huawei.android.launcher
11-03 19:04:47.273  1717  4398 V WindowManager: notifyAppResumed: wasStopped=true AppWindowToken{bb8a345 token=Token{d0d67bc ActivityRecord{57f1789 u0 com.huawei.android.launcher/.unihome.UniHomeLauncher t1}}}
11-03 19:04:47.273  2641  2928 I PGServer: checkPkgType. calling pkg: android
11-03 19:04:47.276  1717  4398 I WindowManager: Checking 1 opening apps (frozen=false timeout=false)...
11-03 19:04:47.276  1717  4398 I WindowManager: Check opening app=AppWindowToken{bb8a345 token=Token{d0d67bc ActivityRecord{57f1789 u0 com.huawei.android.launcher/.unihome.UniHomeLauncher t1}}}: allDrawn=false startingDisplayed=false startingMoved=false isRelaunching()=false startingWindow=null
11-03 19:04:47.277  1717  1930 I HwAudioServiceEx: ComponentInfo : className = com.eventmarketplace.app.MainActivity, flag = onPause, isHomeActivity = , isTop = false
11-03 19:04:47.278  1717  2172 W HwAudioServiceEx: SoundEffectState bundle get reserved is invalid
11-03 19:04:47.278  1717  2172 I HwAudioServiceEx: sendAppKilledIntentForKit, isKitPackageOnPause = false, isKitPackageKill = false, isKitPackageOnResume = false
11-03 19:04:47.279  2606  3045 D DollieActivityManagerAdapter: [Paused] pid:17988 uid:10423 ComponentInfo{com.eventmarketplace.app/com.eventmarketplace.app.MainActivity} uidState:2
11-03 19:04:47.279 17988 17988 D DecorView: showOrHideHighlightView: hasFocus=false; winMode=1; isMrgNull=true
11-03 19:04:47.279  1717  1897 V ActivityTaskManager: Activity idle: null
11-03 19:04:47.279  1717  1897 V ActivityTaskManager: Stopping ActivityRecord{f572132 u0 com.eventmarketplace.app/.MainActivity t696 f}: nowVisible=false animating=true finishing=true
11-03 19:04:47.279 27583 17144 I HiAdKit.DC.PageSwitchEvent:  switch is off
11-03 19:04:47.280  1717  2740 I WindowManager: send SET_LAUNCHER_VISIBLE_IN_FINGER_BOOST visible: true,delay:0, handle:false, userId:0, callingPid: 2680
11-03 19:04:47.283  1717  1897 W         : Failed to UpdateQosForCgroupInner, tid=0, policy=10
11-03 19:04:47.284  1717  2082 D HwActivityManagerServiceEx: notifyAppToTop pid:2680, enable:1
11-03 19:04:47.285  2680  2680 I RmeSchedManager: init Rme, version is: v1.0
11-03 19:04:47.285  2680  2680 I RtgSchedEvent: current pid:2680 AppType:28
11-03 19:04:47.286  1717 13463 D HwNetworkManagementService: code == CODE_SET_CHR_REPORT_APP_LIST
11-03 19:04:47.286   681 28591 I OemNetd : setChrAppUid(10, 10092)
11-03 19:04:47.286  1717 13463 I HwNetworkManagementService: chr appuid set succeeded
11-03 19:04:47.288  1717  4398 I WindowManager: Checking 1 opening apps (frozen=false timeout=false)...
11-03 19:04:47.288  1717  4398 I WindowManager: Check opening app=AppWindowToken{bb8a345 token=Token{d0d67bc ActivityRecord{57f1789 u0 com.huawei.android.launcher/.unihome.UniHomeLauncher t1}}}: allDrawn=false startingDisplayed=false startingMoved=false isRelaunching()=false startingWindow=null
11-03 19:04:47.289  2680  2680 D ActivityThread: Won't deliver top position change in state=5
11-03 19:04:47.290  2680  2680 I ActivityThread: Handle window ActivityRecord{38cafba token=android.os.BinderProxy@2412bae {com.huawei.android.launcher/com.huawei.android.launcher.unihome.UniHomeLauncher}} visibility: true
11-03 19:04:47.291  2680  2750 D ZrHung.AppEyeUiProbe: restart watching
11-03 19:04:47.291  2680  2680 I HwLauncher: Model loadWidgetsAfterUserUnlockIfNeeded, sLoadWidgetOnResume is false!
11-03 19:04:47.293  1717 14536 I WindowManager: Checking 1 opening apps (frozen=false timeout=false)...
11-03 19:04:47.293  1717 14536 I WindowManager: Check opening app=AppWindowToken{bb8a345 token=Token{d0d67bc ActivityRecord{57f1789 u0 com.huawei.android.launcher/.unihome.UniHomeLauncher t1}}}: allDrawn=false startingDisplayed=false startingMoved=false isRelaunching()=false startingWindow=null
11-03 19:04:47.296  1717 13463 I ActivityTaskManager: Stop interception for recently back-home app when launcher resumed
11-03 19:04:47.297  1717  1930 I HwAudioServiceEx: ComponentInfo : className = com.huawei.android.launcher.unihome.UniHomeLauncher, flag = onResume, isHomeActivity = , isTop = true
11-03 19:04:47.297  1717  2172 W HwAudioServiceEx: SoundEffectState bundle get reserved is invalid
11-03 19:04:47.297  1717  2172 I HwAudioServiceEx: sendAppKilledIntentForKit, isKitPackageOnPause = false, isKitPackageKill = false, isKitPackageOnResume = false
11-03 19:04:47.299 27613 27670 D mali_winsys: EGLint new_window_surface(egl_winsys_display *, void *, EGLSurface, EGLConfig, egl_winsys_surface **, EGLBoolean) returns 0x3000
11-03 19:04:47.299  4659  5972 I CAWARENESS_AppUsageManager: Repeat info, don't need publish
11-03 19:04:47.300  2606  3045 D DollieActivityManagerAdapter: [Resumed] bg:true pid:2680 uid:10092 ComponentInfo{com.huawei.android.launcher/com.huawei.android.launcher.unihome.UniHomeLauncher}
11-03 19:04:47.300  2606  3045 E DollieAdapterService: notifyActivityState pkg:com.huawei.android.launcher/com.huawei.android.launcher.unihome.UniHomeLauncher state:2 fg:true mUid:10092
11-03 19:04:47.300  2606  3045 I OllieMsgCenter: publishEvt=2135097351
11-03 19:04:47.300  2606  3045 I NetworkQoeChr: checkForegroundApp timer start
11-03 19:04:47.300  2606  3045 I NetworkQoeChr: end qoe report
11-03 19:04:47.300  1717  2082 W AwareLog: SchedLevelBoost: onFgActivitiesChanged config not set!
11-03 19:04:47.300  2606  3837 I Hicom_Monitor: mActivityNotifierEx, className = com.huawei.android.launcher.unihome.UniHomeLauncher, uid = 10092
11-03 19:04:47.300  1053  1089 D AwareLog: iawared: fg_hl_ctl update fgUid=10092 g_isGame=0
11-03 19:04:47.301  2606  3045 I SmartDualCardConfig: getAppType,pkgName=com.huawei.android.launcher,appType=28
11-03 19:04:47.301  2606  3045 I SmartDualCardSM: onUidStateUpdate isSkip,uid=10092,pkgName=com.huawei.android.launcher,pkgNameByComponentName=com.huawei.android.launcher
11-03 19:04:47.301  2606  3045 I OllieMsgCenter: publishEvt=2130771969
11-03 19:04:47.301  2606  3045 I OllieMsgCenter: publishEvt=2130771985
11-03 19:04:47.302  2606  3045 I SpeedTestNotifier: Speed test app is back Activity
11-03 19:04:47.302 27583 17136 I HiAdKit.DC.PageSwitchEvent:  switch is off
11-03 19:04:47.304  1717 11413 I WindowManager: Checking 1 opening apps (frozen=false timeout=false)...
11-03 19:04:47.304  1717 11413 I WindowManager: Check opening app=AppWindowToken{bb8a345 token=Token{d0d67bc ActivityRecord{57f1789 u0 com.huawei.android.launcher/.unihome.UniHomeLauncher t1}}}: allDrawn=false startingDisplayed=false startingMoved=false isRelaunching()=false startingWindow=null
11-03 19:04:47.304  2606  3045 I SmartDualCardConfig: getAppType,pkgName=com.huawei.android.launcher,appType=28
11-03 19:04:47.304  2606  3045 E SmartDualCardConfig: isAppInBlackList false,items==null
11-03 19:04:47.304  2606  3045 I PowerMsgAdapter: UID hot switch, uid:10092, pkgName:com.huawei.android.launcher
11-03 19:04:47.305  2606  3045 E Booster_MatterAppRecommend: [isMatterPackage]invalid mMatterPackagesConfig
11-03 19:04:47.305  2606  3045 I OllieMsgCenter: publishEvt=2134966274
11-03 19:04:47.305  2606  3045 I OllieMsgCenter: publishEvt=2135097350
11-03 19:04:47.306  1717 11413 I WindowManager: Changing focus from null to Window{f310e81 u0 com.huawei.android.launcher/com.huawei.android.launcher.unihome.UniHomeLauncher} displayId=0 Callers=com.android.server.wm.RootWindowContainer.updateFocusedWindowLocked:209 com.android.server.wm.WindowManagerService.updateFocusedWindowLocked:6517 com.android.server.wm.WindowManagerService.relayoutWindow:2813 com.android.server.wm.Session.relayout:197 
11-03 19:04:47.306  2606  3045 D DsduChr : uid=10092, isTrafficFree=false, isUsingFreeTraffic=false
11-03 19:04:47.307  2606  3045 I SmartDualCardSM: IdleState:got msg.what=EVENT_SLAVE_TRAFFIC_FREE_APP_BACKGROUND
11-03 19:04:47.307  1717 11413 V HwPhoneWindowManager: updateSystemUiColorLw window=Window{f310e81 u0 com.huawei.android.launcher/com.huawei.android.launcher.unihome.UniHomeLauncher},EmuiStyle=-1,StatusBarColor=0x0,NavigationBarColor=0x0, mForceNotchStatusBar=false
11-03 19:04:47.307  1717 11413 I HwDisplayContentEx: currentFocus windowstate not null
11-03 19:04:47.307  1717 11413 D ZrHung.AppEyeFocusWindow: FocusWindowErrorScene cancelCheckFreezeScreen
11-03 19:04:47.307  1717 11413 I HwDisplayContentEx: trans currentFocus windowstate not null
11-03 19:04:47.307  1717 11413 D ZrHung.AppEyeTransparentWindow: TransparentWindow mHungConfigStatus = 0,mHungConfigEnable = 1
11-03 19:04:47.309  2680  2931 D mali_winsys: EGLint new_window_surface(egl_winsys_display *, void *, EGLSurface, EGLConfig, egl_winsys_surface **, EGLBoolean) returns 0x3000
11-03 19:04:47.309  2680  3055 I HwLauncher: LocalTaskList loadTasksInBackground:2 numTasks:20 currentUserId:0
11-03 19:04:47.313  1717  1897 I WindowManager: handle SET_LAUNCHER_VISIBLE_IN_FINGER_BOOST visible:true handle:falseuserId:0, currentUserId:0
11-03 19:04:47.313  1717  1897 D WindowManager: setLauncherVisibleInFingerBoost record=ActivityRecord{57f1789 u0 com.huawei.android.launcher/.unihome.UniHomeLauncher t1}
11-03 19:04:47.313  1717  1897 I WindowManager: setLauncherVisible setAlpha to 1.0
11-03 19:04:47.313 27613 27613 I HwViewRootImpl: removeInvalidNode all the node in jank list is out of time
11-03 19:04:47.314 27613 27613 I bnel    : onStart
11-03 19:04:47.316 27613 27613 I bkwq    : (REDACTED) [%s] onStart()
11-03 19:04:47.316 27613 27613 I bkyv    : Reloading theme data
11-03 19:04:47.316  1717  1898 I WindowManager: Checking 1 opening apps (frozen=false timeout=false)...
11-03 19:04:47.316  1717  1898 I WindowManager: Check opening app=AppWindowToken{bb8a345 token=Token{d0d67bc ActivityRecord{57f1789 u0 com.huawei.android.launcher/.unihome.UniHomeLauncher t1}}}: allDrawn=false startingDisplayed=false startingMoved=false isRelaunching()=false startingWindow=null
11-03 19:04:47.317 27613 27613 I bnel    : onResume
11-03 19:04:47.317  1717 11413 D HwConnectivityServiceEx: set 10167 rmnet0 value false
11-03 19:04:47.324  1717 14536 V ActivityManager: Successfully start provider ContentProviderRecord{9a5f466 u0 com.google.android.gms/.chimera.container.GmsModuleProvider} launchingApp=null caller pid= 27613
11-03 19:04:47.327  1717  2042 I HwAudioService: now type = -1,reportForegroundAppType = 28systemload = -1VOIP_OPTIMIZE_IN_GAMEMODEfalse
11-03 19:04:47.327   762  8378 D AudioPolicyService: getUidState(10137) cacheIter->second.first, return cacheIter->second.second(6)
11-03 19:04:47.327   762  8378 D AudioPolicyService: getUidState(10092) cacheIter->second.first, return cacheIter->second.second(6)
11-03 19:04:47.327   762 11199 D AudioPolicyService: getUidState(10050) cacheIter->second.first, return cacheIter->second.second(6)
11-03 19:04:47.327   762 11199 D AudioPolicyService: getUidState(10036) cacheIter->second.first, return cacheIter->second.second(6)
11-03 19:04:47.327  1717  4398 I HwNetworkPolicy: onTransact, code = 203
11-03 19:04:47.328  9542  9802 I HwNetworkPolicyManager: getHwUidPolicy uid = 10092 policy = 0
11-03 19:04:47.330  2680  2680 I HwViewRootImpl: removeInvalidNode all the node in jank list is out of time
11-03 19:04:47.330  1717  1898 I WindowManager: New wallpaper target: Window{f310e81 u0 com.huawei.android.launcher/com.huawei.android.launcher.unihome.UniHomeLauncher} prevTarget: null
11-03 19:04:47.330  2680  2680 I HwLauncher: CalenderDynamicUpdater setHasUpdateSuccess, success: true
11-03 19:04:47.331  2680  2680 I HwLauncher: CalenderDynamicUpdater setHasUpdateSuccess, success: true
11-03 19:04:47.331  2404  2404 D HWUCD_CustomEngine: onVisibilityChanged visible : true
11-03 19:04:47.331  1717  4398 I SensorService: createSensorEventConnection begin
11-03 19:04:47.331  1717  4398 I SensorService: SensorEventConnection begin
11-03 19:04:47.331  1717  4398 I SensorService: SensorEventConnection end
11-03 19:04:47.331  1717  4398 I SensorService: createSensorEventConnection end
11-03 19:04:47.331  2404  2404 D SensorManager: 0x7d7de403d0 addFd fd=74
11-03 19:04:47.331  1717  4398 I SensorService: enable begin
11-03 19:04:47.332  1717  4398 I SensorService: batch begin
11-03 19:04:47.332  1055  1055 E Sensors@1.2-impl: Sensors::batch: sensorHandle: 6, samplingPeriodNs: 20000000, maxReportLatencyNs: 0
11-03 19:04:47.332  1717  1898 I WindowManager: Checking 1 opening apps (frozen=false timeout=false)...
11-03 19:04:47.332  1055  1055 I Sensors@1.2-impl: IsConfigParamNeedUpdate: service: 1717, sensor: 6, first set config, create it
11-03 19:04:47.332  1055  1055 I Sensors@1.2-impl: SetReportConfig: the sensor not find, create it
11-03 19:04:47.332  1055  1055 I Sensors@1.2-impl: GetSensorConfig: sensor: 6, Can't get param
11-03 19:04:47.332  1717  1898 I WindowManager: Check opening app=AppWindowToken{bb8a345 token=Token{d0d67bc ActivityRecord{57f1789 u0 com.huawei.android.launcher/.unihome.UniHomeLauncher t1}}}: allDrawn=true startingDisplayed=false startingMoved=false isRelaunching()=false startingWindow=null
11-03 19:04:47.332  1055  1055 I Sensors@1.2-impl: GetSensorConfig: sensor: 6, Can't get param
11-03 19:04:47.332  1055  1055 I Sensors@1.2-impl: JudgeOptimizeConfig: sensor: 6, oldPeriod: 0, initPeroid: 20000000
11-03 19:04:47.332  1055  1055 I Sensors@1.2-impl: SetOptimizeConfig: sensor: 6 first setconfig, create it
11-03 19:04:47.332  1055  1055 I Sensors@1.2-impl: GetSampleFifoConfig: sensor: 6, period: 20000000, reportDelay: 0
11-03 19:04:47.332  1717  1898 I WindowManager: Checking 0 opening apps (frozen=false timeout=false)...
11-03 19:04:47.332  1055  1055 I SensorHub: batch called handle:6 sampleNs:20000000 latencyNs:0
11-03 19:04:47.332  1055  1055 I SensorHub: in Batch, handle = 6, flags = 0, periodNs = 20000000, timeout = 0
11-03 19:04:47.332  1717  1898 I WindowManager: send SET_LAUNCHER_VISIBLE_IN_FINGER_BOOST visible: true,delay:0, handle:true, userId:0, callingPid: 1717
11-03 19:04:47.332  1717  1898 D WindowManager: setActivityVisibleInFingerBoostInner fit:true record:ActivityRecord{57f1789 u0 com.huawei.android.launcher/.unihome.UniHomeLauncher t1} isInWallpaperEffect:false, callingPid: 1717
11-03 19:04:47.332  1717  1898 I HwWindowManagerServiceEx: closing apps count = 1
11-03 19:04:47.333  1717  4398 I SensorService: batch end
11-03 19:04:47.333  2641  3419 I SensorState: sensor:6 name:gravity enable:true uid:10125
11-03 19:04:47.333  1717  4398 I SensorService: enableSensor handle:6, packageName:com.huawei.livewallpaper.explorations.TextureGLSurfaceView, opPackageName:com.huawei.livewallpaper.paradise , rate=20000000
11-03 19:04:47.333  1717  4398 I SensorService: enable activate begin
11-03 19:04:47.333  2641  3419 I PGServer: report state:4 event type:1 pid:6 uid:10125 pkg:null to pid: 1717
11-03 19:04:47.333  1055  1055 I Sensors@1.2-impl: activate-6 enabled-1 fwkOals-1 camOals-0 fwkOcolor-0 camOcolor-0 fwkOtof-0 camOtof-0
11-03 19:04:47.333  1055  1055 I Sensors@1.2-impl: GetTotalOpenCnt: The sensor haven't open
11-03 19:04:47.333  1055  1055 I Sensors@1.2-impl: IsOpenNeedUpdate: service: 1717, sensor: 6, open: 1, openCnt: 0
11-03 19:04:47.333  1055  1055 I SensorHub: Activate, handle: 6, enabled:1, err: 0
11-03 19:04:47.333  1717  4398 I SensorService: enable activate end
11-03 19:04:47.333  1717  4398 I SensorService: enable end
11-03 19:04:47.333  2641  3419 I SensorState: addSensor,mHandles:{6=1}
11-03 19:04:47.333  1717  1898 D HwWindowManagerServiceEx: is app exit to launcher info: transit = 13, app = AppWindowToken{1695839 token=Token{e34c800 ActivityRecord{f572132 u0 com.eventmarketplace.app/.MainActivity t696}}}, window = Window{cd733b9 u0 com.eventmarketplace.app/com.eventmarketplace.app.MainActivity}, mClosingApps = {AppWindowToken{1695839 token=Token{e34c800 ActivityRecord{f572132 u0 com.eventmarketplace.app/.MainActivity t696}}}}, topOpeningApp = AppWindowToken{bb8a345 token=Token{d0d67bc ActivityRecord{57f1789 u0 com.huawei.android.launcher/.unihome.UniHomeLauncher t1}}}, mExitIconBitmap = android.graphics.Bitmap@b41030c, mExitIconHeight = 180, mExitIconWidth = 180
11-03 19:04:47.333  1717  1898 D SurfaceControl: colorSpace = sRGB IEC61966-2.1 (id=0, model=RGB)
11-03 19:04:47.334  1717  1898 D HwWindowManagerServiceEx: getCrossAppTransitAnimRoundCornerRadius radius 51.0
11-03 19:04:47.335  2680  2680 I SpringChain: addObject: listener=com.huawei.android.launcher.animutils.SpringTransition$2@94d4c0c
11-03 19:04:47.335  2680  2680 I SpringChain: addObject: listener=com.huawei.android.launcher.animutils.SpringTransition$2@5d3955
11-03 19:04:47.335  2680  2680 I Task    : Task recycle id=694 windowingMode=1 user=0 lastActiveTime=3203692299
11-03 19:04:47.336  2680  2680 D DecorView: showOrHideHighlightView: hasFocus=true; winMode=1; isMrgNull=true
11-03 19:04:47.336  2680  2680 W InputMethodManager: startInputReason = 1
11-03 19:04:47.336  2680  2680 W HwRemoteInputMethodManager: isCasting false because IHwDistributedWindowManager is invalid.
11-03 19:04:47.336  2404  2868 D mali_winsys: EGLint new_window_surface(egl_winsys_display *, void *, EGLSurface, EGLConfig, egl_winsys_surface **, EGLBoolean) returns 0x3000
11-03 19:04:47.336  2404  2868 D HWUCD_TextureGLSurfaceView: onSurfaceCreated
11-03 19:04:47.337  1717  1898 V WindowManager: commitVisibility: AppWindowToken{1695839 token=Token{e34c800 ActivityRecord{f572132 u0 com.eventmarketplace.app/.MainActivity t696}}}: hidden=true hiddenRequested=true
11-03 19:04:47.337  1717  1898 D HwWindowManagerServiceEx: is app exit to launcher info: transit = 13, app = AppWindowToken{bb8a345 token=Token{d0d67bc ActivityRecord{57f1789 u0 com.huawei.android.launcher/.unihome.UniHomeLauncher t1}}}, window = Window{f310e81 u0 com.huawei.android.launcher/com.huawei.android.launcher.unihome.UniHomeLauncher}, mClosingApps = {AppWindowToken{1695839 token=Token{e34c800 ActivityRecord{f572132 u0 com.eventmarketplace.app/.MainActivity t696}}}}, topOpeningApp = AppWindowToken{bb8a345 token=Token{d0d67bc ActivityRecord{57f1789 u0 com.huawei.android.launcher/.unihome.UniHomeLauncher t1}}}, mExitIconBitmap = android.graphics.Bitmap@b41030c, mExitIconHeight = 180, mExitIconWidth = 180
11-03 19:04:47.337  1717  1898 E WindowManager: icon is null!!
11-03 19:04:47.337  1717  1898 I HwWindowManagerServiceEx: {AppWindowToken{1695839 token=Token{e34c800 ActivityRecord{f572132 u0 com.eventmarketplace.app/.MainActivity t696}}}} is closing and {AppWindowToken{bb8a345 token=Token{d0d67bc ActivityRecord{57f1789 u0 com.huawei.android.launcher/.unihome.UniHomeLauncher t1}}}}is opening
11-03 19:04:47.337  1717  1898 I HwWindowManagerServiceEx: {AppWindowToken{1695839 token=Token{e34c800 ActivityRecord{f572132 u0 com.eventmarketplace.app/.MainActivity t696}}}} is closing and {AppWindowToken{bb8a345 token=Token{d0d67bc ActivityRecord{57f1789 u0 com.huawei.android.launcher/.unihome.UniHomeLauncher t1}}}}is opening
11-03 19:04:47.339  1717  1898 V WindowManager: commitVisibility: AppWindowToken{bb8a345 token=Token{d0d67bc ActivityRecord{57f1789 u0 com.huawei.android.launcher/.unihome.UniHomeLauncher t1}}}: hidden=false hiddenRequested=false
11-03 19:04:47.339  1717  1898 I HwWindowManagerServiceEx: exit info has been reset.
11-03 19:04:47.348  1717  1897 I WindowManager: handle SET_LAUNCHER_VISIBLE_IN_FINGER_BOOST visible:true handle:falseuserId:0, currentUserId:0
11-03 19:04:47.348  1717  1897 D WindowManager: setLauncherVisibleInFingerBoost record=ActivityRecord{57f1789 u0 com.huawei.android.launcher/.unihome.UniHomeLauncher t1}
11-03 19:04:47.348  1717  1897 I WindowManager: setLauncherVisible setAlpha to 1.0
11-03 19:04:47.349  1717  1897 I HwWindowManagerServiceEx: com.eventmarketplace.app/com.eventmarketplace.app.MainActivity blur level: -1
11-03 19:04:47.349  2680  3052 E TaskKeyCache: Unexpected null key or value: id=696 windowingMode=1 user=0 lastActiveTime=3203794877, null
11-03 19:04:47.349  1717  1897 I HwWindowManagerServiceEx: com.eventmarketplace.app blur level: -1
11-03 19:04:47.349  1717  1897 I HwWindowManagerServiceEx: getBlurLevel: 0
11-03 19:04:47.351  2680  2680 D BaseIconCache: Looper.myLooper():Looper (main, tid 1) {48d35c6},mBgLooper:Looper (launcher-loader, tid 104) {3a66987}
11-03 19:04:47.352  2680  2680 D BaseIconCache: Looper.myLooper():Looper (main, tid 1) {48d35c6},mBgLooper:Looper (launcher-loader, tid 104) {3a66987}
11-03 19:04:47.353  2404  2404 D HWUCD_TextureGLSurfaceView: onSensorChanged current x : 0.308000, y : 0.020800
11-03 19:04:47.356 20927 20927 D BoundBrokerSvc: onBind: Intent { act=com.google.android.gms.inappreach.service.START dat=chimera-action: cmp=com.google.android.gms/.chimera.GmsApiService }
11-03 19:04:47.356 20927 20927 D BoundBrokerSvc: Loading bound service for intent: Intent { act=com.google.android.gms.inappreach.service.START dat=chimera-action: cmp=com.google.android.gms/.chimera.GmsApiService }
11-03 19:04:47.356   729   980 W hwcomposer: setGpuFreqBoost:154: boostGpuFreq succ !
11-03 19:04:47.362 27583 28103 I FwKamsCompat: wait for ams time out for 60000 ms
11-03 19:04:47.362 27583 28103 I FwKamsCompat: wait for ams time out for 60000 ms
11-03 19:04:47.365  2641  3419 I ScenarioService: refresh visibleApp:[com.huawei.android.launcher]
11-03 19:04:47.365  2641  3419 I PGServer: report state:14 event type:1 pid:-1 uid:-1 pkg:com.huawei.android.launcher to pid: 2641
11-03 19:04:47.365  2641  3419 I ApsAppsTypeHandler: APS: APK: ApsAppsTypeHandler.getInstance, sInstance = com.huawei.android.hwaps.o@4ccd923
11-03 19:04:47.365  2641  3419 I PF_API_JNI: ACCKIT_APS_NotifyInfo 3: com.huawei.android.launcher
11-03 19:04:47.366  2641  3596 I PG_ash  : com.eventmarketplace.app become invisible
11-03 19:04:47.366  2641  3596 I PG_ash  : running package: com.eventmarketplace.app, visible: false
11-03 19:04:47.366  1016 25945 I AGPService: aps-info: focus pkgName - com.huawei.android.launcher, with 0 more apps
11-03 19:04:47.366   763   795 D ACCKIT_ : pack:"com.huawei.android.launcher"
11-03 19:04:47.366  1016 25945 I AGPService: FrameRateManager: aps-info: new pkgName - com.huawei.android.launcher, type - 28
11-03 19:04:47.366  1016 25945 I AGPService: GpuPolicyManager: m_currentPkgName - com.huawei.android.launcher
11-03 19:04:47.367  2404  2868 D HWUCD_Utils: size x : 1680, y : 2940, z : 1, block dim x : 4, y : 4, z : 1, blocks x : 420, y : 735, z : 1, bytes : 4939200
11-03 19:04:47.369  1717 14545 V ActivityTaskManager: Activity idle: Token{d0d67bc ActivityRecord{57f1789 u0 com.huawei.android.launcher/.unihome.UniHomeLauncher t1}}
11-03 19:04:47.369  1717  2464 W AwareLog: SysLoadManager: check status do nothing
11-03 19:04:47.370  1717  1961 I PowerManagerService: handleSandman: wakefulness: 1,startDreaming: false
11-03 19:04:47.370  1717 14545 V ActivityTaskManager: Stopping ActivityRecord{f572132 u0 com.eventmarketplace.app/.MainActivity t696 f}: nowVisible=false animating=true finishing=true
11-03 19:04:47.372  2404  2404 D HWUCD_TextureGLSurfaceView: onSensorChanged current x : 0.308000, y : 0.020800
11-03 19:04:47.374  2404  2868 D HWUCD_TextureGLSurfaceView: model data texture : 1
11-03 19:04:47.375  2404  2868 D HWUCD_TextureGLSurfaceView: model data texture : 2
11-03 19:04:47.375  2680  3052 E TaskKeyCache: Unexpected null key or value: id=694 windowingMode=1 user=0 lastActiveTime=3203692299, null
11-03 19:04:47.375  2404  2868 D HWUCD_TextureGLSurfaceView: model data texture : 3
11-03 19:04:47.376  2680  2680 D BaseIconCache: Looper.myLooper():Looper (main, tid 1) {48d35c6},mBgLooper:Looper (launcher-loader, tid 104) {3a66987}
11-03 19:04:47.376  1717  1895 D HwPhoneWindowManager: Transact:setSystemUIColor to status bar service
11-03 19:04:47.376  2680  2680 D BaseIconCache: Looper.myLooper():Looper (main, tid 1) {48d35c6},mBgLooper:Looper (launcher-loader, tid 104) {3a66987}
11-03 19:04:47.376  2295 14307 I HwCommandQueue: updateBarBgColor
11-03 19:04:47.376  2295 14307 D HwCommandQueue: CommandQueue, setBarBackgroundColor
11-03 19:04:47.377  2641 21929 I KStateManager: send binder call message, called pid:2295, calling pid:[1717]
11-03 19:04:47.377  2641  3596 I PG_ash  : 1717 binder call 2295
11-03 19:04:47.377  1717  1895 D StatusBarManagerService: win:Window{f310e81 u0 com.huawei.android.launcher/com.huawei.android.launcher.unihome.UniHomeLauncher}mIsColorEnable:truelight:true
11-03 19:04:47.377  1717  1895 I StatusBarDisable: setFlags what=0 which=1 pkg=Window{f310e81 u0 com.huawei.android.launcher/com.huawei.android.launcher.unihome.UniHomeLauncher}
11-03 19:04:47.377  1717  1895 D StatusBarManagerService: win:Window{f310e81 u0 com.huawei.android.launcher/com.huawei.android.launcher.unihome.UniHomeLauncher}mIsColorEnable:truelight:false
11-03 19:04:47.377  1717  1895 I StatusBarDisable: setFlags what=0 which=1 pkg=Window{f310e81 u0 com.huawei.android.launcher/com.huawei.android.launcher.unihome.UniHomeLauncher}
11-03 19:04:47.377  2295 14307 D HwCommandQueue: CommandQueue, set Launcher StatusBar Color
11-03 19:04:47.378  2295 14307 D HwCommandQueue: CommandQueue, set Launcher StatusBar Color
11-03 19:04:47.387  2404  2868 D HWUCD_Utils: size x : 1680, y : 895, z : 1, block dim x : 4, y : 4, z : 1, blocks x : 420, y : 224, z : 1, bytes : 1505280
11-03 19:04:47.389  2404  2868 D HWUCD_TextureGLSurfaceView: model data texture : 4
11-03 19:04:47.390  2404  2868 D HWUCD_TextureGLSurfaceView: model data texture : 5
11-03 19:04:47.393  2404  2404 D HWUCD_TextureGLSurfaceView: onSensorChanged current x : 0.306300, y : 0.019100
11-03 19:04:47.398  2404  2868 D HWUCD_Utils: size x : 1080, y : 2340, z : 1, block dim x : 4, y : 4, z : 1, blocks x : 270, y : 585, z : 1, bytes : 2527200
11-03 19:04:47.403  2404  2868 D HWUCD_TextureGLSurfaceView: model data texture : 6
11-03 19:04:47.403  2404  2868 D HWUCD_TextureGLSurfaceView: onSurfaceChanged width : 1080, height : 2340
11-03 19:04:47.405  2404  2868 D HWUCD_Model: vertex capacity : 18
11-03 19:04:47.405  2404  2868 D HWUCD_Model: model data vertex length : 18
11-03 19:04:47.406  2404  2868 D HWUCD_Model: glGetUniformLocation texture 0 id : 0
11-03 19:04:47.406  2404  2868 D HWUCD_Model: glGetUniformLocation texture 1 id : 1
11-03 19:04:47.406  2404  2868 D HWUCD_Model: glGetUniformLocation texture 2 id : 2
11-03 19:04:47.406  2404  2868 D HWUCD_Model: glGetUniformLocation texture 3 id : 3
11-03 19:04:47.406  2404  2868 D HWUCD_Model: glGetUniformLocation texture 4 id : 4
11-03 19:04:47.406  2404  2868 D HWUCD_Model: glGetUniformLocation texture 5 id : 5
11-03 19:04:47.406  2404  2868 D HWUCD_TextureGLSurfaceView: onDrawFrame
11-03 19:04:47.413  2404  2404 D HWUCD_TextureGLSurfaceView: onSensorChanged current x : 0.306200, y : 0.019100
11-03 19:04:47.433  2404  2404 D HWUCD_TextureGLSurfaceView: onSensorChanged current x : 0.306700, y : 0.019100
11-03 19:04:47.453  2404  2404 D HWUCD_TextureGLSurfaceView: onSensorChanged current x : 0.306100, y : 0.018600
11-03 19:04:47.473  2404  2404 D HWUCD_TextureGLSurfaceView: onSensorChanged current x : 0.306000, y : 0.019300
11-03 19:04:47.484  1717  2082 W Process : Unable to open /proc/-1/status
11-03 19:04:47.484  1717  2082 D HwActivityManagerServiceEx: notifyAppToTop pid:17988, enable:0
11-03 19:04:47.485 17988 17988 I RmeSchedManager: init Rme, version is: v1.0
11-03 19:04:47.493  2404  2404 D HWUCD_TextureGLSurfaceView: onSensorChanged current x : 0.306600, y : 0.020000
11-03 19:04:47.513  2404  2404 D HWUCD_TextureGLSurfaceView: onSensorChanged current x : 0.306600, y : 0.019900
11-03 19:04:47.530   681 28591 I netd    : trafficSwapActiveStatsMap() <19.17ms>
11-03 19:04:47.533  2404  2404 D HWUCD_TextureGLSurfaceView: onSensorChanged current x : 0.306500, y : 0.020900
11-03 19:04:47.544    53    53 W migration/7: type=1400 audit(0.0:983296): avc: granted { setsched } for pid=53 scontext=u:r:kernel:s0 tcontext=u:r:kernel:s0 tclass=process
11-03 19:04:47.549   681 28591 I netd    : trafficSwapActiveStatsMap() <16.30ms>
11-03 19:04:47.553  2404  2404 D HWUCD_TextureGLSurfaceView: onSensorChanged current x : 0.307900, y : 0.021100
11-03 19:04:47.564    53    53 W migration/7: type=1400 audit(0.0:983297): avc: granted { setsched } for pid=53 scontext=u:r:kernel:s0 tcontext=u:r:kernel:s0 tclass=process
11-03 19:04:47.573  2404  2404 D HWUCD_TextureGLSurfaceView: onSensorChanged current x : 0.308800, y : 0.021000
11-03 19:04:47.593  2404  2404 D HWUCD_TextureGLSurfaceView: onSensorChanged current x : 0.308700, y : 0.022200
11-03 19:04:47.614  2404  2404 D HWUCD_TextureGLSurfaceView: onSensorChanged current x : 0.307100, y : 0.023200
11-03 19:04:47.633  2404  2404 D HWUCD_TextureGLSurfaceView: onSensorChanged current x : 0.305800, y : 0.022900
11-03 19:04:47.653  2404  2404 D HWUCD_TextureGLSurfaceView: onSensorChanged current x : 0.303300, y : 0.021100
11-03 19:04:47.664    53    53 W migration/7: type=1400 audit(0.0:983298): avc: granted { setsched } for pid=53 scontext=u:r:kernel:s0 tcontext=u:r:kernel:s0 tclass=process
11-03 19:04:47.673  2404  2404 D HWUCD_TextureGLSurfaceView: onSensorChanged current x : 0.303700, y : 0.020700
11-03 19:04:47.684    53    53 W migration/7: type=1400 audit(0.0:983299): avc: granted { setsched } for pid=53 scontext=u:r:kernel:s0 tcontext=u:r:kernel:s0 tclass=process
11-03 19:04:47.694  2404  2404 D HWUCD_TextureGLSurfaceView: onSensorChanged current x : 0.302500, y : 0.020300
11-03 19:04:47.698  2641  3596 I ash_dd  : com.huawei.appmarket not ctrl in charging, delay to D!
11-03 19:04:47.702  1717  1898 I WindowManager: Animation done in AppWindowToken{bb8a345 token=Token{d0d67bc ActivityRecord{57f1789 u0 com.huawei.android.launcher/.unihome.UniHomeLauncher t1}}} isHidden:false hiddenRequested:false
11-03 19:04:47.714  2404  2404 D HWUCD_TextureGLSurfaceView: onSensorChanged current x : 0.301500, y : 0.020100
11-03 19:04:47.719  1717  1898 I WindowManager: Animation done in AppWindowToken{1695839 token=Token{e34c800 ActivityRecord{f572132 u0 com.eventmarketplace.app/.MainActivity t696}}} isHidden:true hiddenRequested:true
11-03 19:04:47.719  1717  1897 V ActivityTaskManager: Activity idle: null
11-03 19:04:47.729  2663  2663 E Telephony-accessory: [HwPhoneAccessoryService]:Failed to get instance of HwPhoneAccessoryService, not init yet.
11-03 19:04:47.729  2663  2663 E Telephony-accessory: [HwPhoneAccessoryService]:Failed to get instance of HwPhoneAccessoryService, not init yet.
11-03 19:04:47.731  1717  2082 D HwConnectivityServiceEx: set 1000 rmnet0 value false
11-03 19:04:47.732  1016 25945 D ITouchService: itouch stylusCurrentPkgName = com.eventmarketplace.app lastOneFramePkgName = 
11-03 19:04:47.732  1016 25945 D ITouchService: itouch currentPackageName = com.eventmarketplace.app
11-03 19:04:47.732  1016 25945 D ITouchService: itouch appType=-1 appState=0 gameMode=2
11-03 19:04:47.732  1016 25945 D ITouchService: itouchReaderMonitor empty
11-03 19:04:47.732  1016 25945 D ITouchService: g_itouch_reader_monitor Monitor::IsReaderMonitorEnable()=0
11-03 19:04:47.732  1016 25945 D ITouchService: itouch getCurrentParmID tempPkg=com.eventmarketplace.xxx
11-03 19:04:47.732  1016 25945 D ITouchService: itouch:app com.eventmarketplace.app is  not game app
11-03 19:04:47.732  1016 25945 D ITouchService: itouch:app com.eventmarketplace.app is  not in StylusPenList
