11-03 16:36:00.281  4659  4584 I CAWARENESS_CacheReportDataService: insertData
11-03 16:36:00.281  2641 11018 I LocationDetection: leaveHomeFence: RequestResult{6, 2, 3, null, 0, 0, 100, com.huawei.powergenie_1:1;6,2,3, 1, null, 4, 200007, error_unknown}
11-03 16:36:00.282  4659  4586 I CAWARENESS_FenceManager: addDataId name = null
11-03 16:36:00.282  4659  4586 I CAWARENESS_FenceManager: addDataId dataId = 0
11-03 16:36:00.282  4659  4586 I CAWARENESS_ManagedFenceFactory: AwarenessFence parsing to Optional.empty
11-03 16:36:00.282  4659  4586 I CAWARENESS_FenceManager: onResult, onResultListener=com.huawei.hiai.awareness.opencapacity.fence.FenceManager$3@7c42c6, code=0
11-03 16:36:00.282  4659  5972 I CAWARENESS_CompatibleBinder: registerLocationFence
11-03 16:36:00.282  4659  4586 I CAWARENESS_CacheReportDataService: insertData
11-03 16:36:00.282  4659  4586 W CAWARENESS_ThreadPool: thread pool CacheReportDataService(1) is busy 1/2
11-03 16:36:00.282  4659  5972 W CAWARENESS_ThreadPool: thread pool FenceManager(1) is busy 1/2
11-03 16:36:00.282  2641 11018 I LocationDetection: arriveHomeFence: RequestResult{6, 1, 3, null, 0, 0, 100, com.huawei.powergenie_1:1;6,1,3, 1, null, 4, 200007, error_unknown}
11-03 16:36:00.282  4659  4587 I CAWARENESS_FenceManager: addDataId name = null
11-03 16:36:00.282  4659  4587 I CAWARENESS_FenceManager: addDataId dataId = 0
11-03 16:36:00.283  4659  4587 I CAWARENESS_ManagedFenceFactory: AwarenessFence parsing to Optional.empty
11-03 16:36:00.283  4659  4587 I CAWARENESS_FenceManager: onResult, onResultListener=com.huawei.hiai.awareness.opencapacity.fence.FenceManager$3@44a95b4, code=0
11-03 16:36:00.283  4659  4587 I CAWARENESS_CacheReportDataService: insertData
11-03 16:36:00.283  4659  4587 W CAWARENESS_ThreadPool: thread pool CacheReportDataService(1) is busy 2/3
11-03 16:36:00.283  2641 11018 I LocationDetection: leaveCompanyFence: RequestResult{6, 8, 3, null, 0, 0, 100, com.huawei.powergenie_1:1;6,8,3, 1, null, 4, 200007, error_unknown}
11-03 16:36:00.283  4659  5972 I CAWARENESS_CompatibleBinder: registerLocationFence
11-03 16:36:00.283  1717  2076 I ActivityManager: sendIntentSender target:PendingIntentRecord{4fb329b com.google.android.gms startService}, intent:flg=0x4 hwFlg=0x810
11-03 16:36:00.283  4659  4588 I CAWARENESS_FenceManager: addDataId name = null
11-03 16:36:00.283  4659  4588 I CAWARENESS_FenceManager: addDataId dataId = 0
11-03 16:36:00.283  4659  4588 I CAWARENESS_ManagedFenceFactory: AwarenessFence parsing to Optional.empty
11-03 16:36:00.283  4659  4588 I CAWARENESS_FenceManager: onResult, onResultListener=com.huawei.hiai.awareness.opencapacity.fence.FenceManager$3@869c552, code=0
11-03 16:36:00.283  4659  4588 I CAWARENESS_CacheReportDataService: insertData
11-03 16:36:00.283  4659  4588 W CAWARENESS_ThreadPool: thread pool CacheReportDataService(1) is busy 3/4
11-03 16:36:00.284  2641  3419 I LocationDetection: need regisiter L_H_F
11-03 16:36:00.284  2641 11018 I LocationDetection: arriveCompanyFence: RequestResult{6, 4, 3, null, 0, 0, 100, com.huawei.powergenie_1:1;6,4,3, 1, null, 4, 200007, error_unknown}
11-03 16:36:00.284  4659  5972 I CAWARENESS_CompatibleBinder: registerLocationFence
11-03 16:36:00.285  4659  4589 I CAWARENESS_FenceManager: addDataId name = null
11-03 16:36:00.285  4659  4589 I CAWARENESS_FenceManager: addDataId dataId = 0
11-03 16:36:00.285  4659  4589 I CAWARENESS_ManagedFenceFactory: AwarenessFence parsing to Optional.empty
11-03 16:36:00.285  4659  4589 I CAWARENESS_FenceManager: onResult, onResultListener=com.huawei.hiai.awareness.opencapacity.fence.FenceManager$3@9d55920, code=0
11-03 16:36:00.285  4659  4589 I CAWARENESS_CacheReportDataService: insertData
11-03 16:36:00.285  4659  4589 W CAWARENESS_ThreadPool: thread pool CacheReportDataService(1) is busy 4/5
11-03 16:36:00.285  2641 11018 I LocationDetection: leaveHomeFence: RequestResult{6, 2, 3, null, 0, 0, 100, com.huawei.powergenie_1:1;6,2,3, 1, null, 4, 200007, error_unknown}
11-03 16:36:00.285  4659  4585 I CAWARENESS_AwarenessSQLiteDatabase: insert recId is 976491
11-03 16:36:00.286  4659  5972 I CAWARENESS_CompatibleBinder: registerLocationFence
11-03 16:36:00.286  4659  4585 I CAWARENESS_CacheReportDataService: Current count 177
11-03 16:36:00.287  4659  4590 I CAWARENESS_FenceManager: addDataId name = null
11-03 16:36:00.287  4659  4590 I CAWARENESS_FenceManager: addDataId dataId = 0
11-03 16:36:00.287  4659  4590 I CAWARENESS_ManagedFenceFactory: AwarenessFence parsing to Optional.empty
11-03 16:36:00.287  4659  4590 I CAWARENESS_FenceManager: onResult, onResultListener=com.huawei.hiai.awareness.opencapacity.fence.FenceManager$3@cefab7f, code=0
11-03 16:36:00.287  4659  4590 I CAWARENESS_CacheReportDataService: insertData
11-03 16:36:00.287  4659  4590 W CAWARENESS_ThreadPool: thread pool CacheReportDataService(1) is busy 4/5
11-03 16:36:00.287  4659  4591 I CAWARENESS_AwarenessSQLiteDatabase: insert recId is 976492
11-03 16:36:00.287  2641 11018 I LocationDetection: arriveHomeFence: RequestResult{6, 1, 3, null, 0, 0, 100, com.huawei.powergenie_1:1;6,1,3, 1, null, 4, 200007, error_unknown}
11-03 16:36:00.287  4659  4591 I CAWARENESS_CacheReportDataService: Current count 178
11-03 16:36:00.287  4659  5972 I CAWARENESS_CompatibleBinder: registerLocationFence
11-03 16:36:00.288  4659  4592 I CAWARENESS_AwarenessSQLiteDatabase: insert recId is 976493
11-03 16:36:00.288  4659  4593 I CAWARENESS_FenceManager: addDataId name = null
11-03 16:36:00.288  4659  4593 I CAWARENESS_FenceManager: addDataId dataId = 0
11-03 16:36:00.288  4659  4593 I CAWARENESS_ManagedFenceFactory: AwarenessFence parsing to Optional.empty
11-03 16:36:00.288  4659  4593 I CAWARENESS_FenceManager: onResult, onResultListener=com.huawei.hiai.awareness.opencapacity.fence.FenceManager$3@b6cacaa, code=0
11-03 16:36:00.288  4659  4593 I CAWARENESS_CacheReportDataService: insertData
11-03 16:36:00.288  4659  4593 W CAWARENESS_ThreadPool: thread pool CacheReportDataService(1) is busy 4/5
11-03 16:36:00.288  4659  4592 I CAWARENESS_CacheReportDataService: Current count 179
11-03 16:36:00.288  2641 11018 I LocationDetection: leaveCompanyFence: RequestResult{6, 8, 3, null, 0, 0, 100, com.huawei.powergenie_1:1;6,8,3, 1, null, 4, 200007, error_unknown}
11-03 16:36:00.289  4659  5972 I CAWARENESS_CompatibleBinder: registerLocationFence
11-03 16:36:00.289  1717  2076 I ActivityManager: sendIntentSender target:PendingIntentRecord{7445d59 com.android.providers.contacts broadcastIntent}, intent:flg=0x4 hwFlg=0x810
11-03 16:36:00.290  4659  4594 I CAWARENESS_AwarenessSQLiteDatabase: insert recId is 976494
11-03 16:36:00.290  4659  4594 I CAWARENESS_CacheReportDataService: Current count 180
11-03 16:36:00.290  4659  4595 I CAWARENESS_FenceManager: addDataId name = null
11-03 16:36:00.290  4659  4595 I CAWARENESS_FenceManager: addDataId dataId = 0
11-03 16:36:00.290  4659  4595 I CAWARENESS_ManagedFenceFactory: AwarenessFence parsing to Optional.empty
11-03 16:36:00.291  4659  4595 I CAWARENESS_FenceManager: onResult, onResultListener=com.huawei.hiai.awareness.opencapacity.fence.FenceManager$3@a40e976, code=0
11-03 16:36:00.291  4659  4595 I CAWARENESS_CacheReportDataService: insertData
11-03 16:36:00.291  4659  4595 W CAWARENESS_ThreadPool: thread pool CacheReportDataService(1) is busy 3/4
11-03 16:36:00.291  1717  2744 V BroadcastQueue: Finished with ordered broadcast BroadcastRecord{9727ae3 u0 com.google.android.gms.gcm.ACTION_CHECK_QUEUE}
11-03 16:36:00.291  1717  2744 I ActivityManager: App 10012/com.android.providers.contacts targets O+, restricted
11-03 16:36:00.291  2641 11018 I LocationDetection: arriveCompanyFence: RequestResult{6, 4, 3, null, 0, 0, 100, com.huawei.powergenie_1:1;6,4,3, 1, null, 4, 200007, error_unknown}
11-03 16:36:00.292  2641  3419 I LocationDetection: need regisiter L_H_F
11-03 16:36:00.293  4659  5972 I CAWARENESS_CompatibleBinder: registerLocationFence
11-03 16:36:00.294  4659  4596 I CAWARENESS_AwarenessSQLiteDatabase: insert recId is 976495
11-03 16:36:00.294  4659  4596 I CAWARENESS_CacheReportDataService: Current count 181
11-03 16:36:00.294  4659  4597 I CAWARENESS_FenceManager: addDataId name = null
11-03 16:36:00.294  4659  4597 I CAWARENESS_FenceManager: addDataId dataId = 0
11-03 16:36:00.294  4659  4597 I CAWARENESS_ManagedFenceFactory: AwarenessFence parsing to Optional.empty
11-03 16:36:00.294  4659  4597 I CAWARENESS_FenceManager: onResult, onResultListener=com.huawei.hiai.awareness.opencapacity.fence.FenceManager$3@f9e04d, code=0
11-03 16:36:00.294  4659  4597 I CAWARENESS_CacheReportDataService: insertData
11-03 16:36:00.295   762  1580 D AudioPolicyService: getUidState(10012) !cacheIter->second.first, return PROCESS_STATE_UNKNOWN
11-03 16:36:00.295  1717  1717 I JobScheduler.Time: realNextDelayExpiredElapsedMillis: 3194886498 mNextDelayExpiredElapsedMillis:3194886498
11-03 16:36:00.295  4659  5972 I CAWARENESS_CompatibleBinder: registerLocationFence
11-03 16:36:00.295  4659  4597 W CAWARENESS_ThreadPool: thread pool CacheReportDataService(1) is busy 3/4
11-03 16:36:00.295  4659  5972 W CAWARENESS_ThreadPool: thread pool FenceManager(1) is busy 1/2
11-03 16:36:00.296  2641 11018 I LocationDetection: leaveHomeFence: RequestResult{6, 2, 3, null, 0, 0, 100, com.huawei.powergenie_1:1;6,2,3, 1, null, 4, 200007, error_unknown}
11-03 16:36:00.296  4659  4599 I CAWARENESS_FenceManager: addDataId name = null
11-03 16:36:00.296  4659  4599 I CAWARENESS_FenceManager: addDataId dataId = 0
11-03 16:36:00.296  4659  4599 I CAWARENESS_ManagedFenceFactory: AwarenessFence parsing to Optional.empty
11-03 16:36:00.296  4659  4599 I CAWARENESS_FenceManager: onResult, onResultListener=com.huawei.hiai.awareness.opencapacity.fence.FenceManager$3@6016813, code=0
11-03 16:36:00.296  4659  4599 I CAWARENESS_CacheReportDataService: insertData
11-03 16:36:00.296  4659  4599 W CAWARENESS_ThreadPool: thread pool CacheReportDataService(1) is busy 4/5
11-03 16:36:00.296  2641 11018 I LocationDetection: arriveHomeFence: RequestResult{6, 1, 3, null, 0, 0, 100, com.huawei.powergenie_1:1;6,1,3, 1, null, 4, 200007, error_unknown}
11-03 16:36:00.296  4659  5972 I CAWARENESS_CompatibleBinder: registerLocationFence
11-03 16:36:00.296  4659  4598 I CAWARENESS_AwarenessSQLiteDatabase: insert recId is 976496
11-03 16:36:00.297  4659  4598 I CAWARENESS_CacheReportDataService: Current count 182
11-03 16:36:00.297  4659  4600 I CAWARENESS_FenceManager: addDataId name = null
11-03 16:36:00.297  4659  4600 I CAWARENESS_FenceManager: addDataId dataId = 0
11-03 16:36:00.297  4659  4600 I CAWARENESS_ManagedFenceFactory: AwarenessFence parsing to Optional.empty
11-03 16:36:00.297  4659  4600 I CAWARENESS_FenceManager: onResult, onResultListener=com.huawei.hiai.awareness.opencapacity.fence.FenceManager$3@fb7b14e, code=0
11-03 16:36:00.297  4659  4600 I CAWARENESS_CacheReportDataService: insertData
11-03 16:36:00.297  4659  4600 W CAWARENESS_ThreadPool: thread pool CacheReportDataService(1) is busy 4/5
11-03 16:36:00.298  2641 11018 I LocationDetection: leaveCompanyFence: RequestResult{6, 8, 3, null, 0, 0, 100, com.huawei.powergenie_1:1;6,8,3, 1, null, 4, 200007, error_unknown}
11-03 16:36:00.298  4659  5972 I CAWARENESS_CompatibleBinder: registerLocationFence
11-03 16:36:00.298  4659  4601 I CAWARENESS_AwarenessSQLiteDatabase: insert recId is 976497
11-03 16:36:00.299  4659  4602 I CAWARENESS_FenceManager: addDataId name = null
11-03 16:36:00.299  4659  4602 I CAWARENESS_FenceManager: addDataId dataId = 0
11-03 16:36:00.299  4659  4602 I CAWARENESS_ManagedFenceFactory: AwarenessFence parsing to Optional.empty
11-03 16:36:00.299  4659  4602 I CAWARENESS_FenceManager: onResult, onResultListener=com.huawei.hiai.awareness.opencapacity.fence.FenceManager$3@638bb7c, code=0
11-03 16:36:00.299  4659  4602 I CAWARENESS_CacheReportDataService: insertData
11-03 16:36:00.299  4659  4602 W CAWARENESS_ThreadPool: thread pool CacheReportDataService(1) is busy 5/6
11-03 16:36:00.299  2641  3419 I LocationDetection: need regisiter L_H_F
11-03 16:36:00.299  4659  4601 I CAWARENESS_CacheReportDataService: Current count 183
11-03 16:36:00.299  2641 11018 I LocationDetection: arriveCompanyFence: RequestResult{6, 4, 3, null, 0, 0, 100, com.huawei.powergenie_1:1;6,4,3, 1, null, 4, 200007, error_unknown}
11-03 16:36:00.299  1717  1717 I JobScheduler: pending queue: 1 jobs.
11-03 16:36:00.299  1717  1717 I JobScheduler: About to run job on context 0, job: JobStatus{3894de5 #u0a172/9184 com.android.vending/com.google.android.finsky.scheduler.process.mainimpl.PhoneskyJobServiceMain u=0 s=10172 TIME=-32ms:+17h19m36s691ms NET READY}
11-03 16:36:00.300  4659  4604 I CAWARENESS_AwarenessSQLiteDatabase: insert recId is 976498
11-03 16:36:00.300  4659  5972 I CAWARENESS_CompatibleBinder: registerLocationFence
11-03 16:36:00.300  4659  4604 I CAWARENESS_CacheReportDataService: Current count 184
11-03 16:36:00.300  4659  4605 I CAWARENESS_FenceManager: addDataId name = null
11-03 16:36:00.300  4659  4605 I CAWARENESS_FenceManager: addDataId dataId = 0
11-03 16:36:00.300  4659  4605 I CAWARENESS_ManagedFenceFactory: AwarenessFence parsing to Optional.empty
11-03 16:36:00.300  4659  4605 I CAWARENESS_FenceManager: onResult, onResultListener=com.huawei.hiai.awareness.opencapacity.fence.FenceManager$3@2141368, code=0
11-03 16:36:00.300  4659  4605 I CAWARENESS_CacheReportDataService: insertData
11-03 16:36:00.300  4659  4605 W CAWARENESS_ThreadPool: thread pool CacheReportDataService(1) is busy 4/5
11-03 16:36:00.301  2641 11018 I LocationDetection: leaveHomeFence: RequestResult{6, 2, 3, null, 0, 0, 100, com.huawei.powergenie_1:1;6,2,3, 1, null, 4, 200007, error_unknown}
11-03 16:36:00.301  4659  4606 I CAWARENESS_AwarenessSQLiteDatabase: insert recId is 976499
11-03 16:36:00.301  4659  4606 I CAWARENESS_CacheReportDataService: Current count 185
11-03 16:36:00.302  4659  4608 I CAWARENESS_AwarenessSQLiteDatabase: insert recId is 976500
11-03 16:36:00.302  4659  4608 I CAWARENESS_CacheReportDataService: Current count 186
11-03 16:36:00.303  4659  4611 I CAWARENESS_AwarenessSQLiteDatabase: insert recId is 976501
11-03 16:36:00.303  4659  5972 I CAWARENESS_CompatibleBinder: registerLocationFence
11-03 16:36:00.303  4659  4611 I CAWARENESS_CacheReportDataService: Current count 187
11-03 16:36:00.304  4659  4613 I CAWARENESS_FenceManager: addDataId name = null
11-03 16:36:00.304  4659  4613 I CAWARENESS_FenceManager: addDataId dataId = 0
11-03 16:36:00.304  4659  4613 I CAWARENESS_ManagedFenceFactory: AwarenessFence parsing to Optional.empty
11-03 16:36:00.304  4659  4613 I CAWARENESS_FenceManager: onResult, onResultListener=com.huawei.hiai.awareness.opencapacity.fence.FenceManager$3@e5076bd, code=0
11-03 16:36:00.304  4659  4613 I CAWARENESS_CacheReportDataService: insertData
11-03 16:36:00.304  4659  4613 W CAWARENESS_ThreadPool: thread pool CacheReportDataService(1) is busy 2/3
11-03 16:36:00.304  2641 11018 I LocationDetection: arriveHomeFence: RequestResult{6, 1, 3, null, 0, 0, 100, com.huawei.powergenie_1:1;6,1,3, 1, null, 4, 200007, error_unknown}
11-03 16:36:00.304  4659  4612 I CAWARENESS_AwarenessSQLiteDatabase: insert recId is 976502
11-03 16:36:00.305  4659  4612 I CAWARENESS_CacheReportDataService: Current count 188
11-03 16:36:00.305  4659  5972 I CAWARENESS_CompatibleBinder: registerLocationFence
11-03 16:36:00.305  4659  4618 I CAWARENESS_FenceManager: addDataId name = null
11-03 16:36:00.306  4659  4618 I CAWARENESS_FenceManager: addDataId dataId = 0
11-03 16:36:00.306  4659  4618 I CAWARENESS_ManagedFenceFactory: AwarenessFence parsing to Optional.empty
11-03 16:36:00.306  4659  4618 I CAWARENESS_FenceManager: onResult, onResultListener=com.huawei.hiai.awareness.opencapacity.fence.FenceManager$3@763e780, code=0
11-03 16:36:00.306  4659  4618 I CAWARENESS_CacheReportDataService: insertData
11-03 16:36:00.306  4659  4618 W CAWARENESS_ThreadPool: thread pool CacheReportDataService(1) is busy 2/3
11-03 16:36:00.306  2641 11018 I LocationDetection: leaveCompanyFence: RequestResult{6, 8, 3, null, 0, 0, 100, com.huawei.powergenie_1:1;6,8,3, 1, null, 4, 200007, error_unknown}
11-03 16:36:00.306  4659  5972 I CAWARENESS_CompatibleBinder: registerLocationFence
11-03 16:36:00.307  4659  4614 I CAWARENESS_AwarenessSQLiteDatabase: insert recId is 976503
11-03 16:36:00.307  4659  4619 I CAWARENESS_FenceManager: addDataId name = null
11-03 16:36:00.307  4659  4619 I CAWARENESS_FenceManager: addDataId dataId = 0
11-03 16:36:00.307  4659  4619 I CAWARENESS_ManagedFenceFactory: AwarenessFence parsing to Optional.empty
11-03 16:36:00.307  4659  4619 I CAWARENESS_FenceManager: onResult, onResultListener=com.huawei.hiai.awareness.opencapacity.fence.FenceManager$3@41909fe, code=0
11-03 16:36:00.307  4659  4619 I CAWARENESS_CacheReportDataService: insertData
11-03 16:36:00.307  4659  4619 W CAWARENESS_ThreadPool: thread pool CacheReportDataService(1) is busy 3/4
11-03 16:36:00.307  4659  4614 I CAWARENESS_CacheReportDataService: Current count 189
11-03 16:36:00.307  2641 11018 I LocationDetection: arriveCompanyFence: RequestResult{6, 4, 3, null, 0, 0, 100, com.huawei.powergenie_1:1;6,4,3, 1, null, 4, 200007, error_unknown}
11-03 16:36:00.309  1717  1961 I PowerManagerService: handleSandman: wakefulness: 1,startDreaming: false
11-03 16:36:00.309  4659  4620 I CAWARENESS_AwarenessSQLiteDatabase: insert recId is 976504
11-03 16:36:00.309   762  1580 D AudioPolicyService: getUidState(10172) cacheIter->second.first, return cacheIter->second.second(20)
11-03 16:36:00.309  4659  4620 I CAWARENESS_CacheReportDataService: Current count 190
11-03 16:36:00.309  1717 11413 V BroadcastQueue: Finished with ordered broadcast BroadcastRecord{a44b70c u0 null}
11-03 16:36:00.310  4659  4624 I CAWARENESS_AwarenessSQLiteDatabase: insert recId is 976505
11-03 16:36:00.311  4659  4624 I CAWARENESS_CacheReportDataService: Current count 191
11-03 16:36:00.312  4659  4625 I CAWARENESS_AwarenessSQLiteDatabase: insert recId is 976506
11-03 16:36:00.312  4659  4625 I CAWARENESS_CacheReportDataService: Current count 192
11-03 16:36:00.320   762  1580 D AudioPolicyService: getUidState(10012) !cacheIter->second.first, return PROCESS_STATE_UNKNOWN
11-03 16:36:00.324  1717  1961 I PowerManagerService: handleSandman: wakefulness: 1,startDreaming: false
11-03 16:36:00.324  1717  1717 I JobServiceContext: APP response begin time, startJob due to preemption. jobid:9184
11-03 16:36:00.325  2691  2691 I Finsky  : [1] SCH: job service start with id 9184.
11-03 16:36:00.326  1717  2744 I JobServiceContext: APP response end time startJob.
11-03 16:36:00.326  1717  1961 I PowerManagerService: handleSandman: wakefulness: 1,startDreaming: false
11-03 16:36:00.332 21018  2690 I GCoreUlr: Unbound from all signal providers.
11-03 16:36:00.335  2691  3421 I Finsky  : [70939] SCH: Satisfied jobs for 9184 are: 12-1
11-03 16:36:00.337  2691  4626 I Finsky  : [70951] SCH: Job 12-1 starting
11-03 16:36:00.338  2691  2691 I Finsky  : [1] WM::SCH: Logging work start for 12-1
11-03 16:36:00.338  2691  2691 I Finsky  : [1] [ContentSync] job started
11-03 16:36:00.339  2691  4628 I Finsky  : [70952] PSR: Package cache is empty, setup cache.
11-03 16:36:00.344 21018  4627 W LogErrorOperation: onLogError callback failed.
11-03 16:36:00.351  1717  3402 I PackageManager: getInstalledPackages cost 11 ms, flags: 1141637312, userId: 0, callingUid: 10172, callingPid: 2691
11-03 16:36:00.352 21018  4603 E WorkSourceUtil: Could not find package: com.google.android.gms.westworld
11-03 16:36:00.337  1717  1961 I chatty  : uid=1000(system) PowerManagerSer identical 4 lines
11-03 16:36:00.341  1717  1961 I PowerManagerService: handleSandman: wakefulness: 1,startDreaming: false
11-03 16:36:00.352  1717  2744 D HwConnectivityServiceEx: set 10167 rmnet0 value false
11-03 16:36:00.355 21018 21018 I GCoreUlr: Unbound from all signal providers.
11-03 16:36:00.355 21018 21018 I GCoreUlr: Stopping handler for UlrDispSvcFast
11-03 16:36:00.356 21018  2690 I GCoreUlr: DispatchingService ignoring Intent { act=android.net.wifi.WIFI_STATE_CHANGED flg=0x4000010 (has extras) } because ULR inactive
11-03 16:36:00.356  1717  1961 I PowerManagerService: handleSandman: wakefulness: 1,startDreaming: false
11-03 16:36:00.365 21018  4627 I NetworkScheduler.Stats: (REDACTED) Task %s/%s started execution. cause:%s exec_start_elapsed_seconds: %s
11-03 16:36:00.368 21018  3491 W LogErrorOperation: onLogError callback failed.
11-03 16:36:00.392 21018  2690 I NetworkScheduler.Stats: (REDACTED) Task %s/%s finished executing. cause:%s result: %s elapsed_millis: %s uptime_millis: %s exec_start_elapsed_seconds: %s
11-03 16:36:00.395 20927 20927 D BoundBrokerSvc: onUnbind: Intent { act=com.google.android.gms.feedback.internal.IFeedbackService dat=chimera-action: cmp=com.google.android.gms/.chimera.GmsBoundBrokerService }
11-03 16:36:00.397 21018  2690 I NetworkScheduler.Stats: (REDACTED) Task %s/%s started execution. cause:%s exec_start_elapsed_seconds: %s
11-03 16:36:00.401   681 32454 I netd    : trafficSwapActiveStatsMap() <16.74ms>
11-03 16:36:00.416 20927 20312 I PlayGamesServices[GamesSyncAdapter]: Starting sync for 173f1996
11-03 16:36:00.420 21018  3491 I NetworkScheduler.Stats: (REDACTED) Task %s/%s started execution. cause:%s exec_start_elapsed_seconds: %s
11-03 16:36:00.420 20927 20312 I PlayGamesServices[GamesSyncAdapter]: Sync duration for 173f1996: 2
11-03 16:36:00.424 21018  4627 I NetworkScheduler.Stats: (REDACTED) Task %s/%s finished executing. cause:%s result: %s elapsed_millis: %s uptime_millis: %s exec_start_elapsed_seconds: %s
11-03 16:36:00.444 20927 11329 W PlayGamesServices[UiUtils]: AppVersion: Cannot find the installed destination app.
11-03 16:36:00.445 20927 11329 I GetServiceValidatorImpl: (REDACTED) onGetService() from Client SDK version [%s], Module version [%s], PGA version [%s], Account [%s], Calling package [%s], Game package [%s]
11-03 16:36:00.446 20927 11329 W GetGamesServiceReqFacto: Parsing request with ignored arguments. signInOptionsBundle [Bundle[{com.google.android.gms.signin.internal.serverClientId=null, com.google.android.gms.signin.internal.usePromptModeForAuthCode=true, com.google.android.gms.signin.internal.logSessionId=null, com.google.android.gms.signin.internal.hostedDomain=null, com.google.android.gms.signin.internal.offlineAccessRequested=false, com.google.android.gms.signin.internal.waitForAccessTokenRefresh=false, com.google.android.gms.signin.internal.clientRequestedAccount=Account {name=XXXXXXXXX, type=com.google}, com.google.android.gms.signin.internal.idTokenRequested=false, com.google.android.gms.signin.internal.forceCodeForRefreshToken=false}]], isRetryingSignIn [false], skipWelcomePopup [false], requireGooglePlus [false]
11-03 16:36:00.446 20927 11329 I GetGamesServiceReqFacto: Replacing request for `games` scope with `games_lite`
11-03 16:36:00.457  2691  4628 I Finsky  : [70952] SLM: no PackageInfo found for shared library com.huawei.androidx_100:
11-03 16:36:00.457  2691  4628 W Finsky  : [70952] SLM: no metadata property com.android.vending.derived.apk.id found for shared library com.google.android.trichromelibrary_398709933:
11-03 16:36:00.457  2691  4628 W Finsky  : [70952] SLM: no metadata property com.android.vending.sdk.version.patch found for shared library com.google.android.trichromelibrary_398709933:
11-03 16:36:00.458  2691  4628 W Finsky  : [70952] SLM: no metadata property com.android.vending.derived.apk.id found for shared library com.google.android.trichromelibrary_739012233:
11-03 16:36:00.458  2691  4628 W Finsky  : [70952] SLM: no metadata property com.android.vending.sdk.version.patch found for shared library com.google.android.trichromelibrary_739012233:
11-03 16:36:00.458 21018 21018 D BoundBrokerSvc: onRebind: Intent { act=com.google.android.gms.auth.aang.events.services.START dat=chimera-action: cmp=com.google.android.gms/.chimera.PersistentApiService }
11-03 16:36:00.460 20927  4635 I SignInPerformer-1: (REDACTED) Handling request [%s], isFirstPartyCaller [%s]
11-03 16:36:00.461 20927  4635 I SignInPerformer-1: Successfully brokered first-party unauthenticated GamesService [CONTEXT service_id=1 ]
11-03 16:36:00.462 20927  4635 I GetGamesServiceV2Op: (REDACTED) Successfully brokered GamesService for request %s
11-03 16:36:00.463 20927 11329 W PlayGamesServices[UiUtils]: AppVersion: Cannot find the installed destination app.
11-03 16:36:00.463 20927 11329 W PlayGamesServices[UiUtils]: AppVersionName: Cannot find the installed destination app.
11-03 16:36:00.472 20927 30108 W Binder  : Caught a RuntimeException from the binder stub implementation.
11-03 16:36:00.472 20927 30108 W Binder  : java.lang.UnsupportedOperationException
11-03 16:36:00.472 20927 30108 W Binder  : 	at m26.den.d(:com.google.android.gms.optional_games@254232017@25.42.32 (100000-0):3)
11-03 16:36:00.472 20927 30108 W Binder  : 	at m26.den.dX(:com.google.android.gms.optional_games@254232017@25.42.32 (100000-0):34)
11-03 16:36:00.472 20927 30108 W Binder  : 	at m26.cqk.onTransact(:com.google.android.gms.optional_games@254232017@25.42.32 (100000-0):75)
11-03 16:36:00.472 20927 30108 W Binder  : 	at android.os.Binder.execTransactInternal(Binder.java:1028)
11-03 16:36:00.472 20927 30108 W Binder  : 	at android.os.Binder.execTransact(Binder.java:1001)
11-03 16:36:00.493   681  1436 W /system/bin/netd: A binder object at 0x767913df40 is being transacted on, however, this object is in the same process as its proxy. Transacting with this binder is expensive compared to just calling the corresponding functionality in the same process.
11-03 16:36:00.494   681  1436 I PreDnsController: CanPreDnsQuery,persist.sys.predns is false!
11-03 16:36:00.494  2691  4628 W Finsky  : [70952] PSR: Package com.huawei.androidx not installed
11-03 16:36:00.496  1717  1717 D HwConnectivityManagerImpl: getNetworkPolicyFlag flagStr null
11-03 16:36:00.521  2295  2660 D NetworkController.MobileSignalController(0_1): mSimSubId:1 onDataActivity: direction=2
11-03 16:36:00.521  2295  2660 I MobileSignalController: copyFrom::dataConnected = true
11-03 16:36:00.521  2295  2660 I MobileSignalController: copyFrom::dataConnected = true
11-03 16:36:00.550   729 26641 W hwcomposer: setGpuFreqBoost:159: boostGpuFreq release !
11-03 16:36:00.441  1717  1961 I chatty  : uid=1000(system) PowerManagerSer identical 14 lines
11-03 16:36:00.445  1717  1961 I PowerManagerService: handleSandman: wakefulness: 1,startDreaming: false
11-03 16:36:00.563  1717  3402 D HwConnectivityServiceEx: set 10423 rmnet0 value false
11-03 16:36:00.633  1054  1230 D COMMRIL : ComrilTimerStart TimerId = 24, tv->tv_sec = 1
11-03 16:36:00.635  1717  1961 I PowerManagerService: handleSandman: wakefulness: 1,startDreaming: false
11-03 16:36:00.654  2550  2550 E CHR_RilMsgTunnelManager: processRilUnsolData: eventID Error! -> 305
11-03 16:36:00.660  2663  2663 E Telephony-accessory: [HwPhoneAccessoryService]:Failed to get instance of HwPhoneAccessoryService, not init yet.
11-03 16:36:00.671   729 26641 W hwcomposer: setGpuFreqBoost:154: boostGpuFreq succ !
11-03 16:36:00.690  2663  2663 E Telephony-accessory: [HwPhoneAccessoryService]:Failed to get instance of HwPhoneAccessoryService, not init yet.
11-03 16:36:00.692  1717  1961 I chatty  : uid=1000(system) PowerManagerSer identical 14 lines
11-03 16:36:00.693  1717  1961 I PowerManagerService: handleSandman: wakefulness: 1,startDreaming: false
11-03 16:36:00.701  2663  2663 W SettingsEx: SettingsEx.Systemex.getString deprecated use Settings.System.getString instead, callers = com.android.internal.telephony.gsm.HwCustGsmServiceStateManagerImpl.isMccForShowNetname:222 com.android.internal.telephony.gsm.HwCustGsmServiceStateManagerImpl.isShowNetnameByMcc:213 com.android.internal.telephony.gsm.HwCustGsmServiceStateManagerImpl.setOnsDisplayCustomization:164 
11-03 16:36:00.766  2606  3045 I SpeedTestNotifier: is low speed scene
11-03 16:36:00.827  2663  2663 E Telephony-accessory: [HwPhoneAccessoryService]:Failed to get instance of HwPhoneAccessoryService, not init yet.
11-03 16:36:00.855  1717  1961 I PowerManagerService: handleSandman: wakefulness: 1,startDreaming: false
11-03 16:36:00.827  2663  2663 E Telephony-accessory: [HwPhoneAccessoryService]:Failed to get instance of HwPhoneAccessoryService, not init yet.
11-03 16:36:00.859  2691  4628 W Finsky  : [70952] PSR: Package com.android.apex.cts.shim not installed
11-03 16:36:00.860  2691  4628 W Finsky  : [70952] PSR: Package com.android.conscrypt not installed
11-03 16:36:00.861  2691  4628 W Finsky  : [70952] PSR: Package com.android.media not installed
11-03 16:36:00.863  2691  4628 W Finsky  : [70952] PSR: Package com.android.media.swcodec not installed
11-03 16:36:00.864  2691  4628 W Finsky  : [70952] PSR: Package com.android.resolv not installed
11-03 16:36:00.866  2691  4628 W Finsky  : [70952] PSR: Package com.android.runtime not installed
11-03 16:36:00.868  2691  4628 W Finsky  : [70952] PSR: Package com.android.tzdata not installed
11-03 16:36:00.885  2663  2663 E Telephony-accessory: [HwPhoneAccessoryService]:Failed to get instance of HwPhoneAccessoryService, not init yet.
11-03 16:36:00.885  2663  2663 E Telephony-accessory: [HwPhoneAccessoryService]:Failed to get instance of HwPhoneAccessoryService, not init yet.
11-03 16:36:00.916  1717  2442 I PackageManager: getInstalledPackages cost 1 ms, flags: 135004160, userId: 0, callingUid: 10172, callingPid: 2691
11-03 16:36:01.146  2606  3988 I Booster_Qoe: AdaBoostPredict rlt,index:5,NisPsSlow:0,NProba:431,rsrp(rssi):-108,rsrq(noise):-14,rtt(chload):0,buffhigh(uldelay):0,buffcomm(rtt):0
11-03 16:36:01.146  2606  3988 I Booster_Qoe: AdaBoostPredict rlt,index:0,NisPsSlow:0,NProba:431,rsrp(rssi):-108,rsrq(noise):-14,rtt(chload):0,buffhigh(uldelay):0,buffcomm(rtt):0
11-03 16:36:01.146  2606  3045 I NetworkQoeProxy: calcChannelNoRx dnsData is not present
11-03 16:36:00.894  1717  1961 I PowerManagerService: handleSandman: wakefulness: 1,startDreaming: false
11-03 16:36:01.147  2606  3045 E Booster_NetworkQoeChr: [startTcpStackInfoStaticForChr]startTcpStackInfoStaticForChr failed, qoeTcpDataOpt is null
11-03 16:36:01.147  2606  3045 D NpdcpAliveManager: ro.odm.npdcp_alive_cfg_enable is false
11-03 16:36:01.148  2606  3045 E SmartDualCardSM: isSignalStrengthPoorScreenOn 2/3G or UNKNOWN true slotId:1
11-03 16:36:01.148  2606  3045 E SmartDualCardSM: isSignalStrengthPoorScreenOn 2/3G or UNKNOWN true slotId:1
11-03 16:36:01.148  2606  3045 I SmartDualCardSM: isSlaveCardNetworkBad return true,mIsSignalStengthPoors =true,mNetworkType=1,mDownlinkSpeedLimits=1048576,mDataRoaming=false
11-03 16:36:01.148  2606  3045 E FourNetCombinationChr: getNetworkQoeInfo failed, qoeTcpDataOpt is null
11-03 16:36:01.148  2606  3407 I Hicom_Monitor: handleNetworkQoeReport. foregroundAppTcpRtt: 0, maxRatioChannelId: 0
11-03 16:36:01.148  2606  3407 I Hicom_Monitor: handleNetworkQoeReport. qoeString: 10423,4,0,431,1,0,4,0,431,457,2136,10,0,0,0,0,0
11-03 16:36:01.209  1054  1230 D COMMRIL : ComrilTimerStart TimerId = 24, tv->tv_sec = 1
11-03 16:36:01.210  1717  1961 I PowerManagerService: handleSandman: wakefulness: 1,startDreaming: false
11-03 16:36:01.236  2663  2663 E Telephony-accessory: [HwPhoneAccessoryService]:Failed to get instance of HwPhoneAccessoryService, not init yet.
11-03 16:36:01.241  1054  1230 D COMMRIL : ComrilTimerStart TimerId = 24, tv->tv_sec = 1
11-03 16:36:01.275  2663  2663 E Telephony-accessory: [HwPhoneAccessoryService]:Failed to get instance of HwPhoneAccessoryService, not init yet.
11-03 16:36:01.284  1717  1961 I chatty  : uid=1000(system) PowerManagerSer identical 20 lines
11-03 16:36:01.285  1717  1961 I PowerManagerService: handleSandman: wakefulness: 1,startDreaming: false
11-03 16:36:01.293  2663  2663 W SettingsEx: SettingsEx.Systemex.getString deprecated use Settings.System.getString instead, callers = com.android.internal.telephony.gsm.HwCustGsmServiceStateManagerImpl.isMccForShowNetname:222 com.android.internal.telephony.gsm.HwCustGsmServiceStateManagerImpl.isShowNetnameByMcc:213 com.android.internal.telephony.gsm.HwCustGsmServiceStateManagerImpl.setOnsDisplayCustomization:164 
11-03 16:36:01.486  1717  1961 I PowerManagerService: handleSandman: wakefulness: 1,startDreaming: false
11-03 16:36:01.523  2295  2660 D NetworkController.MobileSignalController(0_1): mSimSubId:1 onDataActivity: direction=3
11-03 16:36:01.523  2295  2660 I MobileSignalController: copyFrom::dataConnected = true
11-03 16:36:01.524  2295  2660 I MobileSignalController: copyFrom::dataConnected = true
11-03 16:36:01.549   729 26641 W hwcomposer: setGpuFreqBoost:159: boostGpuFreq release !
11-03 16:36:01.591  4565  4565 W dex2oat : Accessing hidden method Landroid/view/WindowInsets$Type;->systemBars()I (blacklist, linking, denied)
11-03 16:36:01.614 21018  4627 I NetworkScheduler.Stats: (REDACTED) Task %s/%s finished executing. cause:%s result: %s elapsed_millis: %s uptime_millis: %s exec_start_elapsed_seconds: %s
11-03 16:36:01.618  2691  2691 I Finsky  : [1] App states replicator found 10 unowned apps
11-03 16:36:01.630  2691  2813 I Finsky  : [70886] Completed 0 account content syncs with 0 successful.
11-03 16:36:01.630  2691  2691 I Finsky  : [1] [ContentSync] Installation state replication succeeded.
11-03 16:36:01.630  2691  2691 I Finsky  : [1] SCH: jobFinished: 12-1. TimeElapsed: 1292ms.
11-03 16:36:01.630  2691  2691 I Finsky  : [1] WM::SCH: Logging work end for 12-1
11-03 16:36:01.638  2691  2813 I Finsky  : [70886] SCH: Scheduling phonesky job Id: 1-1337, CT: 1762138714998, Constraints: [{ L: 43021991, D: 86221991, C: CHARGING_NONE, I: IDLE_NONE, N: NET_ANY, B: BATTERY_ANY }]
11-03 16:36:01.639  2691  2813 I Finsky  : [70886] SCH: Scheduling phonesky job Id: 34-93, CT: 1762138726351, Constraints: [{ L: 79199879, D: 1375199879, C: CHARGING_NONE, I: IDLE_NONE, N: NET_ANY, B: BATTERY_ANY }]
11-03 16:36:01.639  2691  2813 I Finsky  : [70886] SCH: Scheduling phonesky job Id: 34-96, CT: 1762138727746, Constraints: [{ L: 604800000, D: 2591999408, C: CHARGING_NONE, I: IDLE_NONE, N: NET_ANY, B: BATTERY_ANY }]
11-03 16:36:01.640  2691  2823 I Finsky  : [70891] SCH: Scheduling 1 system job(s)
11-03 16:36:01.641  2691  2823 I Finsky  : [70891] SCH: Scheduling system job Id: 9215, L: 19175349, D: 62375349, C: false, I: false, N: 1
11-03 16:36:01.618  1717  1961 I chatty  : uid=1000(system) PowerManagerSer identical 4 lines
11-03 16:36:01.625  1717  1961 I PowerManagerService: handleSandman: wakefulness: 1,startDreaming: false
11-03 16:36:01.641  1717 14537 D HwConnectivityServiceEx: set 10172 rmnet0 value false
11-03 16:36:01.641  1717 14537 I JobScheduler.Time: Add job to TimeTracking: 61013f9 #u0a172/9215 com.android.vending/com.google.android.finsky.scheduler.process.mainimpl.PhoneskyJobServiceMain, delayTime:3214044605, deadlineTime:3257244605
11-03 16:36:01.643  2691  4626 I Finsky  : [70951] SCH: job service finished with id 9184.
11-03 16:36:01.644  1717  1961 I PowerManagerService: handleSandman: wakefulness: 1,startDreaming: false
11-03 16:36:01.645  1054  1230 D COMMRIL : ComrilTimerStart TimerId = 24, tv->tv_sec = 1
11-03 16:36:01.646  1717  1961 I PowerManagerService: handleSandman: wakefulness: 1,startDreaming: false
11-03 16:36:01.646  1717 14537 I JobScheduler: APP response end time, Completed JobStatus{3894de5 #u0a172/9184 com.android.vending/com.google.android.finsky.scheduler.process.mainimpl.PhoneskyJobServiceMain u=0 s=10172 TIME=-1s379ms:+17h19m35s344ms NET READY}, reschedule=false
11-03 16:36:01.646   762  1580 D AudioPolicyService: getUidState(10172) cacheIter->second.first, return cacheIter->second.second(9)
11-03 16:36:01.647  1717  1961 I PowerManagerService: handleSandman: wakefulness: 1,startDreaming: false
11-03 16:36:01.654   762  1580 D AudioPolicyService: getUidState(10172) cacheIter->second.first, return cacheIter->second.second(11)
11-03 16:36:01.669  2663  2663 E Telephony-accessory: [HwPhoneAccessoryService]:Failed to get instance of HwPhoneAccessoryService, not init yet.
11-03 16:36:01.670   729 26641 W hwcomposer: setGpuFreqBoost:154: boostGpuFreq succ !
11-03 16:36:01.672  1717  1961 I chatty  : uid=1000(system) PowerManagerSer identical 5 lines
11-03 16:36:01.673  1717  1961 I PowerManagerService: handleSandman: wakefulness: 1,startDreaming: false
11-03 16:36:01.680  2663  2663 W SettingsEx: SettingsEx.Systemex.getString deprecated use Settings.System.getString instead, callers = com.android.internal.telephony.gsm.HwCustGsmServiceStateManagerImpl.isMccForShowNetname:222 com.android.internal.telephony.gsm.HwCustGsmServiceStateManagerImpl.isShowNetnameByMcc:213 com.android.internal.telephony.gsm.HwCustGsmServiceStateManagerImpl.setOnsDisplayCustomization:164 
11-03 16:36:01.688  2663  2663 E Telephony-accessory: [HwPhoneAccessoryService]:Failed to get instance of HwPhoneAccessoryService, not init yet.
11-03 16:36:01.688  2663  2663 I chatty  : uid=1001(radio) com.android.phone identical 1 line
11-03 16:36:01.710  2663  2663 E Telephony-accessory: [HwPhoneAccessoryService]:Failed to get instance of HwPhoneAccessoryService, not init yet.
11-03 16:36:01.710  2663  3869 E Telephony-accessory: [HwPhoneAccessoryService]:Failed to get instance of HwPhoneAccessoryService, not init yet.
11-03 16:36:01.710  2663  4290 E Telephony-accessory: [HwPhoneAccessoryService]:Failed to get instance of HwPhoneAccessoryService, not init yet.
11-03 16:36:01.710  1717  1717 I MQoS    : onSignal: mSubId=1,currDataSubID=0
11-03 16:36:01.711  1717  1717 E MQoS    : invalid signal strength.
11-03 16:36:01.711  2663  2663 E Telephony-accessory: [HwPhoneAccessoryService]:Failed to get instance of HwPhoneAccessoryService, not init yet.
11-03 16:36:01.711  2663  2663 D Mapcon  : TelephonyTracker: [onSignalStrengthsChanged]phoneId=1, level=4
11-03 16:36:01.711  2663  3833 E Telephony-accessory: [HwPhoneAccessoryService]:Failed to get instance of HwPhoneAccessoryService, not init yet.
11-03 16:36:01.711  2663  2737 E Telephony-accessory: [HwPhoneAccessoryService]:Failed to get instance of HwPhoneAccessoryService, not init yet.
11-03 16:36:01.711  2663  3870 E Telephony-accessory: [HwPhoneAccessoryService]:Failed to get instance of HwPhoneAccessoryService, not init yet.
11-03 16:36:01.711  2663  5178 E Telephony-accessory: [HwPhoneAccessoryService]:Failed to get instance of HwPhoneAccessoryService, not init yet.
11-03 16:36:01.711  2663  2663 E Telephony-accessory: [HwPhoneAccessoryService]:Failed to get instance of HwPhoneAccessoryService, not init yet.
11-03 16:36:01.711  2606  2606 D TelephonyUtil: onSignalStrengthsChanged
11-03 16:36:01.711  2606  2606 D TelephonyUtil: handleSignalStrengthsChanged slotId:1
11-03 16:36:01.711  2663  3869 E Telephony-accessory: [HwPhoneAccessoryService]:Failed to get instance of HwPhoneAccessoryService, not init yet.
11-03 16:36:01.711  2663  5178 E Telephony-accessory: [HwPhoneAccessoryService]:Failed to get instance of HwPhoneAccessoryService, not init yet.
11-03 16:36:01.711  2663  3974 D Mapcon  : VoiceManager-5-PrepareState: [a]MsgIdEnum=MAPCON_MESSAGE_TM_CMD_SIGNAL_STRENGTH_CHANED_IND
11-03 16:36:01.711  1717  1717 I MQoS    : received cell-signal:5
11-03 16:36:01.711  2663  5178 E Telephony-accessory: [HwPhoneAccessoryService]:Failed to get instance of HwPhoneAccessoryService, not init yet.
11-03 16:36:01.711  2663  3974 I chatty  : uid=1001(radio) VoiceManager-5 identical 1 line
11-03 16:36:01.711  2663  3974 D Mapcon  : VoiceManager-5-PrepareState: [a]MsgIdEnum=MAPCON_MESSAGE_TM_CMD_SIGNAL_STRENGTH_CHANED_IND
11-03 16:36:01.712  2663  3974 D Mapcon  : VoiceManager-5-DefaultState: [a]MsgIdEnum=MAPCON_MESSAGE_TM_CMD_SIGNAL_STRENGTH_CHANED_IND
11-03 16:36:01.712  2663  3974 D Mapcon  : VoiceManager-5-DefaultState: [a]MsgIdEnum=MAPCON_MESSAGE_TM_CMD_SIGNAL_STRENGTH_CHANED_IND
11-03 16:36:01.712  2606  3045 I PreDnsQuery: No need to handled!
11-03 16:36:01.712  2663  5178 E Telephony-accessory: [HwPhoneAccessoryService]:Failed to get instance of HwPhoneAccessoryService, not init yet.
11-03 16:36:01.713  2606  3045 I OllieMsgCenter: publishEvt=2131099740
11-03 16:36:01.713  2663  3869 E Telephony-accessory: [HwPhoneAccessoryService]:Failed to get instance of HwPhoneAccessoryService, not init yet.
11-03 16:36:01.713  2606  3045 E SmartDualCardSM: isSignalStrengthPoorScreenOn 2/3G or UNKNOWN true slotId:1
11-03 16:36:01.713  2606  3045 I SmartDualCardSM: IdleState:got msg.what=EVENT_UMTS_RSCP_CHANGED
11-03 16:36:01.713   681 32454 I OemNetd : setNetBoosterRsrpRsrq(-109, -1)
11-03 16:36:01.713  2663  5178 E Telephony-accessory: [HwPhoneAccessoryService]:Failed to get instance of HwPhoneAccessoryService, not init yet.
11-03 16:36:01.713  1717  2442 I HwNetworkManagementService: setNetBoosterRsrpRsrq succeeded
11-03 16:36:01.874  1717  1961 I PowerManagerService: handleSandman: wakefulness: 1,startDreaming: false
11-03 16:36:02.014  1717  1717 I MQoS    : onSignal: mSubId=0,currDataSubID=0
11-03 16:36:02.015  2663  5178 E Telephony-accessory: [HwPhoneAccessoryService]:Failed to get instance of HwPhoneAccessoryService, not init yet.
11-03 16:36:02.015  2663  3869 E Telephony-accessory: [HwPhoneAccessoryService]:Failed to get instance of HwPhoneAccessoryService, not init yet.
11-03 16:36:02.015  2663  2737 E Telephony-accessory: [HwPhoneAccessoryService]:Failed to get instance of HwPhoneAccessoryService, not init yet.
11-03 16:36:02.015  2663  2737 E Telephony-accessory: [HwPhoneAccessoryService]:Failed to get instance of HwPhoneAccessoryService, not init yet.
11-03 16:36:02.015  2606  2606 D TelephonyUtil: onSignalStrengthsChanged
11-03 16:36:02.015  2606  2606 D TelephonyUtil: handleSignalStrengthsChanged slotId:0
11-03 16:36:02.016  2663  3869 E Telephony-accessory: [HwPhoneAccessoryService]:Failed to get instance of HwPhoneAccessoryService, not init yet.
11-03 16:36:02.016  2663  2663 E Telephony-accessory: [HwPhoneAccessoryService]:Failed to get instance of HwPhoneAccessoryService, not init yet.
11-03 16:36:02.016  2663  3869 E Telephony-accessory: [HwPhoneAccessoryService]:Failed to get instance of HwPhoneAccessoryService, not init yet.
11-03 16:36:02.016  1717  1717 I MQoS    : received cell-signal:4
11-03 16:36:02.016  2663  2737 E Telephony-accessory: [HwPhoneAccessoryService]:Failed to get instance of HwPhoneAccessoryService, not init yet.
11-03 16:36:02.016  2663  3869 E Telephony-accessory: [HwPhoneAccessoryService]:Failed to get instance of HwPhoneAccessoryService, not init yet.
11-03 16:36:02.017  2663  2737 E Telephony-accessory: [HwPhoneAccessoryService]:Failed to get instance of HwPhoneAccessoryService, not init yet.
11-03 16:36:02.017  2663  2663 E Telephony-accessory: [HwPhoneAccessoryService]:Failed to get instance of HwPhoneAccessoryService, not init yet.
11-03 16:36:02.017  2663  3869 E Telephony-accessory: [HwPhoneAccessoryService]:Failed to get instance of HwPhoneAccessoryService, not init yet.
11-03 16:36:02.017  2663  2663 D Mapcon  : TelephonyTracker: [onSignalStrengthsChanged]phoneId=0, level=3
11-03 16:36:02.017  2663  2663 E Telephony-accessory: [HwPhoneAccessoryService]:Failed to get instance of HwPhoneAccessoryService, not init yet.
11-03 16:36:02.017  2663  3869 E Telephony-accessory: [HwPhoneAccessoryService]:Failed to get instance of HwPhoneAccessoryService, not init yet.
11-03 16:36:02.017  2663  3960 D Mapcon  : VoiceManager-0-PrepareState: [a]MsgIdEnum=MAPCON_MESSAGE_TM_CMD_SIGNAL_STRENGTH_CHANED_IND
11-03 16:36:02.018  2663  3960 I chatty  : uid=1001(radio) VoiceManager-0 identical 1 line
11-03 16:36:02.018  2663  3960 D Mapcon  : VoiceManager-0-PrepareState: [a]MsgIdEnum=MAPCON_MESSAGE_TM_CMD_SIGNAL_STRENGTH_CHANED_IND
11-03 16:36:02.018  2663  3960 D Mapcon  : VoiceManager-0-DefaultState: [a]MsgIdEnum=MAPCON_MESSAGE_TM_CMD_SIGNAL_STRENGTH_CHANED_IND
11-03 16:36:02.018  2663  2737 E Telephony-accessory: [HwPhoneAccessoryService]:Failed to get instance of HwPhoneAccessoryService, not init yet.
11-03 16:36:02.019  2663  2737 E Telephony-accessory: [HwPhoneAccessoryService]:Failed to get instance of HwPhoneAccessoryService, not init yet.
11-03 16:36:02.084  2663  2663 E Telephony-accessory: [HwPhoneAccessoryService]:Failed to get instance of HwPhoneAccessoryService, not init yet.
11-03 16:36:02.084  2663  2663 E Telephony-accessory: [HwPhoneAccessoryService]:Failed to get instance of HwPhoneAccessoryService, not init yet.
11-03 16:36:02.170  2606  3988 I Booster_Qoe: AdaBoostPredict rlt,index:5,NisPsSlow:0,NProba:431,rsrp(rssi):-110,rsrq(noise):-14,rtt(chload):0,buffhigh(uldelay):0,buffcomm(rtt):0
11-03 16:36:02.171  2606  3988 I Booster_Qoe: AdaBoostPredict rlt,index:0,NisPsSlow:0,NProba:431,rsrp(rssi):-110,rsrq(noise):-14,rtt(chload):0,buffhigh(uldelay):0,buffcomm(rtt):0
11-03 16:36:02.171  2606  3045 I NetworkQoeProxy: calcChannelNoRx dnsData is not present
11-03 16:36:02.018  2663  3960 D Mapcon  : VoiceManager-0-DefaultState: [a]MsgIdEnum=MAPCON_MESSAGE_TM_CMD_SIGNAL_STRENGTH_CHANED_IND
11-03 16:36:02.172  2606  3045 E Booster_NetworkQoeChr: [startTcpStackInfoStaticForChr]startTcpStackInfoStaticForChr failed, qoeTcpDataOpt is null
11-03 16:36:02.172  2606  3045 D NpdcpAliveManager: ro.odm.npdcp_alive_cfg_enable is false
11-03 16:36:02.173  2606  3045 E SmartDualCardSM: isSignalStrengthPoorScreenOn 2/3G or UNKNOWN true slotId:1
11-03 16:36:02.173  2606  3045 E SmartDualCardSM: isSignalStrengthPoorScreenOn 2/3G or UNKNOWN true slotId:1
11-03 16:36:02.173  2606  3045 I SmartDualCardSM: isSlaveCardNetworkBad return true,mIsSignalStengthPoors =true,mNetworkType=1,mDownlinkSpeedLimits=1048576,mDataRoaming=false
11-03 16:36:02.173  2606  3045 E FourNetCombinationChr: getNetworkQoeInfo failed, qoeTcpDataOpt is null
11-03 16:36:02.173  2606  3407 I Hicom_Monitor: handleNetworkQoeReport. foregroundAppTcpRtt: 0, maxRatioChannelId: 0
11-03 16:36:02.173  2606  3407 I Hicom_Monitor: handleNetworkQoeReport. qoeString: 10423,4,0,431,1,0,4,0,431,457,2136,10,0,0,0,0,0
11-03 16:36:02.234  2641  3596 I PG_ash  : has widget app: com.huawei.android.totemweather
11-03 16:36:02.232  2641  2641 W com.huawei.iaware: type=1400 audit(0.0:980280): avc: granted { getattr } for pid=2641 comm=616374696F6E732068616E646C6572 path="/data/system/users/0/appwidgets.xml" dev="sdd71" ino=26408 scontext=u:r:system_app:s0 tcontext=u:object_r:system_data_file:s0 tclass=file
11-03 16:36:02.234  2641  3596 I PG_ash  : Application com.huawei.android.totemweather, oversea just update widget, delay to H!
11-03 16:36:02.244 20927 20927 D BoundBrokerSvc: onUnbind: Intent { act=com.google.android.gms.potokens.service.START dat=chimera-action: cmp=com.google.android.gms/.chimera.GmsApiService }
11-03 16:36:02.549  1033  1033 E Thermal-daemon:hw_thermal: [ap] tempNew :40  tempOld :38
11-03 16:36:02.549  1033  1033 E Thermal-daemon:hw_thermal: Report temperature: [ap] temp :40  reportThreshold:1
11-03 16:36:02.563  1717  3402 D HwConnectivityServiceEx: set 10423 rmnet0 value false
11-03 16:36:03.049  2641  2641 D PgApp   : monitor memory pss : 40218 Pid : 2641
11-03 16:36:03.191  2606  3988 I Booster_Qoe: AdaBoostPredict rlt,index:5,NisPsSlow:0,NProba:431,rsrp(rssi):-110,rsrq(noise):-14,rtt(chload):0,buffhigh(uldelay):0,buffcomm(rtt):0
11-03 16:36:03.191  2606  3988 I Booster_Qoe: AdaBoostPredict rlt,index:0,NisPsSlow:0,NProba:431,rsrp(rssi):-110,rsrq(noise):-14,rtt(chload):0,buffhigh(uldelay):0,buffcomm(rtt):0
11-03 16:36:03.191  2606  3045 I NetworkQoeProxy: calcChannelNoRx dnsData is not present
11-03 16:36:03.192  2606  3045 E Booster_NetworkQoeChr: [startTcpStackInfoStaticForChr]startTcpStackInfoStaticForChr failed, qoeTcpDataOpt is null
11-03 16:36:03.192  2606  3045 D NpdcpAliveManager: ro.odm.npdcp_alive_cfg_enable is false
11-03 16:36:03.193  2606  3045 E SmartDualCardSM: isSignalStrengthPoorScreenOn 2/3G or UNKNOWN true slotId:1
11-03 16:36:03.193  2606  3045 E SmartDualCardSM: isSignalStrengthPoorScreenOn 2/3G or UNKNOWN true slotId:1
11-03 16:36:03.193  2606  3045 I SmartDualCardSM: isSlaveCardNetworkBad return true,mIsSignalStengthPoors =true,mNetworkType=1,mDownlinkSpeedLimits=1048576,mDataRoaming=false
11-03 16:36:03.193  2606  3045 E FourNetCombinationChr: getNetworkQoeInfo failed, qoeTcpDataOpt is null
11-03 16:36:03.193  2606  3407 I Hicom_Monitor: handleNetworkQoeReport. foregroundAppTcpRtt: 0, maxRatioChannelId: 0
11-03 16:36:03.193  2606  3407 I Hicom_Monitor: handleNetworkQoeReport. qoeString: 10423,4,0,431,1,0,4,0,431,457,2136,10,0,0,0,0,0
11-03 16:36:03.492 20927 20927 D BoundBrokerSvc: onUnbind: Intent { act=com.google.android.gms.inappreach.service.START dat=chimera-action: cmp=com.google.android.gms/.chimera.GmsApiService }
11-03 16:36:03.532  2295  2660 D NetworkController.MobileSignalController(0_1): mSimSubId:1 onDataActivity: direction=0
11-03 16:36:03.532  2295  2660 I MobileSignalController: copyFrom::dataConnected = true
11-03 16:36:03.532  2295  2660 I MobileSignalController: copyFrom::dataConnected = true
11-03 16:36:03.566   729 26641 W hwcomposer: setGpuFreqBoost:159: boostGpuFreq release !
11-03 16:36:03.688   729 26641 W hwcomposer: setGpuFreqBoost:154: boostGpuFreq succ !
11-03 16:36:03.723  2573  3140 D DeviceMonitorPowerKit: run, sCountNum is 1
11-03 16:36:03.723  2573  3140 D DeviceMonitorPowerKit: interval is 599984, ElapsedRealtime is 3194271354, isNeedRepeat: false
11-03 16:36:03.723  2573  3140 E DeviceMonitorPowerKit: not Satify ApplyResource
11-03 16:36:04.151  1053  1089 D AwareLog: iawared: fg_hl_ctl AddHighLoadTask success tid:4565, taskNum:1
11-03 16:36:04.215  2606  3988 I Booster_Qoe: AdaBoostPredict rlt,index:5,NisPsSlow:0,NProba:431,rsrp(rssi):-110,rsrq(noise):-14,rtt(chload):0,buffhigh(uldelay):0,buffcomm(rtt):0
11-03 16:36:04.215  2606  3988 I Booster_Qoe: AdaBoostPredict rlt,index:0,NisPsSlow:0,NProba:431,rsrp(rssi):-110,rsrq(noise):-14,rtt(chload):0,buffhigh(uldelay):0,buffcomm(rtt):0
11-03 16:36:04.215  2606  3045 I NetworkQoeProxy: calcChannelNoRx dnsData is not present
