11-06 00:40:14.404  2606  3045 E FourNetCombinationChr: getNetworkQoeInfo failed, qoeTcpDataOpt is null
11-06 00:40:15.425  2606  3045 E Booster_NetworkQoeChr: [startTcpStackInfoStaticForChr]startTcpStackInfoStaticForChr failed, qoeTcpDataOpt is null
11-06 00:40:15.426  2606  3045 D NpdcpAliveManager: ro.odm.npdcp_alive_cfg_enable is false
11-06 00:40:15.426  2606  3045 E SmartDualCardSM: isSignalStrengthPoorScreenOn 2/3G or UNKNOWN true slotId:1
11-06 00:40:15.426  2606  3045 E SmartDualCardSM: isSignalStrengthPoorScreenOn 2/3G or UNKNOWN true slotId:1
11-06 00:40:15.427  2606  3045 I SmartDualCardSM: isSlaveCardNetworkBad return true,mIsSignalStengthPoors =true,mNetworkType=1,mDownlinkSpeedLimits=1048576,mDataRoaming=false
11-06 00:40:15.427  2606  3045 E FourNetCombinationChr: getNetworkQoeInfo failed, qoeTcpDataOpt is null
11-06 00:40:15.543  2663  2663 I chatty  : uid=1001(radio) com.android.phone expire 1 line
11-06 00:40:15.544  2663  3960 I chatty  : uid=1001(radio) VoiceManager-0 expire 6 lines
11-06 00:40:16.454  2606  3045 E Booster_NetworkQoeChr: [startTcpStackInfoStaticForChr]startTcpStackInfoStaticForChr failed, qoeTcpDataOpt is null
11-06 00:40:16.455  2606  3045 D NpdcpAliveManager: ro.odm.npdcp_alive_cfg_enable is false
11-06 00:40:16.455  2606  3045 E SmartDualCardSM: isSignalStrengthPoorScreenOn 2/3G or UNKNOWN true slotId:1
11-06 00:40:16.456  2606  3045 E SmartDualCardSM: isSignalStrengthPoorScreenOn 2/3G or UNKNOWN true slotId:1
11-06 00:40:16.456  2606  3045 I SmartDualCardSM: isSlaveCardNetworkBad return true,mIsSignalStengthPoors =true,mNetworkType=1,mDownlinkSpeedLimits=1048576,mDataRoaming=false
11-06 00:40:16.456  2606  3045 E FourNetCombinationChr: getNetworkQoeInfo failed, qoeTcpDataOpt is null
11-06 00:40:17.474  2606  3045 E Booster_NetworkQoeChr: [startTcpStackInfoStaticForChr]startTcpStackInfoStaticForChr failed, qoeTcpDataOpt is null
11-06 00:40:17.474  2606  3045 D NpdcpAliveManager: ro.odm.npdcp_alive_cfg_enable is false
11-06 00:40:17.475  2606  3045 E SmartDualCardSM: isSignalStrengthPoorScreenOn 2/3G or UNKNOWN true slotId:1
11-06 00:40:17.475  2606  3045 E SmartDualCardSM: isSignalStrengthPoorScreenOn 2/3G or UNKNOWN true slotId:1
11-06 00:40:17.475  2606  3045 I SmartDualCardSM: isSlaveCardNetworkBad return true,mIsSignalStengthPoors =true,mNetworkType=1,mDownlinkSpeedLimits=1048576,mDataRoaming=false
11-06 00:40:17.475  2606  3045 E FourNetCombinationChr: getNetworkQoeInfo failed, qoeTcpDataOpt is null
11-06 00:40:17.780  2663  2663 I chatty  : uid=1001(radio) com.android.phone expire 2 lines
11-06 00:40:17.782  2663  3960 I chatty  : uid=1001(radio) VoiceManager-0 expire 6 lines
11-06 00:40:18.497  2606  3045 E Booster_NetworkQoeChr: [startTcpStackInfoStaticForChr]startTcpStackInfoStaticForChr failed, qoeTcpDataOpt is null
11-06 00:40:18.498  2606  3045 D NpdcpAliveManager: ro.odm.npdcp_alive_cfg_enable is false
11-06 00:40:18.498  2606  3045 E SmartDualCardSM: isSignalStrengthPoorScreenOn 2/3G or UNKNOWN true slotId:1
11-06 00:40:18.498  2606  3045 E SmartDualCardSM: isSignalStrengthPoorScreenOn 2/3G or UNKNOWN true slotId:1
11-06 00:40:18.498  2606  3045 I SmartDualCardSM: isSlaveCardNetworkBad return true,mIsSignalStengthPoors =true,mNetworkType=1,mDownlinkSpeedLimits=1048576,mDataRoaming=false
11-06 00:40:18.499  2606  3045 E FourNetCombinationChr: getNetworkQoeInfo failed, qoeTcpDataOpt is null
11-06 00:40:19.522  2606  3045 E Booster_NetworkQoeChr: [startTcpStackInfoStaticForChr]startTcpStackInfoStaticForChr failed, qoeTcpDataOpt is null
11-06 00:40:19.522  2606  3045 D NpdcpAliveManager: ro.odm.npdcp_alive_cfg_enable is false
11-06 00:40:19.522  2606  3045 E SmartDualCardSM: isSignalStrengthPoorScreenOn 2/3G or UNKNOWN true slotId:1
11-06 00:40:19.523  2606  3045 E SmartDualCardSM: isSignalStrengthPoorScreenOn 2/3G or UNKNOWN true slotId:1
11-06 00:40:19.523  2606  3045 I SmartDualCardSM: isSlaveCardNetworkBad return true,mIsSignalStengthPoors =true,mNetworkType=1,mDownlinkSpeedLimits=1048576,mDataRoaming=false
11-06 00:40:19.523  2606  3045 E FourNetCombinationChr: getNetworkQoeInfo failed, qoeTcpDataOpt is null
11-06 00:40:20.069  2663  2663 I chatty  : uid=1001(radio) com.android.phone expire 1 line
11-06 00:40:20.069  2606  3045 I PreDnsQuery: No need to handled!
11-06 00:40:20.070  2663  3974 I chatty  : uid=1001(radio) VoiceManager-5 expire 2 lines
11-06 00:40:20.070  2606  3045 E SmartDualCardSM: isSignalStrengthPoorScreenOn 2/3G or UNKNOWN true slotId:1
11-06 00:40:20.070  2663  3974 D Mapcon  : VoiceManager-5-PrepareState: [a]MsgIdEnum=MAPCON_MESSAGE_TM_CMD_SIGNAL_STRENGTH_CHANED_IND
11-06 00:40:20.070  2606  3045 I SmartDualCardSM: IdleState:got msg.what=EVENT_UMTS_RSCP_CHANGED
11-06 00:40:20.070  2663  3974 D Mapcon  : VoiceManager-5-DefaultState: [a]MsgIdEnum=MAPCON_MESSAGE_TM_CMD_SIGNAL_STRENGTH_CHANED_IND
11-06 00:40:20.070  2663  3974 D Mapcon  : VoiceManager-5-DefaultState: [a]MsgIdEnum=MAPCON_MESSAGE_TM_CMD_SIGNAL_STRENGTH_CHANED_IND
11-06 00:40:20.072  1717  2042 I chatty  : uid=1000(system) Binder:1717_3 expire 1 line
11-06 00:40:20.313  1717  2046 I chatty  : uid=1000(system) UEventObserver expire 6 lines
11-06 00:40:20.325  1717  2042 I chatty  : uid=1000(system) Binder:1717_3 expire 1 line
11-06 00:40:20.547  2606  3045 E Booster_NetworkQoeChr: [startTcpStackInfoStaticForChr]startTcpStackInfoStaticForChr failed, qoeTcpDataOpt is null
11-06 00:40:20.547  2606  3045 D NpdcpAliveManager: ro.odm.npdcp_alive_cfg_enable is false
11-06 00:40:20.548  2606  3045 E SmartDualCardSM: isSignalStrengthPoorScreenOn 2/3G or UNKNOWN true slotId:1
11-06 00:40:20.548  2606  3045 E SmartDualCardSM: isSignalStrengthPoorScreenOn 2/3G or UNKNOWN true slotId:1
11-06 00:40:20.548  2606  3045 I SmartDualCardSM: isSlaveCardNetworkBad return true,mIsSignalStengthPoors =true,mNetworkType=1,mDownlinkSpeedLimits=1048576,mDataRoaming=false
11-06 00:40:20.549  2606  3045 E FourNetCombinationChr: getNetworkQoeInfo failed, qoeTcpDataOpt is null
11-06 00:40:20.902  1717  1961 I chatty  : uid=1000(system) PowerManagerSer expire 1 line
11-06 00:40:21.574  2606  3045 E Booster_NetworkQoeChr: [startTcpStackInfoStaticForChr]startTcpStackInfoStaticForChr failed, qoeTcpDataOpt is null
11-06 00:40:21.574  2606  3045 D NpdcpAliveManager: ro.odm.npdcp_alive_cfg_enable is false
11-06 00:40:21.575  2606  3045 E SmartDualCardSM: isSignalStrengthPoorScreenOn 2/3G or UNKNOWN true slotId:1
11-06 00:40:21.576  2606  3045 E SmartDualCardSM: isSignalStrengthPoorScreenOn 2/3G or UNKNOWN true slotId:1
11-06 00:40:21.576  2606  3045 I SmartDualCardSM: isSlaveCardNetworkBad return true,mIsSignalStengthPoors =true,mNetworkType=1,mDownlinkSpeedLimits=1048576,mDataRoaming=false
11-06 00:40:21.576  2606  3045 E FourNetCombinationChr: getNetworkQoeInfo failed, qoeTcpDataOpt is null
11-06 00:40:22.598  2606  3045 E Booster_NetworkQoeChr: [startTcpStackInfoStaticForChr]startTcpStackInfoStaticForChr failed, qoeTcpDataOpt is null
11-06 00:40:22.598  2606  3045 D NpdcpAliveManager: ro.odm.npdcp_alive_cfg_enable is false
11-06 00:40:22.599  2606  3045 E SmartDualCardSM: isSignalStrengthPoorScreenOn 2/3G or UNKNOWN true slotId:1
11-06 00:40:22.599  2606  3045 E SmartDualCardSM: isSignalStrengthPoorScreenOn 2/3G or UNKNOWN true slotId:1
11-06 00:40:22.600  2606  3045 I SmartDualCardSM: isSlaveCardNetworkBad return true,mIsSignalStengthPoors =true,mNetworkType=1,mDownlinkSpeedLimits=1048576,mDataRoaming=false
11-06 00:40:22.600  2606  3045 E FourNetCombinationChr: getNetworkQoeInfo failed, qoeTcpDataOpt is null
11-06 00:40:22.928  1717  7707 I chatty  : uid=1000(system) MobileQosDetect expire 1 line
11-06 00:40:23.622  2606  3045 E Booster_NetworkQoeChr: [startTcpStackInfoStaticForChr]startTcpStackInfoStaticForChr failed, qoeTcpDataOpt is null
11-06 00:40:23.622  2606  3045 D NpdcpAliveManager: ro.odm.npdcp_alive_cfg_enable is false
11-06 00:40:23.623  2606  3045 E SmartDualCardSM: isSignalStrengthPoorScreenOn 2/3G or UNKNOWN true slotId:1
11-06 00:40:23.623  2606  3045 E SmartDualCardSM: isSignalStrengthPoorScreenOn 2/3G or UNKNOWN true slotId:1
11-06 00:40:23.623  2606  3045 I SmartDualCardSM: isSlaveCardNetworkBad return true,mIsSignalStengthPoors =true,mNetworkType=1,mDownlinkSpeedLimits=1048576,mDataRoaming=false
11-06 00:40:23.623  2606  3045 E FourNetCombinationChr: getNetworkQoeInfo failed, qoeTcpDataOpt is null
11-06 00:40:24.189  2663  2663 D Mapcon  : TelephonyTracker: [onSignalStrengthsChanged]phoneId=0, level=4
11-06 00:40:24.190  2663  3960 D Mapcon  : VoiceManager-0-PrepareState: [a]MsgIdEnum=MAPCON_MESSAGE_TM_CMD_SIGNAL_STRENGTH_CHANED_IND
11-06 00:40:24.190  2663  3960 I chatty  : uid=1001(radio) VoiceManager-0 identical 1 line
11-06 00:40:24.190  2663  3960 D Mapcon  : VoiceManager-0-PrepareState: [a]MsgIdEnum=MAPCON_MESSAGE_TM_CMD_SIGNAL_STRENGTH_CHANED_IND
11-06 00:40:24.190  2663  3960 D Mapcon  : VoiceManager-0-DefaultState: [a]MsgIdEnum=MAPCON_MESSAGE_TM_CMD_SIGNAL_STRENGTH_CHANED_IND
11-06 00:40:24.190  2663  3960 D Mapcon  : VoiceManager-0-DefaultState: [a]MsgIdEnum=MAPCON_MESSAGE_TM_CMD_SIGNAL_STRENGTH_CHANED_IND
11-06 00:40:24.427  1717  2076 I chatty  : uid=1000(system) AlarmManager expire 1 line
11-06 00:40:24.430  1717  1961 I chatty  : uid=1000(system) PowerManagerSer expire 1 line
11-06 00:40:24.439  1717  3404 I chatty  : uid=1000(system) Binder:1717_14 expire 2 lines
11-06 00:40:24.454  1717  1961 I chatty  : uid=1000(system) PowerManagerSer expire 4 lines
11-06 00:40:24.642  2606  3045 E Booster_NetworkQoeChr: [startTcpStackInfoStaticForChr]startTcpStackInfoStaticForChr failed, qoeTcpDataOpt is null
11-06 00:40:24.642  2606  3045 D NpdcpAliveManager: ro.odm.npdcp_alive_cfg_enable is false
11-06 00:40:24.643  2606  3045 E SmartDualCardSM: isSignalStrengthPoorScreenOn 2/3G or UNKNOWN true slotId:1
11-06 00:40:24.643  2606  3045 E SmartDualCardSM: isSignalStrengthPoorScreenOn 2/3G or UNKNOWN true slotId:1
11-06 00:40:24.643  2606  3045 I SmartDualCardSM: isSlaveCardNetworkBad return true,mIsSignalStengthPoors =true,mNetworkType=1,mDownlinkSpeedLimits=1048576,mDataRoaming=false
11-06 00:40:24.643  2606  3045 E FourNetCombinationChr: getNetworkQoeInfo failed, qoeTcpDataOpt is null
11-06 00:40:25.669  2606  3045 E Booster_NetworkQoeChr: [startTcpStackInfoStaticForChr]startTcpStackInfoStaticForChr failed, qoeTcpDataOpt is null
11-06 00:40:25.670  2606  3045 D NpdcpAliveManager: ro.odm.npdcp_alive_cfg_enable is false
11-06 00:40:25.670  2606  3045 E SmartDualCardSM: isSignalStrengthPoorScreenOn 2/3G or UNKNOWN true slotId:1
11-06 00:40:25.670  2606  3045 E SmartDualCardSM: isSignalStrengthPoorScreenOn 2/3G or UNKNOWN true slotId:1
11-06 00:40:25.671  2606  3045 I SmartDualCardSM: isSlaveCardNetworkBad return true,mIsSignalStengthPoors =true,mNetworkType=1,mDownlinkSpeedLimits=1048576,mDataRoaming=false
11-06 00:40:25.671  2606  3045 E FourNetCombinationChr: getNetworkQoeInfo failed, qoeTcpDataOpt is null
11-06 00:40:26.068  2663  2663 D Mapcon  : TelephonyTracker: [onSignalStrengthsChanged]phoneId=1, level=5
11-06 00:40:26.068  2606  3045 I PreDnsQuery: No need to handled!
11-06 00:40:26.069  2606  3045 E SmartDualCardSM: isSignalStrengthPoorScreenOn 2/3G or UNKNOWN true slotId:1
11-06 00:40:26.069  2663  3974 D Mapcon  : VoiceManager-5-PrepareState: [a]MsgIdEnum=MAPCON_MESSAGE_TM_CMD_SIGNAL_STRENGTH_CHANED_IND
11-06 00:40:26.069  2606  3045 I SmartDualCardSM: IdleState:got msg.what=EVENT_UMTS_RSCP_CHANGED
11-06 00:40:26.069  2663  3974 D Mapcon  : VoiceManager-5-PrepareState: [a]MsgIdEnum=MAPCON_MESSAGE_TM_CMD_SIGNAL_STRENGTH_CHANED_IND
11-06 00:40:26.069  2663  3974 D Mapcon  : VoiceManager-5-PrepareState: [a]MsgIdEnum=MAPCON_MESSAGE_TM_CMD_SIGNAL_STRENGTH_CHANED_IND
11-06 00:40:26.070  2663  3974 D Mapcon  : VoiceManager-5-DefaultState: [a]MsgIdEnum=MAPCON_MESSAGE_TM_CMD_SIGNAL_STRENGTH_CHANED_IND
11-06 00:40:26.070  2663  3974 D Mapcon  : VoiceManager-5-DefaultState: [a]MsgIdEnum=MAPCON_MESSAGE_TM_CMD_SIGNAL_STRENGTH_CHANED_IND
11-06 00:40:26.690  2606  3045 E Booster_NetworkQoeChr: [startTcpStackInfoStaticForChr]startTcpStackInfoStaticForChr failed, qoeTcpDataOpt is null
11-06 00:40:26.690  2606  3045 D NpdcpAliveManager: ro.odm.npdcp_alive_cfg_enable is false
11-06 00:40:26.690  2606  3045 E SmartDualCardSM: isSignalStrengthPoorScreenOn 2/3G or UNKNOWN true slotId:1
11-06 00:40:26.691  2606  3045 E SmartDualCardSM: isSignalStrengthPoorScreenOn 2/3G or UNKNOWN true slotId:1
11-06 00:40:26.691  2606  3045 I SmartDualCardSM: isSlaveCardNetworkBad return true,mIsSignalStengthPoors =true,mNetworkType=1,mDownlinkSpeedLimits=1048576,mDataRoaming=false
11-06 00:40:26.691  2606  3045 E FourNetCombinationChr: getNetworkQoeInfo failed, qoeTcpDataOpt is null
11-06 00:40:27.713  2606  3045 E Booster_NetworkQoeChr: [startTcpStackInfoStaticForChr]startTcpStackInfoStaticForChr failed, qoeTcpDataOpt is null
11-06 00:40:27.713  2606  3045 D NpdcpAliveManager: ro.odm.npdcp_alive_cfg_enable is false
11-06 00:40:27.714  2606  3045 E SmartDualCardSM: isSignalStrengthPoorScreenOn 2/3G or UNKNOWN true slotId:1
11-06 00:40:27.714  2606  3045 E SmartDualCardSM: isSignalStrengthPoorScreenOn 2/3G or UNKNOWN true slotId:1
11-06 00:40:27.714  2606  3045 I SmartDualCardSM: isSlaveCardNetworkBad return true,mIsSignalStengthPoors =true,mNetworkType=1,mDownlinkSpeedLimits=1048576,mDataRoaming=false
11-06 00:40:27.715  2606  3045 E FourNetCombinationChr: getNetworkQoeInfo failed, qoeTcpDataOpt is null
11-06 00:40:28.242  1717  2042 I chatty  : uid=1000(system) Binder:1717_3 expire 2 lines
11-06 00:40:28.391  2663  2663 D Mapcon  : TelephonyTracker: [onSignalStrengthsChanged]phoneId=0, level=4
11-06 00:40:28.391  2663  3960 D Mapcon  : VoiceManager-0-PrepareState: [a]MsgIdEnum=MAPCON_MESSAGE_TM_CMD_SIGNAL_STRENGTH_CHANED_IND
11-06 00:40:28.391  2663  3960 I chatty  : uid=1001(radio) VoiceManager-0 identical 1 line
11-06 00:40:28.392  2663  3960 D Mapcon  : VoiceManager-0-PrepareState: [a]MsgIdEnum=MAPCON_MESSAGE_TM_CMD_SIGNAL_STRENGTH_CHANED_IND
11-06 00:40:28.392  2663  3960 D Mapcon  : VoiceManager-0-DefaultState: [a]MsgIdEnum=MAPCON_MESSAGE_TM_CMD_SIGNAL_STRENGTH_CHANED_IND
11-06 00:40:28.392  2663  3960 D Mapcon  : VoiceManager-0-DefaultState: [a]MsgIdEnum=MAPCON_MESSAGE_TM_CMD_SIGNAL_STRENGTH_CHANED_IND
11-06 00:40:28.741  2606  3045 E Booster_NetworkQoeChr: [startTcpStackInfoStaticForChr]startTcpStackInfoStaticForChr failed, qoeTcpDataOpt is null
11-06 00:40:28.741  2606  3045 D NpdcpAliveManager: ro.odm.npdcp_alive_cfg_enable is false
11-06 00:40:28.741  2606  3045 E SmartDualCardSM: isSignalStrengthPoorScreenOn 2/3G or UNKNOWN true slotId:1
11-06 00:40:28.741  2606  3045 E SmartDualCardSM: isSignalStrengthPoorScreenOn 2/3G or UNKNOWN true slotId:1
11-06 00:40:28.742  2606  3045 I SmartDualCardSM: isSlaveCardNetworkBad return true,mIsSignalStengthPoors =true,mNetworkType=1,mDownlinkSpeedLimits=1048576,mDataRoaming=false
11-06 00:40:28.742  2606  3045 E FourNetCombinationChr: getNetworkQoeInfo failed, qoeTcpDataOpt is null
11-06 00:40:29.761  2606  3045 E Booster_NetworkQoeChr: [startTcpStackInfoStaticForChr]startTcpStackInfoStaticForChr failed, qoeTcpDataOpt is null
11-06 00:40:29.762  2606  3045 D NpdcpAliveManager: ro.odm.npdcp_alive_cfg_enable is false
11-06 00:40:29.762  2606  3045 E SmartDualCardSM: isSignalStrengthPoorScreenOn 2/3G or UNKNOWN true slotId:1
11-06 00:40:29.762  2606  3045 E SmartDualCardSM: isSignalStrengthPoorScreenOn 2/3G or UNKNOWN true slotId:1
11-06 00:40:29.762  2606  3045 I SmartDualCardSM: isSlaveCardNetworkBad return true,mIsSignalStengthPoors =true,mNetworkType=1,mDownlinkSpeedLimits=1048576,mDataRoaming=false
11-06 00:40:29.762  2606  3045 E FourNetCombinationChr: getNetworkQoeInfo failed, qoeTcpDataOpt is null
11-06 00:40:30.016  1717  1961 I chatty  : uid=1000(system) PowerManagerSer expire 1 line
11-06 00:40:30.786  2606  3045 E Booster_NetworkQoeChr: [startTcpStackInfoStaticForChr]startTcpStackInfoStaticForChr failed, qoeTcpDataOpt is null
11-06 00:40:30.786  2606  3045 D NpdcpAliveManager: ro.odm.npdcp_alive_cfg_enable is false
11-06 00:40:30.787  2606  3045 E SmartDualCardSM: isSignalStrengthPoorScreenOn 2/3G or UNKNOWN true slotId:1
11-06 00:40:30.787  2606  3045 E SmartDualCardSM: isSignalStrengthPoorScreenOn 2/3G or UNKNOWN true slotId:1
11-06 00:40:30.787  2606  3045 I SmartDualCardSM: isSlaveCardNetworkBad return true,mIsSignalStengthPoors =true,mNetworkType=1,mDownlinkSpeedLimits=1048576,mDataRoaming=false
11-06 00:40:30.787  2606  3045 E FourNetCombinationChr: getNetworkQoeInfo failed, qoeTcpDataOpt is null
11-06 00:40:31.600  1717  3309 I chatty  : uid=1000(system) Binder:1717_11 expire 5 lines
11-06 00:40:31.603  2606  3045 I SmartDualCardSM: IdleState:got msg.what=EVENT_MOVEMENT_STATE_CHANGED
11-06 00:40:31.810  2606  3045 E Booster_NetworkQoeChr: [startTcpStackInfoStaticForChr]startTcpStackInfoStaticForChr failed, qoeTcpDataOpt is null
11-06 00:40:31.810  2606  3045 D NpdcpAliveManager: ro.odm.npdcp_alive_cfg_enable is false
11-06 00:40:31.810  2606  3045 E SmartDualCardSM: isSignalStrengthPoorScreenOn 2/3G or UNKNOWN true slotId:1
11-06 00:40:31.811  2606  3045 E SmartDualCardSM: isSignalStrengthPoorScreenOn 2/3G or UNKNOWN true slotId:1
11-06 00:40:31.811  2606  3045 I SmartDualCardSM: isSlaveCardNetworkBad return true,mIsSignalStengthPoors =true,mNetworkType=1,mDownlinkSpeedLimits=1048576,mDataRoaming=false
11-06 00:40:31.811  2606  3045 E FourNetCombinationChr: getNetworkQoeInfo failed, qoeTcpDataOpt is null
11-06 00:40:32.069  2606  3045 I PreDnsQuery: No need to handled!
11-06 00:40:32.071  2606  3045 E SmartDualCardSM: isSignalStrengthPoorScreenOn 2/3G or UNKNOWN true slotId:1
11-06 00:40:32.071  2606  3045 I SmartDualCardSM: IdleState:got msg.what=EVENT_UMTS_RSCP_CHANGED
11-06 00:40:32.071  2663  2663 D Mapcon  : TelephonyTracker: [onSignalStrengthsChanged]phoneId=1, level=5
11-06 00:40:32.072  2663  3974 D Mapcon  : VoiceManager-5-PrepareState: [a]MsgIdEnum=MAPCON_MESSAGE_TM_CMD_SIGNAL_STRENGTH_CHANED_IND
11-06 00:40:32.072  2663  3974 I chatty  : uid=1001(radio) VoiceManager-5 identical 2 lines
11-06 00:40:32.072  2663  3974 D Mapcon  : VoiceManager-5-PrepareState: [a]MsgIdEnum=MAPCON_MESSAGE_TM_CMD_SIGNAL_STRENGTH_CHANED_IND
11-06 00:40:32.073  2663  3974 D Mapcon  : VoiceManager-5-DefaultState: [a]MsgIdEnum=MAPCON_MESSAGE_TM_CMD_SIGNAL_STRENGTH_CHANED_IND
11-06 00:40:32.073  2663  3974 D Mapcon  : VoiceManager-5-DefaultState: [a]MsgIdEnum=MAPCON_MESSAGE_TM_CMD_SIGNAL_STRENGTH_CHANED_IND
11-06 00:40:32.834  2606  3045 E Booster_NetworkQoeChr: [startTcpStackInfoStaticForChr]startTcpStackInfoStaticForChr failed, qoeTcpDataOpt is null
11-06 00:40:32.834  2606  3045 D NpdcpAliveManager: ro.odm.npdcp_alive_cfg_enable is false
11-06 00:40:32.835  2606  3045 E SmartDualCardSM: isSignalStrengthPoorScreenOn 2/3G or UNKNOWN true slotId:1
11-06 00:40:32.836  2606  3045 E SmartDualCardSM: isSignalStrengthPoorScreenOn 2/3G or UNKNOWN true slotId:1
11-06 00:40:32.836  2606  3045 I SmartDualCardSM: isSlaveCardNetworkBad return true,mIsSignalStengthPoors =true,mNetworkType=1,mDownlinkSpeedLimits=1048576,mDataRoaming=false
11-06 00:40:32.836  2606  3045 E FourNetCombinationChr: getNetworkQoeInfo failed, qoeTcpDataOpt is null
11-06 00:40:32.935  1717  7707 I chatty  : uid=1000(system) MobileQosDetect expire 2 lines
11-06 00:40:33.858  2606  3045 E Booster_NetworkQoeChr: [startTcpStackInfoStaticForChr]startTcpStackInfoStaticForChr failed, qoeTcpDataOpt is null
11-06 00:40:33.858  2606  3045 D NpdcpAliveManager: ro.odm.npdcp_alive_cfg_enable is false
11-06 00:40:33.858  2606  3045 E SmartDualCardSM: isSignalStrengthPoorScreenOn 2/3G or UNKNOWN true slotId:1
11-06 00:40:33.859  2606  3045 E SmartDualCardSM: isSignalStrengthPoorScreenOn 2/3G or UNKNOWN true slotId:1
11-06 00:40:33.859  2606  3045 I SmartDualCardSM: isSlaveCardNetworkBad return true,mIsSignalStengthPoors =true,mNetworkType=1,mDownlinkSpeedLimits=1048576,mDataRoaming=false
11-06 00:40:33.859  2606  3045 E FourNetCombinationChr: getNetworkQoeInfo failed, qoeTcpDataOpt is null
11-06 00:40:34.397  2663  2663 D Mapcon  : TelephonyTracker: [onSignalStrengthsChanged]phoneId=0, level=4
11-06 00:40:34.397  2663  3960 D Mapcon  : VoiceManager-0-PrepareState: [a]MsgIdEnum=MAPCON_MESSAGE_TM_CMD_SIGNAL_STRENGTH_CHANED_IND
11-06 00:40:34.397  2663  3960 I chatty  : uid=1001(radio) VoiceManager-0 identical 4 lines
11-06 00:40:34.398  2663  3960 D Mapcon  : VoiceManager-0-PrepareState: [a]MsgIdEnum=MAPCON_MESSAGE_TM_CMD_SIGNAL_STRENGTH_CHANED_IND
11-06 00:40:34.398  2663  3960 D Mapcon  : VoiceManager-0-DefaultState: [a]MsgIdEnum=MAPCON_MESSAGE_TM_CMD_SIGNAL_STRENGTH_CHANED_IND
11-06 00:40:34.398  2663  3960 D Mapcon  : VoiceManager-0-DefaultState: [a]MsgIdEnum=MAPCON_MESSAGE_TM_CMD_SIGNAL_STRENGTH_CHANED_IND
11-06 00:40:34.882  2606  3045 E Booster_NetworkQoeChr: [startTcpStackInfoStaticForChr]startTcpStackInfoStaticForChr failed, qoeTcpDataOpt is null
11-06 00:40:34.882  2606  3045 D NpdcpAliveManager: ro.odm.npdcp_alive_cfg_enable is false
11-06 00:40:34.883  2606  3045 E SmartDualCardSM: isSignalStrengthPoorScreenOn 2/3G or UNKNOWN true slotId:1
11-06 00:40:34.883  2606  3045 E SmartDualCardSM: isSignalStrengthPoorScreenOn 2/3G or UNKNOWN true slotId:1
11-06 00:40:34.883  2606  3045 I SmartDualCardSM: isSlaveCardNetworkBad return true,mIsSignalStengthPoors =true,mNetworkType=1,mDownlinkSpeedLimits=1048576,mDataRoaming=false
11-06 00:40:34.883  2606  3045 E FourNetCombinationChr: getNetworkQoeInfo failed, qoeTcpDataOpt is null
11-06 00:40:35.190  2606  3045 I PreDnsQuery: No need to handled!
11-06 00:40:35.190  2663  2663 D Mapcon  : TelephonyTracker: [onSignalStrengthsChanged]phoneId=1, level=5
11-06 00:40:35.191  2606  3045 E SmartDualCardSM: isSignalStrengthPoorScreenOn 2/3G or UNKNOWN true slotId:1
11-06 00:40:35.191  2663  3974 D Mapcon  : VoiceManager-5-PrepareState: [a]MsgIdEnum=MAPCON_MESSAGE_TM_CMD_SIGNAL_STRENGTH_CHANED_IND
11-06 00:40:35.191  2606  3045 I SmartDualCardSM: IdleState:got msg.what=EVENT_UMTS_RSCP_CHANGED
11-06 00:40:35.191  2663  3974 D Mapcon  : VoiceManager-5-PrepareState: [a]MsgIdEnum=MAPCON_MESSAGE_TM_CMD_SIGNAL_STRENGTH_CHANED_IND
11-06 00:40:35.191  2663  3974 D Mapcon  : VoiceManager-5-PrepareState: [a]MsgIdEnum=MAPCON_MESSAGE_TM_CMD_SIGNAL_STRENGTH_CHANED_IND
11-06 00:40:35.192  2663  3974 D Mapcon  : VoiceManager-5-DefaultState: [a]MsgIdEnum=MAPCON_MESSAGE_TM_CMD_SIGNAL_STRENGTH_CHANED_IND
11-06 00:40:35.192  2663  3974 D Mapcon  : VoiceManager-5-DefaultState: [a]MsgIdEnum=MAPCON_MESSAGE_TM_CMD_SIGNAL_STRENGTH_CHANED_IND
11-06 00:40:35.437  1717  2076 I chatty  : uid=1000(system) AlarmManager expire 4 lines
11-06 00:40:35.440  1717  1961 I chatty  : uid=1000(system) PowerManagerSer expire 59 lines
11-06 00:40:35.906  2606  3045 E Booster_NetworkQoeChr: [startTcpStackInfoStaticForChr]startTcpStackInfoStaticForChr failed, qoeTcpDataOpt is null
11-06 00:40:35.907  2606  3045 D NpdcpAliveManager: ro.odm.npdcp_alive_cfg_enable is false
11-06 00:40:35.907  2606  3045 E SmartDualCardSM: isSignalStrengthPoorScreenOn 2/3G or UNKNOWN true slotId:1
11-06 00:40:35.908  2606  3045 E SmartDualCardSM: isSignalStrengthPoorScreenOn 2/3G or UNKNOWN true slotId:1
11-06 00:40:35.908  2606  3045 I SmartDualCardSM: isSlaveCardNetworkBad return true,mIsSignalStengthPoors =true,mNetworkType=1,mDownlinkSpeedLimits=1048576,mDataRoaming=false
11-06 00:40:35.908  2606  3045 E FourNetCombinationChr: getNetworkQoeInfo failed, qoeTcpDataOpt is null
11-06 00:40:36.930  2606  3045 E Booster_NetworkQoeChr: [startTcpStackInfoStaticForChr]startTcpStackInfoStaticForChr failed, qoeTcpDataOpt is null
11-06 00:40:36.930  2606  3045 D NpdcpAliveManager: ro.odm.npdcp_alive_cfg_enable is false
11-06 00:40:36.931  2606  3045 E SmartDualCardSM: isSignalStrengthPoorScreenOn 2/3G or UNKNOWN true slotId:1
11-06 00:40:36.931  2606  3045 E SmartDualCardSM: isSignalStrengthPoorScreenOn 2/3G or UNKNOWN true slotId:1
11-06 00:40:36.931  2606  3045 I SmartDualCardSM: isSlaveCardNetworkBad return true,mIsSignalStengthPoors =true,mNetworkType=1,mDownlinkSpeedLimits=1048576,mDataRoaming=false
11-06 00:40:36.931  2606  3045 E FourNetCombinationChr: getNetworkQoeInfo failed, qoeTcpDataOpt is null
11-06 00:40:37.381  2663  2663 D Mapcon  : TelephonyTracker: [onSignalStrengthsChanged]phoneId=0, level=4
11-06 00:40:37.381  2663  3960 D Mapcon  : VoiceManager-0-PrepareState: [a]MsgIdEnum=MAPCON_MESSAGE_TM_CMD_SIGNAL_STRENGTH_CHANED_IND
11-06 00:40:37.382  2663  3960 D Mapcon  : VoiceManager-0-PrepareState: [a]MsgIdEnum=MAPCON_MESSAGE_TM_CMD_SIGNAL_STRENGTH_CHANED_IND
11-06 00:40:37.382  2663  3960 D Mapcon  : VoiceManager-0-DefaultState: [a]MsgIdEnum=MAPCON_MESSAGE_TM_CMD_SIGNAL_STRENGTH_CHANED_IND
11-06 00:40:37.382  2663  3960 D Mapcon  : VoiceManager-0-DefaultState: [a]MsgIdEnum=MAPCON_MESSAGE_TM_CMD_SIGNAL_STRENGTH_CHANED_IND
11-06 00:40:37.954  2606  3045 E Booster_NetworkQoeChr: [startTcpStackInfoStaticForChr]startTcpStackInfoStaticForChr failed, qoeTcpDataOpt is null
11-06 00:40:37.954  2606  3045 D NpdcpAliveManager: ro.odm.npdcp_alive_cfg_enable is false
11-06 00:40:37.955  2606  3045 E SmartDualCardSM: isSignalStrengthPoorScreenOn 2/3G or UNKNOWN true slotId:1
11-06 00:40:37.955  2606  3045 E SmartDualCardSM: isSignalStrengthPoorScreenOn 2/3G or UNKNOWN true slotId:1
11-06 00:40:37.955  2606  3045 I SmartDualCardSM: isSlaveCardNetworkBad return true,mIsSignalStengthPoors =true,mNetworkType=1,mDownlinkSpeedLimits=1048576,mDataRoaming=false
11-06 00:40:37.955  2606  3045 E FourNetCombinationChr: getNetworkQoeInfo failed, qoeTcpDataOpt is null
11-06 00:40:38.982  2606  3045 E Booster_NetworkQoeChr: [startTcpStackInfoStaticForChr]startTcpStackInfoStaticForChr failed, qoeTcpDataOpt is null
11-06 00:40:38.982  2606  3045 D NpdcpAliveManager: ro.odm.npdcp_alive_cfg_enable is false
11-06 00:40:38.982  2606  3045 E SmartDualCardSM: isSignalStrengthPoorScreenOn 2/3G or UNKNOWN true slotId:1
11-06 00:40:38.983  2606  3045 E SmartDualCardSM: isSignalStrengthPoorScreenOn 2/3G or UNKNOWN true slotId:1
11-06 00:40:38.983  2606  3045 I SmartDualCardSM: isSlaveCardNetworkBad return true,mIsSignalStengthPoors =true,mNetworkType=1,mDownlinkSpeedLimits=1048576,mDataRoaming=false
11-06 00:40:38.983  2606  3045 E FourNetCombinationChr: getNetworkQoeInfo failed, qoeTcpDataOpt is null
11-06 00:40:40.002  2606  3045 E Booster_NetworkQoeChr: [startTcpStackInfoStaticForChr]startTcpStackInfoStaticForChr failed, qoeTcpDataOpt is null
11-06 00:40:40.003  2606  3045 D NpdcpAliveManager: ro.odm.npdcp_alive_cfg_enable is false
11-06 00:40:40.003  2606  3045 E SmartDualCardSM: isSignalStrengthPoorScreenOn 2/3G or UNKNOWN true slotId:1
11-06 00:40:40.004  2606  3045 E SmartDualCardSM: isSignalStrengthPoorScreenOn 2/3G or UNKNOWN true slotId:1
11-06 00:40:40.004  2606  3045 I SmartDualCardSM: isSlaveCardNetworkBad return true,mIsSignalStengthPoors =true,mNetworkType=1,mDownlinkSpeedLimits=1048576,mDataRoaming=false
11-06 00:40:40.004  2606  3045 E FourNetCombinationChr: getNetworkQoeInfo failed, qoeTcpDataOpt is null
11-06 00:40:41.025  2606  3045 E Booster_NetworkQoeChr: [startTcpStackInfoStaticForChr]startTcpStackInfoStaticForChr failed, qoeTcpDataOpt is null
11-06 00:40:41.026  2606  3045 D NpdcpAliveManager: ro.odm.npdcp_alive_cfg_enable is false
11-06 00:40:41.026  2606  3045 E SmartDualCardSM: isSignalStrengthPoorScreenOn 2/3G or UNKNOWN true slotId:1
11-06 00:40:41.026  2606  3045 E SmartDualCardSM: isSignalStrengthPoorScreenOn 2/3G or UNKNOWN true slotId:1
11-06 00:40:41.027  2606  3045 I SmartDualCardSM: isSlaveCardNetworkBad return true,mIsSignalStengthPoors =true,mNetworkType=1,mDownlinkSpeedLimits=1048576,mDataRoaming=false
11-06 00:40:41.027  2606  3045 E FourNetCombinationChr: getNetworkQoeInfo failed, qoeTcpDataOpt is null
11-06 00:40:41.194  2663  2663 D Mapcon  : TelephonyTracker: [onSignalStrengthsChanged]phoneId=1, level=5
11-06 00:40:41.195  2663  3974 D Mapcon  : VoiceManager-5-PrepareState: [a]MsgIdEnum=MAPCON_MESSAGE_TM_CMD_SIGNAL_STRENGTH_CHANED_IND
11-06 00:40:41.196  2663  3974 D Mapcon  : VoiceManager-5-PrepareState: [a]MsgIdEnum=MAPCON_MESSAGE_TM_CMD_SIGNAL_STRENGTH_CHANED_IND
11-06 00:40:41.196  2663  3974 D Mapcon  : VoiceManager-5-DefaultState: [a]MsgIdEnum=MAPCON_MESSAGE_TM_CMD_SIGNAL_STRENGTH_CHANED_IND
11-06 00:40:41.196  2663  3974 D Mapcon  : VoiceManager-5-DefaultState: [a]MsgIdEnum=MAPCON_MESSAGE_TM_CMD_SIGNAL_STRENGTH_CHANED_IND
11-06 00:40:41.197  2606  3045 I PreDnsQuery: No need to handled!
11-06 00:40:41.197  2606  3045 E SmartDualCardSM: isSignalStrengthPoorScreenOn 2/3G or UNKNOWN true slotId:1
11-06 00:40:41.197  2606  3045 I SmartDualCardSM: IdleState:got msg.what=EVENT_UMTS_RSCP_CHANGED
11-06 00:40:41.227  2663  2663 W SettingsEx: SettingsEx.Systemex.getString deprecated use Settings.System.getString instead, callers = com.android.internal.telephony.gsm.HwCustGsmServiceStateManagerImpl.isMccForShowNetname:222 com.android.internal.telephony.gsm.HwCustGsmServiceStateManagerImpl.isShowNetnameByMcc:213 com.android.internal.telephony.gsm.HwCustGsmServiceStateManagerImpl.setOnsDisplayCustomization:164 
11-06 00:40:42.050  2606  3045 E Booster_NetworkQoeChr: [startTcpStackInfoStaticForChr]startTcpStackInfoStaticForChr failed, qoeTcpDataOpt is null
11-06 00:40:42.050  2606  3045 D NpdcpAliveManager: ro.odm.npdcp_alive_cfg_enable is false
11-06 00:40:42.051  2606  3045 E SmartDualCardSM: isSignalStrengthPoorScreenOn 2/3G or UNKNOWN true slotId:1
11-06 00:40:42.051  2606  3045 E SmartDualCardSM: isSignalStrengthPoorScreenOn 2/3G or UNKNOWN true slotId:1
11-06 00:40:42.052  2606  3045 I SmartDualCardSM: isSlaveCardNetworkBad return true,mIsSignalStengthPoors =true,mNetworkType=1,mDownlinkSpeedLimits=1048576,mDataRoaming=false
11-06 00:40:42.052  2606  3045 E FourNetCombinationChr: getNetworkQoeInfo failed, qoeTcpDataOpt is null
11-06 00:40:43.046  2663  2663 W SettingsEx: SettingsEx.Systemex.getString deprecated use Settings.System.getString instead, callers = com.android.internal.telephony.gsm.HwCustGsmServiceStateManagerImpl.isMccForShowNetname:222 com.android.internal.telephony.gsm.HwCustGsmServiceStateManagerImpl.isShowNetnameByMcc:213 com.android.internal.telephony.gsm.HwCustGsmServiceStateManagerImpl.setOnsDisplayCustomization:164 
11-06 00:40:43.077  2606  3045 E Booster_NetworkQoeChr: [startTcpStackInfoStaticForChr]startTcpStackInfoStaticForChr failed, qoeTcpDataOpt is null
11-06 00:40:43.077  2606  3045 D NpdcpAliveManager: ro.odm.npdcp_alive_cfg_enable is false
11-06 00:40:43.077  2606  3045 E SmartDualCardSM: isSignalStrengthPoorScreenOn 2/3G or UNKNOWN true slotId:1
11-06 00:40:43.078  2606  3045 E SmartDualCardSM: isSignalStrengthPoorScreenOn 2/3G or UNKNOWN true slotId:1
11-06 00:40:43.078  2606  3045 I SmartDualCardSM: isSlaveCardNetworkBad return true,mIsSignalStengthPoors =true,mNetworkType=1,mDownlinkSpeedLimits=1048576,mDataRoaming=false
11-06 00:40:43.078  2606  3045 E FourNetCombinationChr: getNetworkQoeInfo failed, qoeTcpDataOpt is null
11-06 00:40:43.383  2663  2663 D Mapcon  : TelephonyTracker: [onSignalStrengthsChanged]phoneId=0, level=4
11-06 00:40:43.383  2663  3960 D Mapcon  : VoiceManager-0-PrepareState: [a]MsgIdEnum=MAPCON_MESSAGE_TM_CMD_SIGNAL_STRENGTH_CHANED_IND
11-06 00:40:43.384  2663  3960 D Mapcon  : VoiceManager-0-PrepareState: [a]MsgIdEnum=MAPCON_MESSAGE_TM_CMD_SIGNAL_STRENGTH_CHANED_IND
11-06 00:40:43.384  2663  3960 D Mapcon  : VoiceManager-0-DefaultState: [a]MsgIdEnum=MAPCON_MESSAGE_TM_CMD_SIGNAL_STRENGTH_CHANED_IND
11-06 00:40:43.384  2663  3960 D Mapcon  : VoiceManager-0-DefaultState: [a]MsgIdEnum=MAPCON_MESSAGE_TM_CMD_SIGNAL_STRENGTH_CHANED_IND
11-06 00:40:43.424  2663  2663 W SettingsEx: SettingsEx.Systemex.getString deprecated use Settings.System.getString instead, callers = com.android.internal.telephony.gsm.HwCustGsmServiceStateManagerImpl.isMccForShowNetname:222 com.android.internal.telephony.gsm.HwCustGsmServiceStateManagerImpl.isShowNetnameByMcc:213 com.android.internal.telephony.gsm.HwCustGsmServiceStateManagerImpl.setOnsDisplayCustomization:164 
11-06 00:40:43.942  2663  2663 D Mapcon  : TelephonyTracker: [onSignalStrengthsChanged]phoneId=0, level=4
11-06 00:40:43.943  2663  3960 D Mapcon  : VoiceManager-0-PrepareState: [a]MsgIdEnum=MAPCON_MESSAGE_TM_CMD_SIGNAL_STRENGTH_CHANED_IND
11-06 00:40:43.943  2663  3960 D Mapcon  : VoiceManager-0-PrepareState: [a]MsgIdEnum=MAPCON_MESSAGE_TM_CMD_SIGNAL_STRENGTH_CHANED_IND
11-06 00:40:43.943  2663  3960 D Mapcon  : VoiceManager-0-DefaultState: [a]MsgIdEnum=MAPCON_MESSAGE_TM_CMD_SIGNAL_STRENGTH_CHANED_IND
11-06 00:40:43.944  2663  3960 D Mapcon  : VoiceManager-0-DefaultState: [a]MsgIdEnum=MAPCON_MESSAGE_TM_CMD_SIGNAL_STRENGTH_CHANED_IND
11-06 00:40:44.097  2606  3045 E Booster_NetworkQoeChr: [startTcpStackInfoStaticForChr]startTcpStackInfoStaticForChr failed, qoeTcpDataOpt is null
11-06 00:40:44.098  2606  3045 D NpdcpAliveManager: ro.odm.npdcp_alive_cfg_enable is false
11-06 00:40:44.098  2606  3045 E SmartDualCardSM: isSignalStrengthPoorScreenOn 2/3G or UNKNOWN true slotId:1
11-06 00:40:44.098  2606  3045 E SmartDualCardSM: isSignalStrengthPoorScreenOn 2/3G or UNKNOWN true slotId:1
11-06 00:40:44.098  2606  3045 I SmartDualCardSM: isSlaveCardNetworkBad return true,mIsSignalStengthPoors =true,mNetworkType=1,mDownlinkSpeedLimits=1048576,mDataRoaming=false
11-06 00:40:44.099  2606  3045 E FourNetCombinationChr: getNetworkQoeInfo failed, qoeTcpDataOpt is null
11-06 00:40:44.691  1717  2139 I chatty  : uid=1000(system) NetworkStats expire 12 lines
11-06 00:40:44.768  1717  2356 I chatty  : uid=1000(system) NetworkStatsObs expire 1 line
11-06 00:40:44.920  1717  3404 I chatty  : uid=1000(system) Binder:1717_14 expire 3 lines
11-06 00:40:45.122  2606  3045 E Booster_NetworkQoeChr: [startTcpStackInfoStaticForChr]startTcpStackInfoStaticForChr failed, qoeTcpDataOpt is null
11-06 00:40:45.122  2606  3045 D NpdcpAliveManager: ro.odm.npdcp_alive_cfg_enable is false
11-06 00:40:45.122  2606  3045 E SmartDualCardSM: isSignalStrengthPoorScreenOn 2/3G or UNKNOWN true slotId:1
11-06 00:40:45.123  2606  3045 E SmartDualCardSM: isSignalStrengthPoorScreenOn 2/3G or UNKNOWN true slotId:1
11-06 00:40:45.123  2606  3045 I SmartDualCardSM: isSlaveCardNetworkBad return true,mIsSignalStengthPoors =true,mNetworkType=1,mDownlinkSpeedLimits=1048576,mDataRoaming=false
11-06 00:40:45.123  2606  3045 E FourNetCombinationChr: getNetworkQoeInfo failed, qoeTcpDataOpt is null
11-06 00:40:45.434  2663  2663 D Mapcon  : TelephonyTracker: [onSignalStrengthsChanged]phoneId=1, level=5
11-06 00:40:45.434  2606  3045 I PreDnsQuery: No need to handled!
11-06 00:40:45.434  2663  3974 D Mapcon  : VoiceManager-5-PrepareState: [a]MsgIdEnum=MAPCON_MESSAGE_TM_CMD_SIGNAL_STRENGTH_CHANED_IND
11-06 00:40:45.435  2663  3974 D Mapcon  : VoiceManager-5-PrepareState: [a]MsgIdEnum=MAPCON_MESSAGE_TM_CMD_SIGNAL_STRENGTH_CHANED_IND
11-06 00:40:45.435  2606  3045 E SmartDualCardSM: isSignalStrengthPoorScreenOn 2/3G or UNKNOWN true slotId:1
11-06 00:40:45.435  2663  3974 D Mapcon  : VoiceManager-5-PrepareState: [a]MsgIdEnum=MAPCON_MESSAGE_TM_CMD_SIGNAL_STRENGTH_CHANED_IND
11-06 00:40:45.435  2606  3045 I SmartDualCardSM: IdleState:got msg.what=EVENT_UMTS_RSCP_CHANGED
11-06 00:40:45.435  2663  3974 D Mapcon  : VoiceManager-5-DefaultState: [a]MsgIdEnum=MAPCON_MESSAGE_TM_CMD_SIGNAL_STRENGTH_CHANED_IND
11-06 00:40:45.435  2663  3974 D Mapcon  : VoiceManager-5-DefaultState: [a]MsgIdEnum=MAPCON_MESSAGE_TM_CMD_SIGNAL_STRENGTH_CHANED_IND
11-06 00:40:46.146  2606  3045 E Booster_NetworkQoeChr: [startTcpStackInfoStaticForChr]startTcpStackInfoStaticForChr failed, qoeTcpDataOpt is null
11-06 00:40:46.146  2606  3045 D NpdcpAliveManager: ro.odm.npdcp_alive_cfg_enable is false
11-06 00:40:46.147  2606  3045 E SmartDualCardSM: isSignalStrengthPoorScreenOn 2/3G or UNKNOWN true slotId:1
11-06 00:40:46.147  2606  3045 E SmartDualCardSM: isSignalStrengthPoorScreenOn 2/3G or UNKNOWN true slotId:1
11-06 00:40:46.147  2606  3045 I SmartDualCardSM: isSlaveCardNetworkBad return true,mIsSignalStengthPoors =true,mNetworkType=1,mDownlinkSpeedLimits=1048576,mDataRoaming=false
11-06 00:40:46.147  2606  3045 E FourNetCombinationChr: getNetworkQoeInfo failed, qoeTcpDataOpt is null
11-06 00:40:46.208  1717  1961 I chatty  : uid=1000(system) PowerManagerSer expire 3 lines
11-06 00:40:46.456  1717  3404 I chatty  : uid=1000(system) Binder:1717_14 expire 1 line
11-06 00:40:46.840  1717  1961 I chatty  : uid=1000(system) PowerManagerSer expire 19 lines
11-06 00:40:47.174  2606  3045 E Booster_NetworkQoeChr: [startTcpStackInfoStaticForChr]startTcpStackInfoStaticForChr failed, qoeTcpDataOpt is null
11-06 00:40:47.174  2606  3045 D NpdcpAliveManager: ro.odm.npdcp_alive_cfg_enable is false
11-06 00:40:47.175  2606  3045 E SmartDualCardSM: isSignalStrengthPoorScreenOn 2/3G or UNKNOWN true slotId:1
11-06 00:40:47.176  2606  3045 E SmartDualCardSM: isSignalStrengthPoorScreenOn 2/3G or UNKNOWN true slotId:1
11-06 00:40:47.176  2606  3045 I SmartDualCardSM: isSlaveCardNetworkBad return true,mIsSignalStengthPoors =true,mNetworkType=1,mDownlinkSpeedLimits=1048576,mDataRoaming=false
11-06 00:40:47.176  2606  3045 E FourNetCombinationChr: getNetworkQoeInfo failed, qoeTcpDataOpt is null
11-06 00:40:48.193  2606  3045 E Booster_NetworkQoeChr: [startTcpStackInfoStaticForChr]startTcpStackInfoStaticForChr failed, qoeTcpDataOpt is null
11-06 00:40:48.194  2606  3045 D NpdcpAliveManager: ro.odm.npdcp_alive_cfg_enable is false
11-06 00:40:48.194  2606  3045 E SmartDualCardSM: isSignalStrengthPoorScreenOn 2/3G or UNKNOWN true slotId:1
11-06 00:40:48.194  2606  3045 E SmartDualCardSM: isSignalStrengthPoorScreenOn 2/3G or UNKNOWN true slotId:1
11-06 00:40:48.195  2606  3045 I SmartDualCardSM: isSlaveCardNetworkBad return true,mIsSignalStengthPoors =true,mNetworkType=1,mDownlinkSpeedLimits=1048576,mDataRoaming=false
11-06 00:40:48.195  2606  3045 E FourNetCombinationChr: getNetworkQoeInfo failed, qoeTcpDataOpt is null
11-06 00:40:49.217  2606  3045 E Booster_NetworkQoeChr: [startTcpStackInfoStaticForChr]startTcpStackInfoStaticForChr failed, qoeTcpDataOpt is null
11-06 00:40:49.218  2606  3045 D NpdcpAliveManager: ro.odm.npdcp_alive_cfg_enable is false
11-06 00:40:49.218  2606  3045 E SmartDualCardSM: isSignalStrengthPoorScreenOn 2/3G or UNKNOWN true slotId:1
11-06 00:40:49.219  2606  3045 E SmartDualCardSM: isSignalStrengthPoorScreenOn 2/3G or UNKNOWN true slotId:1
11-06 00:40:49.219  2606  3045 I SmartDualCardSM: isSlaveCardNetworkBad return true,mIsSignalStengthPoors =true,mNetworkType=1,mDownlinkSpeedLimits=1048576,mDataRoaming=false
11-06 00:40:49.219  2606  3045 E FourNetCombinationChr: getNetworkQoeInfo failed, qoeTcpDataOpt is null
11-06 00:40:50.245  2606  3045 E Booster_NetworkQoeChr: [startTcpStackInfoStaticForChr]startTcpStackInfoStaticForChr failed, qoeTcpDataOpt is null
11-06 00:40:50.246  2606  3045 D NpdcpAliveManager: ro.odm.npdcp_alive_cfg_enable is false
11-06 00:40:50.246  2606  3045 E SmartDualCardSM: isSignalStrengthPoorScreenOn 2/3G or UNKNOWN true slotId:1
11-06 00:40:50.247  2606  3045 E SmartDualCardSM: isSignalStrengthPoorScreenOn 2/3G or UNKNOWN true slotId:1
11-06 00:40:50.247  2606  3045 I SmartDualCardSM: isSlaveCardNetworkBad return true,mIsSignalStengthPoors =true,mNetworkType=1,mDownlinkSpeedLimits=1048576,mDataRoaming=false
11-06 00:40:50.247  2606  3045 E FourNetCombinationChr: getNetworkQoeInfo failed, qoeTcpDataOpt is null
11-06 00:40:50.545  2663  2663 D Mapcon  : TelephonyTracker: [onSignalStrengthsChanged]phoneId=1, level=5
11-06 00:40:50.546  2663  3974 D Mapcon  : VoiceManager-5-PrepareState: [a]MsgIdEnum=MAPCON_MESSAGE_TM_CMD_SIGNAL_STRENGTH_CHANED_IND
11-06 00:40:50.546  2663  3974 I chatty  : uid=1001(radio) VoiceManager-5 identical 1 line
11-06 00:40:50.547  2663  3974 D Mapcon  : VoiceManager-5-PrepareState: [a]MsgIdEnum=MAPCON_MESSAGE_TM_CMD_SIGNAL_STRENGTH_CHANED_IND
11-06 00:40:50.547  2663  3974 D Mapcon  : VoiceManager-5-DefaultState: [a]MsgIdEnum=MAPCON_MESSAGE_TM_CMD_SIGNAL_STRENGTH_CHANED_IND
11-06 00:40:50.547  2663  3974 D Mapcon  : VoiceManager-5-DefaultState: [a]MsgIdEnum=MAPCON_MESSAGE_TM_CMD_SIGNAL_STRENGTH_CHANED_IND
11-06 00:40:50.548  2606  3045 I PreDnsQuery: No need to handled!
11-06 00:40:50.549  2606  3045 E SmartDualCardSM: isSignalStrengthPoorScreenOn 2/3G or UNKNOWN true slotId:1
11-06 00:40:50.549  2606  3045 I SmartDualCardSM: IdleState:got msg.what=EVENT_UMTS_RSCP_CHANGED
11-06 00:40:50.550  1717  3404 I chatty  : uid=1000(system) Binder:1717_14 expire 1 line
11-06 00:40:50.740  2663  2663 D Mapcon  : TelephonyTracker: [onSignalStrengthsChanged]phoneId=0, level=4
11-06 00:40:50.740  2663  3960 D Mapcon  : VoiceManager-0-PrepareState: [a]MsgIdEnum=MAPCON_MESSAGE_TM_CMD_SIGNAL_STRENGTH_CHANED_IND
11-06 00:40:50.740  2663  3960 I chatty  : uid=1001(radio) VoiceManager-0 identical 1 line
11-06 00:40:50.741  2663  3960 D Mapcon  : VoiceManager-0-PrepareState: [a]MsgIdEnum=MAPCON_MESSAGE_TM_CMD_SIGNAL_STRENGTH_CHANED_IND
11-06 00:40:50.741  2663  3960 D Mapcon  : VoiceManager-0-DefaultState: [a]MsgIdEnum=MAPCON_MESSAGE_TM_CMD_SIGNAL_STRENGTH_CHANED_IND
11-06 00:40:50.741  2663  3960 D Mapcon  : VoiceManager-0-DefaultState: [a]MsgIdEnum=MAPCON_MESSAGE_TM_CMD_SIGNAL_STRENGTH_CHANED_IND
11-06 00:40:51.018  1717  2046 I chatty  : uid=1000(system) UEventObserver expire 6 lines
11-06 00:40:51.266  2606  3045 E Booster_NetworkQoeChr: [startTcpStackInfoStaticForChr]startTcpStackInfoStaticForChr failed, qoeTcpDataOpt is null
11-06 00:40:51.266  2606  3045 D NpdcpAliveManager: ro.odm.npdcp_alive_cfg_enable is false
11-06 00:40:51.267  2606  3045 E SmartDualCardSM: isSignalStrengthPoorScreenOn 2/3G or UNKNOWN true slotId:1
11-06 00:40:51.268  2606  3045 E SmartDualCardSM: isSignalStrengthPoorScreenOn 2/3G or UNKNOWN true slotId:1
11-06 00:40:51.268  2606  3045 I SmartDualCardSM: isSlaveCardNetworkBad return true,mIsSignalStengthPoors =true,mNetworkType=1,mDownlinkSpeedLimits=1048576,mDataRoaming=false
11-06 00:40:51.268  2606  3045 E FourNetCombinationChr: getNetworkQoeInfo failed, qoeTcpDataOpt is null
11-06 00:40:52.166  1717  1961 I chatty  : uid=1000(system) PowerManagerSer expire 2 lines
11-06 00:40:52.214  1717  3404 I chatty  : uid=1000(system) Binder:1717_14 expire 5 lines
11-06 00:40:52.216  1717  2740 I chatty  : uid=1000(system) Binder:1717_B expire 1 line
11-06 00:40:52.218  1717  1931 I chatty  : uid=1000(system) HwGameAssistant expire 1 line
11-06 00:40:52.221  1717 14545 I chatty  : uid=1000(system) Binder:1717_20 expire 3 lines
11-06 00:40:52.221  1717  1961 I chatty  : uid=1000(system) PowerManagerSer expire 1 line
11-06 00:40:52.225  1717  2042 I chatty  : uid=1000(system) Binder:1717_3 expire 1 line
11-06 00:40:52.226  1717  2740 I chatty  : uid=1000(system) Binder:1717_B expire 1 line
11-06 00:40:52.226  1717  1897 I chatty  : uid=1000(system) android.display expire 3 lines
11-06 00:40:52.230  1717  2042 I chatty  : uid=1000(system) Binder:1717_3 expire 5 lines
11-06 00:40:52.234  1717  3404 I chatty  : uid=1000(system) Binder:1717_14 expire 1 line
11-06 00:40:52.239  1717  1898 I chatty  : uid=1000(system) android.anim expire 15 lines
11-06 00:40:52.240  1717  1930 I chatty  : uid=1000(system) HwActivityTaskM expire 2 lines
11-06 00:40:52.240  1717  2172 I chatty  : uid=1000(system) Thread-6 expire 4 lines
11-06 00:40:52.241  1717  1897 I chatty  : uid=1000(system) android.display expire 2 lines
11-06 00:40:52.245  1717 14545 I chatty  : uid=1000(system) Binder:1717_20 expire 8 lines
11-06 00:40:52.247  2680  2680 D ActivityThread: Won't deliver top position change in state=5
11-06 00:40:52.249  1717  2740 I chatty  : uid=1000(system) Binder:1717_B expire 2 lines
11-06 00:40:52.254  2680  2680 I ActivityThread: Handle window ActivityRecord{38cafba token=android.os.BinderProxy@2412bae {com.huawei.android.launcher/com.huawei.android.launcher.unihome.UniHomeLauncher}} visibility: true
11-06 00:40:52.258  1717  2082 I chatty  : uid=1000(system) sManagerService expire 1 line
11-06 00:40:52.260  1717  2743 I chatty  : uid=1000(system) Binder:1717_E expire 1 line
11-06 00:40:52.260  2680  2680 I RtgSchedEvent: current pid:2680 AppType:28
11-06 00:40:52.284  1717  3403 I chatty  : uid=1000(system) Binder:1717_13 expire 2 lines
11-06 00:40:52.285  2606  3045 I NetworkQoeChr: checkForegroundApp timer start
11-06 00:40:52.285  2606  3045 I NetworkQoeChr: end qoe report
11-06 00:40:52.288  2606  3045 I SmartDualCardConfig: getAppType,pkgName=com.huawei.android.launcher,appType=28
11-06 00:40:52.288  2606  3045 I SmartDualCardSM: onUidStateUpdate isSkip,uid=10092,pkgName=com.huawei.android.launcher,pkgNameByComponentName=com.huawei.android.launcher
11-06 00:40:52.296  2606  3045 I SmartDualCardConfig: getAppType,pkgName=com.huawei.android.launcher,appType=28
11-06 00:40:52.296  2606  3045 E SmartDualCardConfig: isAppInBlackList false,items==null
11-06 00:40:52.296  2606  3045 I PowerMsgAdapter: UID hot switch, uid:10092, pkgName:com.huawei.android.launcher
11-06 00:40:52.297  2606  3045 E Booster_MatterAppRecommend: [isMatterPackage]invalid mMatterPackagesConfig
11-06 00:40:52.297  2606  3045 E Booster_NetworkQoeChr: [startTcpStackInfoStaticForChr]startTcpStackInfoStaticForChr failed, qoeTcpDataOpt is null
11-06 00:40:52.298  2606  3045 D NpdcpAliveManager: ro.odm.npdcp_alive_cfg_enable is false
11-06 00:40:52.298  2606  3045 E SmartDualCardSM: isSignalStrengthPoorScreenOn 2/3G or UNKNOWN true slotId:1
11-06 00:40:52.298  2606  3045 E SmartDualCardSM: isSignalStrengthPoorScreenOn 2/3G or UNKNOWN true slotId:1
11-06 00:40:52.298  2606  3045 I SmartDualCardSM: isSlaveCardNetworkBad return true,mIsSignalStengthPoors =true,mNetworkType=1,mDownlinkSpeedLimits=1048576,mDataRoaming=false
11-06 00:40:52.298  2606  3045 E FourNetCombinationChr: getNetworkQoeInfo failed, qoeTcpDataOpt is null
11-06 00:40:52.298  1717  3309 I chatty  : uid=1000(system) Binder:1717_11 expire 1 line
11-06 00:40:52.304  1717  1898 I chatty  : uid=1000(system) android.anim expire 8 lines
11-06 00:40:52.308  2606  3045 I SmartDualCardSM: IdleState:got msg.what=EVENT_SLAVE_TRAFFIC_FREE_APP_BACKGROUND
11-06 00:40:52.322  1717  1897 I chatty  : uid=1000(system) android.display expire 3 lines
11-06 00:40:52.323  1717  2740 I chatty  : uid=1000(system) Binder:1717_B expire 1 line
11-06 00:40:52.324  1717  1961 I chatty  : uid=1000(system) PowerManagerSer expire 1 line
11-06 00:40:52.325  1717  2740 I chatty  : uid=1000(system) Binder:1717_B expire 1 line
11-06 00:40:52.326  1717  1897 I chatty  : uid=1000(system) android.display expire 3 lines
11-06 00:40:52.339  1717  2740 I chatty  : uid=1000(system) Binder:1717_B expire 1 line
11-06 00:40:52.339  9542  9611 I HwNetworkPolicyManager: getHwUidPolicy uid = 10092 policy = 0
11-06 00:40:52.341  1717  3309 I chatty  : uid=1000(system) Binder:1717_11 expire 2 lines
11-06 00:40:52.385  2295 27101 I HwCommandQueue: updateBarBgColor
11-06 00:40:52.385  2295 27101 D HwCommandQueue: CommandQueue, setBarBackgroundColor
11-06 00:40:52.386  1717  1895 I chatty  : uid=1000(system) android.ui expire 4 lines
11-06 00:40:52.386  2295 27101 D HwCommandQueue: CommandQueue, set Launcher StatusBar Color
11-06 00:40:52.386  2295 27101 D HwCommandQueue: CommandQueue, set Launcher StatusBar Color
11-06 00:40:52.458  1717  2082 I chatty  : uid=1000(system) sManagerService expire 2 lines
11-06 00:40:52.650  1717  1898 I chatty  : uid=1000(system) android.anim expire 2 lines
11-06 00:40:52.691  1717  1897 I chatty  : uid=1000(system) android.display expire 1 line
11-06 00:40:52.708  2606  3045 I HidataAppQoeP: foregroundUidRemove uid: 10452 name: com.eventmarketplace.app
11-06 00:40:52.709  2606  3045 I SmartDualCardConfig: getAppType,pkgName=com.eventmarketplace.app,appType=-1
11-06 00:40:52.709  2606  3045 I SmartDualCardConfig: getAppType,pkgName=com.eventmarketplace.app,appType=-1
11-06 00:40:52.709  2606  3045 E SmartDualCardConfig: isAppInBlackList false,items==null
11-06 00:40:52.709  2606  3045 I SmartDualCardSM: onUidStateUpdate,uid=10452,appName=com.eventmarketplace.app,state=BACKGROUND
11-06 00:40:52.709  2606  3045 I SmartDualCardConfig: removeAppFromList,after remove,size()=17,uid=10452
11-06 00:40:52.709  2606  3045 I SmartDualCardSM: onUidStateUpdate,remaining top app uid=10435
11-06 00:40:52.710  2606  3045 E SmartDualCardConfig: isGameApp false,appName=null
11-06 00:40:52.710  2606  3045 I SmartDualCardSM: updateAppState mAppState=2
11-06 00:40:52.712  2606  3045 I SmartDualCardConfig: getAppType,pkgName=com.eventmarketplace.app,appType=-1
11-06 00:40:52.712  2606  3045 E SmartDualCardConfig: isAppInBlackList false,items==null
11-06 00:40:52.713  1717  1961 I chatty  : uid=1000(system) PowerManagerSer expire 10 lines
11-06 00:40:52.717  2606  3048 E OllieTelephony: sendFullData err:1
11-06 00:40:52.728  1717  2442 I chatty  : uid=1000(system) Binder:1717_9 expire 15 lines
11-06 00:40:52.745 31116 31116 D ActivityThread: Remove activity client record, r= ActivityRecord{8bc0cd4 token=android.os.BinderProxy@e35479b {com.eventmarketplace.app/com.eventmarketplace.app.MainActivity}} token= android.os.BinderProxy@e35479b
11-06 00:40:52.745 31116 31116 I ViewRootImpl: dispatchDetachedFromWindow in doDie
11-06 00:40:52.811  3274 32019 I HwNetworkPolicyManager: getHwUidPolicy uid = 10050 policy = 0
11-06 00:40:56.552  2606  3045 I PreDnsQuery: No need to handled!
11-06 00:40:56.553  2606  3045 E SmartDualCardSM: isSignalStrengthPoorScreenOn 2/3G or UNKNOWN true slotId:1
11-06 00:40:56.553  2606  3045 I SmartDualCardSM: IdleState:got msg.what=EVENT_UMTS_RSCP_CHANGED
11-06 00:40:56.553  1717  2740 I chatty  : uid=1000(system) Binder:1717_B expire 4 lines
11-06 00:40:56.554  2663  2663 D Mapcon  : TelephonyTracker: [onSignalStrengthsChanged]phoneId=1, level=5
11-06 00:40:56.554  2663  3974 D Mapcon  : VoiceManager-5-PrepareState: [a]MsgIdEnum=MAPCON_MESSAGE_TM_CMD_SIGNAL_STRENGTH_CHANED_IND
