11-06 00:45:40.775  2663  2663 D Mapcon  : TelephonyTracker: [onSignalStrengthsChanged]phoneId=0, level=4
11-06 00:45:40.776  2663  3960 D Mapcon  : VoiceManager-0-PrepareState: [a]MsgIdEnum=MAPCON_MESSAGE_TM_CMD_SIGNAL_STRENGTH_CHANED_IND
11-06 00:45:40.776  2663  3960 D Mapcon  : VoiceManager-0-PrepareState: [a]MsgIdEnum=MAPCON_MESSAGE_TM_CMD_SIGNAL_STRENGTH_CHANED_IND
11-06 00:45:40.776  2663  3960 D Mapcon  : VoiceManager-0-DefaultState: [a]MsgIdEnum=MAPCON_MESSAGE_TM_CMD_SIGNAL_STRENGTH_CHANED_IND
11-06 00:45:40.776  2663  3960 D Mapcon  : VoiceManager-0-DefaultState: [a]MsgIdEnum=MAPCON_MESSAGE_TM_CMD_SIGNAL_STRENGTH_CHANED_IND
11-06 00:45:41.604  2606  3045 I SmartDualCardSM: IdleState:got msg.what=EVENT_MOVEMENT_STATE_CHANGED
11-06 00:45:43.268  2606  3045 I PreDnsQuery: No need to handled!
11-06 00:45:43.269  2663  2663 D Mapcon  : TelephonyTracker: [onSignalStrengthsChanged]phoneId=1, level=5
11-06 00:45:43.269  2606  3045 E SmartDualCardSM: isSignalStrengthPoorScreenOn 2/3G or UNKNOWN true slotId:1
11-06 00:45:43.269  2606  3045 I SmartDualCardSM: IdleState:got msg.what=EVENT_UMTS_RSCP_CHANGED
11-06 00:45:43.270  2663  3974 D Mapcon  : VoiceManager-5-PrepareState: [a]MsgIdEnum=MAPCON_MESSAGE_TM_CMD_SIGNAL_STRENGTH_CHANED_IND
11-06 00:45:43.270  2663  3974 D Mapcon  : VoiceManager-5-PrepareState: [a]MsgIdEnum=MAPCON_MESSAGE_TM_CMD_SIGNAL_STRENGTH_CHANED_IND
11-06 00:45:43.270  2663  3974 D Mapcon  : VoiceManager-5-DefaultState: [a]MsgIdEnum=MAPCON_MESSAGE_TM_CMD_SIGNAL_STRENGTH_CHANED_IND
11-06 00:45:43.270  2663  3974 D Mapcon  : VoiceManager-5-DefaultState: [a]MsgIdEnum=MAPCON_MESSAGE_TM_CMD_SIGNAL_STRENGTH_CHANED_IND
11-06 00:45:45.212  2663  2663 W SettingsEx: SettingsEx.Systemex.getString deprecated use Settings.System.getString instead, callers = com.android.internal.telephony.gsm.HwCustGsmServiceStateManagerImpl.isMccForShowNetname:222 com.android.internal.telephony.gsm.HwCustGsmServiceStateManagerImpl.isShowNetnameByMcc:213 com.android.internal.telephony.gsm.HwCustGsmServiceStateManagerImpl.setOnsDisplayCustomization:164 
11-06 00:45:45.364  1717  1961 I chatty  : uid=1000(system) PowerManagerSer expire 35 lines
11-06 00:45:45.401  2663  2663 D Mapcon  : TelephonyTracker: [onSignalStrengthsChanged]phoneId=0, level=4
11-06 00:45:45.401  2663  3960 D Mapcon  : VoiceManager-0-PrepareState: [a]MsgIdEnum=MAPCON_MESSAGE_TM_CMD_SIGNAL_STRENGTH_CHANED_IND
11-06 00:45:45.402  2663  3960 D Mapcon  : VoiceManager-0-PrepareState: [a]MsgIdEnum=MAPCON_MESSAGE_TM_CMD_SIGNAL_STRENGTH_CHANED_IND
11-06 00:45:45.402  2663  3960 D Mapcon  : VoiceManager-0-DefaultState: [a]MsgIdEnum=MAPCON_MESSAGE_TM_CMD_SIGNAL_STRENGTH_CHANED_IND
11-06 00:45:45.402  2663  3960 D Mapcon  : VoiceManager-0-DefaultState: [a]MsgIdEnum=MAPCON_MESSAGE_TM_CMD_SIGNAL_STRENGTH_CHANED_IND
11-06 00:45:45.629  2663  2663 W SettingsEx: SettingsEx.Systemex.getString deprecated use Settings.System.getString instead, callers = com.android.internal.telephony.gsm.HwCustGsmServiceStateManagerImpl.isMccForShowNetname:222 com.android.internal.telephony.gsm.HwCustGsmServiceStateManagerImpl.isShowNetnameByMcc:213 com.android.internal.telephony.gsm.HwCustGsmServiceStateManagerImpl.setOnsDisplayCustomization:164 
11-06 00:45:46.603  2606  3045 I SmartDualCardSM: IdleState:got msg.what=EVENT_MOVEMENT_STATE_CHANGED
11-06 00:45:52.443  2663  2663 D Mapcon  : TelephonyTracker: [onSignalStrengthsChanged]phoneId=0, level=4
11-06 00:45:52.444  2663  3960 D Mapcon  : VoiceManager-0-PrepareState: [a]MsgIdEnum=MAPCON_MESSAGE_TM_CMD_SIGNAL_STRENGTH_CHANED_IND
11-06 00:45:52.444  2663  3960 D Mapcon  : VoiceManager-0-PrepareState: [a]MsgIdEnum=MAPCON_MESSAGE_TM_CMD_SIGNAL_STRENGTH_CHANED_IND
11-06 00:45:52.444  2663  3960 D Mapcon  : VoiceManager-0-DefaultState: [a]MsgIdEnum=MAPCON_MESSAGE_TM_CMD_SIGNAL_STRENGTH_CHANED_IND
11-06 00:45:52.444  2663  3960 D Mapcon  : VoiceManager-0-DefaultState: [a]MsgIdEnum=MAPCON_MESSAGE_TM_CMD_SIGNAL_STRENGTH_CHANED_IND
11-06 00:45:54.687  1717  2076 I chatty  : uid=1000(system) AlarmManager expire 10 lines
11-06 00:45:55.018  6637  6715 I HwNetworkPolicyManager: getHwUidPolicy uid = 1000 policy = 0
11-06 00:45:55.108  1717  2442 I chatty  : uid=1000(system) Binder:1717_9 expire 10 lines
11-06 00:45:55.328  1717  2743 I chatty  : uid=1000(system) Binder:1717_E expire 4 lines
11-06 00:45:55.331  6637  6781 W ContextImpl: Calling a method in the system process without a qualified user: android.app.ContextImpl.sendBroadcast:1168 android.content.ContextWrapper.sendBroadcast:448 Wd.b:67 Wd.i:71 Wd.Cc:14 
11-06 00:45:56.608  2663  2663 D Mapcon  : TelephonyTracker: [onSignalStrengthsChanged]phoneId=0, level=4
11-06 00:45:56.609  2663  3960 D Mapcon  : VoiceManager-0-PrepareState: [a]MsgIdEnum=MAPCON_MESSAGE_TM_CMD_SIGNAL_STRENGTH_CHANED_IND
11-06 00:45:56.609  2663  3960 D Mapcon  : VoiceManager-0-PrepareState: [a]MsgIdEnum=MAPCON_MESSAGE_TM_CMD_SIGNAL_STRENGTH_CHANED_IND
11-06 00:45:56.609  2663  3960 D Mapcon  : VoiceManager-0-DefaultState: [a]MsgIdEnum=MAPCON_MESSAGE_TM_CMD_SIGNAL_STRENGTH_CHANED_IND
11-06 00:45:56.609  2663  3960 D Mapcon  : VoiceManager-0-DefaultState: [a]MsgIdEnum=MAPCON_MESSAGE_TM_CMD_SIGNAL_STRENGTH_CHANED_IND
11-06 00:45:57.015  1717  1717 I chatty  : uid=1000 system_server expire 1 line
11-06 00:45:57.052  1032  1115 I storaged: storaged_t::event: storage_info refreshed.
11-06 00:45:58.225  1717  2046 I chatty  : uid=1000(system) UEventObserver expire 12 lines
11-06 00:46:00.007  1717  1961 I chatty  : uid=1000(system) PowerManagerSer expire 26 lines
11-06 00:46:02.610  2663  2663 D Mapcon  : TelephonyTracker: [onSignalStrengthsChanged]phoneId=0, level=4
11-06 00:46:02.611  2663  3960 D Mapcon  : VoiceManager-0-PrepareState: [a]MsgIdEnum=MAPCON_MESSAGE_TM_CMD_SIGNAL_STRENGTH_CHANED_IND
11-06 00:46:02.611  2663  3960 D Mapcon  : VoiceManager-0-PrepareState: [a]MsgIdEnum=MAPCON_MESSAGE_TM_CMD_SIGNAL_STRENGTH_CHANED_IND
11-06 00:46:02.612  2663  3960 D Mapcon  : VoiceManager-0-DefaultState: [a]MsgIdEnum=MAPCON_MESSAGE_TM_CMD_SIGNAL_STRENGTH_CHANED_IND
11-06 00:46:02.612  2663  3960 D Mapcon  : VoiceManager-0-DefaultState: [a]MsgIdEnum=MAPCON_MESSAGE_TM_CMD_SIGNAL_STRENGTH_CHANED_IND
11-06 00:46:02.870  2606  3045 I PreDnsQuery: No need to handled!
11-06 00:46:02.870  2663  2663 D Mapcon  : TelephonyTracker: [onSignalStrengthsChanged]phoneId=1, level=5
11-06 00:46:02.871  2663  3974 D Mapcon  : VoiceManager-5-PrepareState: [a]MsgIdEnum=MAPCON_MESSAGE_TM_CMD_SIGNAL_STRENGTH_CHANED_IND
11-06 00:46:02.871  2606  3045 E SmartDualCardSM: isSignalStrengthPoorScreenOn 2/3G or UNKNOWN true slotId:1
11-06 00:46:02.871  2663  3974 D Mapcon  : VoiceManager-5-PrepareState: [a]MsgIdEnum=MAPCON_MESSAGE_TM_CMD_SIGNAL_STRENGTH_CHANED_IND
11-06 00:46:02.871  2606  3045 I SmartDualCardSM: IdleState:got msg.what=EVENT_UMTS_RSCP_CHANGED
11-06 00:46:02.871  2663  3974 D Mapcon  : VoiceManager-5-PrepareState: [a]MsgIdEnum=MAPCON_MESSAGE_TM_CMD_SIGNAL_STRENGTH_CHANED_IND
11-06 00:46:02.871  2663  3974 D Mapcon  : VoiceManager-5-DefaultState: [a]MsgIdEnum=MAPCON_MESSAGE_TM_CMD_SIGNAL_STRENGTH_CHANED_IND
11-06 00:46:02.871  2663  3974 D Mapcon  : VoiceManager-5-DefaultState: [a]MsgIdEnum=MAPCON_MESSAGE_TM_CMD_SIGNAL_STRENGTH_CHANED_IND
11-06 00:46:03.401  2663  2663 D Mapcon  : TelephonyTracker: [onSignalStrengthsChanged]phoneId=0, level=4
11-06 00:46:03.401  2663  3960 D Mapcon  : VoiceManager-0-PrepareState: [a]MsgIdEnum=MAPCON_MESSAGE_TM_CMD_SIGNAL_STRENGTH_CHANED_IND
11-06 00:46:03.402  2663  3960 D Mapcon  : VoiceManager-0-PrepareState: [a]MsgIdEnum=MAPCON_MESSAGE_TM_CMD_SIGNAL_STRENGTH_CHANED_IND
11-06 00:46:03.402  2663  3960 D Mapcon  : VoiceManager-0-DefaultState: [a]MsgIdEnum=MAPCON_MESSAGE_TM_CMD_SIGNAL_STRENGTH_CHANED_IND
11-06 00:46:03.402  2663  3960 D Mapcon  : VoiceManager-0-DefaultState: [a]MsgIdEnum=MAPCON_MESSAGE_TM_CMD_SIGNAL_STRENGTH_CHANED_IND
11-06 00:46:03.438  2606  3045 I SmartDualCardSM: IdleState:got msg.what=EVENT_HARD_SWITCH_CONDITION_CHECK
11-06 00:46:05.697  2663  2663 W SettingsEx: SettingsEx.Systemex.getString deprecated use Settings.System.getString instead, callers = com.android.internal.telephony.gsm.HwCustGsmServiceStateManagerImpl.isMccForShowNetname:222 com.android.internal.telephony.gsm.HwCustGsmServiceStateManagerImpl.isShowNetnameByMcc:213 com.android.internal.telephony.gsm.HwCustGsmServiceStateManagerImpl.setOnsDisplayCustomization:164 
11-06 00:46:08.872  2663  2663 D Mapcon  : TelephonyTracker: [onSignalStrengthsChanged]phoneId=1, level=5
11-06 00:46:08.874  2663  3974 D Mapcon  : VoiceManager-5-PrepareState: [a]MsgIdEnum=MAPCON_MESSAGE_TM_CMD_SIGNAL_STRENGTH_CHANED_IND
11-06 00:46:08.874  2606  3045 I PreDnsQuery: No need to handled!
11-06 00:46:08.874  2663  3974 D Mapcon  : VoiceManager-5-PrepareState: [a]MsgIdEnum=MAPCON_MESSAGE_TM_CMD_SIGNAL_STRENGTH_CHANED_IND
11-06 00:46:08.874  2663  3974 D Mapcon  : VoiceManager-5-PrepareState: [a]MsgIdEnum=MAPCON_MESSAGE_TM_CMD_SIGNAL_STRENGTH_CHANED_IND
11-06 00:46:08.874  2663  3974 D Mapcon  : VoiceManager-5-DefaultState: [a]MsgIdEnum=MAPCON_MESSAGE_TM_CMD_SIGNAL_STRENGTH_CHANED_IND
11-06 00:46:08.874  2663  3974 D Mapcon  : VoiceManager-5-DefaultState: [a]MsgIdEnum=MAPCON_MESSAGE_TM_CMD_SIGNAL_STRENGTH_CHANED_IND
11-06 00:46:08.875  2606  3045 E SmartDualCardSM: isSignalStrengthPoorScreenOn 2/3G or UNKNOWN true slotId:1
11-06 00:46:08.875  2606  3045 I SmartDualCardSM: IdleState:got msg.what=EVENT_UMTS_RSCP_CHANGED
11-06 00:46:08.875  1717  1859 I chatty  : uid=1000(system) Binder:1717_1 expire 5 lines
11-06 00:46:09.125  1717  2170 I chatty  : uid=1000(system) LocationHander expire 1 line
11-06 00:46:09.404  2663  2663 D Mapcon  : TelephonyTracker: [onSignalStrengthsChanged]phoneId=0, level=4
11-06 00:46:09.405  2663  3960 D Mapcon  : VoiceManager-0-PrepareState: [a]MsgIdEnum=MAPCON_MESSAGE_TM_CMD_SIGNAL_STRENGTH_CHANED_IND
11-06 00:46:09.405  2663  3960 I chatty  : uid=1001(radio) VoiceManager-0 identical 10 lines
11-06 00:46:09.405  2663  3960 D Mapcon  : VoiceManager-0-PrepareState: [a]MsgIdEnum=MAPCON_MESSAGE_TM_CMD_SIGNAL_STRENGTH_CHANED_IND
11-06 00:46:09.405  2663  3960 D Mapcon  : VoiceManager-0-DefaultState: [a]MsgIdEnum=MAPCON_MESSAGE_TM_CMD_SIGNAL_STRENGTH_CHANED_IND
11-06 00:46:09.405  2663  3960 D Mapcon  : VoiceManager-0-DefaultState: [a]MsgIdEnum=MAPCON_MESSAGE_TM_CMD_SIGNAL_STRENGTH_CHANED_IND
11-06 00:46:11.493  2663  2663 D Mapcon  : TelephonyTracker: [onSignalStrengthsChanged]phoneId=0, level=4
11-06 00:46:11.494  2663  3960 D Mapcon  : VoiceManager-0-PrepareState: [a]MsgIdEnum=MAPCON_MESSAGE_TM_CMD_SIGNAL_STRENGTH_CHANED_IND
11-06 00:46:11.494  2663  3960 D Mapcon  : VoiceManager-0-PrepareState: [a]MsgIdEnum=MAPCON_MESSAGE_TM_CMD_SIGNAL_STRENGTH_CHANED_IND
11-06 00:46:11.494  2663  3960 D Mapcon  : VoiceManager-0-DefaultState: [a]MsgIdEnum=MAPCON_MESSAGE_TM_CMD_SIGNAL_STRENGTH_CHANED_IND
11-06 00:46:11.494  2663  3960 D Mapcon  : VoiceManager-0-DefaultState: [a]MsgIdEnum=MAPCON_MESSAGE_TM_CMD_SIGNAL_STRENGTH_CHANED_IND
11-06 00:46:11.603  2606  3045 I SmartDualCardSM: IdleState:got msg.what=EVENT_MOVEMENT_STATE_CHANGED
11-06 00:46:16.722  1717  1961 I chatty  : uid=1000(system) PowerManagerSer expire 12 lines
11-06 00:46:17.496  2663  2663 D Mapcon  : TelephonyTracker: [onSignalStrengthsChanged]phoneId=0, level=4
11-06 00:46:17.497  2663  3960 D Mapcon  : VoiceManager-0-PrepareState: [a]MsgIdEnum=MAPCON_MESSAGE_TM_CMD_SIGNAL_STRENGTH_CHANED_IND
11-06 00:46:17.497  2663  3960 D Mapcon  : VoiceManager-0-PrepareState: [a]MsgIdEnum=MAPCON_MESSAGE_TM_CMD_SIGNAL_STRENGTH_CHANED_IND
11-06 00:46:17.497  2663  3960 D Mapcon  : VoiceManager-0-DefaultState: [a]MsgIdEnum=MAPCON_MESSAGE_TM_CMD_SIGNAL_STRENGTH_CHANED_IND
11-06 00:46:17.497  2663  3960 D Mapcon  : VoiceManager-0-DefaultState: [a]MsgIdEnum=MAPCON_MESSAGE_TM_CMD_SIGNAL_STRENGTH_CHANED_IND
11-06 00:46:18.224  2606  3045 I PreDnsQuery: No need to handled!
11-06 00:46:18.225  2663  2663 D Mapcon  : TelephonyTracker: [onSignalStrengthsChanged]phoneId=1, level=5
11-06 00:46:18.225  2606  3045 E SmartDualCardSM: isSignalStrengthPoorScreenOn 2/3G or UNKNOWN true slotId:1
11-06 00:46:18.225  2606  3045 I SmartDualCardSM: IdleState:got msg.what=EVENT_UMTS_RSCP_CHANGED
11-06 00:46:18.225  2663  3974 D Mapcon  : VoiceManager-5-PrepareState: [a]MsgIdEnum=MAPCON_MESSAGE_TM_CMD_SIGNAL_STRENGTH_CHANED_IND
11-06 00:46:18.226  2663  3974 D Mapcon  : VoiceManager-5-PrepareState: [a]MsgIdEnum=MAPCON_MESSAGE_TM_CMD_SIGNAL_STRENGTH_CHANED_IND
11-06 00:46:18.226  2663  3974 D Mapcon  : VoiceManager-5-DefaultState: [a]MsgIdEnum=MAPCON_MESSAGE_TM_CMD_SIGNAL_STRENGTH_CHANED_IND
11-06 00:46:18.226  2663  3974 D Mapcon  : VoiceManager-5-DefaultState: [a]MsgIdEnum=MAPCON_MESSAGE_TM_CMD_SIGNAL_STRENGTH_CHANED_IND
11-06 00:46:21.706  2663  2663 D Mapcon  : TelephonyTracker: [onSignalStrengthsChanged]phoneId=0, level=4
11-06 00:46:21.707  2663  3960 D Mapcon  : VoiceManager-0-PrepareState: [a]MsgIdEnum=MAPCON_MESSAGE_TM_CMD_SIGNAL_STRENGTH_CHANED_IND
11-06 00:46:21.707  2663  3960 D Mapcon  : VoiceManager-0-PrepareState: [a]MsgIdEnum=MAPCON_MESSAGE_TM_CMD_SIGNAL_STRENGTH_CHANED_IND
11-06 00:46:21.707  2663  3960 D Mapcon  : VoiceManager-0-DefaultState: [a]MsgIdEnum=MAPCON_MESSAGE_TM_CMD_SIGNAL_STRENGTH_CHANED_IND
11-06 00:46:21.707  2663  3960 D Mapcon  : VoiceManager-0-DefaultState: [a]MsgIdEnum=MAPCON_MESSAGE_TM_CMD_SIGNAL_STRENGTH_CHANED_IND
11-06 00:46:23.203  1717  7707 I chatty  : uid=1000(system) MobileQosDetect expire 10 lines
11-06 00:46:23.345  2663  2663 D Mapcon  : TelephonyTracker: [onSignalStrengthsChanged]phoneId=1, level=5
11-06 00:46:23.345  2663  3974 D Mapcon  : VoiceManager-5-PrepareState: [a]MsgIdEnum=MAPCON_MESSAGE_TM_CMD_SIGNAL_STRENGTH_CHANED_IND
11-06 00:46:23.346  2663  3974 D Mapcon  : VoiceManager-5-PrepareState: [a]MsgIdEnum=MAPCON_MESSAGE_TM_CMD_SIGNAL_STRENGTH_CHANED_IND
11-06 00:46:23.346  2663  3974 D Mapcon  : VoiceManager-5-DefaultState: [a]MsgIdEnum=MAPCON_MESSAGE_TM_CMD_SIGNAL_STRENGTH_CHANED_IND
11-06 00:46:23.346  2663  3974 D Mapcon  : VoiceManager-5-DefaultState: [a]MsgIdEnum=MAPCON_MESSAGE_TM_CMD_SIGNAL_STRENGTH_CHANED_IND
11-06 00:46:23.347  2606  3045 I PreDnsQuery: No need to handled!
11-06 00:46:23.348  2606  3045 E SmartDualCardSM: isSignalStrengthPoorScreenOn 2/3G or UNKNOWN true slotId:1
11-06 00:46:23.348  2606  3045 I SmartDualCardSM: IdleState:got msg.what=EVENT_UMTS_RSCP_CHANGED
11-06 00:46:23.348  1717  3403 I chatty  : uid=1000(system) Binder:1717_13 expire 7 lines
11-06 00:46:26.604  2606  3045 I SmartDualCardSM: IdleState:got msg.what=EVENT_MOVEMENT_STATE_CHANGED
11-06 00:46:27.710  2663  2663 D Mapcon  : TelephonyTracker: [onSignalStrengthsChanged]phoneId=0, level=4
11-06 00:46:27.711  2663  3960 D Mapcon  : VoiceManager-0-PrepareState: [a]MsgIdEnum=MAPCON_MESSAGE_TM_CMD_SIGNAL_STRENGTH_CHANED_IND
11-06 00:46:27.712  2663  3960 D Mapcon  : VoiceManager-0-PrepareState: [a]MsgIdEnum=MAPCON_MESSAGE_TM_CMD_SIGNAL_STRENGTH_CHANED_IND
11-06 00:46:27.712  2663  3960 D Mapcon  : VoiceManager-0-DefaultState: [a]MsgIdEnum=MAPCON_MESSAGE_TM_CMD_SIGNAL_STRENGTH_CHANED_IND
11-06 00:46:27.712  2663  3960 D Mapcon  : VoiceManager-0-DefaultState: [a]MsgIdEnum=MAPCON_MESSAGE_TM_CMD_SIGNAL_STRENGTH_CHANED_IND
11-06 00:46:29.347  2663  2663 D Mapcon  : TelephonyTracker: [onSignalStrengthsChanged]phoneId=1, level=5
11-06 00:46:29.348  2663  3974 D Mapcon  : VoiceManager-5-PrepareState: [a]MsgIdEnum=MAPCON_MESSAGE_TM_CMD_SIGNAL_STRENGTH_CHANED_IND
11-06 00:46:29.348  2663  3974 D Mapcon  : VoiceManager-5-PrepareState: [a]MsgIdEnum=MAPCON_MESSAGE_TM_CMD_SIGNAL_STRENGTH_CHANED_IND
11-06 00:46:29.348  2606  3045 I PreDnsQuery: No need to handled!
11-06 00:46:29.348  2663  3974 D Mapcon  : VoiceManager-5-PrepareState: [a]MsgIdEnum=MAPCON_MESSAGE_TM_CMD_SIGNAL_STRENGTH_CHANED_IND
11-06 00:46:29.348  2663  3974 D Mapcon  : VoiceManager-5-DefaultState: [a]MsgIdEnum=MAPCON_MESSAGE_TM_CMD_SIGNAL_STRENGTH_CHANED_IND
11-06 00:46:29.348  2663  3974 D Mapcon  : VoiceManager-5-DefaultState: [a]MsgIdEnum=MAPCON_MESSAGE_TM_CMD_SIGNAL_STRENGTH_CHANED_IND
11-06 00:46:29.348  2606  3045 E SmartDualCardSM: isSignalStrengthPoorScreenOn 2/3G or UNKNOWN true slotId:1
11-06 00:46:29.349  2606  3045 I SmartDualCardSM: IdleState:got msg.what=EVENT_UMTS_RSCP_CHANGED
11-06 00:46:33.587  2606  3045 I PreDnsQuery: No need to handled!
11-06 00:46:33.587  2606  3045 E SmartDualCardSM: isSignalStrengthPoorScreenOn 2/3G or UNKNOWN true slotId:1
11-06 00:46:33.587  2606  3045 I SmartDualCardSM: IdleState:got msg.what=EVENT_UMTS_RSCP_CHANGED
11-06 00:46:33.589  2663  2663 D Mapcon  : TelephonyTracker: [onSignalStrengthsChanged]phoneId=1, level=5
11-06 00:46:33.590  2663  3974 D Mapcon  : VoiceManager-5-PrepareState: [a]MsgIdEnum=MAPCON_MESSAGE_TM_CMD_SIGNAL_STRENGTH_CHANED_IND
11-06 00:46:33.590  2663  3974 I chatty  : uid=1001(radio) VoiceManager-5 identical 10 lines
11-06 00:46:33.591  2663  3974 D Mapcon  : VoiceManager-5-PrepareState: [a]MsgIdEnum=MAPCON_MESSAGE_TM_CMD_SIGNAL_STRENGTH_CHANED_IND
11-06 00:46:33.591  2663  3974 D Mapcon  : VoiceManager-5-DefaultState: [a]MsgIdEnum=MAPCON_MESSAGE_TM_CMD_SIGNAL_STRENGTH_CHANED_IND
11-06 00:46:33.591  2663  3974 D Mapcon  : VoiceManager-5-DefaultState: [a]MsgIdEnum=MAPCON_MESSAGE_TM_CMD_SIGNAL_STRENGTH_CHANED_IND
11-06 00:46:33.713  2663  2663 D Mapcon  : TelephonyTracker: [onSignalStrengthsChanged]phoneId=0, level=4
11-06 00:46:33.714  2663  3960 D Mapcon  : VoiceManager-0-PrepareState: [a]MsgIdEnum=MAPCON_MESSAGE_TM_CMD_SIGNAL_STRENGTH_CHANED_IND
11-06 00:46:33.714  2663  3960 D Mapcon  : VoiceManager-0-PrepareState: [a]MsgIdEnum=MAPCON_MESSAGE_TM_CMD_SIGNAL_STRENGTH_CHANED_IND
11-06 00:46:33.715  2663  3960 D Mapcon  : VoiceManager-0-DefaultState: [a]MsgIdEnum=MAPCON_MESSAGE_TM_CMD_SIGNAL_STRENGTH_CHANED_IND
11-06 00:46:33.715  2663  3960 D Mapcon  : VoiceManager-0-DefaultState: [a]MsgIdEnum=MAPCON_MESSAGE_TM_CMD_SIGNAL_STRENGTH_CHANED_IND
11-06 00:46:39.589  2663  2663 D Mapcon  : TelephonyTracker: [onSignalStrengthsChanged]phoneId=1, level=5
11-06 00:46:39.590  2663  3974 D Mapcon  : VoiceManager-5-PrepareState: [a]MsgIdEnum=MAPCON_MESSAGE_TM_CMD_SIGNAL_STRENGTH_CHANED_IND
11-06 00:46:39.590  2663  3974 D Mapcon  : VoiceManager-5-PrepareState: [a]MsgIdEnum=MAPCON_MESSAGE_TM_CMD_SIGNAL_STRENGTH_CHANED_IND
11-06 00:46:39.590  2606  3045 I PreDnsQuery: No need to handled!
11-06 00:46:39.590  2663  3974 D Mapcon  : VoiceManager-5-DefaultState: [a]MsgIdEnum=MAPCON_MESSAGE_TM_CMD_SIGNAL_STRENGTH_CHANED_IND
11-06 00:46:39.591  2663  3974 D Mapcon  : VoiceManager-5-DefaultState: [a]MsgIdEnum=MAPCON_MESSAGE_TM_CMD_SIGNAL_STRENGTH_CHANED_IND
11-06 00:46:39.592  2606  3045 E SmartDualCardSM: isSignalStrengthPoorScreenOn 2/3G or UNKNOWN true slotId:1
11-06 00:46:39.592  2606  3045 I SmartDualCardSM: IdleState:got msg.what=EVENT_UMTS_RSCP_CHANGED
11-06 00:46:39.714  2663  2663 D Mapcon  : TelephonyTracker: [onSignalStrengthsChanged]phoneId=0, level=3
11-06 00:46:39.715  2663  3960 D Mapcon  : VoiceManager-0-PrepareState: [a]MsgIdEnum=MAPCON_MESSAGE_TM_CMD_SIGNAL_STRENGTH_CHANED_IND
11-06 00:46:39.715  2663  3960 D Mapcon  : VoiceManager-0-PrepareState: [a]MsgIdEnum=MAPCON_MESSAGE_TM_CMD_SIGNAL_STRENGTH_CHANED_IND
11-06 00:46:39.715  2663  3960 D Mapcon  : VoiceManager-0-DefaultState: [a]MsgIdEnum=MAPCON_MESSAGE_TM_CMD_SIGNAL_STRENGTH_CHANED_IND
11-06 00:46:39.715  2663  3960 D Mapcon  : VoiceManager-0-DefaultState: [a]MsgIdEnum=MAPCON_MESSAGE_TM_CMD_SIGNAL_STRENGTH_CHANED_IND
11-06 00:46:41.603  2606  3045 I SmartDualCardSM: IdleState:got msg.what=EVENT_MOVEMENT_STATE_CHANGED
11-06 00:46:42.187  2663  2663 D Mapcon  : TelephonyTracker: [onSignalStrengthsChanged]phoneId=0, level=3
11-06 00:46:42.188  2663  3960 D Mapcon  : VoiceManager-0-PrepareState: [a]MsgIdEnum=MAPCON_MESSAGE_TM_CMD_SIGNAL_STRENGTH_CHANED_IND
11-06 00:46:42.189  2663  3960 D Mapcon  : VoiceManager-0-PrepareState: [a]MsgIdEnum=MAPCON_MESSAGE_TM_CMD_SIGNAL_STRENGTH_CHANED_IND
11-06 00:46:42.189  2663  3960 D Mapcon  : VoiceManager-0-DefaultState: [a]MsgIdEnum=MAPCON_MESSAGE_TM_CMD_SIGNAL_STRENGTH_CHANED_IND
11-06 00:46:42.189  2663  3960 D Mapcon  : VoiceManager-0-DefaultState: [a]MsgIdEnum=MAPCON_MESSAGE_TM_CMD_SIGNAL_STRENGTH_CHANED_IND
11-06 00:46:43.826  2663  2663 D Mapcon  : TelephonyTracker: [onSignalStrengthsChanged]phoneId=1, level=5
11-06 00:46:43.827  2663  3974 D Mapcon  : VoiceManager-5-PrepareState: [a]MsgIdEnum=MAPCON_MESSAGE_TM_CMD_SIGNAL_STRENGTH_CHANED_IND
11-06 00:46:43.827  2663  3974 D Mapcon  : VoiceManager-5-PrepareState: [a]MsgIdEnum=MAPCON_MESSAGE_TM_CMD_SIGNAL_STRENGTH_CHANED_IND
11-06 00:46:43.827  2663  3974 D Mapcon  : VoiceManager-5-DefaultState: [a]MsgIdEnum=MAPCON_MESSAGE_TM_CMD_SIGNAL_STRENGTH_CHANED_IND
11-06 00:46:43.827  2663  3974 D Mapcon  : VoiceManager-5-DefaultState: [a]MsgIdEnum=MAPCON_MESSAGE_TM_CMD_SIGNAL_STRENGTH_CHANED_IND
11-06 00:46:43.827  2606  3045 I PreDnsQuery: No need to handled!
11-06 00:46:43.828  2606  3045 E SmartDualCardSM: isSignalStrengthPoorScreenOn 2/3G or UNKNOWN true slotId:1
11-06 00:46:43.828  2606  3045 I SmartDualCardSM: IdleState:got msg.what=EVENT_UMTS_RSCP_CHANGED
11-06 00:46:46.603  2606  3045 I SmartDualCardSM: IdleState:got msg.what=EVENT_MOVEMENT_STATE_CHANGED
11-06 00:46:48.189  2663  2663 D Mapcon  : TelephonyTracker: [onSignalStrengthsChanged]phoneId=0, level=3
11-06 00:46:48.190  2663  3960 D Mapcon  : VoiceManager-0-PrepareState: [a]MsgIdEnum=MAPCON_MESSAGE_TM_CMD_SIGNAL_STRENGTH_CHANED_IND
11-06 00:46:48.190  2663  3960 D Mapcon  : VoiceManager-0-PrepareState: [a]MsgIdEnum=MAPCON_MESSAGE_TM_CMD_SIGNAL_STRENGTH_CHANED_IND
11-06 00:46:48.190  2663  3960 D Mapcon  : VoiceManager-0-DefaultState: [a]MsgIdEnum=MAPCON_MESSAGE_TM_CMD_SIGNAL_STRENGTH_CHANED_IND
11-06 00:46:48.190  2663  3960 D Mapcon  : VoiceManager-0-DefaultState: [a]MsgIdEnum=MAPCON_MESSAGE_TM_CMD_SIGNAL_STRENGTH_CHANED_IND
11-06 00:46:48.950  2606  3045 I PreDnsQuery: No need to handled!
11-06 00:46:48.951  2663  2663 D Mapcon  : TelephonyTracker: [onSignalStrengthsChanged]phoneId=1, level=5
11-06 00:46:48.952  2606  3045 E SmartDualCardSM: isSignalStrengthPoorScreenOn 2/3G or UNKNOWN true slotId:1
11-06 00:46:48.952  2606  3045 I SmartDualCardSM: IdleState:got msg.what=EVENT_UMTS_RSCP_CHANGED
11-06 00:46:48.952  2663  3974 D Mapcon  : VoiceManager-5-PrepareState: [a]MsgIdEnum=MAPCON_MESSAGE_TM_CMD_SIGNAL_STRENGTH_CHANED_IND
11-06 00:46:48.953  2663  3974 D Mapcon  : VoiceManager-5-PrepareState: [a]MsgIdEnum=MAPCON_MESSAGE_TM_CMD_SIGNAL_STRENGTH_CHANED_IND
11-06 00:46:48.953  2663  3974 D Mapcon  : VoiceManager-5-DefaultState: [a]MsgIdEnum=MAPCON_MESSAGE_TM_CMD_SIGNAL_STRENGTH_CHANED_IND
11-06 00:46:48.953  2663  3974 D Mapcon  : VoiceManager-5-DefaultState: [a]MsgIdEnum=MAPCON_MESSAGE_TM_CMD_SIGNAL_STRENGTH_CHANED_IND
11-06 00:46:52.421  2663  2663 D Mapcon  : TelephonyTracker: [onSignalStrengthsChanged]phoneId=0, level=3
11-06 00:46:52.421  2663  3960 D Mapcon  : VoiceManager-0-PrepareState: [a]MsgIdEnum=MAPCON_MESSAGE_TM_CMD_SIGNAL_STRENGTH_CHANED_IND
11-06 00:46:52.422  2663  3960 D Mapcon  : VoiceManager-0-PrepareState: [a]MsgIdEnum=MAPCON_MESSAGE_TM_CMD_SIGNAL_STRENGTH_CHANED_IND
11-06 00:46:52.422  2663  3960 D Mapcon  : VoiceManager-0-DefaultState: [a]MsgIdEnum=MAPCON_MESSAGE_TM_CMD_SIGNAL_STRENGTH_CHANED_IND
11-06 00:46:52.422  2663  3960 D Mapcon  : VoiceManager-0-DefaultState: [a]MsgIdEnum=MAPCON_MESSAGE_TM_CMD_SIGNAL_STRENGTH_CHANED_IND
11-06 00:46:54.953  2606  3045 I PreDnsQuery: No need to handled!
11-06 00:46:54.954  2606  3045 E SmartDualCardSM: isSignalStrengthPoorScreenOn 2/3G or UNKNOWN true slotId:1
11-06 00:46:54.954  2606  3045 I SmartDualCardSM: IdleState:got msg.what=EVENT_UMTS_RSCP_CHANGED
11-06 00:46:54.954  1717  2042 I chatty  : uid=1000(system) Binder:1717_3 expire 9 lines
11-06 00:46:54.956  2663  2663 D Mapcon  : TelephonyTracker: [onSignalStrengthsChanged]phoneId=1, level=5
11-06 00:46:54.957  2663  3974 D Mapcon  : VoiceManager-5-PrepareState: [a]MsgIdEnum=MAPCON_MESSAGE_TM_CMD_SIGNAL_STRENGTH_CHANED_IND
11-06 00:46:54.957  2663  3974 D Mapcon  : VoiceManager-5-PrepareState: [a]MsgIdEnum=MAPCON_MESSAGE_TM_CMD_SIGNAL_STRENGTH_CHANED_IND
11-06 00:46:54.957  2663  3974 D Mapcon  : VoiceManager-5-DefaultState: [a]MsgIdEnum=MAPCON_MESSAGE_TM_CMD_SIGNAL_STRENGTH_CHANED_IND
11-06 00:46:54.957  2663  3974 D Mapcon  : VoiceManager-5-DefaultState: [a]MsgIdEnum=MAPCON_MESSAGE_TM_CMD_SIGNAL_STRENGTH_CHANED_IND
11-06 00:46:56.601  2606  3045 I SmartDualCardSM: IdleState:got msg.what=EVENT_MOVEMENT_STATE_CHANGED
11-06 00:46:57.053  1032  1115 I storaged: storaged_t::event: storage_info refreshed.
11-06 00:46:58.425  2663  2663 D Mapcon  : TelephonyTracker: [onSignalStrengthsChanged]phoneId=0, level=4
11-06 00:46:58.426  2663  3960 D Mapcon  : VoiceManager-0-PrepareState: [a]MsgIdEnum=MAPCON_MESSAGE_TM_CMD_SIGNAL_STRENGTH_CHANED_IND
11-06 00:46:58.426  2663  3960 I chatty  : uid=1001(radio) VoiceManager-0 identical 10 lines
11-06 00:46:58.426  2663  3960 D Mapcon  : VoiceManager-0-PrepareState: [a]MsgIdEnum=MAPCON_MESSAGE_TM_CMD_SIGNAL_STRENGTH_CHANED_IND
11-06 00:46:58.426  2663  3960 D Mapcon  : VoiceManager-0-DefaultState: [a]MsgIdEnum=MAPCON_MESSAGE_TM_CMD_SIGNAL_STRENGTH_CHANED_IND
11-06 00:46:58.427  2663  3960 D Mapcon  : VoiceManager-0-DefaultState: [a]MsgIdEnum=MAPCON_MESSAGE_TM_CMD_SIGNAL_STRENGTH_CHANED_IND
11-06 00:46:59.662  1717  2046 I chatty  : uid=1000(system) UEventObserver expire 12 lines
11-06 00:47:02.666  2663  2663 D Mapcon  : TelephonyTracker: [onSignalStrengthsChanged]phoneId=0, level=4
11-06 00:47:02.667  2663  3960 D Mapcon  : VoiceManager-0-PrepareState: [a]MsgIdEnum=MAPCON_MESSAGE_TM_CMD_SIGNAL_STRENGTH_CHANED_IND
11-06 00:47:02.667  2663  3960 D Mapcon  : VoiceManager-0-PrepareState: [a]MsgIdEnum=MAPCON_MESSAGE_TM_CMD_SIGNAL_STRENGTH_CHANED_IND
11-06 00:47:02.668  2663  3960 D Mapcon  : VoiceManager-0-DefaultState: [a]MsgIdEnum=MAPCON_MESSAGE_TM_CMD_SIGNAL_STRENGTH_CHANED_IND
11-06 00:47:02.668  2663  3960 D Mapcon  : VoiceManager-0-DefaultState: [a]MsgIdEnum=MAPCON_MESSAGE_TM_CMD_SIGNAL_STRENGTH_CHANED_IND
11-06 00:47:03.439  2606  3045 I SmartDualCardSM: IdleState:got msg.what=EVENT_HARD_SWITCH_CONDITION_CHECK
11-06 00:47:08.670  2663  2663 D Mapcon  : TelephonyTracker: [onSignalStrengthsChanged]phoneId=0, level=4
11-06 00:47:08.670  2663  3960 D Mapcon  : VoiceManager-0-PrepareState: [a]MsgIdEnum=MAPCON_MESSAGE_TM_CMD_SIGNAL_STRENGTH_CHANED_IND
11-06 00:47:08.671  2663  3960 D Mapcon  : VoiceManager-0-PrepareState: [a]MsgIdEnum=MAPCON_MESSAGE_TM_CMD_SIGNAL_STRENGTH_CHANED_IND
11-06 00:47:08.671  2663  3960 D Mapcon  : VoiceManager-0-DefaultState: [a]MsgIdEnum=MAPCON_MESSAGE_TM_CMD_SIGNAL_STRENGTH_CHANED_IND
11-06 00:47:08.671  2663  3960 D Mapcon  : VoiceManager-0-DefaultState: [a]MsgIdEnum=MAPCON_MESSAGE_TM_CMD_SIGNAL_STRENGTH_CHANED_IND
11-06 00:47:11.603  2606  3045 I SmartDualCardSM: IdleState:got msg.what=EVENT_MOVEMENT_STATE_CHANGED
11-06 00:47:11.766  1717  1961 I chatty  : uid=1000(system) PowerManagerSer expire 10 lines
11-06 00:47:12.906  2663  2663 D Mapcon  : TelephonyTracker: [onSignalStrengthsChanged]phoneId=0, level=4
11-06 00:47:12.906  2663  3960 D Mapcon  : VoiceManager-0-PrepareState: [a]MsgIdEnum=MAPCON_MESSAGE_TM_CMD_SIGNAL_STRENGTH_CHANED_IND
11-06 00:47:12.907  2663  3960 D Mapcon  : VoiceManager-0-PrepareState: [a]MsgIdEnum=MAPCON_MESSAGE_TM_CMD_SIGNAL_STRENGTH_CHANED_IND
11-06 00:47:12.907  2663  3960 D Mapcon  : VoiceManager-0-DefaultState: [a]MsgIdEnum=MAPCON_MESSAGE_TM_CMD_SIGNAL_STRENGTH_CHANED_IND
11-06 00:47:12.907  2663  3960 D Mapcon  : VoiceManager-0-DefaultState: [a]MsgIdEnum=MAPCON_MESSAGE_TM_CMD_SIGNAL_STRENGTH_CHANED_IND
11-06 00:47:13.263  2606  3045 I PreDnsQuery: No need to handled!
11-06 00:47:13.264  2663  2663 D Mapcon  : TelephonyTracker: [onSignalStrengthsChanged]phoneId=1, level=5
11-06 00:47:13.265  2663  3974 D Mapcon  : VoiceManager-5-PrepareState: [a]MsgIdEnum=MAPCON_MESSAGE_TM_CMD_SIGNAL_STRENGTH_CHANED_IND
11-06 00:47:13.266  2663  3974 D Mapcon  : VoiceManager-5-PrepareState: [a]MsgIdEnum=MAPCON_MESSAGE_TM_CMD_SIGNAL_STRENGTH_CHANED_IND
11-06 00:47:13.266  2663  3974 D Mapcon  : VoiceManager-5-DefaultState: [a]MsgIdEnum=MAPCON_MESSAGE_TM_CMD_SIGNAL_STRENGTH_CHANED_IND
11-06 00:47:13.266  2606  3045 E SmartDualCardSM: isSignalStrengthPoorScreenOn 2/3G or UNKNOWN true slotId:1
11-06 00:47:13.266  2606  3045 I SmartDualCardSM: IdleState:got msg.what=EVENT_UMTS_RSCP_CHANGED
11-06 00:47:13.266  2663  3974 D Mapcon  : VoiceManager-5-DefaultState: [a]MsgIdEnum=MAPCON_MESSAGE_TM_CMD_SIGNAL_STRENGTH_CHANED_IND
11-06 00:47:18.908  2663  2663 D Mapcon  : TelephonyTracker: [onSignalStrengthsChanged]phoneId=0, level=4
11-06 00:47:18.909  2663  3960 D Mapcon  : VoiceManager-0-PrepareState: [a]MsgIdEnum=MAPCON_MESSAGE_TM_CMD_SIGNAL_STRENGTH_CHANED_IND
11-06 00:47:18.909  2663  3960 D Mapcon  : VoiceManager-0-PrepareState: [a]MsgIdEnum=MAPCON_MESSAGE_TM_CMD_SIGNAL_STRENGTH_CHANED_IND
11-06 00:47:18.909  2663  3960 D Mapcon  : VoiceManager-0-DefaultState: [a]MsgIdEnum=MAPCON_MESSAGE_TM_CMD_SIGNAL_STRENGTH_CHANED_IND
11-06 00:47:18.909  2663  3960 D Mapcon  : VoiceManager-0-DefaultState: [a]MsgIdEnum=MAPCON_MESSAGE_TM_CMD_SIGNAL_STRENGTH_CHANED_IND
11-06 00:47:19.266  2606  3045 I PreDnsQuery: No need to handled!
11-06 00:47:19.267  2606  3045 E SmartDualCardSM: isSignalStrengthPoorScreenOn 2/3G or UNKNOWN true slotId:1
11-06 00:47:19.267  2606  3045 I SmartDualCardSM: IdleState:got msg.what=EVENT_UMTS_RSCP_CHANGED
11-06 00:47:19.268  2663  2663 D Mapcon  : TelephonyTracker: [onSignalStrengthsChanged]phoneId=1, level=5
11-06 00:47:19.268  2663  3974 D Mapcon  : VoiceManager-5-PrepareState: [a]MsgIdEnum=MAPCON_MESSAGE_TM_CMD_SIGNAL_STRENGTH_CHANED_IND
11-06 00:47:19.269  2663  3974 D Mapcon  : VoiceManager-5-PrepareState: [a]MsgIdEnum=MAPCON_MESSAGE_TM_CMD_SIGNAL_STRENGTH_CHANED_IND
11-06 00:47:19.269  2663  3974 D Mapcon  : VoiceManager-5-DefaultState: [a]MsgIdEnum=MAPCON_MESSAGE_TM_CMD_SIGNAL_STRENGTH_CHANED_IND
11-06 00:47:19.269  2663  3974 D Mapcon  : VoiceManager-5-DefaultState: [a]MsgIdEnum=MAPCON_MESSAGE_TM_CMD_SIGNAL_STRENGTH_CHANED_IND
11-06 00:47:19.975  2663  2663 D Mapcon  : TelephonyTracker: [onSignalStrengthsChanged]phoneId=0, level=4
11-06 00:47:19.976  2663  3960 D Mapcon  : VoiceManager-0-PrepareState: [a]MsgIdEnum=MAPCON_MESSAGE_TM_CMD_SIGNAL_STRENGTH_CHANED_IND
11-06 00:47:19.976  2663  3960 D Mapcon  : VoiceManager-0-PrepareState: [a]MsgIdEnum=MAPCON_MESSAGE_TM_CMD_SIGNAL_STRENGTH_CHANED_IND
11-06 00:47:19.976  2663  3960 D Mapcon  : VoiceManager-0-DefaultState: [a]MsgIdEnum=MAPCON_MESSAGE_TM_CMD_SIGNAL_STRENGTH_CHANED_IND
11-06 00:47:19.977  2663  3960 D Mapcon  : VoiceManager-0-DefaultState: [a]MsgIdEnum=MAPCON_MESSAGE_TM_CMD_SIGNAL_STRENGTH_CHANED_IND
11-06 00:47:22.773  1717  2076 I chatty  : uid=1000(system) AlarmManager expire 4 lines
11-06 00:47:22.857  1717  1950 I chatty  : uid=1000(system) ActivityManager expire 1 line
11-06 00:47:22.888 32576 32576 D ActivityThread: Attach thread to application
11-06 00:47:22.901 32576 32594 I ActivityThread: Init compatible state: false
11-06 00:47:22.909 32576 32576 I LoadedApk: makePaths: outLibPaths=[/system/priv-app/HiSpace/lib/arm64, /system/priv-app/HiSpace/HiSpace.apk!/lib/arm64-v8a, /system/lib64:/hw_product/lib64:/system/product/lib64:/prets/lib64]
11-06 00:47:22.992 32576 32576 I ActivityThread: finishPreloaded preloadStatus 0
11-06 00:47:24.792  2663  2663 D Mapcon  : TelephonyTracker: [onSignalStrengthsChanged]phoneId=1, level=5
11-06 00:47:24.793  2663  3974 D Mapcon  : VoiceManager-5-PrepareState: [a]MsgIdEnum=MAPCON_MESSAGE_TM_CMD_SIGNAL_STRENGTH_CHANED_IND
11-06 00:47:24.793  2606  3045 I PreDnsQuery: No need to handled!
11-06 00:47:24.793  2663  3974 D Mapcon  : VoiceManager-5-PrepareState: [a]MsgIdEnum=MAPCON_MESSAGE_TM_CMD_SIGNAL_STRENGTH_CHANED_IND
11-06 00:47:24.793  2663  3974 D Mapcon  : VoiceManager-5-PrepareState: [a]MsgIdEnum=MAPCON_MESSAGE_TM_CMD_SIGNAL_STRENGTH_CHANED_IND
11-06 00:47:24.793  2663  3974 D Mapcon  : VoiceManager-5-DefaultState: [a]MsgIdEnum=MAPCON_MESSAGE_TM_CMD_SIGNAL_STRENGTH_CHANED_IND
11-06 00:47:24.793  2663  3974 D Mapcon  : VoiceManager-5-DefaultState: [a]MsgIdEnum=MAPCON_MESSAGE_TM_CMD_SIGNAL_STRENGTH_CHANED_IND
11-06 00:47:24.794  2606  3045 E SmartDualCardSM: isSignalStrengthPoorScreenOn 2/3G or UNKNOWN true slotId:1
11-06 00:47:24.794  2606  3045 I SmartDualCardSM: IdleState:got msg.what=EVENT_UMTS_RSCP_CHANGED
11-06 00:47:25.978  2663  2663 D Mapcon  : TelephonyTracker: [onSignalStrengthsChanged]phoneId=0, level=4
11-06 00:47:25.979  2663  3960 D Mapcon  : VoiceManager-0-PrepareState: [a]MsgIdEnum=MAPCON_MESSAGE_TM_CMD_SIGNAL_STRENGTH_CHANED_IND
11-06 00:47:25.979  2663  3960 D Mapcon  : VoiceManager-0-PrepareState: [a]MsgIdEnum=MAPCON_MESSAGE_TM_CMD_SIGNAL_STRENGTH_CHANED_IND
11-06 00:47:25.979  2663  3960 D Mapcon  : VoiceManager-0-DefaultState: [a]MsgIdEnum=MAPCON_MESSAGE_TM_CMD_SIGNAL_STRENGTH_CHANED_IND
11-06 00:47:25.980  2663  3960 D Mapcon  : VoiceManager-0-DefaultState: [a]MsgIdEnum=MAPCON_MESSAGE_TM_CMD_SIGNAL_STRENGTH_CHANED_IND
11-06 00:47:29.911  2663  2663 D Mapcon  : TelephonyTracker: [onSignalStrengthsChanged]phoneId=1, level=5
11-06 00:47:29.911  2663  3974 D Mapcon  : VoiceManager-5-PrepareState: [a]MsgIdEnum=MAPCON_MESSAGE_TM_CMD_SIGNAL_STRENGTH_CHANED_IND
11-06 00:47:29.912  2663  3974 D Mapcon  : VoiceManager-5-PrepareState: [a]MsgIdEnum=MAPCON_MESSAGE_TM_CMD_SIGNAL_STRENGTH_CHANED_IND
11-06 00:47:29.912  2606  3045 I PreDnsQuery: No need to handled!
11-06 00:47:29.912  2663  3974 D Mapcon  : VoiceManager-5-PrepareState: [a]MsgIdEnum=MAPCON_MESSAGE_TM_CMD_SIGNAL_STRENGTH_CHANED_IND
11-06 00:47:29.912  2663  3974 D Mapcon  : VoiceManager-5-DefaultState: [a]MsgIdEnum=MAPCON_MESSAGE_TM_CMD_SIGNAL_STRENGTH_CHANED_IND
11-06 00:47:29.912  2663  3974 D Mapcon  : VoiceManager-5-DefaultState: [a]MsgIdEnum=MAPCON_MESSAGE_TM_CMD_SIGNAL_STRENGTH_CHANED_IND
11-06 00:47:29.913  2606  3045 E SmartDualCardSM: isSignalStrengthPoorScreenOn 2/3G or UNKNOWN true slotId:1
11-06 00:47:29.913  2606  3045 I SmartDualCardSM: IdleState:got msg.what=EVENT_UMTS_RSCP_CHANGED
11-06 00:47:30.828  2663  2663 D Mapcon  : TelephonyTracker: [onSignalStrengthsChanged]phoneId=0, level=4
11-06 00:47:30.829  2663  3960 D Mapcon  : VoiceManager-0-PrepareState: [a]MsgIdEnum=MAPCON_MESSAGE_TM_CMD_SIGNAL_STRENGTH_CHANED_IND
11-06 00:47:30.829  2663  3960 D Mapcon  : VoiceManager-0-PrepareState: [a]MsgIdEnum=MAPCON_MESSAGE_TM_CMD_SIGNAL_STRENGTH_CHANED_IND
11-06 00:47:30.829  2663  3960 D Mapcon  : VoiceManager-0-DefaultState: [a]MsgIdEnum=MAPCON_MESSAGE_TM_CMD_SIGNAL_STRENGTH_CHANED_IND
11-06 00:47:30.829  2663  3960 D Mapcon  : VoiceManager-0-DefaultState: [a]MsgIdEnum=MAPCON_MESSAGE_TM_CMD_SIGNAL_STRENGTH_CHANED_IND
11-06 00:47:35.913  2606  3045 I PreDnsQuery: No need to handled!
11-06 00:47:35.914  2606  3045 E SmartDualCardSM: isSignalStrengthPoorScreenOn 2/3G or UNKNOWN true slotId:1
11-06 00:47:35.914  2606  3045 I SmartDualCardSM: IdleState:got msg.what=EVENT_UMTS_RSCP_CHANGED
11-06 00:47:35.915  2663  2663 D Mapcon  : TelephonyTracker: [onSignalStrengthsChanged]phoneId=1, level=5
11-06 00:47:35.915  2663  3974 D Mapcon  : VoiceManager-5-PrepareState: [a]MsgIdEnum=MAPCON_MESSAGE_TM_CMD_SIGNAL_STRENGTH_CHANED_IND
11-06 00:47:35.916  2663  3974 D Mapcon  : VoiceManager-5-PrepareState: [a]MsgIdEnum=MAPCON_MESSAGE_TM_CMD_SIGNAL_STRENGTH_CHANED_IND
11-06 00:47:35.916  2663  3974 D Mapcon  : VoiceManager-5-DefaultState: [a]MsgIdEnum=MAPCON_MESSAGE_TM_CMD_SIGNAL_STRENGTH_CHANED_IND
11-06 00:47:35.916  2663  3974 D Mapcon  : VoiceManager-5-DefaultState: [a]MsgIdEnum=MAPCON_MESSAGE_TM_CMD_SIGNAL_STRENGTH_CHANED_IND
11-06 00:47:36.832  2663  2663 D Mapcon  : TelephonyTracker: [onSignalStrengthsChanged]phoneId=0, level=4
11-06 00:47:36.832  2663  3960 D Mapcon  : VoiceManager-0-PrepareState: [a]MsgIdEnum=MAPCON_MESSAGE_TM_CMD_SIGNAL_STRENGTH_CHANED_IND
11-06 00:47:36.833  2663  3960 D Mapcon  : VoiceManager-0-PrepareState: [a]MsgIdEnum=MAPCON_MESSAGE_TM_CMD_SIGNAL_STRENGTH_CHANED_IND
11-06 00:47:36.833  2663  3960 D Mapcon  : VoiceManager-0-DefaultState: [a]MsgIdEnum=MAPCON_MESSAGE_TM_CMD_SIGNAL_STRENGTH_CHANED_IND
11-06 00:47:36.833  2663  3960 D Mapcon  : VoiceManager-0-DefaultState: [a]MsgIdEnum=MAPCON_MESSAGE_TM_CMD_SIGNAL_STRENGTH_CHANED_IND
11-06 00:47:40.143  2606  3045 I PreDnsQuery: No need to handled!
11-06 00:47:40.145  2606  3045 E SmartDualCardSM: isSignalStrengthPoorScreenOn 2/3G or UNKNOWN true slotId:1
11-06 00:47:40.145  2606  3045 I SmartDualCardSM: IdleState:got msg.what=EVENT_UMTS_RSCP_CHANGED
11-06 00:47:40.146  2663  2663 D Mapcon  : TelephonyTracker: [onSignalStrengthsChanged]phoneId=1, level=5
11-06 00:47:40.147  2663  3974 D Mapcon  : VoiceManager-5-PrepareState: [a]MsgIdEnum=MAPCON_MESSAGE_TM_CMD_SIGNAL_STRENGTH_CHANED_IND
11-06 00:47:40.147  2663  3974 D Mapcon  : VoiceManager-5-PrepareState: [a]MsgIdEnum=MAPCON_MESSAGE_TM_CMD_SIGNAL_STRENGTH_CHANED_IND
11-06 00:47:40.148  2663  3974 D Mapcon  : VoiceManager-5-DefaultState: [a]MsgIdEnum=MAPCON_MESSAGE_TM_CMD_SIGNAL_STRENGTH_CHANED_IND
11-06 00:47:40.148  2663  3974 D Mapcon  : VoiceManager-5-DefaultState: [a]MsgIdEnum=MAPCON_MESSAGE_TM_CMD_SIGNAL_STRENGTH_CHANED_IND
11-06 00:47:41.067  2663  2663 D Mapcon  : TelephonyTracker: [onSignalStrengthsChanged]phoneId=0, level=4
11-06 00:47:41.068  2663  3960 D Mapcon  : VoiceManager-0-PrepareState: [a]MsgIdEnum=MAPCON_MESSAGE_TM_CMD_SIGNAL_STRENGTH_CHANED_IND
11-06 00:47:41.068  2663  3960 D Mapcon  : VoiceManager-0-PrepareState: [a]MsgIdEnum=MAPCON_MESSAGE_TM_CMD_SIGNAL_STRENGTH_CHANED_IND
11-06 00:47:41.068  2663  3960 D Mapcon  : VoiceManager-0-DefaultState: [a]MsgIdEnum=MAPCON_MESSAGE_TM_CMD_SIGNAL_STRENGTH_CHANED_IND
11-06 00:47:41.069  2663  3960 D Mapcon  : VoiceManager-0-DefaultState: [a]MsgIdEnum=MAPCON_MESSAGE_TM_CMD_SIGNAL_STRENGTH_CHANED_IND
11-06 00:47:43.260  1717  7707 I chatty  : uid=1000(system) MobileQosDetect expire 2 lines
11-06 00:47:46.146  2663  2663 D Mapcon  : TelephonyTracker: [onSignalStrengthsChanged]phoneId=1, level=5
11-06 00:47:46.147  2606  3045 I PreDnsQuery: No need to handled!
11-06 00:47:46.148  2663  3974 D Mapcon  : VoiceManager-5-PrepareState: [a]MsgIdEnum=MAPCON_MESSAGE_TM_CMD_SIGNAL_STRENGTH_CHANED_IND
11-06 00:47:46.148  2606  3045 E SmartDualCardSM: isSignalStrengthPoorScreenOn 2/3G or UNKNOWN true slotId:1
11-06 00:47:46.148  2606  3045 I SmartDualCardSM: IdleState:got msg.what=EVENT_UMTS_RSCP_CHANGED
11-06 00:47:46.148  2663  3974 D Mapcon  : VoiceManager-5-PrepareState: [a]MsgIdEnum=MAPCON_MESSAGE_TM_CMD_SIGNAL_STRENGTH_CHANED_IND
11-06 00:47:46.148  2663  3974 D Mapcon  : VoiceManager-5-PrepareState: [a]MsgIdEnum=MAPCON_MESSAGE_TM_CMD_SIGNAL_STRENGTH_CHANED_IND
11-06 00:47:46.148  2663  3974 D Mapcon  : VoiceManager-5-DefaultState: [a]MsgIdEnum=MAPCON_MESSAGE_TM_CMD_SIGNAL_STRENGTH_CHANED_IND
11-06 00:47:46.148  2663  3974 D Mapcon  : VoiceManager-5-DefaultState: [a]MsgIdEnum=MAPCON_MESSAGE_TM_CMD_SIGNAL_STRENGTH_CHANED_IND
11-06 00:47:46.601  1717  2442 I chatty  : uid=1000(system) Binder:1717_9 expire 3 lines
11-06 00:47:46.603  2606  3045 I SmartDualCardSM: IdleState:got msg.what=EVENT_MOVEMENT_STATE_CHANGED
11-06 00:47:48.471  2663  2663 D Mapcon  : TelephonyTracker: [onSignalStrengthsChanged]phoneId=1, level=5
11-06 00:47:48.473  2663  3974 D Mapcon  : VoiceManager-5-PrepareState: [a]MsgIdEnum=MAPCON_MESSAGE_TM_CMD_SIGNAL_STRENGTH_CHANED_IND
11-06 00:47:48.474  2663  3974 D Mapcon  : VoiceManager-5-PrepareState: [a]MsgIdEnum=MAPCON_MESSAGE_TM_CMD_SIGNAL_STRENGTH_CHANED_IND
11-06 00:47:48.474  2663  3974 D Mapcon  : VoiceManager-5-DefaultState: [a]MsgIdEnum=MAPCON_MESSAGE_TM_CMD_SIGNAL_STRENGTH_CHANED_IND
11-06 00:47:48.474  2663  3974 D Mapcon  : VoiceManager-5-DefaultState: [a]MsgIdEnum=MAPCON_MESSAGE_TM_CMD_SIGNAL_STRENGTH_CHANED_IND
11-06 00:47:48.475  2606  3045 I PreDnsQuery: No need to handled!
11-06 00:47:48.476  2606  3045 E SmartDualCardSM: isSignalStrengthPoorScreenOn 2/3G or UNKNOWN true slotId:1
11-06 00:47:48.476  2606  3045 I SmartDualCardSM: IdleState:got msg.what=EVENT_UMTS_RSCP_CHANGED
11-06 00:47:48.770  2663  2663 D Mapcon  : TelephonyTracker: [onSignalStrengthsChanged]phoneId=0, level=4
11-06 00:47:48.771  2663  3960 D Mapcon  : VoiceManager-0-PrepareState: [a]MsgIdEnum=MAPCON_MESSAGE_TM_CMD_SIGNAL_STRENGTH_CHANED_IND
11-06 00:47:48.771  2663  3960 I chatty  : uid=1001(radio) VoiceManager-0 identical 3 lines
11-06 00:47:48.771  2663  3960 D Mapcon  : VoiceManager-0-PrepareState: [a]MsgIdEnum=MAPCON_MESSAGE_TM_CMD_SIGNAL_STRENGTH_CHANED_IND
11-06 00:47:48.772  2663  3960 D Mapcon  : VoiceManager-0-DefaultState: [a]MsgIdEnum=MAPCON_MESSAGE_TM_CMD_SIGNAL_STRENGTH_CHANED_IND
11-06 00:47:48.772  2663  3960 D Mapcon  : VoiceManager-0-DefaultState: [a]MsgIdEnum=MAPCON_MESSAGE_TM_CMD_SIGNAL_STRENGTH_CHANED_IND
11-06 00:47:51.603  2606  3045 I SmartDualCardSM: IdleState:got msg.what=EVENT_MOVEMENT_STATE_CHANGED
11-06 00:47:54.475  2663  2663 D Mapcon  : TelephonyTracker: [onSignalStrengthsChanged]phoneId=1, level=5
11-06 00:47:54.476  2663  3974 D Mapcon  : VoiceManager-5-PrepareState: [a]MsgIdEnum=MAPCON_MESSAGE_TM_CMD_SIGNAL_STRENGTH_CHANED_IND
11-06 00:47:54.476  2606  3045 I PreDnsQuery: No need to handled!
11-06 00:47:54.476  2663  3974 D Mapcon  : VoiceManager-5-PrepareState: [a]MsgIdEnum=MAPCON_MESSAGE_TM_CMD_SIGNAL_STRENGTH_CHANED_IND
11-06 00:47:54.476  2663  3974 D Mapcon  : VoiceManager-5-PrepareState: [a]MsgIdEnum=MAPCON_MESSAGE_TM_CMD_SIGNAL_STRENGTH_CHANED_IND
11-06 00:47:54.476  2663  3974 D Mapcon  : VoiceManager-5-DefaultState: [a]MsgIdEnum=MAPCON_MESSAGE_TM_CMD_SIGNAL_STRENGTH_CHANED_IND
11-06 00:47:54.476  2606  3045 E SmartDualCardSM: isSignalStrengthPoorScreenOn 2/3G or UNKNOWN true slotId:1
11-06 00:47:54.476  2663  3974 D Mapcon  : VoiceManager-5-DefaultState: [a]MsgIdEnum=MAPCON_MESSAGE_TM_CMD_SIGNAL_STRENGTH_CHANED_IND
11-06 00:47:54.477  2606  3045 I SmartDualCardSM: IdleState:got msg.what=EVENT_UMTS_RSCP_CHANGED
11-06 00:47:54.771  2663  2663 D Mapcon  : TelephonyTracker: [onSignalStrengthsChanged]phoneId=0, level=4
11-06 00:47:54.772  2663  3960 D Mapcon  : VoiceManager-0-PrepareState: [a]MsgIdEnum=MAPCON_MESSAGE_TM_CMD_SIGNAL_STRENGTH_CHANED_IND
11-06 00:47:54.773  2663  3960 D Mapcon  : VoiceManager-0-PrepareState: [a]MsgIdEnum=MAPCON_MESSAGE_TM_CMD_SIGNAL_STRENGTH_CHANED_IND
11-06 00:47:54.773  2663  3960 D Mapcon  : VoiceManager-0-DefaultState: [a]MsgIdEnum=MAPCON_MESSAGE_TM_CMD_SIGNAL_STRENGTH_CHANED_IND
11-06 00:47:54.773  2663  3960 D Mapcon  : VoiceManager-0-DefaultState: [a]MsgIdEnum=MAPCON_MESSAGE_TM_CMD_SIGNAL_STRENGTH_CHANED_IND
11-06 00:47:55.820  2663  2663 D Mapcon  : TelephonyTracker: [onSignalStrengthsChanged]phoneId=0, level=4
11-06 00:47:55.821  2663  3960 D Mapcon  : VoiceManager-0-PrepareState: [a]MsgIdEnum=MAPCON_MESSAGE_TM_CMD_SIGNAL_STRENGTH_CHANED_IND
11-06 00:47:55.821  2663  3960 D Mapcon  : VoiceManager-0-PrepareState: [a]MsgIdEnum=MAPCON_MESSAGE_TM_CMD_SIGNAL_STRENGTH_CHANED_IND
11-06 00:47:55.821  2663  3960 D Mapcon  : VoiceManager-0-DefaultState: [a]MsgIdEnum=MAPCON_MESSAGE_TM_CMD_SIGNAL_STRENGTH_CHANED_IND
11-06 00:47:55.822  2663  3960 D Mapcon  : VoiceManager-0-DefaultState: [a]MsgIdEnum=MAPCON_MESSAGE_TM_CMD_SIGNAL_STRENGTH_CHANED_IND
11-06 00:47:56.146  2663  2663 D Mapcon  : TelephonyTracker: [onSignalStrengthsChanged]phoneId=1, level=5
11-06 00:47:56.147  2663  3974 D Mapcon  : VoiceManager-5-PrepareState: [a]MsgIdEnum=MAPCON_MESSAGE_TM_CMD_SIGNAL_STRENGTH_CHANED_IND
11-06 00:47:56.147  2663  3974 I chatty  : uid=1001(radio) VoiceManager-5 identical 1 line
11-06 00:47:56.148  2663  3974 D Mapcon  : VoiceManager-5-PrepareState: [a]MsgIdEnum=MAPCON_MESSAGE_TM_CMD_SIGNAL_STRENGTH_CHANED_IND
11-06 00:47:56.148  2663  3974 D Mapcon  : VoiceManager-5-DefaultState: [a]MsgIdEnum=MAPCON_MESSAGE_TM_CMD_SIGNAL_STRENGTH_CHANED_IND
11-06 00:47:56.148  2663  3974 D Mapcon  : VoiceManager-5-DefaultState: [a]MsgIdEnum=MAPCON_MESSAGE_TM_CMD_SIGNAL_STRENGTH_CHANED_IND
11-06 00:47:56.149  2606  3045 I PreDnsQuery: No need to handled!
11-06 00:47:56.149  2606  3045 E SmartDualCardSM: isSignalStrengthPoorScreenOn 2/3G or UNKNOWN true slotId:1
11-06 00:47:56.149  2606  3045 I SmartDualCardSM: IdleState:got msg.what=EVENT_UMTS_RSCP_CHANGED
11-06 00:47:56.603  2606  3045 I SmartDualCardSM: IdleState:got msg.what=EVENT_MOVEMENT_STATE_CHANGED
11-06 00:47:57.054  1032  1115 I storaged: storaged_t::event: storage_info refreshed.
11-06 00:48:00.007  1717  1961 I chatty  : uid=1000(system) PowerManagerSer expire 2 lines
11-06 00:48:01.101  1717  2046 I chatty  : uid=1000(system) UEventObserver expire 6 lines
11-06 00:48:01.601  1717  2042 I chatty  : uid=1000(system) Binder:1717_3 expire 2 lines
11-06 00:48:01.603  2606  3045 I SmartDualCardSM: IdleState:got msg.what=EVENT_MOVEMENT_STATE_CHANGED
11-06 00:48:01.824  2663  2663 D Mapcon  : TelephonyTracker: [onSignalStrengthsChanged]phoneId=0, level=4
11-06 00:48:01.825  2663  3960 D Mapcon  : VoiceManager-0-PrepareState: [a]MsgIdEnum=MAPCON_MESSAGE_TM_CMD_SIGNAL_STRENGTH_CHANED_IND
11-06 00:48:01.825  2663  3960 I chatty  : uid=1001(radio) VoiceManager-0 identical 2 lines
11-06 00:48:01.825  2663  3960 D Mapcon  : VoiceManager-0-PrepareState: [a]MsgIdEnum=MAPCON_MESSAGE_TM_CMD_SIGNAL_STRENGTH_CHANED_IND
11-06 00:48:01.825  2663  3960 D Mapcon  : VoiceManager-0-DefaultState: [a]MsgIdEnum=MAPCON_MESSAGE_TM_CMD_SIGNAL_STRENGTH_CHANED_IND
11-06 00:48:01.825  2663  3960 D Mapcon  : VoiceManager-0-DefaultState: [a]MsgIdEnum=MAPCON_MESSAGE_TM_CMD_SIGNAL_STRENGTH_CHANED_IND
11-06 00:48:02.150  2663  2663 D Mapcon  : TelephonyTracker: [onSignalStrengthsChanged]phoneId=1, level=5
11-06 00:48:02.151  2663  3974 D Mapcon  : VoiceManager-5-PrepareState: [a]MsgIdEnum=MAPCON_MESSAGE_TM_CMD_SIGNAL_STRENGTH_CHANED_IND
11-06 00:48:02.151  2663  3974 I chatty  : uid=1001(radio) VoiceManager-5 identical 1 line
11-06 00:48:02.151  2663  3974 D Mapcon  : VoiceManager-5-PrepareState: [a]MsgIdEnum=MAPCON_MESSAGE_TM_CMD_SIGNAL_STRENGTH_CHANED_IND
11-06 00:48:02.151  2663  3974 D Mapcon  : VoiceManager-5-DefaultState: [a]MsgIdEnum=MAPCON_MESSAGE_TM_CMD_SIGNAL_STRENGTH_CHANED_IND
11-06 00:48:02.152  2663  3974 D Mapcon  : VoiceManager-5-DefaultState: [a]MsgIdEnum=MAPCON_MESSAGE_TM_CMD_SIGNAL_STRENGTH_CHANED_IND
11-06 00:48:02.152  2606  3045 I PreDnsQuery: No need to handled!
11-06 00:48:02.152  2606  3045 E SmartDualCardSM: isSignalStrengthPoorScreenOn 2/3G or UNKNOWN true slotId:1
11-06 00:48:02.153  2606  3045 I SmartDualCardSM: IdleState:got msg.what=EVENT_UMTS_RSCP_CHANGED
11-06 00:48:02.154  1717  3403 I chatty  : uid=1000(system) Binder:1717_13 expire 1 line
11-06 00:48:03.275  1717  7707 I chatty  : uid=1000(system) MobileQosDetect expire 1 line
11-06 00:48:03.440  2606  3045 I SmartDualCardSM: IdleState:got msg.what=EVENT_HARD_SWITCH_CONDITION_CHECK
11-06 00:48:06.054  2663  2663 D Mapcon  : TelephonyTracker: [onSignalStrengthsChanged]phoneId=0, level=4
11-06 00:48:06.054  2663  3960 D Mapcon  : VoiceManager-0-PrepareState: [a]MsgIdEnum=MAPCON_MESSAGE_TM_CMD_SIGNAL_STRENGTH_CHANED_IND
11-06 00:48:06.055  2663  3960 D Mapcon  : VoiceManager-0-PrepareState: [a]MsgIdEnum=MAPCON_MESSAGE_TM_CMD_SIGNAL_STRENGTH_CHANED_IND
11-06 00:48:06.055  2663  3960 D Mapcon  : VoiceManager-0-DefaultState: [a]MsgIdEnum=MAPCON_MESSAGE_TM_CMD_SIGNAL_STRENGTH_CHANED_IND
11-06 00:48:06.055  2663  3960 D Mapcon  : VoiceManager-0-DefaultState: [a]MsgIdEnum=MAPCON_MESSAGE_TM_CMD_SIGNAL_STRENGTH_CHANED_IND
11-06 00:48:06.463  1717  1968 I chatty  : uid=1000(system) PackageManager expire 101 lines
11-06 00:48:06.464  1717  1949 I chatty  : uid=1000(system) ActivityManager expire 4 lines
11-06 00:48:06.468  1717  2172 I chatty  : uid=1000(system) Thread-6 expire 2 lines
11-06 00:48:06.469  1717  1930 I chatty  : uid=1000(system) HwActivityTaskM expire 1 line
11-06 00:48:06.472  1717  1961 I chatty  : uid=1000(system) PowerManagerSer expire 2 lines
11-06 00:48:06.477  1717  2743 I chatty  : uid=1000(system) Binder:1717_E expire 1 line
11-06 00:48:06.481  1717  1897 I chatty  : uid=1000(system) android.display expire 1 line
11-06 00:48:06.483  2606  3045 I PowerMsgAdapter: handleUidGone uid: 10452
11-06 00:48:06.490  1717  2158 I chatty  : uid=1000(system) ConnectivitySer expire 6 lines
11-06 00:48:06.558  1717  1968 I chatty  : uid=1000(system) PackageManager expire 18 lines
11-06 00:48:06.576  1717  2042 I chatty  : uid=1000(system) Binder:1717_3 expire 2 lines
11-06 00:48:06.576  1717  3404 I chatty  : uid=1000(system) Binder:1717_14 expire 3 lines
11-06 00:48:06.577  1717  1897 I chatty  : uid=1000(system) android.display expire 2 lines
11-06 00:48:06.685  1717  1961 I chatty  : uid=1000(system) PowerManagerSer expire 42 lines
11-06 00:48:06.759  2663  2663 W SettingsEx: SettingsEx.Systemex.getString deprecated use Settings.System.getString instead, callers = com.android.internal.telephony.gsm.HwCustGsmServiceStateManagerImpl.isMccForShowNetname:222 com.android.internal.telephony.gsm.HwCustGsmServiceStateManagerImpl.isShowNetnameByMcc:213 com.android.internal.telephony.gsm.HwCustGsmServiceStateManagerImpl.setOnsDisplayCustomization:164 
11-06 00:48:06.811  1717  2076 I chatty  : uid=1000(system) AlarmManager expire 1 line
11-06 00:48:06.820  1717  2441 I chatty  : uid=1000(system) Binder:1717_8 expire 2 lines
11-06 00:48:06.859  2663  2663 D Mapcon  : TelephonyTracker: [onSignalStrengthsChanged]phoneId=0, level=4
11-06 00:48:06.859  2663  3960 D Mapcon  : VoiceManager-0-PrepareState: [a]MsgIdEnum=MAPCON_MESSAGE_TM_CMD_SIGNAL_STRENGTH_CHANED_IND
11-06 00:48:06.860  2663  3960 I chatty  : uid=1001(radio) VoiceManager-0 identical 1 line
11-06 00:48:06.860  2663  3960 D Mapcon  : VoiceManager-0-PrepareState: [a]MsgIdEnum=MAPCON_MESSAGE_TM_CMD_SIGNAL_STRENGTH_CHANED_IND
