11-06 00:33:33.320  2663  2663 W SettingsEx: SettingsEx.Systemex.getString deprecated use Settings.System.getString instead, callers = com.android.internal.telephony.gsm.HwCustGsmServiceStateManagerImpl.isMccForShowNetname:222 com.android.internal.telephony.gsm.HwCustGsmServiceStateManagerImpl.isShowNetnameByMcc:213 com.android.internal.telephony.gsm.HwCustGsmServiceStateManagerImpl.setOnsDisplayCustomization:164 
11-06 00:33:33.484  2295 11177 D HwCommandQueue: CommandQueue, set Launcher StatusBar Color
11-06 00:33:34.705  2663  2663 D Mapcon  : TelephonyTracker: [onSignalStrengthsChanged]phoneId=1, level=5
11-06 00:33:34.706  2663  3974 D Mapcon  : VoiceManager-5-PrepareState: [a]MsgIdEnum=MAPCON_MESSAGE_TM_CMD_SIGNAL_STRENGTH_CHANED_IND
11-06 00:33:34.707  2663  3974 D Mapcon  : VoiceManager-5-PrepareState: [a]MsgIdEnum=MAPCON_MESSAGE_TM_CMD_SIGNAL_STRENGTH_CHANED_IND
11-06 00:33:34.707  2663  3974 D Mapcon  : VoiceManager-5-DefaultState: [a]MsgIdEnum=MAPCON_MESSAGE_TM_CMD_SIGNAL_STRENGTH_CHANED_IND
11-06 00:33:34.707  2663  3974 D Mapcon  : VoiceManager-5-DefaultState: [a]MsgIdEnum=MAPCON_MESSAGE_TM_CMD_SIGNAL_STRENGTH_CHANED_IND
11-06 00:33:37.172  2663  2663 D Mapcon  : TelephonyTracker: [onSignalStrengthsChanged]phoneId=0, level=3
11-06 00:33:37.173  2663  3960 D Mapcon  : VoiceManager-0-PrepareState: [a]MsgIdEnum=MAPCON_MESSAGE_TM_CMD_SIGNAL_STRENGTH_CHANED_IND
11-06 00:33:37.173  2663  3960 D Mapcon  : VoiceManager-0-PrepareState: [a]MsgIdEnum=MAPCON_MESSAGE_TM_CMD_SIGNAL_STRENGTH_CHANED_IND
11-06 00:33:37.173  2663  3960 D Mapcon  : VoiceManager-0-DefaultState: [a]MsgIdEnum=MAPCON_MESSAGE_TM_CMD_SIGNAL_STRENGTH_CHANED_IND
11-06 00:33:37.173  2663  3960 D Mapcon  : VoiceManager-0-DefaultState: [a]MsgIdEnum=MAPCON_MESSAGE_TM_CMD_SIGNAL_STRENGTH_CHANED_IND
11-06 00:33:39.077  2663  2663 D Mapcon  : TelephonyTracker: [onSignalStrengthsChanged]phoneId=0, level=3
11-06 00:33:39.078  2663  3960 D Mapcon  : VoiceManager-0-PrepareState: [a]MsgIdEnum=MAPCON_MESSAGE_TM_CMD_SIGNAL_STRENGTH_CHANED_IND
11-06 00:33:39.078  2663  3960 D Mapcon  : VoiceManager-0-PrepareState: [a]MsgIdEnum=MAPCON_MESSAGE_TM_CMD_SIGNAL_STRENGTH_CHANED_IND
11-06 00:33:39.078  2663  3960 D Mapcon  : VoiceManager-0-DefaultState: [a]MsgIdEnum=MAPCON_MESSAGE_TM_CMD_SIGNAL_STRENGTH_CHANED_IND
11-06 00:33:39.078  2663  3960 D Mapcon  : VoiceManager-0-DefaultState: [a]MsgIdEnum=MAPCON_MESSAGE_TM_CMD_SIGNAL_STRENGTH_CHANED_IND
11-06 00:33:40.937  1717  2046 I chatty  : uid=1000(system) UEventObserver expire 12 lines
11-06 00:33:43.025  2663  2663 D Mapcon  : TelephonyTracker: [onSignalStrengthsChanged]phoneId=1, level=5
11-06 00:33:43.026  2663  3974 D Mapcon  : VoiceManager-5-PrepareState: [a]MsgIdEnum=MAPCON_MESSAGE_TM_CMD_SIGNAL_STRENGTH_CHANED_IND
11-06 00:33:43.026  2663  3974 D Mapcon  : VoiceManager-5-PrepareState: [a]MsgIdEnum=MAPCON_MESSAGE_TM_CMD_SIGNAL_STRENGTH_CHANED_IND
11-06 00:33:43.026  2663  3974 D Mapcon  : VoiceManager-5-DefaultState: [a]MsgIdEnum=MAPCON_MESSAGE_TM_CMD_SIGNAL_STRENGTH_CHANED_IND
11-06 00:33:43.026  2663  3974 D Mapcon  : VoiceManager-5-DefaultState: [a]MsgIdEnum=MAPCON_MESSAGE_TM_CMD_SIGNAL_STRENGTH_CHANED_IND
11-06 00:33:45.080  2663  2663 D Mapcon  : TelephonyTracker: [onSignalStrengthsChanged]phoneId=0, level=3
11-06 00:33:45.080  2663  3960 D Mapcon  : VoiceManager-0-PrepareState: [a]MsgIdEnum=MAPCON_MESSAGE_TM_CMD_SIGNAL_STRENGTH_CHANED_IND
11-06 00:33:45.081  2663  3960 D Mapcon  : VoiceManager-0-PrepareState: [a]MsgIdEnum=MAPCON_MESSAGE_TM_CMD_SIGNAL_STRENGTH_CHANED_IND
11-06 00:33:45.081  2663  3960 D Mapcon  : VoiceManager-0-DefaultState: [a]MsgIdEnum=MAPCON_MESSAGE_TM_CMD_SIGNAL_STRENGTH_CHANED_IND
11-06 00:33:45.081  2663  3960 D Mapcon  : VoiceManager-0-DefaultState: [a]MsgIdEnum=MAPCON_MESSAGE_TM_CMD_SIGNAL_STRENGTH_CHANED_IND
11-06 00:33:45.153  1717  1961 I chatty  : uid=1000(system) PowerManagerSer expire 62 lines
11-06 00:33:45.216  2663  2663 W SettingsEx: SettingsEx.Systemex.getString deprecated use Settings.System.getString instead, callers = com.android.internal.telephony.gsm.HwCustGsmServiceStateManagerImpl.isMccForShowNetname:222 com.android.internal.telephony.gsm.HwCustGsmServiceStateManagerImpl.isShowNetnameByMcc:213 com.android.internal.telephony.gsm.HwCustGsmServiceStateManagerImpl.setOnsDisplayCustomization:164 
11-06 00:33:45.275  2663  2663 D Mapcon  : EpdgManager: [A]need not wait wifi init
11-06 00:33:45.275  2663  3960 D Mapcon  : VoiceManager-0-PrepareState: [a]MsgIdEnum=MPACON_MESSAGE_TM_CMD_SERVICESTATE_CHANGE_IND
11-06 00:33:45.275  2663  3960 D Mapcon  : EpdgManager: [isServiceConnected]result= true
11-06 00:33:45.276  2663  3943 D Mapcon  : EpdgFinding-0: [handleMessage]MSG_START_FIND
11-06 00:33:45.276  2663  3943 D Mapcon  : WifiLinkTracker: [isWifiConnected]connect=false
11-06 00:33:45.276  2663  3943 E Mapcon  : EpdgFinding-0: [Id]wifi not connect!!!!!!!!!!
11-06 00:33:45.277  2663  3960 D Mapcon  : VoiceManager-0-PrepareState: [zf]AirPlaneMode off
11-06 00:33:45.277  2663  3960 D Mapcon  : VoiceManager-0-PrepareState: [yf]vowifi switch return
11-06 00:33:45.278  2663  3960 D Mapcon  : VoiceManager-0-PrepareState: [zf]AirPlaneMode off
11-06 00:33:45.280  2663  3960 D Mapcon  : MapconUtils: [a]AirPlaneMode0, isRoaming false
11-06 00:33:45.280  2663  3960 E Mapcon  : MapconUtils: [a]serviceStateInfo: 0!!!!!!!!!!
11-06 00:33:45.281  2663  3960 D Mapcon  : EpdgManager: [isServiceConnected]result= true
11-06 00:33:45.281  2663  3939 D Mapcon  : MapconChrImpl-0: [a]MsgIdEnum=MAPCON_MESSAGE_CHR_NOT_READY_FOR_START_UP
11-06 00:33:45.474  2606  3045 I chatty  : uid=1000(system) OllieAwareThrea expire 73 lines
11-06 00:33:48.154  2663  2663 D Mapcon  : TelephonyTracker: [onSignalStrengthsChanged]phoneId=1, level=5
11-06 00:33:48.155  2663  3974 D Mapcon  : VoiceManager-5-PrepareState: [a]MsgIdEnum=MAPCON_MESSAGE_TM_CMD_SIGNAL_STRENGTH_CHANED_IND
11-06 00:33:48.155  2663  3974 D Mapcon  : VoiceManager-5-PrepareState: [a]MsgIdEnum=MAPCON_MESSAGE_TM_CMD_SIGNAL_STRENGTH_CHANED_IND
11-06 00:33:48.155  2663  3974 D Mapcon  : VoiceManager-5-DefaultState: [a]MsgIdEnum=MAPCON_MESSAGE_TM_CMD_SIGNAL_STRENGTH_CHANED_IND
11-06 00:33:48.155  2663  3974 D Mapcon  : VoiceManager-5-DefaultState: [a]MsgIdEnum=MAPCON_MESSAGE_TM_CMD_SIGNAL_STRENGTH_CHANED_IND
11-06 00:33:49.570  2663  2663 W SettingsEx: SettingsEx.Systemex.getString deprecated use Settings.System.getString instead, callers = com.android.internal.telephony.gsm.HwCustGsmServiceStateManagerImpl.isMccForShowNetname:222 com.android.internal.telephony.gsm.HwCustGsmServiceStateManagerImpl.isShowNetnameByMcc:213 com.android.internal.telephony.gsm.HwCustGsmServiceStateManagerImpl.setOnsDisplayCustomization:164 
11-06 00:33:49.621  2663  2663 D Mapcon  : EpdgManager: [A]need not wait wifi init
11-06 00:33:49.621  2663  3943 D Mapcon  : EpdgFinding-0: [handleMessage]MSG_START_FIND
11-06 00:33:49.621  2663  3960 D Mapcon  : VoiceManager-0-PrepareState: [a]MsgIdEnum=MPACON_MESSAGE_TM_CMD_SERVICESTATE_CHANGE_IND
11-06 00:33:49.621  2663  3943 D Mapcon  : WifiLinkTracker: [isWifiConnected]connect=false
11-06 00:33:49.621  2663  3960 D Mapcon  : EpdgManager: [isServiceConnected]result= true
11-06 00:33:49.621  2663  3943 E Mapcon  : EpdgFinding-0: [Id]wifi not connect!!!!!!!!!!
11-06 00:33:49.622  2663  3960 D Mapcon  : VoiceManager-0-PrepareState: [zf]AirPlaneMode off
11-06 00:33:49.622  2663  3960 D Mapcon  : VoiceManager-0-PrepareState: [yf]vowifi switch return
11-06 00:33:49.623  2663  3960 D Mapcon  : VoiceManager-0-PrepareState: [zf]AirPlaneMode off
11-06 00:33:49.625  2663  3960 D Mapcon  : MapconUtils: [a]AirPlaneMode0, isRoaming false
11-06 00:33:49.626  2663  3960 E Mapcon  : MapconUtils: [a]serviceStateInfo: 0!!!!!!!!!!
11-06 00:33:49.626  2663  3960 D Mapcon  : EpdgManager: [isServiceConnected]result= true
11-06 00:33:49.627  2663  3939 D Mapcon  : MapconChrImpl-0: [a]MsgIdEnum=MAPCON_MESSAGE_CHR_NOT_READY_FOR_START_UP
11-06 00:33:50.010  2663  2663 W SettingsEx: SettingsEx.Systemex.getString deprecated use Settings.System.getString instead, callers = com.android.internal.telephony.gsm.HwCustGsmServiceStateManagerImpl.isMccForShowNetname:222 com.android.internal.telephony.gsm.HwCustGsmServiceStateManagerImpl.isShowNetnameByMcc:213 com.android.internal.telephony.gsm.HwCustGsmServiceStateManagerImpl.setOnsDisplayCustomization:164 
11-06 00:33:51.082  2663  2663 D Mapcon  : TelephonyTracker: [onSignalStrengthsChanged]phoneId=0, level=4
11-06 00:33:51.083  2663  3960 D Mapcon  : VoiceManager-0-PrepareState: [a]MsgIdEnum=MAPCON_MESSAGE_TM_CMD_SIGNAL_STRENGTH_CHANED_IND
11-06 00:33:51.083  2663  3960 D Mapcon  : VoiceManager-0-PrepareState: [a]MsgIdEnum=MAPCON_MESSAGE_TM_CMD_SIGNAL_STRENGTH_CHANED_IND
11-06 00:33:51.083  2663  3960 D Mapcon  : VoiceManager-0-DefaultState: [a]MsgIdEnum=MAPCON_MESSAGE_TM_CMD_SIGNAL_STRENGTH_CHANED_IND
11-06 00:33:51.084  2663  3960 D Mapcon  : VoiceManager-0-DefaultState: [a]MsgIdEnum=MAPCON_MESSAGE_TM_CMD_SIGNAL_STRENGTH_CHANED_IND
11-06 00:33:51.778  2663  2663 D Mapcon  : TelephonyTracker: [onSignalStrengthsChanged]phoneId=0, level=4
11-06 00:33:51.779  2663  3960 D Mapcon  : VoiceManager-0-PrepareState: [a]MsgIdEnum=MAPCON_MESSAGE_TM_CMD_SIGNAL_STRENGTH_CHANED_IND
11-06 00:33:51.779  2663  3960 D Mapcon  : VoiceManager-0-PrepareState: [a]MsgIdEnum=MAPCON_MESSAGE_TM_CMD_SIGNAL_STRENGTH_CHANED_IND
11-06 00:33:51.779  2663  3960 D Mapcon  : VoiceManager-0-DefaultState: [a]MsgIdEnum=MAPCON_MESSAGE_TM_CMD_SIGNAL_STRENGTH_CHANED_IND
11-06 00:33:51.780  2663  3960 D Mapcon  : VoiceManager-0-DefaultState: [a]MsgIdEnum=MAPCON_MESSAGE_TM_CMD_SIGNAL_STRENGTH_CHANED_IND
11-06 00:33:52.173  2663  2663 D Mapcon  : TelephonyTracker: [onSignalStrengthsChanged]phoneId=0, level=4
11-06 00:33:52.174  2663  3960 D Mapcon  : VoiceManager-0-PrepareState: [a]MsgIdEnum=MAPCON_MESSAGE_TM_CMD_SIGNAL_STRENGTH_CHANED_IND
11-06 00:33:52.174  2663  3960 D Mapcon  : VoiceManager-0-PrepareState: [a]MsgIdEnum=MAPCON_MESSAGE_TM_CMD_SIGNAL_STRENGTH_CHANED_IND
11-06 00:33:52.174  2663  3960 D Mapcon  : VoiceManager-0-DefaultState: [a]MsgIdEnum=MAPCON_MESSAGE_TM_CMD_SIGNAL_STRENGTH_CHANED_IND
11-06 00:33:52.174  2663  3960 D Mapcon  : VoiceManager-0-DefaultState: [a]MsgIdEnum=MAPCON_MESSAGE_TM_CMD_SIGNAL_STRENGTH_CHANED_IND
11-06 00:33:52.968  2663  2663 D Mapcon  : TelephonyTracker: [onSignalStrengthsChanged]phoneId=0, level=4
11-06 00:33:52.968  2663  3960 D Mapcon  : VoiceManager-0-PrepareState: [a]MsgIdEnum=MAPCON_MESSAGE_TM_CMD_SIGNAL_STRENGTH_CHANED_IND
11-06 00:33:52.969  2663  3960 D Mapcon  : VoiceManager-0-PrepareState: [a]MsgIdEnum=MAPCON_MESSAGE_TM_CMD_SIGNAL_STRENGTH_CHANED_IND
11-06 00:33:52.969  2663  3960 D Mapcon  : VoiceManager-0-DefaultState: [a]MsgIdEnum=MAPCON_MESSAGE_TM_CMD_SIGNAL_STRENGTH_CHANED_IND
11-06 00:33:52.969  2663  3960 D Mapcon  : VoiceManager-0-DefaultState: [a]MsgIdEnum=MAPCON_MESSAGE_TM_CMD_SIGNAL_STRENGTH_CHANED_IND
11-06 00:33:53.369  2663  2663 D Mapcon  : TelephonyTracker: [onSignalStrengthsChanged]phoneId=0, level=4
11-06 00:33:53.369  2663  3960 D Mapcon  : VoiceManager-0-PrepareState: [a]MsgIdEnum=MAPCON_MESSAGE_TM_CMD_SIGNAL_STRENGTH_CHANED_IND
11-06 00:33:53.370  2663  3960 D Mapcon  : VoiceManager-0-PrepareState: [a]MsgIdEnum=MAPCON_MESSAGE_TM_CMD_SIGNAL_STRENGTH_CHANED_IND
11-06 00:33:53.370  2663  3960 D Mapcon  : VoiceManager-0-DefaultState: [a]MsgIdEnum=MAPCON_MESSAGE_TM_CMD_SIGNAL_STRENGTH_CHANED_IND
11-06 00:33:53.370  2663  3960 D Mapcon  : VoiceManager-0-DefaultState: [a]MsgIdEnum=MAPCON_MESSAGE_TM_CMD_SIGNAL_STRENGTH_CHANED_IND
11-06 00:33:54.157  2663  2663 D Mapcon  : TelephonyTracker: [onSignalStrengthsChanged]phoneId=1, level=5
11-06 00:33:54.157  2663  3974 D Mapcon  : VoiceManager-5-PrepareState: [a]MsgIdEnum=MAPCON_MESSAGE_TM_CMD_SIGNAL_STRENGTH_CHANED_IND
11-06 00:33:54.158  2663  3974 D Mapcon  : VoiceManager-5-PrepareState: [a]MsgIdEnum=MAPCON_MESSAGE_TM_CMD_SIGNAL_STRENGTH_CHANED_IND
11-06 00:33:54.158  2663  3974 D Mapcon  : VoiceManager-5-DefaultState: [a]MsgIdEnum=MAPCON_MESSAGE_TM_CMD_SIGNAL_STRENGTH_CHANED_IND
11-06 00:33:54.158  2663  3974 D Mapcon  : VoiceManager-5-DefaultState: [a]MsgIdEnum=MAPCON_MESSAGE_TM_CMD_SIGNAL_STRENGTH_CHANED_IND
11-06 00:33:56.153  2663  2663 W SettingsEx: SettingsEx.Systemex.getString deprecated use Settings.System.getString instead, callers = com.android.internal.telephony.gsm.HwCustGsmServiceStateManagerImpl.isMccForShowNetname:222 com.android.internal.telephony.gsm.HwCustGsmServiceStateManagerImpl.isShowNetnameByMcc:213 com.android.internal.telephony.gsm.HwCustGsmServiceStateManagerImpl.setOnsDisplayCustomization:164 
11-06 00:33:56.343  1717  1961 I chatty  : uid=1000(system) PowerManagerSer expire 104 lines
11-06 00:33:56.600  1717  2743 I chatty  : uid=1000(system) Binder:1717_E expire 12 lines
11-06 00:33:56.602  2606  3045 I chatty  : uid=1000(system) OllieAwareThrea expire 459 lines
11-06 00:33:56.611  2663  2663 W SettingsEx: SettingsEx.Systemex.getString deprecated use Settings.System.getString instead, callers = com.android.internal.telephony.gsm.HwCustGsmServiceStateManagerImpl.isMccForShowNetname:222 com.android.internal.telephony.gsm.HwCustGsmServiceStateManagerImpl.isShowNetnameByMcc:213 com.android.internal.telephony.gsm.HwCustGsmServiceStateManagerImpl.setOnsDisplayCustomization:164 
11-06 00:33:56.679  2663  2663 W SettingsEx: SettingsEx.Systemex.getString deprecated use Settings.System.getString instead, callers = com.android.internal.telephony.gsm.HwCustGsmServiceStateManagerImpl.isMccForShowNetname:222 com.android.internal.telephony.gsm.HwCustGsmServiceStateManagerImpl.isShowNetnameByMcc:213 com.android.internal.telephony.gsm.HwCustGsmServiceStateManagerImpl.setOnsDisplayCustomization:164 
11-06 00:33:57.039  1032  1115 I storaged: storaged_t::event: storage_info refreshed.
11-06 00:33:58.394  2663  2663 D Mapcon  : TelephonyTracker: [onSignalStrengthsChanged]phoneId=1, level=5
11-06 00:33:58.394  2663  3974 D Mapcon  : VoiceManager-5-PrepareState: [a]MsgIdEnum=MAPCON_MESSAGE_TM_CMD_SIGNAL_STRENGTH_CHANED_IND
11-06 00:33:58.395  2663  3974 I chatty  : uid=1001(radio) VoiceManager-5 identical 60 lines
11-06 00:33:59.370  2663  2663 I chatty  : uid=1001(radio) com.android.phone expire 39 lines
11-06 00:33:59.371  2663  3960 I chatty  : uid=1001(radio) VoiceManager-0 expire 88 lines
11-06 00:34:02.015  1717  1717 I chatty  : uid=1000 system_server expire 27 lines
11-06 00:34:02.040  1717  2441 I chatty  : uid=1000(system) Binder:1717_8 expire 13 lines
11-06 00:34:10.157  1717  4426 I chatty  : uid=1000(system) Binder:1717_17 expire 17 lines
11-06 00:34:42.381  1717  2046 I chatty  : uid=1000(system) UEventObserver expire 12 lines
11-06 00:34:57.040  1032  1115 I storaged: storaged_t::event: storage_info refreshed.
11-06 00:35:01.596  2663  3974 I chatty  : uid=1001(radio) VoiceManager-5 expire 48 lines
11-06 00:35:02.662  1717  7707 I chatty  : uid=1000(system) MobileQosDetect expire 10 lines
11-06 00:35:05.201  1717  2448 I chatty  : uid=1000(system) Binder:1717_A expire 3 lines
11-06 00:35:05.260  1717  2158 I chatty  : uid=1000(system) ConnectivitySer expire 30 lines
11-06 00:35:05.261  1717  2042 I chatty  : uid=1000(system) Binder:1717_3 expire 39 lines
11-06 00:35:06.321  1717  1950 I chatty  : uid=1000(system) ActivityManager expire 8 lines
11-06 00:35:06.350 30586 30586 D ActivityThread: Attach thread to application
11-06 00:35:06.365 30586 30605 I ActivityThread: Init compatible state: false
11-06 00:35:06.369  2606  3045 I chatty  : uid=1000(system) OllieAwareThrea expire 235 lines
11-06 00:35:06.375 30586 30586 I LoadedApk: makePaths: outLibPaths=[/hw_product/app/HwGameAssistant/lib/arm64, /system/lib64:/hw_product/lib64:/system/product/lib64:/prets/lib64]
11-06 00:35:06.429  1717  1859 I chatty  : uid=1000(system) Binder:1717_1 expire 17 lines
11-06 00:35:06.568 30626 30626 D ActivityThread: Attach thread to application
11-06 00:35:06.600 30650 30650 D ActivityThread: Attach thread to application
11-06 00:35:06.607 30626 30649 I ActivityThread: Init compatible state: false
11-06 00:35:06.619 30650 30669 E ActivityThread: getApplicationInfo metadata error
11-06 00:35:06.619 30650 30669 I ActivityThread: Init compatible state: false
11-06 00:35:06.662 30650 30650 I ActivityThread: finishPreloaded preloadStatus 0
11-06 00:35:06.731 30626 30626 I ActivityThread: finishPreloaded preloadStatus 0
11-06 00:35:06.761  1717  2743 I chatty  : uid=1000(system) Binder:1717_E expire 28 lines
11-06 00:35:06.765 30586 30586 D HwCustConnectivityManagerImpl: isBlockNetworkRequestByNonAis, INVALID_SUBSCRIPTION_ID
11-06 00:35:06.768 30586 30586 D HwCustConnectivityManagerImpl: isBlockNetworkRequestByNonAis, INVALID_SUBSCRIPTION_ID
11-06 00:35:06.815 30586 30586 I ActivityThread: finishPreloaded preloadStatus 0
11-06 00:35:06.893 30702 30702 D ActivityThread: Attach thread to application
11-06 00:35:06.908 30702 30722 I ActivityThread: Init compatible state: false
11-06 00:35:06.917 30702 30702 I LoadedApk: makePaths: outLibPaths=[/hw_product/app/HwGameAssistant/lib/arm64, /system/lib64:/hw_product/lib64:/system/product/lib64:/prets/lib64]
11-06 00:35:07.026  1717 14545 I chatty  : uid=1000(system) Binder:1717_20 expire 11 lines
11-06 00:35:07.034  1717  1961 I chatty  : uid=1000(system) PowerManagerSer expire 166 lines
11-06 00:35:07.217 30702 30755 I LoadedApk: We unbound before receiving the connection,name:ComponentInfo{com.huawei.gameassistant/org.chromium.content.app.SandboxedProcessService0:0}
11-06 00:35:07.352 30702 30702 D HwCustConnectivityManagerImpl: isBlockNetworkRequestByNonAis, INVALID_SUBSCRIPTION_ID
11-06 00:35:07.355 30702 30702 D HwCustConnectivityManagerImpl: isBlockNetworkRequestByNonAis, INVALID_SUBSCRIPTION_ID
11-06 00:35:07.395 30702 30702 I ActivityThread: finishPreloaded preloadStatus 0
11-06 00:35:13.289  2663  2663 I chatty  : uid=1001(radio) com.android.phone expire 15 lines
11-06 00:35:16.193  1717  2076 I chatty  : uid=1000(system) AlarmManager expire 11 lines
11-06 00:35:19.150  2663  3960 I chatty  : uid=1001(radio) VoiceManager-0 expire 17 lines
11-06 00:35:21.600  1717  1860 I chatty  : uid=1000(system) Binder:1717_2 expire 9 lines
11-06 00:35:41.624  1717  1968 I chatty  : uid=1000(system) PackageManager expire 236 lines
11-06 00:35:41.628  1717  2172 I chatty  : uid=1000(system) Thread-6 expire 15 lines
11-06 00:35:41.850  1717 13565 I chatty  : uid=1000(system) Binder:1717_1D expire 6 lines
11-06 00:35:41.853  1717  3403 I chatty  : uid=1000(system) Binder:1717_13 expire 10 lines
11-06 00:35:41.883  2680  2680 D ActivityThread: Won't deliver top position change in state=5
11-06 00:35:41.884  2680  2680 I ActivityThread: Handle window ActivityRecord{38cafba token=android.os.BinderProxy@2412bae {com.huawei.android.launcher/com.huawei.android.launcher.unihome.UniHomeLauncher}} visibility: true
11-06 00:35:41.890  1717  1898 I chatty  : uid=1000(system) android.anim expire 21 lines
11-06 00:35:41.899  2606  3045 I chatty  : uid=1000(system) OllieAwareThrea expire 22 lines
11-06 00:35:41.918  2663  3960 I chatty  : uid=1001(radio) VoiceManager-0 expire 21 lines
11-06 00:35:41.929  2680  2680 I RtgSchedEvent: current pid:2680 AppType:28
11-06 00:35:42.008  2295  5866 I HwCommandQueue: updateBarBgColor
11-06 00:35:42.008  2295  5866 D HwCommandQueue: CommandQueue, setBarBackgroundColor
11-06 00:35:42.009  2295  5866 D HwCommandQueue: CommandQueue, set Launcher StatusBar Color
11-06 00:35:42.010  1717  3402 I chatty  : uid=1000(system) Binder:1717_12 expire 6 lines
11-06 00:35:42.015  9542  9611 I HwNetworkPolicyManager: getHwUidPolicy uid = 10092 policy = 0
11-06 00:35:42.127  2606  2606 I chatty  : uid=1000(system) com.huawei.systemserver expire 7 lines
11-06 00:35:42.127  2606  3358 I chatty  : uid=1000(system) DEF_ProfileCont expire 1 line
11-06 00:35:42.130  1717  2043 I chatty  : uid=1000(system) Binder:1717_4 expire 3 lines
11-06 00:35:42.130  9542  9801 I HwNetworkPolicyManager: removeHwUidPolicy uid = 10451 policy = -1 opPackageName = com.huawei.systemmanager
11-06 00:35:42.168  9542  9611 W ContextImpl: Calling a method in the system process without a qualified user: android.app.ContextImpl.startService:1698 android.content.ContextWrapper.startService:669 d.d.D.B.c.a.doInBackground:27 java.lang.reflect.Method.invoke:-2 d.d.k.a.b.b.o.d:15 
11-06 00:35:42.170  1717  2042 I chatty  : uid=1000(system) Binder:1717_3 expire 31 lines
11-06 00:35:42.200  1717  2139 I chatty  : uid=1000(system) NetworkStats expire 11 lines
11-06 00:35:42.259 21652 21652 W ContextImpl: Calling a method in the system process without a qualified user: android.app.ContextImpl.startService:1698 android.content.ContextWrapper.startService:669 android.content.ContextWrapper.startService:669 com.android.settings.applications.BlackListReceiver.onReceive:48 android.app.ActivityThread.handleReceiver:4637 
11-06 00:35:42.273 30882 30882 D ActivityThread: Attach thread to application
11-06 00:35:42.307 30882 30915 I ActivityThread: Init compatible state: false
11-06 00:35:42.312 30882 30882 I LoadedApk: makePaths: outLibPaths=[/system/app/HwDeviceGroupManage/lib/arm64, /system/lib64:/hw_product/lib64:/system/product/lib64:/prets/lib64]
11-06 00:35:42.313  1717  2356 I chatty  : uid=1000(system) NetworkStatsObs expire 1 line
11-06 00:35:42.325  1717  3405 I chatty  : uid=1000(system) Binder:1717_15 expire 3 lines
11-06 00:35:42.360  1717  2143 I chatty  : uid=1000(system) ClientModeImpl expire 1 line
11-06 00:35:42.372 30882 30882 I ActivityThread: finishPreloaded preloadStatus 0
11-06 00:35:42.374  1717  4426 I chatty  : uid=1000(system) Binder:1717_17 expire 11 lines
11-06 00:35:42.376  2663  2663 I chatty  : uid=1001(radio) com.android.phone expire 11 lines
11-06 00:35:42.457  1717  2337 I chatty  : uid=1000(system) Binder:1717_6 expire 7 lines
11-06 00:35:42.458  3274 30967 I HwNetworkPolicyManager: getHwUidPolicy uid = 10050 policy = 0
11-06 00:35:42.462  1717 30968 I chatty  : uid=1000 system_server expire 5 lines
11-06 00:35:42.462  1717  2741 I chatty  : uid=1000(system) Binder:1717_C expire 30 lines
11-06 00:35:42.468  1717  2442 I chatty  : uid=1000(system) Binder:1717_9 expire 4 lines
11-06 00:35:42.475 21976 21976 W ContextImpl: Calling a method in the system process without a qualified user: android.app.ContextImpl.startService:1698 android.content.ContextWrapper.startService:669 android.content.ContextWrapper.startService:669 com.huawei.antivirus.utils.AntiVirusTools.deleteVirusApk:928 com.huawei.antivirus.AntiVirusReceiver.onReceive:36 
11-06 00:35:42.676  1717  3404 I chatty  : uid=1000(system) Binder:1717_14 expire 12 lines
11-06 00:35:42.724  1717  5572 I chatty  : uid=1000(system) AppBatteryStrat expire 2 lines
11-06 00:35:43.822  1717  2046 I chatty  : uid=1000(system) UEventObserver expire 12 lines
11-06 00:35:44.874  2663  3974 I chatty  : uid=1001(radio) VoiceManager-5 expire 12 lines
11-06 00:35:45.601  1717  2040 I chatty  : uid=1000(system) PackageInstalle expire 5 lines
11-06 00:35:45.717 22198 30944 W PackageParser: Unknown element under <manifest>: queries at /data/app/vmdl187912833.tmp/base.apk Binary XML file line #20
11-06 00:35:53.210  9542  9608 I HwNetworkPolicyManager: removeHwUidPolicy uid = 10452 policy = -1 opPackageName = com.huawei.systemmanager
11-06 00:35:53.218  9542  9609 W ContextImpl: Calling a method in the system process without a qualified user: android.app.ContextImpl.startService:1698 android.content.ContextWrapper.startService:669 d.d.D.B.c.a.doInBackground:27 java.lang.reflect.Method.invoke:-2 d.d.k.a.b.b.o.d:15 
11-06 00:35:53.272  1717  1949 I chatty  : uid=1000(system) ActivityManager expire 9 lines
11-06 00:35:53.275 21652 21652 W ContextImpl: Calling a method in the system process without a qualified user: android.app.ContextImpl.startService:1698 android.content.ContextWrapper.startService:669 android.content.ContextWrapper.startService:669 com.android.settings.applications.BlackListReceiver.onReceive:48 android.app.ActivityThread.handleReceiver:4637 
11-06 00:35:53.425  2606  3045 I chatty  : uid=1000(system) OllieAwareThrea expire 319 lines
11-06 00:35:53.484  1717 31093 I chatty  : uid=1000 system_server expire 5 lines
11-06 00:35:53.492  1717  3403 I chatty  : uid=1000(system) Binder:1717_13 expire 66 lines
11-06 00:35:53.502 21976 21976 W ContextImpl: Calling a method in the system process without a qualified user: android.app.ContextImpl.startService:1698 android.content.ContextWrapper.startService:669 android.content.ContextWrapper.startService:669 com.huawei.antivirus.utils.AntiVirusTools.checkVirusForNewInstalledApk:905 com.huawei.antivirus.AntiVirusReceiver.onReceive:33 
11-06 00:35:53.513  9542  9542 W ContextImpl: Calling a method in the system process without a qualified user: android.app.ContextImpl.startService:1698 android.content.ContextWrapper.startService:669 com.huawei.antivirus.AntiVirusService.handleInstalledApkCheck:236 com.huawei.antivirus.AntiVirusService.onStartCommand:172 android.app.ActivityThread.handleServiceArgs:4951 
11-06 00:35:53.571 22080 22121 W ContextImpl: Calling a method in the system process without a qualified user: android.app.ContextImpl.bindService:1777 com.huawei.securitycenter.antivirus.agguard.AgGuardCloudProcess.bindAgService:449 com.huawei.securitycenter.antivirus.agguard.AgGuardCloudProcess.<init>:91 com.huawei.antivirus.features.AntivirusScanHelper.getScanResult:105 com.huawei.antivirus.features.AntivirusScanHelper.scanInstalledPackageUsingAllEngine:99 
11-06 00:35:53.574 13308 13620 W PackageParser: Unknown element under <manifest>: queries at /data/app/com.eventmarketplace.app-lm9ZlbwKV6hacK8o6R8R2Q==/base.apk Binary XML file line #20
11-06 00:35:53.576 23483 23568 W PackageParser: Unknown element under <manifest>: queries at /data/app/com.eventmarketplace.app-lm9ZlbwKV6hacK8o6R8R2Q==/base.apk Binary XML file line #20
11-06 00:35:53.651  1717  1898 I chatty  : uid=1000(system) android.anim expire 93 lines
11-06 00:35:53.690 31116 31116 D ActivityThread: Attach thread to application
11-06 00:35:53.703 31116 31137 I ActivityThread: Init compatible state: true
11-06 00:35:53.707  2295 11177 D HwCommandQueue: CommandQueue, set Launcher StatusBar Color
11-06 00:35:53.720  2641  5501 W ContextImpl: Calling a method in the system process without a qualified user: android.app.ContextImpl.sendBroadcast:1183 android.content.ContextWrapper.sendBroadcast:453 com.huawei.iaware.userhabit.recog.NRTAppTypeRecogManager.reportAppTypeUpdate:814 com.huawei.iaware.userhabit.recog.NRTAppTypeRecogManager.addAppType:475 com.huawei.iaware.userhabit.recog.NRTAppTypeRecogManager.recoAppType:182 
11-06 00:35:53.737  9542  9775 I HwNetworkPolicyManager: getHwUidPolicy uid = 10452 policy = 0
11-06 00:35:53.815 31116 31116 I ActivityThread: finishPreloaded preloadStatus 0
11-06 00:35:53.816 31116 31116 I RtgSchedEvent: current pid:31116 AppType:-1
11-06 00:35:53.816  1717  1961 I chatty  : uid=1000(system) PowerManagerSer expire 63 lines
11-06 00:35:53.818  1717  2741 I chatty  : uid=1000(system) Binder:1717_C expire 44 lines
11-06 00:35:53.819  1717  2743 I chatty  : uid=1000(system) Binder:1717_E expire 19 lines
11-06 00:35:53.823  1717 14545 I chatty  : uid=1000(system) Binder:1717_20 expire 5 lines
11-06 00:35:53.831 31116 31116 V ActivityThread: callActivityOnCreate
11-06 00:35:53.904  2663  3960 I chatty  : uid=1001(radio) VoiceManager-0 expire 28 lines
11-06 00:35:54.274 31116 31116 D ActivityThread: add activity client record, r= ActivityRecord{8bc0cd4 token=android.os.BinderProxy@e35479b {com.eventmarketplace.app/com.eventmarketplace.app.MainActivity}} token= android.os.BinderProxy@e35479b
11-06 00:35:54.296 31116 31116 I RtgSchedEvent: current pid:31116 AppType:-1
11-06 00:35:54.314  2295 27101 I HwCommandQueue: updateBarBgColor
11-06 00:35:54.314  2295 27101 D HwCommandQueue: CommandQueue, setBarBackgroundColor
11-06 00:35:54.314  1717  1895 I chatty  : uid=1000(system) android.ui expire 18 lines
11-06 00:35:54.315  2295 27101 D HwCommandQueue: CommandQueue, set Launcher StatusBar Color
11-06 00:35:55.175  1717  1859 I chatty  : uid=1000(system) Binder:1717_1 expire 27 lines
11-06 00:35:55.236  2295 27101 D HwCommandQueue: CommandQueue, set Launcher StatusBar Color
11-06 00:35:56.855  1717 31393 I chatty  : uid=1000 system_server expire 5 lines
11-06 00:35:57.041  1032  1115 I storaged: storaged_t::event: storage_info refreshed.
11-06 00:35:57.074  2295 24870 D HwCommandQueue: CommandQueue, set Launcher StatusBar Color
11-06 00:35:57.303  1717  1717 I chatty  : uid=1000 system_server expire 10 lines
11-06 00:35:59.232 31116 31116 W HwApsManager: HwApsManagerService, registerCallback, start !
11-06 00:35:59.302 31116 31116 V ActivityThread: callActivityOnCreate
11-06 00:35:59.309 31116 31116 D ActivityThread: add activity client record, r= ActivityRecord{490fc79 token=android.os.BinderProxy@8ba855b {com.eventmarketplace.app/com.google.firebase.auth.internal.GenericIdpActivity}} token= android.os.BinderProxy@8ba855b
11-06 00:35:59.455  2295 27101 I HwCommandQueue: updateBarBgColor
11-06 00:35:59.455  2295 27101 D HwCommandQueue: CommandQueue, setBarBackgroundColor
11-06 00:35:59.455  2295 24870 D HwCommandQueue: CommandQueue, set Launcher StatusBar Color
11-06 00:35:59.471  2295  5866 D HwCommandQueue: CommandQueue, set Launcher StatusBar Color
11-06 00:35:59.475  1717  1897 I chatty  : uid=1000(system) android.display expire 32 lines
11-06 00:35:59.987  2663  2663 I chatty  : uid=1001(radio) com.android.phone expire 29 lines
11-06 00:35:59.988  2663  3974 I chatty  : uid=1001(radio) VoiceManager-5 expire 63 lines
11-06 00:36:00.130 22063 22063 V ActivityThread: callActivityOnCreate
11-06 00:36:00.133 22063 22063 D HwCustConnectivityManagerImpl: isBlockNetworkRequestByNonAis, INVALID_SUBSCRIPTION_ID
11-06 00:36:00.134 22063 22063 D HwCustConnectivityManagerImpl: isBlockNetworkRequestByNonAis, INVALID_SUBSCRIPTION_ID
11-06 00:36:00.141  9542  9802 I HwNetworkPolicyManager: getHwUidPolicy uid = 10176 policy = 0
11-06 00:36:00.155 22063 22063 I RtgSchedEvent: current pid:22063 AppType:18
11-06 00:36:00.156 22063 22063 D ActivityThread: add activity client record, r= ActivityRecord{43fee83 token=android.os.BinderProxy@87f0a85 {com.android.chrome/com.google.android.apps.chrome.IntentDispatcher}} token= android.os.BinderProxy@87f0a85
11-06 00:36:00.157 22063 22063 D ActivityThread: Won't deliver top position change in state=1
11-06 00:36:00.158  1717  2172 I chatty  : uid=1000(system) Thread-6 expire 20 lines
11-06 00:36:00.159 22063 22063 D ActivityThread: Won't deliver top position change in state=1
11-06 00:36:00.167 22063 22063 V ActivityThread: callActivityOnCreate
11-06 00:36:00.183 22063 22063 D ActivityThread: add activity client record, r= ActivityRecord{1e7488c token=android.os.BinderProxy@636a800 {com.android.chrome/org.chromium.chrome.browser.customtabs.CustomTabActivity}} token= android.os.BinderProxy@636a800
11-06 00:36:00.206  2295 24870 I HwCommandQueue: updateBarBgColor
11-06 00:36:00.206  2295 24870 D HwCommandQueue: CommandQueue, setBarBackgroundColor
11-06 00:36:00.206  2295 27101 D HwCommandQueue: CommandQueue, set Launcher StatusBar Color
11-06 00:36:00.240 22063 23928 I LoadedApk: We unbound before receiving the connection,name:ComponentInfo{com.android.chrome/org.chromium.content.app.SandboxedProcessService0}
11-06 00:36:00.275  1717  2042 I chatty  : uid=1000(system) Binder:1717_3 expire 37 lines
11-06 00:36:00.331  1717  2082 I chatty  : uid=1000(system) sManagerService expire 4 lines
11-06 00:36:00.738  1717  3309 I chatty  : uid=1000(system) Binder:1717_11 expire 28 lines
11-06 00:36:01.088  2295 24870 D HwCommandQueue: CommandQueue, set Launcher StatusBar Color
11-06 00:36:01.106 22063 22063 D ActivityThread: Remove activity client record, r= ActivityRecord{43fee83 token=android.os.BinderProxy@87f0a85 {com.android.chrome/com.google.android.apps.chrome.IntentDispatcher}} token= android.os.BinderProxy@87f0a85
11-06 00:36:01.712 31483 31483 D ActivityThread: Attach thread to application
11-06 00:36:01.717 31483 31501 E ActivityThread: getApplicationInfo metadata error
11-06 00:36:01.717 31483 31501 I ActivityThread: Init compatible state: false
11-06 00:36:01.722 31483 31483 I LoadedApk: makePaths: outLibPaths=[/system/product/app/Chrome/lib/arm, /system/product/app/Chrome/Chrome.apk!/lib/armeabi-v7a, /system/product/app/TrichromeLibrary/TrichromeLibrary.apk!/lib/armeabi-v7a, /system/lib]
11-06 00:36:01.736 31483 31483 I ActivityThread: finishPreloaded preloadStatus 0
11-06 00:36:02.677  1717  1930 I chatty  : uid=1000(system) HwActivityTaskM expire 7 lines
11-06 00:36:03.343 22063 23928 I LoadedApk: We unbound before receiving the connection,name:ComponentInfo{com.android.chrome/org.chromium.content.app.SandboxedProcessService0}
11-06 00:36:03.349  1717  2158 I chatty  : uid=1000(system) ConnectivitySer expire 11 lines
11-06 00:36:03.364 31116 31116 I RtgSchedEvent: current pid:31116 AppType:-1
11-06 00:36:03.367  1717  2740 I chatty  : uid=1000(system) Binder:1717_B expire 3 lines
11-06 00:36:03.368 31116 31116 D ActivityThread: Won't deliver top position change in state=5
11-06 00:36:03.369 31116 31116 I ActivityThread: Handle window ActivityRecord{8bc0cd4 token=android.os.BinderProxy@e35479b {com.eventmarketplace.app/com.eventmarketplace.app.MainActivity}} visibility: true
11-06 00:36:03.392  2295 27101 I HwCommandQueue: updateBarBgColor
11-06 00:36:03.392  2295 27101 D HwCommandQueue: CommandQueue, setBarBackgroundColor
11-06 00:36:03.393  2295 27101 D HwCommandQueue: CommandQueue, set Launcher StatusBar Color
11-06 00:36:03.398  9542  9776 I HwNetworkPolicyManager: getHwUidPolicy uid = 10452 policy = 0
11-06 00:36:03.413 31116 31116 D ActivityThread: Won't deliver top position change in state=2
11-06 00:36:03.466  2295 11177 D HwCommandQueue: CommandQueue, set Launcher StatusBar Color
11-06 00:36:03.476 31116 31116 D ActivityThread: Remove activity client record, r= ActivityRecord{490fc79 token=android.os.BinderProxy@8ba855b {com.eventmarketplace.app/com.google.firebase.auth.internal.GenericIdpActivity}} token= android.os.BinderProxy@8ba855b
11-06 00:36:03.476 31116 31116 I ViewRootImpl: dispatchDetachedFromWindow in doDie
11-06 00:36:03.868 31542 31542 D ActivityThread: Attach thread to application
11-06 00:36:03.873 31542 31560 E ActivityThread: getApplicationInfo metadata error
11-06 00:36:03.873 31542 31560 I ActivityThread: Init compatible state: false
11-06 00:36:03.881 31542 31542 I LoadedApk: makePaths: outLibPaths=[/system/product/app/Chrome/lib/arm, /system/product/app/Chrome/Chrome.apk!/lib/armeabi-v7a, /system/product/app/TrichromeLibrary/TrichromeLibrary.apk!/lib/armeabi-v7a, /system/lib]
11-06 00:36:03.896 31542 31542 I ActivityThread: finishPreloaded preloadStatus 0
11-06 00:36:04.041 22063 22063 D ActivityThread: Remove activity client record, r= ActivityRecord{1e7488c token=android.os.BinderProxy@636a800 {com.android.chrome/org.chromium.chrome.browser.customtabs.CustomTabActivity}} token= android.os.BinderProxy@636a800
11-06 00:36:04.041 22063 22063 I ViewRootImpl: dispatchDetachedFromWindow in doDie
11-06 00:36:04.321 31116 31589 D HwCustConnectivityManagerImpl: isBlockNetworkRequestByNonAis, INVALID_SUBSCRIPTION_ID
11-06 00:36:04.407 31116 31590 D HwCustConnectivityManagerImpl: isBlockNetworkRequestByNonAis, INVALID_SUBSCRIPTION_ID
11-06 00:36:09.095  1717  2076 I chatty  : uid=1000(system) AlarmManager expire 10 lines
11-06 00:36:09.358  2663  3960 I chatty  : uid=1001(radio) VoiceManager-0 expire 58 lines
11-06 00:36:09.359  1717  7707 I chatty  : uid=1000(system) MobileQosDetect expire 10 lines
11-06 00:36:18.287  1717  1961 I chatty  : uid=1000(system) PowerManagerSer expire 90 lines
11-06 00:36:22.256  1717  2741 I chatty  : uid=1000(system) Binder:1717_C expire 10 lines
11-06 00:36:26.602  2606  3045 I chatty  : uid=1000(system) OllieAwareThrea expire 237 lines
11-06 00:36:45.269  1717  2046 I chatty  : uid=1000(system) UEventObserver expire 12 lines
11-06 00:36:57.042  1032  1115 I storaged: storaged_t::event: storage_info refreshed.
11-06 00:37:01.600  1717  1859 I chatty  : uid=1000(system) Binder:1717_1 expire 22 lines
11-06 00:37:02.382  2663  2663 I chatty  : uid=1001(radio) com.android.phone expire 28 lines
11-06 00:37:02.383  2663  3960 I chatty  : uid=1001(radio) VoiceManager-0 expire 61 lines
11-06 00:37:02.914  2606  3045 I chatty  : uid=1000(system) OllieAwareThrea expire 359 lines
11-06 00:37:06.556  2663  3974 I chatty  : uid=1001(radio) VoiceManager-5 expire 65 lines
11-06 00:37:06.593  1717  1961 I chatty  : uid=1000(system) PowerManagerSer expire 40 lines
11-06 00:37:24.354  2663  3940 I chatty  : uid=1001(radio) ChrHandlerThrea expire 1 line
11-06 00:37:32.103  1717  1897 I chatty  : uid=1000(system) android.display expire 2 lines
11-06 00:37:32.768  1717  7707 I chatty  : uid=1000(system) MobileQosDetect expire 10 lines
11-06 00:37:39.300  1717  2076 I chatty  : uid=1000(system) AlarmManager expire 10 lines
11-06 00:37:46.697  1717  2046 I chatty  : uid=1000(system) UEventObserver expire 12 lines
11-06 00:37:57.043  1032  1115 I storaged: storaged_t::event: storage_info refreshed.
11-06 00:37:57.185  2606  3045 I chatty  : uid=1000(system) OllieAwareThrea expire 451 lines
11-06 00:37:58.671  2663  2663 I chatty  : uid=1001(radio) com.android.phone expire 26 lines
11-06 00:37:58.672  2663  3960 I chatty  : uid=1001(radio) VoiceManager-0 expire 54 lines
11-06 00:38:00.311  2663  3974 I chatty  : uid=1001(radio) VoiceManager-5 expire 52 lines
11-06 00:38:01.342  1717  1961 I chatty  : uid=1000(system) PowerManagerSer expire 63 lines
11-06 00:38:12.329  1717  2172 I chatty  : uid=1000(system) Thread-6 expire 3 lines
11-06 00:38:12.362  1717  2741 I chatty  : uid=1000(system) Binder:1717_C expire 11 lines
11-06 00:38:12.370  1717  1717 I chatty  : uid=1000 system_server expire 8 lines
11-06 00:38:14.894  1717  3309 I chatty  : uid=1000(system) Binder:1717_11 expire 10 lines
11-06 00:38:31.600  1717  1859 I chatty  : uid=1000(system) Binder:1717_1 expire 10 lines
11-06 00:38:48.137  1717  2046 I chatty  : uid=1000(system) UEventObserver expire 12 lines
11-06 00:38:57.044  1032  1115 I storaged: storaged_t::event: storage_info refreshed.
11-06 00:38:57.268  2663  3974 I chatty  : uid=1001(radio) VoiceManager-5 expire 43 lines
11-06 00:38:57.390  2663  3960 I chatty  : uid=1001(radio) VoiceManager-0 expire 51 lines
11-06 00:39:01.414  2663  2663 I chatty  : uid=1001(radio) com.android.phone expire 22 lines
11-06 00:39:02.851  1717  7707 I chatty  : uid=1000(system) MobileQosDetect expire 6 lines
11-06 00:39:06.603  2606  3045 I chatty  : uid=1000(system) OllieAwareThrea expire 283 lines
11-06 00:39:07.363  1717  2076 I chatty  : uid=1000(system) AlarmManager expire 5 lines
11-06 00:39:07.367  1717  1961 I chatty  : uid=1000(system) PowerManagerSer expire 56 lines
11-06 00:39:15.186  1717  2741 I chatty  : uid=1000(system) Binder:1717_C expire 1 line
11-06 00:39:29.392  1717  3309 I chatty  : uid=1000(system) Binder:1717_11 expire 1 line
11-06 00:39:35.992  1717  2238 I chatty  : uid=1000(system) HwProximitySens expire 3 lines
11-06 00:39:45.760  1717  1859 I chatty  : uid=1000(system) Binder:1717_1 expire 2 lines
11-06 00:39:46.600  1717  3403 I chatty  : uid=1000(system) Binder:1717_13 expire 6 lines
11-06 00:39:48.073  2663  3974 I chatty  : uid=1001(radio) VoiceManager-5 expire 4 lines
11-06 00:39:49.462  1717  2082 I chatty  : uid=1000(system) sManagerService expire 2 lines
11-06 00:39:49.464  7239  7239 W InputMethodSubtype: list size = 2
11-06 00:39:49.483  1717  1895 I chatty  : uid=1000(system) android.ui expire 4 lines
11-06 00:39:49.483  2295  5866 D HwCommandQueue: CommandQueue, set Launcher StatusBar Color
11-06 00:39:49.584  1717  2046 I chatty  : uid=1000(system) UEventObserver expire 6 lines
11-06 00:39:49.767  2663  3960 I chatty  : uid=1001(radio) VoiceManager-0 expire 2 lines
11-06 00:39:49.830  2606  3045 I chatty  : uid=1000(system) OllieAwareThrea expire 106 lines
11-06 00:39:51.853  2295 27101 D HwCommandQueue: CommandQueue, set Launcher StatusBar Color
11-06 00:39:51.855  1717  1859 I chatty  : uid=1000(system) Binder:1717_1 expire 7 lines
11-06 00:39:52.054  1717  1898 I chatty  : uid=1000(system) android.anim expire 1 line
11-06 00:39:52.899  1717  7707 I chatty  : uid=1000(system) MobileQosDetect expire 3 lines
11-06 00:39:53.590  2663  2663 I chatty  : uid=1001(radio) com.android.phone expire 9 lines
11-06 00:39:53.591  2663  3974 I chatty  : uid=1001(radio) VoiceManager-5 expire 16 lines
11-06 00:39:54.425  1717  1961 I chatty  : uid=1000(system) PowerManagerSer expire 71 lines
11-06 00:39:55.789  2663  3960 I chatty  : uid=1001(radio) VoiceManager-0 expire 20 lines
11-06 00:39:57.045  1032  1115 I storaged: storaged_t::event: storage_info refreshed.
11-06 00:39:57.797  1717  2743 I chatty  : uid=1000(system) Binder:1717_E expire 3 lines
11-06 00:39:59.646  1717  2082 I chatty  : uid=1000(system) sManagerService expire 2 lines
11-06 00:39:59.648  7239  7239 W InputMethodSubtype: list size = 2
11-06 00:39:59.671  1717  1895 I chatty  : uid=1000(system) android.ui expire 2 lines
11-06 00:39:59.672  2295 27101 D HwCommandQueue: CommandQueue, set Launcher StatusBar Color
11-06 00:40:02.409  1717  2076 I chatty  : uid=1000(system) AlarmManager expire 2 lines
11-06 00:40:02.421  1717  3309 I chatty  : uid=1000(system) Binder:1717_11 expire 3 lines
11-06 00:40:06.210  2606  3045 E Booster_NetworkQoeChr: [startTcpStackInfoStaticForChr]startTcpStackInfoStaticForChr failed, qoeTcpDataOpt is null
11-06 00:40:06.210  2606  3045 D NpdcpAliveManager: ro.odm.npdcp_alive_cfg_enable is false
11-06 00:40:06.211  2606  3045 E SmartDualCardSM: isSignalStrengthPoorScreenOn 2/3G or UNKNOWN true slotId:1
11-06 00:40:06.211  2606  3045 E SmartDualCardSM: isSignalStrengthPoorScreenOn 2/3G or UNKNOWN true slotId:1
11-06 00:40:06.211  2606  3045 I SmartDualCardSM: isSlaveCardNetworkBad return true,mIsSignalStengthPoors =true,mNetworkType=1,mDownlinkSpeedLimits=1048576,mDataRoaming=false
11-06 00:40:06.211  2606  3045 E FourNetCombinationChr: getNetworkQoeInfo failed, qoeTcpDataOpt is null
11-06 00:40:07.234  2606  3045 E Booster_NetworkQoeChr: [startTcpStackInfoStaticForChr]startTcpStackInfoStaticForChr failed, qoeTcpDataOpt is null
11-06 00:40:07.234  2606  3045 D NpdcpAliveManager: ro.odm.npdcp_alive_cfg_enable is false
11-06 00:40:07.234  2606  3045 E SmartDualCardSM: isSignalStrengthPoorScreenOn 2/3G or UNKNOWN true slotId:1
11-06 00:40:07.235  2606  3045 E SmartDualCardSM: isSignalStrengthPoorScreenOn 2/3G or UNKNOWN true slotId:1
11-06 00:40:07.235  2606  3045 I SmartDualCardSM: isSlaveCardNetworkBad return true,mIsSignalStengthPoors =true,mNetworkType=1,mDownlinkSpeedLimits=1048576,mDataRoaming=false
11-06 00:40:07.235  2606  3045 E FourNetCombinationChr: getNetworkQoeInfo failed, qoeTcpDataOpt is null
11-06 00:40:07.252  1717  1895 I chatty  : uid=1000(system) android.ui expire 2 lines
11-06 00:40:07.252  2295 27101 D HwCommandQueue: CommandQueue, set Launcher StatusBar Color
11-06 00:40:07.253  1717  2042 I chatty  : uid=1000(system) Binder:1717_3 expire 10 lines
11-06 00:40:07.466  1717  1898 I chatty  : uid=1000(system) android.anim expire 1 line
11-06 00:40:07.777  2663  2663 I chatty  : uid=1001(radio) com.android.phone expire 1 line
11-06 00:40:07.777  2663  3960 I chatty  : uid=1001(radio) VoiceManager-0 expire 4 lines
11-06 00:40:07.986  1717  2740 I chatty  : uid=1000(system) Binder:1717_B expire 5 lines
11-06 00:40:08.262  2606  3045 E Booster_NetworkQoeChr: [startTcpStackInfoStaticForChr]startTcpStackInfoStaticForChr failed, qoeTcpDataOpt is null
11-06 00:40:08.262  2606  3045 D NpdcpAliveManager: ro.odm.npdcp_alive_cfg_enable is false
11-06 00:40:08.263  2606  3045 E SmartDualCardSM: isSignalStrengthPoorScreenOn 2/3G or UNKNOWN true slotId:1
11-06 00:40:08.264  2606  3045 E SmartDualCardSM: isSignalStrengthPoorScreenOn 2/3G or UNKNOWN true slotId:1
11-06 00:40:08.264  2606  3045 I SmartDualCardSM: isSlaveCardNetworkBad return true,mIsSignalStengthPoors =true,mNetworkType=1,mDownlinkSpeedLimits=1048576,mDataRoaming=false
11-06 00:40:08.264  2606  3045 E FourNetCombinationChr: getNetworkQoeInfo failed, qoeTcpDataOpt is null
11-06 00:40:09.282  2606  3045 E Booster_NetworkQoeChr: [startTcpStackInfoStaticForChr]startTcpStackInfoStaticForChr failed, qoeTcpDataOpt is null
11-06 00:40:09.282  2606  3045 D NpdcpAliveManager: ro.odm.npdcp_alive_cfg_enable is false
11-06 00:40:09.283  2606  3045 E SmartDualCardSM: isSignalStrengthPoorScreenOn 2/3G or UNKNOWN true slotId:1
11-06 00:40:09.283  2606  3045 E SmartDualCardSM: isSignalStrengthPoorScreenOn 2/3G or UNKNOWN true slotId:1
11-06 00:40:09.283  2606  3045 I SmartDualCardSM: isSlaveCardNetworkBad return true,mIsSignalStengthPoors =true,mNetworkType=1,mDownlinkSpeedLimits=1048576,mDataRoaming=false
11-06 00:40:09.283  2606  3045 E FourNetCombinationChr: getNetworkQoeInfo failed, qoeTcpDataOpt is null
11-06 00:40:10.306  2606  3045 E Booster_NetworkQoeChr: [startTcpStackInfoStaticForChr]startTcpStackInfoStaticForChr failed, qoeTcpDataOpt is null
11-06 00:40:10.306  2606  3045 D NpdcpAliveManager: ro.odm.npdcp_alive_cfg_enable is false
11-06 00:40:10.307  2606  3045 E SmartDualCardSM: isSignalStrengthPoorScreenOn 2/3G or UNKNOWN true slotId:1
11-06 00:40:10.307  2606  3045 E SmartDualCardSM: isSignalStrengthPoorScreenOn 2/3G or UNKNOWN true slotId:1
11-06 00:40:10.307  2606  3045 I SmartDualCardSM: isSlaveCardNetworkBad return true,mIsSignalStengthPoors =true,mNetworkType=1,mDownlinkSpeedLimits=1048576,mDataRoaming=false
11-06 00:40:10.307  2606  3045 E FourNetCombinationChr: getNetworkQoeInfo failed, qoeTcpDataOpt is null
11-06 00:40:10.562  1717  3404 I chatty  : uid=1000(system) Binder:1717_14 expire 2 lines
11-06 00:40:10.716  2663  2663 I chatty  : uid=1001(radio) com.android.phone expire 1 line
11-06 00:40:10.718  2606  3045 I PreDnsQuery: No need to handled!
11-06 00:40:10.718  2663  3974 I chatty  : uid=1001(radio) VoiceManager-5 expire 5 lines
11-06 00:40:10.719  2606  3045 E SmartDualCardSM: isSignalStrengthPoorScreenOn 2/3G or UNKNOWN true slotId:1
11-06 00:40:10.719  2606  3045 I SmartDualCardSM: IdleState:got msg.what=EVENT_UMTS_RSCP_CHANGED
11-06 00:40:11.330  2606  3045 E Booster_NetworkQoeChr: [startTcpStackInfoStaticForChr]startTcpStackInfoStaticForChr failed, qoeTcpDataOpt is null
11-06 00:40:11.330  2606  3045 D NpdcpAliveManager: ro.odm.npdcp_alive_cfg_enable is false
11-06 00:40:11.331  2606  3045 E SmartDualCardSM: isSignalStrengthPoorScreenOn 2/3G or UNKNOWN true slotId:1
11-06 00:40:11.331  2606  3045 E SmartDualCardSM: isSignalStrengthPoorScreenOn 2/3G or UNKNOWN true slotId:1
11-06 00:40:11.331  2606  3045 I SmartDualCardSM: isSlaveCardNetworkBad return true,mIsSignalStengthPoors =true,mNetworkType=1,mDownlinkSpeedLimits=1048576,mDataRoaming=false
11-06 00:40:11.331  2606  3045 E FourNetCombinationChr: getNetworkQoeInfo failed, qoeTcpDataOpt is null
11-06 00:40:12.357  2606  3045 E Booster_NetworkQoeChr: [startTcpStackInfoStaticForChr]startTcpStackInfoStaticForChr failed, qoeTcpDataOpt is null
11-06 00:40:12.358  2606  3045 D NpdcpAliveManager: ro.odm.npdcp_alive_cfg_enable is false
11-06 00:40:12.358  2606  3045 E SmartDualCardSM: isSignalStrengthPoorScreenOn 2/3G or UNKNOWN true slotId:1
11-06 00:40:12.359  2606  3045 E SmartDualCardSM: isSignalStrengthPoorScreenOn 2/3G or UNKNOWN true slotId:1
11-06 00:40:12.359  2606  3045 I SmartDualCardSM: isSlaveCardNetworkBad return true,mIsSignalStengthPoors =true,mNetworkType=1,mDownlinkSpeedLimits=1048576,mDataRoaming=false
11-06 00:40:12.359  2606  3045 E FourNetCombinationChr: getNetworkQoeInfo failed, qoeTcpDataOpt is null
11-06 00:40:13.378  2606  3045 E Booster_NetworkQoeChr: [startTcpStackInfoStaticForChr]startTcpStackInfoStaticForChr failed, qoeTcpDataOpt is null
11-06 00:40:13.378  2606  3045 D NpdcpAliveManager: ro.odm.npdcp_alive_cfg_enable is false
11-06 00:40:13.379  2606  3045 E SmartDualCardSM: isSignalStrengthPoorScreenOn 2/3G or UNKNOWN true slotId:1
11-06 00:40:13.379  2606  3045 E SmartDualCardSM: isSignalStrengthPoorScreenOn 2/3G or UNKNOWN true slotId:1
11-06 00:40:13.379  2606  3045 I SmartDualCardSM: isSlaveCardNetworkBad return true,mIsSignalStengthPoors =true,mNetworkType=1,mDownlinkSpeedLimits=1048576,mDataRoaming=false
11-06 00:40:13.380  2606  3045 E FourNetCombinationChr: getNetworkQoeInfo failed, qoeTcpDataOpt is null
11-06 00:40:13.423  1717  1961 I chatty  : uid=1000(system) PowerManagerSer expire 15 lines
11-06 00:40:13.778  2663  2663 I chatty  : uid=1001(radio) com.android.phone expire 1 line
11-06 00:40:13.780  2663  3960 I chatty  : uid=1001(radio) VoiceManager-0 expire 4 lines
11-06 00:40:14.065  2606  3045 E SmartDualCardSM: isSignalStrengthPoorScreenOn 2/3G or UNKNOWN true slotId:1
11-06 00:40:14.065  2606  3045 I SmartDualCardSM: IdleState:got msg.what=EVENT_UMTS_RSCP_CHANGED
11-06 00:40:14.068  2663  2663 I chatty  : uid=1001(radio) com.android.phone expire 1 line
11-06 00:40:14.068  2663  3974 I chatty  : uid=1001(radio) VoiceManager-5 expire 4 lines
11-06 00:40:14.069  2606  3045 I PreDnsQuery: No need to handled!
11-06 00:40:14.402  2606  3045 E Booster_NetworkQoeChr: [startTcpStackInfoStaticForChr]startTcpStackInfoStaticForChr failed, qoeTcpDataOpt is null
11-06 00:40:14.402  2606  3045 D NpdcpAliveManager: ro.odm.npdcp_alive_cfg_enable is false
11-06 00:40:14.403  2606  3045 E SmartDualCardSM: isSignalStrengthPoorScreenOn 2/3G or UNKNOWN true slotId:1
11-06 00:40:14.403  2606  3045 E SmartDualCardSM: isSignalStrengthPoorScreenOn 2/3G or UNKNOWN true slotId:1
11-06 00:40:14.403  2606  3045 I SmartDualCardSM: isSlaveCardNetworkBad return true,mIsSignalStengthPoors =true,mNetworkType=1,mDownlinkSpeedLimits=1048576,mDataRoaming=false
