11-06 00:48:20.459  2663  5520 E Telephony-accessory: [HwPhoneAccessoryService]:Failed to get instance of HwPhoneAccessoryService, not init yet.
11-06 00:48:20.459  2663  2663 E Telephony-accessory: [HwPhoneAccessoryService]:Failed to get instance of HwPhoneAccessoryService, not init yet.
11-06 00:48:20.459  2663  3869 E Telephony-accessory: [HwPhoneAccessoryService]:Failed to get instance of HwPhoneAccessoryService, not init yet.
11-06 00:48:20.459  2663  5178 E Telephony-accessory: [HwPhoneAccessoryService]:Failed to get instance of HwPhoneAccessoryService, not init yet.
11-06 00:48:20.459  2663  2663 D Mapcon  : TelephonyTracker: [onSignalStrengthsChanged]phoneId=0, level=4
11-06 00:48:20.459  2606  2606 D TelephonyUtil: onSignalStrengthsChanged
11-06 00:48:20.459  2663  2663 E Telephony-accessory: [HwPhoneAccessoryService]:Failed to get instance of HwPhoneAccessoryService, not init yet.
11-06 00:48:20.459  2606  2606 D TelephonyUtil: handleSignalStrengthsChanged slotId:0
11-06 00:48:20.460  2663  3960 D Mapcon  : VoiceManager-0-PrepareState: [a]MsgIdEnum=MAPCON_MESSAGE_TM_CMD_SIGNAL_STRENGTH_CHANED_IND
11-06 00:48:20.460  2663  3960 I chatty  : uid=1001(radio) VoiceManager-0 identical 1 line
11-06 00:48:20.460  2663  3960 D Mapcon  : VoiceManager-0-PrepareState: [a]MsgIdEnum=MAPCON_MESSAGE_TM_CMD_SIGNAL_STRENGTH_CHANED_IND
11-06 00:48:20.460  2663  3960 D Mapcon  : VoiceManager-0-DefaultState: [a]MsgIdEnum=MAPCON_MESSAGE_TM_CMD_SIGNAL_STRENGTH_CHANED_IND
11-06 00:48:20.460  2663  3960 D Mapcon  : VoiceManager-0-DefaultState: [a]MsgIdEnum=MAPCON_MESSAGE_TM_CMD_SIGNAL_STRENGTH_CHANED_IND
11-06 00:48:20.460  2663  3869 E Telephony-accessory: [HwPhoneAccessoryService]:Failed to get instance of HwPhoneAccessoryService, not init yet.
11-06 00:48:20.461  2663  3869 E Telephony-accessory: [HwPhoneAccessoryService]:Failed to get instance of HwPhoneAccessoryService, not init yet.
11-06 00:48:20.472  2404  2404 D HWUCD_TextureGLSurfaceView: onSensorChanged current x : 0.217800, y : 0.179700
11-06 00:48:20.493  2404  2404 D HWUCD_TextureGLSurfaceView: onSensorChanged current x : 0.218000, y : 0.179800
11-06 00:48:20.498  2295  2660 D NetworkController.MobileSignalController(0_1): mSimSubId:1 onDataActivity: direction=0
11-06 00:48:20.498  2295  2660 I MobileSignalController: copyFrom::dataConnected = true
11-06 00:48:20.498  2295  2660 I MobileSignalController: copyFrom::dataConnected = true
11-06 00:48:20.512  2404  2404 D HWUCD_TextureGLSurfaceView: onSensorChanged current x : 0.218000, y : 0.179300
11-06 00:48:20.514  1717  2143 I chatty  : uid=1000(system) ClientModeImpl expire 5 lines
11-06 00:48:20.514  1717  1961 I PowerManagerService: handleSandman: wakefulness: 1,startDreaming: false
11-06 00:48:20.517  1717  1961 I PowerManagerService: handleSandman: wakefulness: 1,startDreaming: false
11-06 00:48:20.522  2549  2549 I wpa_supplicant: nl80211: Drv Event 33 (NL80211_CMD_TRIGGER_SCAN) received for wlan0
11-06 00:48:20.523  2549  2549 I wpa_supplicant: wlan0: External program started a scan
11-06 00:48:20.532  2404  2404 D HWUCD_TextureGLSurfaceView: onSensorChanged current x : 0.217600, y : 0.179700
11-06 00:48:20.532   729   980 W hwcomposer: setGpuFreqBoost:159: boostGpuFreq release !
11-06 00:48:20.540  2550  2841 I NcDftChip: NcChipDftEvent receive:NcChipDftEvent{Id=909009521, Length=0, Flag=65535}
11-06 00:48:20.552  2404  2404 D HWUCD_TextureGLSurfaceView: onSensorChanged current x : 0.216900, y : 0.179600
11-06 00:48:20.572  2404  2404 D HWUCD_TextureGLSurfaceView: onSensorChanged current x : 0.216100, y : 0.180000
11-06 00:48:20.592  2404  2404 D HWUCD_TextureGLSurfaceView: onSensorChanged current x : 0.216100, y : 0.180200
11-06 00:48:20.612  2404  2404 D HWUCD_TextureGLSurfaceView: onSensorChanged current x : 0.216000, y : 0.180300
11-06 00:48:20.632  2404  2404 D HWUCD_TextureGLSurfaceView: onSensorChanged current x : 0.216000, y : 0.180100
11-06 00:48:20.652  2404  2404 D HWUCD_TextureGLSurfaceView: onSensorChanged current x : 0.216300, y : 0.180000
11-06 00:48:20.655   729   980 W hwcomposer: setGpuFreqBoost:154: boostGpuFreq succ !
11-06 00:48:20.672  2404  2404 D HWUCD_TextureGLSurfaceView: onSensorChanged current x : 0.216800, y : 0.180500
11-06 00:48:20.692  2404  2404 D HWUCD_TextureGLSurfaceView: onSensorChanged current x : 0.217200, y : 0.181700
11-06 00:48:20.712  2404  2404 D HWUCD_TextureGLSurfaceView: onSensorChanged current x : 0.217100, y : 0.182300
11-06 00:48:20.732  2404  2404 D HWUCD_TextureGLSurfaceView: onSensorChanged current x : 0.216600, y : 0.182100
11-06 00:48:20.752  2404  2404 D HWUCD_TextureGLSurfaceView: onSensorChanged current x : 0.215800, y : 0.181700
11-06 00:48:20.772  2404  2404 D HWUCD_TextureGLSurfaceView: onSensorChanged current x : 0.215600, y : 0.181100
11-06 00:48:20.792  2404  2404 D HWUCD_TextureGLSurfaceView: onSensorChanged current x : 0.215700, y : 0.181400
11-06 00:48:20.812  2404  2404 D HWUCD_TextureGLSurfaceView: onSensorChanged current x : 0.215600, y : 0.182300
11-06 00:48:20.832  2404  2404 D HWUCD_TextureGLSurfaceView: onSensorChanged current x : 0.215900, y : 0.182800
11-06 00:48:20.849   729   980 W hwcomposer: setGpuFreqBoost:159: boostGpuFreq release !
11-06 00:48:20.852  2404  2404 D HWUCD_TextureGLSurfaceView: onSensorChanged current x : 0.216300, y : 0.183000
11-06 00:48:20.873  2404  2404 D HWUCD_TextureGLSurfaceView: onSensorChanged current x : 0.216400, y : 0.182800
11-06 00:48:20.892  2404  2404 D HWUCD_TextureGLSurfaceView: onSensorChanged current x : 0.216400, y : 0.183000
11-06 00:48:20.912  2404  2404 D HWUCD_TextureGLSurfaceView: onSensorChanged current x : 0.216100, y : 0.183500
11-06 00:48:20.932  2404  2404 D HWUCD_TextureGLSurfaceView: onSensorChanged current x : 0.216100, y : 0.183800
11-06 00:48:20.952  2404  2404 D HWUCD_TextureGLSurfaceView: onSensorChanged current x : 0.216100, y : 0.184300
11-06 00:48:20.971   729   980 W hwcomposer: setGpuFreqBoost:154: boostGpuFreq succ !
11-06 00:48:20.972  2404  2404 D HWUCD_TextureGLSurfaceView: onSensorChanged current x : 0.216600, y : 0.184400
11-06 00:48:20.992  2404  2404 D HWUCD_TextureGLSurfaceView: onSensorChanged current x : 0.217300, y : 0.184700
11-06 00:48:21.012  2404  2404 D HWUCD_TextureGLSurfaceView: onSensorChanged current x : 0.217800, y : 0.184800
11-06 00:48:21.032  2404  2404 D HWUCD_TextureGLSurfaceView: onSensorChanged current x : 0.218100, y : 0.184400
11-06 00:48:21.052  2404  2404 D HWUCD_TextureGLSurfaceView: onSensorChanged current x : 0.218200, y : 0.184500
11-06 00:48:21.072  2404  2404 D HWUCD_TextureGLSurfaceView: onSensorChanged current x : 0.218000, y : 0.184300
11-06 00:48:21.092  2404  2404 D HWUCD_TextureGLSurfaceView: onSensorChanged current x : 0.217800, y : 0.184500
11-06 00:48:21.112  2404  2404 D HWUCD_TextureGLSurfaceView: onSensorChanged current x : 0.217400, y : 0.184900
11-06 00:48:21.132  2404  2404 D HWUCD_TextureGLSurfaceView: onSensorChanged current x : 0.216600, y : 0.184900
11-06 00:48:21.152  2404  2404 D HWUCD_TextureGLSurfaceView: onSensorChanged current x : 0.216300, y : 0.184500
11-06 00:48:21.172  2404  2404 D HWUCD_TextureGLSurfaceView: onSensorChanged current x : 0.216500, y : 0.184000
11-06 00:48:21.192  2404  2404 D HWUCD_TextureGLSurfaceView: onSensorChanged current x : 0.217500, y : 0.183800
11-06 00:48:21.212  2404  2404 D HWUCD_TextureGLSurfaceView: onSensorChanged current x : 0.218300, y : 0.184600
11-06 00:48:21.232  2404  2404 D HWUCD_TextureGLSurfaceView: onSensorChanged current x : 0.218900, y : 0.186100
11-06 00:48:21.252  2404  2404 D HWUCD_TextureGLSurfaceView: onSensorChanged current x : 0.219000, y : 0.186800
11-06 00:48:21.272  2404  2404 D HWUCD_TextureGLSurfaceView: onSensorChanged current x : 0.218400, y : 0.186200
11-06 00:48:21.292  2404  2404 D HWUCD_TextureGLSurfaceView: onSensorChanged current x : 0.217600, y : 0.185100
11-06 00:48:21.312  2404  2404 D HWUCD_TextureGLSurfaceView: onSensorChanged current x : 0.216800, y : 0.184700
11-06 00:48:21.332  2404  2404 D HWUCD_TextureGLSurfaceView: onSensorChanged current x : 0.216000, y : 0.185000
11-06 00:48:21.352  2404  2404 D HWUCD_TextureGLSurfaceView: onSensorChanged current x : 0.216500, y : 0.185400
11-06 00:48:21.372  2404  2404 D HWUCD_TextureGLSurfaceView: onSensorChanged current x : 0.217000, y : 0.185700
11-06 00:48:21.392  2404  2404 D HWUCD_TextureGLSurfaceView: onSensorChanged current x : 0.217700, y : 0.186200
11-06 00:48:21.412  2404  2404 D HWUCD_TextureGLSurfaceView: onSensorChanged current x : 0.218100, y : 0.186400
11-06 00:48:21.432  2404  2404 D HWUCD_TextureGLSurfaceView: onSensorChanged current x : 0.218400, y : 0.186300
11-06 00:48:21.452  2404  2404 D HWUCD_TextureGLSurfaceView: onSensorChanged current x : 0.218200, y : 0.185600
11-06 00:48:21.472  2404  2404 D HWUCD_TextureGLSurfaceView: onSensorChanged current x : 0.217500, y : 0.185200
11-06 00:48:21.492  2404  2404 D HWUCD_TextureGLSurfaceView: onSensorChanged current x : 0.216900, y : 0.185100
11-06 00:48:21.497  1456  1456 I dex2oat : Large app, accepted running with swap.
11-06 00:48:21.512  2404  2404 D HWUCD_TextureGLSurfaceView: onSensorChanged current x : 0.216500, y : 0.185600
11-06 00:48:21.532  2404  2404 D HWUCD_TextureGLSurfaceView: onSensorChanged current x : 0.216400, y : 0.186400
11-06 00:48:21.552  2404  2404 D HWUCD_TextureGLSurfaceView: onSensorChanged current x : 0.216200, y : 0.186500
11-06 00:48:21.572  2404  2404 D HWUCD_TextureGLSurfaceView: onSensorChanged current x : 0.216300, y : 0.186800
11-06 00:48:21.593  2404  2404 D HWUCD_TextureGLSurfaceView: onSensorChanged current x : 0.216500, y : 0.186700
11-06 00:48:21.612  2404  2404 D HWUCD_TextureGLSurfaceView: onSensorChanged current x : 0.216200, y : 0.186700
11-06 00:48:21.632  2404  2404 D HWUCD_TextureGLSurfaceView: onSensorChanged current x : 0.216500, y : 0.186600
11-06 00:48:21.652  2404  2404 D HWUCD_TextureGLSurfaceView: onSensorChanged current x : 0.217100, y : 0.186900
11-06 00:48:21.672  2404  2404 D HWUCD_TextureGLSurfaceView: onSensorChanged current x : 0.217900, y : 0.186800
11-06 00:48:21.692  2404  2404 D HWUCD_TextureGLSurfaceView: onSensorChanged current x : 0.218400, y : 0.187100
11-06 00:48:21.712  2404  2404 D HWUCD_TextureGLSurfaceView: onSensorChanged current x : 0.217900, y : 0.187200
11-06 00:48:21.732  2404  2404 D HWUCD_TextureGLSurfaceView: onSensorChanged current x : 0.217200, y : 0.187100
11-06 00:48:21.749   729   980 W hwcomposer: setGpuFreqBoost:159: boostGpuFreq release !
11-06 00:48:21.752  2404  2404 D HWUCD_TextureGLSurfaceView: onSensorChanged current x : 0.217000, y : 0.187600
11-06 00:48:21.772  2404  2404 D HWUCD_TextureGLSurfaceView: onSensorChanged current x : 0.217400, y : 0.187600
11-06 00:48:21.793  2404  2404 D HWUCD_TextureGLSurfaceView: onSensorChanged current x : 0.217800, y : 0.187600
11-06 00:48:21.812  2404  2404 D HWUCD_TextureGLSurfaceView: onSensorChanged current x : 0.217200, y : 0.188300
11-06 00:48:21.832  2404  2404 D HWUCD_TextureGLSurfaceView: onSensorChanged current x : 0.217500, y : 0.188400
11-06 00:48:21.852  2404  2404 D HWUCD_TextureGLSurfaceView: onSensorChanged current x : 0.217900, y : 0.188600
11-06 00:48:21.872  2404  2404 D HWUCD_TextureGLSurfaceView: onSensorChanged current x : 0.218800, y : 0.188400
11-06 00:48:21.874   729   980 W hwcomposer: setGpuFreqBoost:154: boostGpuFreq succ !
11-06 00:48:21.893  2404  2404 D HWUCD_TextureGLSurfaceView: onSensorChanged current x : 0.219800, y : 0.188400
11-06 00:48:21.912  2404  2404 D HWUCD_TextureGLSurfaceView: onSensorChanged current x : 0.220100, y : 0.188500
11-06 00:48:21.932  2404  2404 D HWUCD_TextureGLSurfaceView: onSensorChanged current x : 0.220200, y : 0.188600
11-06 00:48:21.953  2404  2404 D HWUCD_TextureGLSurfaceView: onSensorChanged current x : 0.219700, y : 0.188500
11-06 00:48:21.957  1033  1033 E Thermal-daemon:hw_thermal: [pa_0] tempNew :41  tempOld :40
11-06 00:48:21.958  1033  1033 E Thermal-daemon:hw_thermal: Report temperature: [pa_0] temp :41  reportThreshold:1
11-06 00:48:21.958  1033  1033 E Thermal-daemon:hw_thermal: [ap] tempNew :41  tempOld :40
11-06 00:48:21.959  1033  1033 E Thermal-daemon:hw_thermal: Report temperature: [ap] temp :41  reportThreshold:1
11-06 00:48:21.973  2404  2404 D HWUCD_TextureGLSurfaceView: onSensorChanged current x : 0.219700, y : 0.188500
11-06 00:48:21.992  2663  3906 E Telephony-accessory: [HwPhoneAccessoryService]:Failed to get instance of HwPhoneAccessoryService, not init yet.
11-06 00:48:21.992  2606  2606 D TelephonyUtil: onSignalStrengthsChanged
11-06 00:48:21.992  2663  3495 E Telephony-accessory: [HwPhoneAccessoryService]:Failed to get instance of HwPhoneAccessoryService, not init yet.
11-06 00:48:21.992  2606  2606 D TelephonyUtil: handleSignalStrengthsChanged slotId:1
11-06 00:48:21.993  2663  3495 E Telephony-accessory: [HwPhoneAccessoryService]:Failed to get instance of HwPhoneAccessoryService, not init yet.
11-06 00:48:21.993  2663  5178 E Telephony-accessory: [HwPhoneAccessoryService]:Failed to get instance of HwPhoneAccessoryService, not init yet.
11-06 00:48:21.993  2663  3869 E Telephony-accessory: [HwPhoneAccessoryService]:Failed to get instance of HwPhoneAccessoryService, not init yet.
11-06 00:48:21.994  2663  2663 E Telephony-accessory: [HwPhoneAccessoryService]:Failed to get instance of HwPhoneAccessoryService, not init yet.
11-06 00:48:21.994  2404  2404 D HWUCD_TextureGLSurfaceView: onSensorChanged current x : 0.219800, y : 0.188300
11-06 00:48:21.994  2663  5178 E Telephony-accessory: [HwPhoneAccessoryService]:Failed to get instance of HwPhoneAccessoryService, not init yet.
11-06 00:48:21.994  2663  3869 E Telephony-accessory: [HwPhoneAccessoryService]:Failed to get instance of HwPhoneAccessoryService, not init yet.
11-06 00:48:21.994  2663  5178 E Telephony-accessory: [HwPhoneAccessoryService]:Failed to get instance of HwPhoneAccessoryService, not init yet.
11-06 00:48:21.995  2663  2663 E Telephony-accessory: [HwPhoneAccessoryService]:Failed to get instance of HwPhoneAccessoryService, not init yet.
11-06 00:48:21.995  2663  5178 E Telephony-accessory: [HwPhoneAccessoryService]:Failed to get instance of HwPhoneAccessoryService, not init yet.
11-06 00:48:21.996  2663  2663 D Mapcon  : TelephonyTracker: [onSignalStrengthsChanged]phoneId=1, level=5
11-06 00:48:21.996  2663  2663 E Telephony-accessory: [HwPhoneAccessoryService]:Failed to get instance of HwPhoneAccessoryService, not init yet.
11-06 00:48:21.996  2663  5178 E Telephony-accessory: [HwPhoneAccessoryService]:Failed to get instance of HwPhoneAccessoryService, not init yet.
11-06 00:48:21.996  2663  3974 D Mapcon  : VoiceManager-5-PrepareState: [a]MsgIdEnum=MAPCON_MESSAGE_TM_CMD_SIGNAL_STRENGTH_CHANED_IND
11-06 00:48:21.997  2663  3974 D Mapcon  : VoiceManager-5-PrepareState: [a]MsgIdEnum=MAPCON_MESSAGE_TM_CMD_SIGNAL_STRENGTH_CHANED_IND
11-06 00:48:21.997  2606  3045 I PreDnsQuery: No need to handled!
11-06 00:48:21.997  2663  3974 D Mapcon  : VoiceManager-5-PrepareState: [a]MsgIdEnum=MAPCON_MESSAGE_TM_CMD_SIGNAL_STRENGTH_CHANED_IND
11-06 00:48:21.997  2606  3045 I OllieMsgCenter: publishEvt=2131099740
11-06 00:48:21.997  2663  3974 D Mapcon  : VoiceManager-5-DefaultState: [a]MsgIdEnum=MAPCON_MESSAGE_TM_CMD_SIGNAL_STRENGTH_CHANED_IND
11-06 00:48:21.997  2663  3974 D Mapcon  : VoiceManager-5-DefaultState: [a]MsgIdEnum=MAPCON_MESSAGE_TM_CMD_SIGNAL_STRENGTH_CHANED_IND
11-06 00:48:21.997  2663  3869 E Telephony-accessory: [HwPhoneAccessoryService]:Failed to get instance of HwPhoneAccessoryService, not init yet.
11-06 00:48:21.997  2606  3045 E SmartDualCardSM: isSignalStrengthPoorScreenOn 2/3G or UNKNOWN true slotId:1
11-06 00:48:21.998  2606  3045 I SmartDualCardSM: IdleState:got msg.what=EVENT_UMTS_RSCP_CHANGED
11-06 00:48:21.998   681 14347 I OemNetd : setNetBoosterRsrpRsrq(-103, -1)
11-06 00:48:21.998  1717 13463 I HwNetworkManagementService: setNetBoosterRsrpRsrq succeeded
11-06 00:48:21.998  2663  3495 E Telephony-accessory: [HwPhoneAccessoryService]:Failed to get instance of HwPhoneAccessoryService, not init yet.
11-06 00:48:22.011  2641  3419 I chatty  : uid=1000(system) core expire 2 lines
11-06 00:48:22.012  2404  2404 D HWUCD_TextureGLSurfaceView: onSensorChanged current x : 0.219500, y : 0.188600
11-06 00:48:22.032  2404  2404 D HWUCD_TextureGLSurfaceView: onSensorChanged current x : 0.219400, y : 0.188700
11-06 00:48:22.051  1717  1961 I PowerManagerService: handleSandman: wakefulness: 1,startDreaming: false
11-06 00:48:22.053  2404  2404 D HWUCD_TextureGLSurfaceView: onSensorChanged current x : 0.219000, y : 0.188400
11-06 00:48:22.055  1717  1717 I JobScheduler.Time: realNextDelayExpiredElapsedMillis: 3397687595 mNextDelayExpiredElapsedMillis:3397687595
11-06 00:48:22.056  1717  1961 I PowerManagerService: handleSandman: wakefulness: 1,startDreaming: false
11-06 00:48:22.059  1717  1717 I JobScheduler: pending queue: 1 jobs.
11-06 00:48:22.059  1717  1717 I JobScheduler: About to run job on context 0, job: JobStatus{ddbc63d #u0a172/9821 com.android.vending/com.google.android.finsky.scheduler.process.mainimpl.PhoneskyJobServiceMain u=0 s=10172 TIME=-9ms:+21h7m14s928ms NET READY}
11-06 00:48:22.061  2663  2663 E Telephony-accessory: [HwPhoneAccessoryService]:Failed to get instance of HwPhoneAccessoryService, not init yet.
11-06 00:48:22.061  2663  2663 E Telephony-accessory: [HwPhoneAccessoryService]:Failed to get instance of HwPhoneAccessoryService, not init yet.
11-06 00:48:22.073  2404  2404 D HWUCD_TextureGLSurfaceView: onSensorChanged current x : 0.218800, y : 0.188000
11-06 00:48:22.085   762 20424 D AudioPolicyService: getUidState(10172) cacheIter->second.first, return cacheIter->second.second(20)
11-06 00:48:22.087  1717  1717 I JobServiceContext: APP response begin time, startJob due to preemption. jobid:9821
11-06 00:48:22.087  1717  1961 I PowerManagerService: handleSandman: wakefulness: 1,startDreaming: false
11-06 00:48:22.088 22198 22198 I Finsky  : [1] SCH: job service start with id 9821.
11-06 00:48:22.089  1717  3088 I JobServiceContext: APP response end time startJob.
11-06 00:48:22.093  2404  2404 D HWUCD_TextureGLSurfaceView: onSensorChanged current x : 0.218800, y : 0.187500
11-06 00:48:22.098 22198 32698 I Finsky  : [77901] SCH: Satisfied jobs for 9821 are: 12-1
11-06 00:48:22.099 22198  1464 I Finsky  : [77913] SCH: Job 12-1 starting
11-06 00:48:22.100  2550  2841 I NcDftChip: NcChipDftEvent receive:NcChipDftEvent{Id=909003002, Length=16, Flag=0}
11-06 00:48:22.100  1717  3088 I chatty  : uid=1000(system) Binder:1717_10 expire 2 lines
11-06 00:48:22.100 22198 22198 I Finsky  : [1] WM::SCH: Logging work start for 12-1
11-06 00:48:22.101 22198 22198 I Finsky  : [1] [ContentSync] job started
11-06 00:48:22.102  1717  1892 D UsbDeviceManager: netStatus is: truenetName is: wlan0
11-06 00:48:22.102  2549  2549 I wpa_supplicant: nl80211: Drv Event 34 (NL80211_CMD_NEW_SCAN_RESULTS) received for wlan0
11-06 00:48:22.103  2549  2549 I wpa_supplicant: nl80211: Scan probed for SSID ''
11-06 00:48:22.103  2549  2549 I wpa_supplicant: nl80211: Scan included frequencies: 2412 2417 2422 2427 2432 2437 2442 2447 2452 2457 2462 2467 2472 5180 5200 5220 5240 5260 5280 5300 5320 5660 5680 5700 5745 5765 5785 5805 5825
11-06 00:48:22.103  1717  1892 I chatty  : uid=1000(system) android.fg expire 2 lines
11-06 00:48:22.105  2549  2549 I wpa_supplicant: nl80211: Received scan results (25 BSSes)
11-06 00:48:22.105   681 14347 I netd    : interfaceGetCfg("wlan0") <1.55ms>
11-06 00:48:22.106  2549  2549 I wpa_supplicant: BSS: last_scan_res_used=25/128
11-06 00:48:22.106  2549  2549 I wpa_supplicant: wlan0: New scan results available (own=0 ext=1)
11-06 00:48:22.108  2549  2549 I wpa_supplicant: nl80211: Received scan results (25 BSSes)
11-06 00:48:22.109  2549  2549 I wpa_supplicant: BSS: last_scan_res_used=25/128
11-06 00:48:22.109  2549  2549 I wpa_supplicant: p2p0: New scan results available (own=0 ext=1)
11-06 00:48:22.111  1717  2153 I chatty  : uid=1000(system) WifiScanningSer expire 36 lines
11-06 00:48:22.112  2404  2404 D HWUCD_TextureGLSurfaceView: onSensorChanged current x : 0.218800, y : 0.186500
11-06 00:48:22.112  2550  2830 I HotspotComponent: handleChipEvent
11-06 00:48:22.113  2550  2830 D iMonitor: create: 909003002
11-06 00:48:22.113  2550  2830 I iMonitor: send: 909003002
11-06 00:48:22.113  2550  2830 D iMonitor: create: 909003002
11-06 00:48:22.113  2550  2830 I iMonitor: send: 909003002
11-06 00:48:22.132  2404  2404 D HWUCD_TextureGLSurfaceView: onSensorChanged current x : 0.218500, y : 0.185900
11-06 00:48:22.138  1456  1462 W dex2oat : Accessing hidden method Landroid/view/WindowInsetsAnimationController;->getCurrentInsets()Landroid/graphics/Insets; (blacklist, linking, denied)
11-06 00:48:22.138  1456  1462 W dex2oat : Accessing hidden method Landroid/view/View;->getWindowInsetsController()Landroid/view/WindowInsetsController; (blacklist, linking, denied)
11-06 00:48:22.140  1456  1462 W dex2oat : Accessing hidden method Landroid/view/WindowInsetsAnimationController;->getHiddenStateInsets()Landroid/graphics/Insets; (blacklist, linking, denied)
11-06 00:48:22.140  1456  1462 W dex2oat : Accessing hidden method Landroid/view/WindowInsetsAnimationController;->getShownStateInsets()Landroid/graphics/Insets; (blacklist, linking, denied)
11-06 00:48:22.149 12286 12307 I NullBinder: NullBinder for android.net.action.RECOMMEND_NETWORKS triggering remote TransactionTooLargeException due to Service without Chimera impl, calling uid: 1000, calling pid: 0
11-06 00:48:22.152  2404  2404 D HWUCD_TextureGLSurfaceView: onSensorChanged current x : 0.218500, y : 0.184900
11-06 00:48:22.172  2404  2404 D HWUCD_TextureGLSurfaceView: onSensorChanged current x : 0.219000, y : 0.183900
11-06 00:48:22.192  2404  2404 D HWUCD_TextureGLSurfaceView: onSensorChanged current x : 0.219000, y : 0.183000
11-06 00:48:22.212 12286 12286 D BoundBrokerSvc: onUnbind: Intent { act=com.google.android.gms.presencemanager.service.START dat=chimera-action: cmp=com.google.android.gms/.chimera.PersistentApiService }
11-06 00:48:22.212  2404  2404 D HWUCD_TextureGLSurfaceView: onSensorChanged current x : 0.218700, y : 0.183000
11-06 00:48:22.221 12286 12286 D BoundBrokerSvc: onUnbind: Intent { act=com.google.android.gms.presencemanager.service.INTERNAL_IDENTITY dat=chimera-action: cmp=com.google.android.gms/.chimera.PersistentApiService }
11-06 00:48:22.232  2404  2404 D HWUCD_TextureGLSurfaceView: onSensorChanged current x : 0.218200, y : 0.183600
11-06 00:48:22.253  2404  2404 D HWUCD_TextureGLSurfaceView: onSensorChanged current x : 0.217900, y : 0.184600
11-06 00:48:22.272  2404  2404 D HWUCD_TextureGLSurfaceView: onSensorChanged current x : 0.218100, y : 0.185000
11-06 00:48:22.293  2404  2404 D HWUCD_TextureGLSurfaceView: onSensorChanged current x : 0.218200, y : 0.185300
11-06 00:48:22.312  2404  2404 D HWUCD_TextureGLSurfaceView: onSensorChanged current x : 0.218300, y : 0.185500
11-06 00:48:22.332  2404  2404 D HWUCD_TextureGLSurfaceView: onSensorChanged current x : 0.218400, y : 0.185300
11-06 00:48:22.352  2404  2404 D HWUCD_TextureGLSurfaceView: onSensorChanged current x : 0.218300, y : 0.185100
11-06 00:48:22.372  2404  2404 D HWUCD_TextureGLSurfaceView: onSensorChanged current x : 0.218200, y : 0.184500
11-06 00:48:22.393  2404  2404 D HWUCD_TextureGLSurfaceView: onSensorChanged current x : 0.218500, y : 0.184600
11-06 00:48:22.412  2404  2404 D HWUCD_TextureGLSurfaceView: onSensorChanged current x : 0.218600, y : 0.184800
11-06 00:48:22.432  2404  2404 D HWUCD_TextureGLSurfaceView: onSensorChanged current x : 0.218300, y : 0.185100
11-06 00:48:22.452  2404  2404 D HWUCD_TextureGLSurfaceView: onSensorChanged current x : 0.218100, y : 0.185900
11-06 00:48:22.472  2404  2404 D HWUCD_TextureGLSurfaceView: onSensorChanged current x : 0.218200, y : 0.186000
11-06 00:48:22.493  2404  2404 D HWUCD_TextureGLSurfaceView: onSensorChanged current x : 0.218200, y : 0.185900
11-06 00:48:22.493  1456  1456 W dex2oat : Accessing hidden method Landroid/view/View;->getWindowInsetsController()Landroid/view/WindowInsetsController; (blacklist, linking, denied)
11-06 00:48:22.493  1456  1456 W dex2oat : Accessing hidden method Landroid/view/WindowInsets$Type;->ime()I (blacklist, linking, denied)
11-06 00:48:22.493  1456  1456 W dex2oat : Accessing hidden method Landroid/view/WindowInsetsController;->show(I)V (blacklist, linking, denied)
11-06 00:48:22.494  1456  1456 W dex2oat : Accessing hidden method Landroid/view/View;->getWindowInsetsController()Landroid/view/WindowInsetsController; (blacklist, linking, denied)
11-06 00:48:22.494  1456  1456 W dex2oat : Accessing hidden method Landroid/view/WindowInsets$Type;->ime()I (blacklist, linking, denied)
11-06 00:48:22.494  1456  1456 W dex2oat : Accessing hidden method Landroid/view/WindowInsetsController;->show(I)V (blacklist, linking, denied)
11-06 00:48:22.512  2404  2404 D HWUCD_TextureGLSurfaceView: onSensorChanged current x : 0.218500, y : 0.185700
11-06 00:48:22.532  2404  2404 D HWUCD_TextureGLSurfaceView: onSensorChanged current x : 0.218200, y : 0.186100
11-06 00:48:22.552  2404  2404 D HWUCD_TextureGLSurfaceView: onSensorChanged current x : 0.218500, y : 0.186200
11-06 00:48:22.572  2404  2404 D HWUCD_TextureGLSurfaceView: onSensorChanged current x : 0.218900, y : 0.186000
11-06 00:48:22.593  2404  2404 D HWUCD_TextureGLSurfaceView: onSensorChanged current x : 0.219000, y : 0.186100
11-06 00:48:22.612  2404  2404 D HWUCD_TextureGLSurfaceView: onSensorChanged current x : 0.219000, y : 0.186100
11-06 00:48:22.615   762 20424 D AudioPolicyService: getUidState(10166) cacheIter->second.first, return cacheIter->second.second(6)
11-06 00:48:22.619  1456  1456 W dex2oat : Accessing hidden method Landroid/graphics/Canvas;->drawPatch(Landroid/graphics/NinePatch;Landroid/graphics/Rect;Landroid/graphics/Paint;)V (greylist-max-o, linking, denied)
11-06 00:48:22.620  1456  1456 W dex2oat : Accessing hidden method Landroid/graphics/Canvas;->drawPatch(Landroid/graphics/NinePatch;Landroid/graphics/RectF;Landroid/graphics/Paint;)V (greylist-max-o, linking, denied)
11-06 00:48:22.621   762 20424 D AudioPolicyService: getUidState(10166) cacheIter->second.first, return cacheIter->second.second(11)
11-06 00:48:22.632  2404  2404 D HWUCD_TextureGLSurfaceView: onSensorChanged current x : 0.219000, y : 0.186200
11-06 00:48:22.634  1456  1462 W dex2oat : Accessing hidden method Landroid/icu/number/NumberFormatter;->with()Landroid/icu/number/UnlocalizedNumberFormatter; (blacklist, linking, denied)
11-06 00:48:22.635  1456  1462 W dex2oat : Accessing hidden method Landroid/icu/number/NumberFormatterSettings;->unit(Landroid/icu/util/MeasureUnit;)Landroid/icu/number/NumberFormatterSettings; (blacklist, linking, denied)
11-06 00:48:22.635  1456  1462 W dex2oat : Accessing hidden method Landroid/icu/number/UnlocalizedNumberFormatter;->locale(Ljava/util/Locale;)Landroid/icu/number/LocalizedNumberFormatter; (blacklist, linking, denied)
11-06 00:48:22.635  1456  1462 W dex2oat : Accessing hidden method Landroid/icu/number/LocalizedNumberFormatter;->format(J)Landroid/icu/number/FormattedNumber; (blacklist, linking, denied)
11-06 00:48:22.637  1456  1463 W dex2oat : Accessing hidden method Landroid/view/WindowInsets$Type;->ime()I (blacklist, linking, denied)
11-06 00:48:22.638  1456  1463 W dex2oat : Accessing hidden method Landroid/view/WindowInsetsAnimationController;->getTypes()I (blacklist, linking, denied)
11-06 00:48:22.638  1456  1463 W dex2oat : Accessing hidden method Landroid/view/WindowInsets$Builder;->setInsets(ILandroid/graphics/Insets;)Landroid/view/WindowInsets$Builder; (blacklist, linking, denied)
11-06 00:48:22.638  1456  1463 W dex2oat : Accessing hidden method Landroid/view/WindowInsets$Builder;->setVisible(IZ)Landroid/view/WindowInsets$Builder; (blacklist, linking, denied)
11-06 00:48:22.638  1456  1463 W dex2oat : Accessing hidden method Landroid/view/Window;->getInsetsController()Landroid/view/WindowInsetsController; (blacklist, linking, denied)
11-06 00:48:22.639  1456  1463 W dex2oat : Accessing hidden method Landroid/view/WindowInsetsController;->show(I)V (blacklist, linking, denied)
11-06 00:48:22.639  1456  1463 W dex2oat : Accessing hidden method Landroid/view/WindowInsets;->isVisible(I)Z (blacklist, linking, denied)
11-06 00:48:22.639  1456  1463 W dex2oat : Accessing hidden method Landroid/view/WindowInsets;->getInsets(I)Landroid/graphics/Insets; (blacklist, linking, denied)
11-06 00:48:22.639  1456  1463 W dex2oat : Accessing hidden method Landroid/view/WindowInsetsController;->hide(I)V (blacklist, linking, denied)
11-06 00:48:22.640  1456  1463 W dex2oat : Accessing hidden method Landroid/view/WindowInsets$Type;->systemGestures()I (blacklist, linking, denied)
11-06 00:48:22.640  1456  1463 W dex2oat : Accessing hidden method Landroid/view/WindowInsets$Type;->mandatorySystemGestures()I (blacklist, linking, denied)
11-06 00:48:22.640  1456  1463 W dex2oat : Accessing hidden method Landroid/view/WindowInsets$Type;->tappableElement()I (blacklist, linking, denied)
11-06 00:48:22.640  1456  1456 W dex2oat : Accessing hidden method Landroid/view/View;->getWindowInsetsController()Landroid/view/WindowInsetsController; (blacklist, linking, denied)
11-06 00:48:22.645  1456  1463 W dex2oat : Accessing hidden method Landroid/view/accessibility/AccessibilityNodeInfo$RangeInfo;-><init>(IFFF)V (greylist-max-o, linking, denied)
11-06 00:48:22.646  1456  1462 W dex2oat : Accessing hidden method Landroid/view/accessibility/AccessibilityWindowInfo;-><init>()V (greylist-max-o, linking, denied)
11-06 00:48:22.652  2404  2404 D HWUCD_TextureGLSurfaceView: onSensorChanged current x : 0.219200, y : 0.185900
11-06 00:48:22.672  2404  2404 D HWUCD_TextureGLSurfaceView: onSensorChanged current x : 0.218600, y : 0.185600
11-06 00:48:22.692  2404  2404 D HWUCD_TextureGLSurfaceView: onSensorChanged current x : 0.218300, y : 0.185400
11-06 00:48:22.708  2573  3140 D DeviceMonitorPowerKit: run, sCountNum is 1
11-06 00:48:22.709  2573  3140 D DeviceMonitorPowerKit: interval is 599984, ElapsedRealtime is 3396609335, isNeedRepeat: false
11-06 00:48:22.709  2573  3140 E DeviceMonitorPowerKit: not Satify ApplyResource
11-06 00:48:22.712  2404  2404 D HWUCD_TextureGLSurfaceView: onSensorChanged current x : 0.218100, y : 0.185600
11-06 00:48:22.732  2404  2404 D HWUCD_TextureGLSurfaceView: onSensorChanged current x : 0.218300, y : 0.185900
11-06 00:48:22.753  2404  2404 D HWUCD_TextureGLSurfaceView: onSensorChanged current x : 0.219000, y : 0.185700
11-06 00:48:22.772  2404  2404 D HWUCD_TextureGLSurfaceView: onSensorChanged current x : 0.219200, y : 0.185700
11-06 00:48:22.793  2404  2404 D HWUCD_TextureGLSurfaceView: onSensorChanged current x : 0.219300, y : 0.185800
11-06 00:48:22.812  2404  2404 D HWUCD_TextureGLSurfaceView: onSensorChanged current x : 0.219200, y : 0.185800
11-06 00:48:22.833  2404  2404 D HWUCD_TextureGLSurfaceView: onSensorChanged current x : 0.219400, y : 0.186000
11-06 00:48:22.850   729   980 W hwcomposer: setGpuFreqBoost:159: boostGpuFreq release !
11-06 00:48:22.853  2404  2404 D HWUCD_TextureGLSurfaceView: onSensorChanged current x : 0.219500, y : 0.186700
11-06 00:48:22.872  2404  2404 D HWUCD_TextureGLSurfaceView: onSensorChanged current x : 0.219300, y : 0.186600
11-06 00:48:22.888  1717  3403 V ActivityManager: Successfully start provider ContentProviderRecord{bdc00f9 u0 com.google.android.gms/.phenotype.provider.ConfigurationProvider} launchingApp=null caller pid= 569
11-06 00:48:22.892  2404  2404 D HWUCD_TextureGLSurfaceView: onSensorChanged current x : 0.219600, y : 0.186400
11-06 00:48:22.912  2404  2404 D HWUCD_TextureGLSurfaceView: onSensorChanged current x : 0.219400, y : 0.185600
11-06 00:48:22.912  1717  3403 D HwConnectivityServiceEx: set 10167 rmnet0 value false
11-06 00:48:22.927   569  1468 E FilePhenotypeFlags: Config package com.google.android.gms.clearcut_client#com.huawei.phoneservice cannot use FILE backing without declarative registration. See go/phenotype-android-integration#phenotype for more information. This will lead to stale flags.
11-06 00:48:22.932  2404  2404 D HWUCD_TextureGLSurfaceView: onSensorChanged current x : 0.219900, y : 0.185100
11-06 00:48:22.952  2404  2404 D HWUCD_TextureGLSurfaceView: onSensorChanged current x : 0.219900, y : 0.184700
11-06 00:48:22.972  2404  2404 D HWUCD_TextureGLSurfaceView: onSensorChanged current x : 0.219400, y : 0.184600
11-06 00:48:22.973   729   980 W hwcomposer: setGpuFreqBoost:154: boostGpuFreq succ !
11-06 00:48:22.993  2404  2404 D HWUCD_TextureGLSurfaceView: onSensorChanged current x : 0.219400, y : 0.184500
11-06 00:48:23.012  2404  2404 D HWUCD_TextureGLSurfaceView: onSensorChanged current x : 0.219300, y : 0.184500
11-06 00:48:23.032  2404  2404 D HWUCD_TextureGLSurfaceView: onSensorChanged current x : 0.219500, y : 0.184500
11-06 00:48:23.048  2641  2641 I chatty  : uid=1000(system) com.huawei.iaware expire 1 line
11-06 00:48:23.052  2641  3596 I chatty  : uid=1000(system) actions handler expire 2 lines
11-06 00:48:23.053  2404  2404 D HWUCD_TextureGLSurfaceView: onSensorChanged current x : 0.220100, y : 0.183700
11-06 00:48:23.073  2404  2404 D HWUCD_TextureGLSurfaceView: onSensorChanged current x : 0.220100, y : 0.183200
11-06 00:48:23.093  2404  2404 D HWUCD_TextureGLSurfaceView: onSensorChanged current x : 0.219600, y : 0.183400
11-06 00:48:23.113  2404  2404 D HWUCD_TextureGLSurfaceView: onSensorChanged current x : 0.219300, y : 0.183600
11-06 00:48:23.132  2404  2404 D HWUCD_TextureGLSurfaceView: onSensorChanged current x : 0.218600, y : 0.183900
11-06 00:48:23.152  2404  2404 D HWUCD_TextureGLSurfaceView: onSensorChanged current x : 0.218800, y : 0.184100
11-06 00:48:23.173  2404  2404 D HWUCD_TextureGLSurfaceView: onSensorChanged current x : 0.218800, y : 0.183500
11-06 00:48:23.193  2404  2404 D HWUCD_TextureGLSurfaceView: onSensorChanged current x : 0.219200, y : 0.183100
11-06 00:48:23.212  2404  2404 D HWUCD_TextureGLSurfaceView: onSensorChanged current x : 0.219500, y : 0.182900
11-06 00:48:23.232  2404  2404 D HWUCD_TextureGLSurfaceView: onSensorChanged current x : 0.219400, y : 0.183400
11-06 00:48:23.252  2404  2404 D HWUCD_TextureGLSurfaceView: onSensorChanged current x : 0.219500, y : 0.183800
11-06 00:48:23.272  2404  2404 D HWUCD_TextureGLSurfaceView: onSensorChanged current x : 0.219400, y : 0.184300
11-06 00:48:23.291  1717  7707 D HwConnectivityServiceEx: set 1000 rmnet0 value false
11-06 00:48:23.293  2404  2404 D HWUCD_TextureGLSurfaceView: onSensorChanged current x : 0.219400, y : 0.184300
11-06 00:48:23.312  2404  2404 D HWUCD_TextureGLSurfaceView: onSensorChanged current x : 0.219300, y : 0.183900
11-06 00:48:23.332  2404  2404 D HWUCD_TextureGLSurfaceView: onSensorChanged current x : 0.218800, y : 0.183800
11-06 00:48:23.352  2404  2404 D HWUCD_TextureGLSurfaceView: onSensorChanged current x : 0.218600, y : 0.182700
11-06 00:48:23.372  2404  2404 D HWUCD_TextureGLSurfaceView: onSensorChanged current x : 0.218100, y : 0.183300
11-06 00:48:23.392  2404  2404 D HWUCD_TextureGLSurfaceView: onSensorChanged current x : 0.218200, y : 0.183200
11-06 00:48:23.412  2404  2404 D HWUCD_TextureGLSurfaceView: onSensorChanged current x : 0.218700, y : 0.183300
11-06 00:48:23.432  2404  2404 D HWUCD_TextureGLSurfaceView: onSensorChanged current x : 0.218400, y : 0.183200
11-06 00:48:23.452  2404  2404 D HWUCD_TextureGLSurfaceView: onSensorChanged current x : 0.218700, y : 0.183000
11-06 00:48:23.472  2404  2404 D HWUCD_TextureGLSurfaceView: onSensorChanged current x : 0.218300, y : 0.183300
11-06 00:48:23.493  2404  2404 D HWUCD_TextureGLSurfaceView: onSensorChanged current x : 0.218300, y : 0.182900
11-06 00:48:23.512  2404  2404 D HWUCD_TextureGLSurfaceView: onSensorChanged current x : 0.218300, y : 0.182300
11-06 00:48:23.521 22198 22198 I Finsky  : [1] App states replicator found 9 unowned apps
11-06 00:48:23.527 22198 22243 I Finsky  : [77753] Completed 0 account content syncs with 0 successful.
11-06 00:48:23.527 22198 22198 I Finsky  : [1] [ContentSync] Installation state replication succeeded.
11-06 00:48:23.527 22198 22198 I Finsky  : [1] SCH: jobFinished: 12-1. TimeElapsed: 1427ms.
11-06 00:48:23.527 22198 22198 I Finsky  : [1] WM::SCH: Logging work end for 12-1
11-06 00:48:23.532  2404  2404 D HWUCD_TextureGLSurfaceView: onSensorChanged current x : 0.218800, y : 0.182400
11-06 00:48:23.542 22198 22243 I Finsky  : [77753] SCH: Scheduling phonesky job Id: 1-1337, CT: 1762354539484, Constraints: [{ L: 43197501, D: 86397501, C: CHARGING_NONE, I: IDLE_NONE, N: NET_ANY, B: BATTERY_ANY }]
11-06 00:48:23.542 22198 22243 I Finsky  : [77753] SCH: Scheduling phonesky job Id: 34-96, CT: 1762311344297, Constraints: [{ L: 604800000, D: 2419383492, C: CHARGING_NONE, I: IDLE_NONE, N: NET_ANY, B: BATTERY_ANY }]
11-06 00:48:23.542 22198 22243 I Finsky  : [77753] SCH: Scheduling phonesky job Id: 34-97, CT: 1762311344297, Constraints: [{ L: 604800000, D: 2498627995, C: CHARGING_NONE, I: IDLE_NONE, N: NET_ANY, B: BATTERY_ANY }]
11-06 00:48:23.542 22198 22243 I Finsky  : [77753] SCH: Scheduling phonesky job Id: 34-101, CT: 1762311344297, Constraints: [{ L: 604800000, D: 2577877711, C: CHARGING_NONE, I: IDLE_NONE, N: NET_ANY, B: BATTERY_ANY }]
11-06 00:48:23.542 22198 22243 I Finsky  : [77753] SCH: Scheduling phonesky job Id: 34-102, CT: 1762311344297, Constraints: [{ L: 65076849, D: 1361076849, C: CHARGING_NONE, I: IDLE_NONE, N: NET_ANY, B: BATTERY_ANY }]
11-06 00:48:23.545 22198 22249 I Finsky  : [77759] SCH: Scheduling 1 system job(s)
11-06 00:48:23.545 22198 22249 I Finsky  : [77759] SCH: Scheduling system job Id: 9827, L: 11517601, D: 76033440, C: false, I: false, N: 1
11-06 00:48:23.545  1717 13463 D HwConnectivityServiceEx: set 10172 rmnet0 value false
11-06 00:48:23.546  1717 13463 I JobScheduler.Time: Add job to TimeTracking: 78fd004 #u0a172/9827 com.android.vending/com.google.android.finsky.scheduler.process.mainimpl.PhoneskyJobServiceMain, delayTime:3408727757, deadlineTime:3473243596
11-06 00:48:23.550 22198  1464 I Finsky  : [77913] SCH: job service finished with id 9821.
11-06 00:48:23.551  1717  1961 I PowerManagerService: handleSandman: wakefulness: 1,startDreaming: false
11-06 00:48:23.552  2404  2404 D HWUCD_TextureGLSurfaceView: onSensorChanged current x : 0.218200, y : 0.182900
11-06 00:48:23.556  1717 13463 I JobScheduler: APP response end time, Completed JobStatus{ddbc63d #u0a172/9821 com.android.vending/com.google.android.finsky.scheduler.process.mainimpl.PhoneskyJobServiceMain u=0 s=10172 TIME=-1s507ms:+21h7m13s430ms NET READY}, reschedule=false
11-06 00:48:23.557   762 20424 D AudioPolicyService: getUidState(10172) cacheIter->second.first, return cacheIter->second.second(9)
11-06 00:48:23.564   762 20424 D AudioPolicyService: getUidState(10172) cacheIter->second.first, return cacheIter->second.second(11)
11-06 00:48:23.573  2404  2404 D HWUCD_TextureGLSurfaceView: onSensorChanged current x : 0.218100, y : 0.183800
11-06 00:48:23.592  2404  2404 D HWUCD_TextureGLSurfaceView: onSensorChanged current x : 0.218500, y : 0.184400
11-06 00:48:23.612  2404  2404 D HWUCD_TextureGLSurfaceView: onSensorChanged current x : 0.218700, y : 0.184300
11-06 00:48:23.632  2404  2404 D HWUCD_TextureGLSurfaceView: onSensorChanged current x : 0.218800, y : 0.184100
11-06 00:48:23.652  2404  2404 D HWUCD_TextureGLSurfaceView: onSensorChanged current x : 0.219200, y : 0.183700
11-06 00:48:23.672  2404  2404 D HWUCD_TextureGLSurfaceView: onSensorChanged current x : 0.219800, y : 0.183900
11-06 00:48:23.693  2404  2404 D HWUCD_TextureGLSurfaceView: onSensorChanged current x : 0.220100, y : 0.184500
11-06 00:48:23.712  2404  2404 D HWUCD_TextureGLSurfaceView: onSensorChanged current x : 0.220200, y : 0.184800
11-06 00:48:23.732  2404  2404 D HWUCD_TextureGLSurfaceView: onSensorChanged current x : 0.220100, y : 0.185100
11-06 00:48:23.749   729   980 W hwcomposer: setGpuFreqBoost:159: boostGpuFreq release !
11-06 00:48:23.752  2404  2404 D HWUCD_TextureGLSurfaceView: onSensorChanged current x : 0.219800, y : 0.185000
11-06 00:48:23.772  2404  2404 D HWUCD_TextureGLSurfaceView: onSensorChanged current x : 0.219300, y : 0.185100
11-06 00:48:23.793  2404  2404 D HWUCD_TextureGLSurfaceView: onSensorChanged current x : 0.219400, y : 0.185100
11-06 00:48:23.812  2404  2404 D HWUCD_TextureGLSurfaceView: onSensorChanged current x : 0.219000, y : 0.185300
11-06 00:48:23.833  2404  2404 D HWUCD_TextureGLSurfaceView: onSensorChanged current x : 0.219400, y : 0.185500
11-06 00:48:23.853  2404  2404 D HWUCD_TextureGLSurfaceView: onSensorChanged current x : 0.220100, y : 0.185900
11-06 00:48:23.871   729   980 W hwcomposer: setGpuFreqBoost:154: boostGpuFreq succ !
11-06 00:48:23.872  2404  2404 D HWUCD_TextureGLSurfaceView: onSensorChanged current x : 0.220500, y : 0.186100
11-06 00:48:23.893  2404  2404 D HWUCD_TextureGLSurfaceView: onSensorChanged current x : 0.220800, y : 0.186400
11-06 00:48:23.913  2404  2404 D HWUCD_TextureGLSurfaceView: onSensorChanged current x : 0.220700, y : 0.186300
11-06 00:48:23.932  2404  2404 D HWUCD_TextureGLSurfaceView: onSensorChanged current x : 0.220600, y : 0.186400
11-06 00:48:23.952  2404  2404 D HWUCD_TextureGLSurfaceView: onSensorChanged current x : 0.220500, y : 0.186600
11-06 00:48:23.959  1456  1461 W dex2oat : Accessing hidden method Landroid/view/WindowInsets$Type;->systemBars()I (blacklist, linking, denied)
11-06 00:48:23.972  2404  2404 D HWUCD_TextureGLSurfaceView: onSensorChanged current x : 0.220600, y : 0.187000
11-06 00:48:23.993  2404  2404 D HWUCD_TextureGLSurfaceView: onSensorChanged current x : 0.220500, y : 0.187400
11-06 00:48:24.012  2404  2404 D HWUCD_TextureGLSurfaceView: onSensorChanged current x : 0.220500, y : 0.187600
11-06 00:48:24.033  2404  2404 D HWUCD_TextureGLSurfaceView: onSensorChanged current x : 0.220500, y : 0.187900
11-06 00:48:24.052  2404  2404 D HWUCD_TextureGLSurfaceView: onSensorChanged current x : 0.220800, y : 0.187500
11-06 00:48:24.072  2404  2404 D HWUCD_TextureGLSurfaceView: onSensorChanged current x : 0.220600, y : 0.187100
11-06 00:48:24.093  2404  2404 D HWUCD_TextureGLSurfaceView: onSensorChanged current x : 0.220900, y : 0.186700
11-06 00:48:24.112  2404  2404 D HWUCD_TextureGLSurfaceView: onSensorChanged current x : 0.221000, y : 0.186200
11-06 00:48:24.132  2404  2404 D HWUCD_TextureGLSurfaceView: onSensorChanged current x : 0.220700, y : 0.186100
11-06 00:48:24.152  2404  2404 D HWUCD_TextureGLSurfaceView: onSensorChanged current x : 0.220500, y : 0.185900
11-06 00:48:24.172  2404  2404 D HWUCD_TextureGLSurfaceView: onSensorChanged current x : 0.220100, y : 0.186200
11-06 00:48:24.193  2404  2404 D HWUCD_TextureGLSurfaceView: onSensorChanged current x : 0.220200, y : 0.186000
11-06 00:48:24.213  2404  2404 D HWUCD_TextureGLSurfaceView: onSensorChanged current x : 0.219900, y : 0.185900
11-06 00:48:24.233  2404  2404 D HWUCD_TextureGLSurfaceView: onSensorChanged current x : 0.219800, y : 0.186100
11-06 00:48:24.252  2404  2404 D HWUCD_TextureGLSurfaceView: onSensorChanged current x : 0.220200, y : 0.186100
11-06 00:48:24.272  2404  2404 D HWUCD_TextureGLSurfaceView: onSensorChanged current x : 0.220400, y : 0.186300
11-06 00:48:24.293  2404  2404 D HWUCD_TextureGLSurfaceView: onSensorChanged current x : 0.220600, y : 0.186400
11-06 00:48:24.312  2404  2404 D HWUCD_TextureGLSurfaceView: onSensorChanged current x : 0.220600, y : 0.186000
11-06 00:48:24.332  2404  2404 D HWUCD_TextureGLSurfaceView: onSensorChanged current x : 0.219900, y : 0.186500
11-06 00:48:24.352  2404  2404 D HWUCD_TextureGLSurfaceView: onSensorChanged current x : 0.219900, y : 0.186300
11-06 00:48:24.372  2404  2404 D HWUCD_TextureGLSurfaceView: onSensorChanged current x : 0.219700, y : 0.186600
11-06 00:48:24.392  2404  2404 D HWUCD_TextureGLSurfaceView: onSensorChanged current x : 0.219600, y : 0.187000
11-06 00:48:24.412  2404  2404 D HWUCD_TextureGLSurfaceView: onSensorChanged current x : 0.219400, y : 0.187400
11-06 00:48:24.432  2404  2404 D HWUCD_TextureGLSurfaceView: onSensorChanged current x : 0.219200, y : 0.187700
11-06 00:48:24.452  2404  2404 D HWUCD_TextureGLSurfaceView: onSensorChanged current x : 0.219400, y : 0.187600
11-06 00:48:24.458  2606  3045 I SpeedTestNotifier: is low speed scene
11-06 00:48:24.472  2404  2404 D HWUCD_TextureGLSurfaceView: onSensorChanged current x : 0.219500, y : 0.187500
11-06 00:48:24.492  2404  2404 D HWUCD_TextureGLSurfaceView: onSensorChanged current x : 0.220400, y : 0.187200
11-06 00:48:24.512  2404  2404 D HWUCD_TextureGLSurfaceView: onSensorChanged current x : 0.221100, y : 0.187300
11-06 00:48:24.527   681 14347 I netd    : trafficSwapActiveStatsMap() <14.82ms>
11-06 00:48:24.532  2404  2404 D HWUCD_TextureGLSurfaceView: onSensorChanged current x : 0.221700, y : 0.187200
11-06 00:48:24.552  2404  2404 D HWUCD_TextureGLSurfaceView: onSensorChanged current x : 0.222000, y : 0.187100
11-06 00:48:24.572  2404  2404 D HWUCD_TextureGLSurfaceView: onSensorChanged current x : 0.221900, y : 0.187100
11-06 00:48:24.593  2404  2404 D HWUCD_TextureGLSurfaceView: onSensorChanged current x : 0.222100, y : 0.187300
11-06 00:48:24.613  2404  2404 D HWUCD_TextureGLSurfaceView: onSensorChanged current x : 0.221800, y : 0.187300
11-06 00:48:24.632  2404  2404 D HWUCD_TextureGLSurfaceView: onSensorChanged current x : 0.221000, y : 0.186800
11-06 00:48:24.652  2404  2404 D HWUCD_TextureGLSurfaceView: onSensorChanged current x : 0.220900, y : 0.187100
11-06 00:48:24.672  2404  2404 D HWUCD_TextureGLSurfaceView: onSensorChanged current x : 0.220800, y : 0.187000
11-06 00:48:24.673 12286 32489 I .gms.persisten: Explicit concurrent copying GC freed 96109(5689KB) AllocSpace objects, 1(16KB) LOS objects, 49% free, 13MB/27MB, paused 136us total 110.659ms
11-06 00:48:24.693  2404  2404 D HWUCD_TextureGLSurfaceView: onSensorChanged current x : 0.221100, y : 0.186900
11-06 00:48:24.712  2404  2404 D HWUCD_TextureGLSurfaceView: onSensorChanged current x : 0.221900, y : 0.187200
11-06 00:48:24.732  2404  2404 D HWUCD_TextureGLSurfaceView: onSensorChanged current x : 0.222200, y : 0.187200
11-06 00:48:24.753  2404  2404 D HWUCD_TextureGLSurfaceView: onSensorChanged current x : 0.222500, y : 0.187400
11-06 00:48:24.773  2404  2404 D HWUCD_TextureGLSurfaceView: onSensorChanged current x : 0.222400, y : 0.187400
11-06 00:48:24.793  2404  2404 D HWUCD_TextureGLSurfaceView: onSensorChanged current x : 0.222400, y : 0.187500
11-06 00:48:24.812  2404  2404 D HWUCD_TextureGLSurfaceView: onSensorChanged current x : 0.222600, y : 0.187400
11-06 00:48:24.832  2404  2404 D HWUCD_TextureGLSurfaceView: onSensorChanged current x : 0.222700, y : 0.187300
11-06 00:48:24.848   729   980 W hwcomposer: setGpuFreqBoost:159: boostGpuFreq release !
11-06 00:48:24.852  2404  2404 D HWUCD_TextureGLSurfaceView: onSensorChanged current x : 0.222600, y : 0.188000
11-06 00:48:24.872  2404  2404 D HWUCD_TextureGLSurfaceView: onSensorChanged current x : 0.222400, y : 0.188500
11-06 00:48:24.892  2404  2404 D HWUCD_TextureGLSurfaceView: onSensorChanged current x : 0.222500, y : 0.188200
11-06 00:48:24.912  2404  2404 D HWUCD_TextureGLSurfaceView: onSensorChanged current x : 0.223000, y : 0.188400
11-06 00:48:24.932  2404  2404 D HWUCD_TextureGLSurfaceView: onSensorChanged current x : 0.223200, y : 0.188700
11-06 00:48:24.952  2404  2404 D HWUCD_TextureGLSurfaceView: onSensorChanged current x : 0.223600, y : 0.188700
11-06 00:48:24.971   729   980 W hwcomposer: setGpuFreqBoost:154: boostGpuFreq succ !
11-06 00:48:24.972  2404  2404 D HWUCD_TextureGLSurfaceView: onSensorChanged current x : 0.223700, y : 0.188600
11-06 00:48:24.992  2404  2404 D HWUCD_TextureGLSurfaceView: onSensorChanged current x : 0.223800, y : 0.188200
11-06 00:48:25.012  2404  2404 D HWUCD_TextureGLSurfaceView: onSensorChanged current x : 0.223200, y : 0.187700
11-06 00:48:25.032  2404  2404 D HWUCD_TextureGLSurfaceView: onSensorChanged current x : 0.223100, y : 0.187500
11-06 00:48:25.052  2404  2404 D HWUCD_TextureGLSurfaceView: onSensorChanged current x : 0.222600, y : 0.187800
11-06 00:48:25.072  2404  2404 D HWUCD_TextureGLSurfaceView: onSensorChanged current x : 0.222000, y : 0.188000
11-06 00:48:25.093  2404  2404 D HWUCD_TextureGLSurfaceView: onSensorChanged current x : 0.221900, y : 0.188500
11-06 00:48:25.112  2404  2404 D HWUCD_TextureGLSurfaceView: onSensorChanged current x : 0.221900, y : 0.188300
11-06 00:48:25.132  2404  2404 D HWUCD_TextureGLSurfaceView: onSensorChanged current x : 0.222000, y : 0.188000
11-06 00:48:25.152  2404  2404 D HWUCD_TextureGLSurfaceView: onSensorChanged current x : 0.222200, y : 0.188100
11-06 00:48:25.172  2404  2404 D HWUCD_TextureGLSurfaceView: onSensorChanged current x : 0.222100, y : 0.187700
11-06 00:48:25.193  2404  2404 D HWUCD_TextureGLSurfaceView: onSensorChanged current x : 0.221600, y : 0.187200
11-06 00:48:25.212  2404  2404 D HWUCD_TextureGLSurfaceView: onSensorChanged current x : 0.221500, y : 0.186600
11-06 00:48:25.232  2404  2404 D HWUCD_TextureGLSurfaceView: onSensorChanged current x : 0.221700, y : 0.186100
11-06 00:48:25.252  2404  2404 D HWUCD_TextureGLSurfaceView: onSensorChanged current x : 0.221500, y : 0.185800
11-06 00:48:25.272  2404  2404 D HWUCD_TextureGLSurfaceView: onSensorChanged current x : 0.220700, y : 0.185600
11-06 00:48:25.293  2404  2404 D HWUCD_TextureGLSurfaceView: onSensorChanged current x : 0.220600, y : 0.185500
11-06 00:48:25.312  2404  2404 D HWUCD_TextureGLSurfaceView: onSensorChanged current x : 0.220100, y : 0.185100
11-06 00:48:25.332  2404  2404 D HWUCD_TextureGLSurfaceView: onSensorChanged current x : 0.220000, y : 0.184500
11-06 00:48:25.352  2404  2404 D HWUCD_TextureGLSurfaceView: onSensorChanged current x : 0.220100, y : 0.184300
11-06 00:48:25.372  2404  2404 D HWUCD_TextureGLSurfaceView: onSensorChanged current x : 0.220000, y : 0.184400
